2018-01-15T17:19:44.300+0100 [initandlisten] MongoDB starting : pid=4203 port=1234 dbpath=/home/loula/Programming/python/vgdl/. 64-bit host=jarvis
2018-01-15T17:19:44.301+0100 [initandlisten] db version v2.6.10
2018-01-15T17:19:44.301+0100 [initandlisten] git version: nogitversion
2018-01-15T17:19:44.301+0100 [initandlisten] OpenSSL version: OpenSSL 1.0.2g  1 Mar 2016
2018-01-15T17:19:44.301+0100 [initandlisten] build info: Linux lgw01-12 3.19.0-25-generic #26~14.04.1-Ubuntu SMP Fri Jul 24 21:16:20 UTC 2015 x86_64 BOOST_LIB_VERSION=1_58
2018-01-15T17:19:44.301+0100 [initandlisten] allocator: tcmalloc
2018-01-15T17:19:44.301+0100 [initandlisten] options: { net: { http: { enabled: false }, port: 1234 }, processManagement: { fork: true }, storage: { dbPath: ".", directoryPerDB: true, journal: { enabled: true }, preallocDataFiles: false }, systemLog: { destination: "file", path: "log.log" } }
2018-01-15T17:19:44.303+0100 [initandlisten] journal dir=/home/loula/Programming/python/vgdl/./journal
2018-01-15T17:19:44.303+0100 [initandlisten] recover : no journal files present, no recovery needed
2018-01-15T17:19:44.400+0100 [initandlisten] allocating new ns file /home/loula/Programming/python/vgdl/./local/local.ns, filling with zeroes...
2018-01-15T17:19:44.493+0100 [FileAllocator] allocating new datafile /home/loula/Programming/python/vgdl/./local/local.0, filling with zeroes...
2018-01-15T17:19:44.493+0100 [FileAllocator] creating directory /home/loula/Programming/python/vgdl/./local/_tmp
2018-01-15T17:19:44.496+0100 [FileAllocator] done allocating datafile /home/loula/Programming/python/vgdl/./local/local.0, size: 64MB,  took 0.001 secs
2018-01-15T17:19:44.497+0100 [initandlisten] build index on: local.startup_log properties: { v: 1, key: { _id: 1 }, name: "_id_", ns: "local.startup_log" }
2018-01-15T17:19:44.497+0100 [initandlisten] 	 added index to empty collection
2018-01-15T17:19:44.497+0100 [initandlisten] waiting for connections on port 1234
2018-01-15T17:20:44.402+0100 [clientcursormon] mem (MB) res:37 virt:380
2018-01-15T17:20:44.402+0100 [clientcursormon]  mapped (incl journal view):160
2018-01-15T17:20:44.402+0100 [clientcursormon]  connections:0
2018-01-15T17:25:44.413+0100 [clientcursormon] mem (MB) res:37 virt:380
2018-01-15T17:25:44.413+0100 [clientcursormon]  mapped (incl journal view):160
2018-01-15T17:25:44.413+0100 [clientcursormon]  connections:0
2018-01-15T17:25:56.253+0100 [initandlisten] connection accepted from 127.0.0.1:48168 #1 (1 connection now open)
2018-01-15T17:25:56.254+0100 [initandlisten] connection accepted from 127.0.0.1:48170 #2 (2 connections now open)
2018-01-15T17:25:56.255+0100 [conn2] allocating new ns file /home/loula/Programming/python/vgdl/./gvgai/gvgai.ns, filling with zeroes...
2018-01-15T17:25:56.534+0100 [FileAllocator] allocating new datafile /home/loula/Programming/python/vgdl/./gvgai/gvgai.0, filling with zeroes...
2018-01-15T17:25:56.534+0100 [FileAllocator] creating directory /home/loula/Programming/python/vgdl/./gvgai/_tmp
2018-01-15T17:25:56.910+0100 [FileAllocator] done allocating datafile /home/loula/Programming/python/vgdl/./gvgai/gvgai.0, size: 64MB,  took 0.19 secs
2018-01-15T17:25:56.911+0100 [conn2] build index on: gvgai.jobs properties: { v: 1, key: { _id: 1 }, name: "_id_", ns: "gvgai.jobs" }
2018-01-15T17:25:56.912+0100 [conn2] 	 added index to empty collection
2018-01-15T17:25:56.912+0100 [conn2] build index on: gvgai.jobs properties: { v: 1, key: { exp_key: 1 }, name: "exp_key_1", ns: "gvgai.jobs" }
2018-01-15T17:25:56.912+0100 [conn2] 	 added index to empty collection
2018-01-15T17:25:56.912+0100 [conn2] command gvgai.$cmd command: createIndexes { createIndexes: "jobs", indexes: [ { name: "exp_key_1", key: { exp_key: 1 } } ] } keyUpdates:0 numYields:0 locks(micros) W:99 r:5 w:657431 reslen:113 657ms
2018-01-15T17:25:56.913+0100 [conn2] build index on: gvgai.jobs properties: { v: 1, key: { result.loss: 1 }, name: "result.loss_1", ns: "gvgai.jobs" }
2018-01-15T17:25:56.913+0100 [conn2] 	 added index to empty collection
2018-01-15T17:25:57.103+0100 [conn2] command gvgai.$cmd command: createIndexes { createIndexes: "jobs", indexes: [ { name: "result.loss_1", key: { result.loss: 1 } } ] } keyUpdates:0 numYields:0 locks(micros) r:32 w:406 reslen:113 189ms
2018-01-15T17:25:57.104+0100 [conn2] build index on: gvgai.jobs properties: { v: 1, key: { book_time: 1 }, name: "book_time_1", ns: "gvgai.jobs" }
2018-01-15T17:25:57.104+0100 [conn2] 	 added index to empty collection
2018-01-15T17:25:57.104+0100 [conn2] build index on: gvgai.drivers properties: { v: 1, key: { _id: 1 }, name: "_id_", ns: "gvgai.drivers" }
2018-01-15T17:25:57.104+0100 [conn2] 	 added index to empty collection
2018-01-15T17:25:57.104+0100 [conn2] build index on: gvgai.drivers properties: { v: 1, unique: true, key: { exp_key: 1 }, name: "exp_key_1", ns: "gvgai.drivers" }
2018-01-15T17:25:57.104+0100 [conn2] 	 added index to empty collection
2018-01-15T17:25:57.902+0100 [conn2] end connection 127.0.0.1:48170 (1 connection now open)
2018-01-15T17:25:57.902+0100 [conn1] end connection 127.0.0.1:48168 (1 connection now open)
2018-01-15T17:26:44.416+0100 [clientcursormon] mem (MB) res:37 virt:542
2018-01-15T17:26:44.416+0100 [clientcursormon]  mapped (incl journal view):320
2018-01-15T17:26:44.416+0100 [clientcursormon]  connections:0
2018-01-15T17:31:44.430+0100 [clientcursormon] mem (MB) res:37 virt:542
2018-01-15T17:31:44.430+0100 [clientcursormon]  mapped (incl journal view):320
2018-01-15T17:31:44.430+0100 [clientcursormon]  connections:0
2018-01-15T17:34:58.788+0100 [initandlisten] connection accepted from 127.0.0.1:48236 #3 (1 connection now open)
2018-01-15T17:34:58.790+0100 [initandlisten] connection accepted from 127.0.0.1:48238 #4 (2 connections now open)
2018-01-15T17:34:59.453+0100 [conn3] end connection 127.0.0.1:48236 (1 connection now open)
2018-01-15T17:34:59.453+0100 [conn4] end connection 127.0.0.1:48238 (1 connection now open)
2018-01-15T17:35:55.644+0100 [initandlisten] connection accepted from 127.0.0.1:48246 #5 (1 connection now open)
2018-01-15T17:35:55.645+0100 [initandlisten] connection accepted from 127.0.0.1:48248 #6 (2 connections now open)
2018-01-15T17:35:56.316+0100 [conn6] end connection 127.0.0.1:48248 (1 connection now open)
2018-01-15T17:35:56.316+0100 [conn5] end connection 127.0.0.1:48246 (1 connection now open)
2018-01-15T17:36:35.356+0100 [initandlisten] connection accepted from 127.0.0.1:48250 #7 (1 connection now open)
2018-01-15T17:36:35.357+0100 [initandlisten] connection accepted from 127.0.0.1:48252 #8 (2 connections now open)
2018-01-15T17:36:36.028+0100 [conn7] end connection 127.0.0.1:48250 (1 connection now open)
2018-01-15T17:36:36.028+0100 [conn8] end connection 127.0.0.1:48252 (1 connection now open)
2018-01-15T17:36:44.443+0100 [clientcursormon] mem (MB) res:38 virt:542
2018-01-15T17:36:44.443+0100 [clientcursormon]  mapped (incl journal view):320
2018-01-15T17:36:44.443+0100 [clientcursormon]  connections:0
2018-01-15T17:36:49.667+0100 [initandlisten] connection accepted from 127.0.0.1:48254 #9 (1 connection now open)
2018-01-15T17:36:49.668+0100 [initandlisten] connection accepted from 127.0.0.1:48256 #10 (2 connections now open)
2018-01-15T17:36:50.338+0100 [conn10] end connection 127.0.0.1:48256 (1 connection now open)
2018-01-15T17:36:50.338+0100 [conn9] end connection 127.0.0.1:48254 (1 connection now open)
2018-01-15T17:37:01.671+0100 [initandlisten] connection accepted from 127.0.0.1:48258 #11 (1 connection now open)
2018-01-15T17:37:01.674+0100 [initandlisten] connection accepted from 127.0.0.1:48260 #12 (2 connections now open)
2018-01-15T17:37:02.347+0100 [conn12] end connection 127.0.0.1:48260 (1 connection now open)
2018-01-15T17:37:02.347+0100 [conn11] end connection 127.0.0.1:48258 (1 connection now open)
2018-01-15T17:37:17.267+0100 [initandlisten] connection accepted from 127.0.0.1:48262 #13 (1 connection now open)
2018-01-15T17:37:17.268+0100 [initandlisten] connection accepted from 127.0.0.1:48264 #14 (2 connections now open)
2018-01-15T17:37:17.934+0100 [conn13] end connection 127.0.0.1:48262 (1 connection now open)
2018-01-15T17:37:17.934+0100 [conn14] end connection 127.0.0.1:48264 (1 connection now open)
2018-01-15T17:37:32.227+0100 [initandlisten] connection accepted from 127.0.0.1:48266 #15 (1 connection now open)
2018-01-15T17:37:32.230+0100 [initandlisten] connection accepted from 127.0.0.1:48268 #16 (2 connections now open)
2018-01-15T17:37:32.908+0100 [conn15] end connection 127.0.0.1:48266 (1 connection now open)
2018-01-15T17:37:32.908+0100 [conn16] end connection 127.0.0.1:48268 (1 connection now open)
2018-01-15T17:37:43.406+0100 [initandlisten] connection accepted from 127.0.0.1:48270 #17 (1 connection now open)
2018-01-15T17:37:43.408+0100 [initandlisten] connection accepted from 127.0.0.1:48272 #18 (2 connections now open)
2018-01-15T17:37:44.075+0100 [conn18] end connection 127.0.0.1:48272 (1 connection now open)
2018-01-15T17:37:44.075+0100 [conn17] end connection 127.0.0.1:48270 (1 connection now open)
2018-01-15T17:37:55.432+0100 [initandlisten] connection accepted from 127.0.0.1:48274 #19 (1 connection now open)
2018-01-15T17:37:55.434+0100 [initandlisten] connection accepted from 127.0.0.1:48276 #20 (2 connections now open)
2018-01-15T17:37:56.101+0100 [conn20] end connection 127.0.0.1:48276 (1 connection now open)
2018-01-15T17:37:56.101+0100 [conn19] end connection 127.0.0.1:48274 (1 connection now open)
2018-01-15T17:38:21.519+0100 [initandlisten] connection accepted from 127.0.0.1:48278 #21 (1 connection now open)
2018-01-15T17:38:21.520+0100 [initandlisten] connection accepted from 127.0.0.1:48280 #22 (2 connections now open)
2018-01-15T17:38:21.536+0100 [conn22] build index on: gvgai.fs.files properties: { v: 1, key: { _id: 1 }, name: "_id_", ns: "gvgai.fs.files" }
2018-01-15T17:38:21.536+0100 [conn22] 	 added index to empty collection
2018-01-15T17:38:21.536+0100 [conn22] build index on: gvgai.fs.files properties: { v: 1, key: { filename: 1, uploadDate: 1 }, name: "filename_1_uploadDate_1", ns: "gvgai.fs.files" }
2018-01-15T17:38:21.536+0100 [conn22] 	 added index to empty collection
2018-01-15T17:38:21.538+0100 [conn22] build index on: gvgai.fs.chunks properties: { v: 1, key: { _id: 1 }, name: "_id_", ns: "gvgai.fs.chunks" }
2018-01-15T17:38:21.538+0100 [conn22] 	 added index to empty collection
2018-01-15T17:38:21.539+0100 [conn22] build index on: gvgai.fs.chunks properties: { v: 1, unique: true, key: { files_id: 1, n: 1 }, name: "files_id_1_n_1", ns: "gvgai.fs.chunks" }
2018-01-15T17:38:21.539+0100 [conn22] 	 added index to empty collection
2018-01-15T17:38:21.586+0100 [conn22] build index on: gvgai.job_ids properties: { v: 1, key: { _id: 1 }, name: "_id_", ns: "gvgai.job_ids" }
2018-01-15T17:38:21.586+0100 [conn22] 	 added index to empty collection
2018-01-15T17:38:33.082+0100 [conn22] end connection 127.0.0.1:48280 (1 connection now open)
2018-01-15T17:38:33.082+0100 [conn21] end connection 127.0.0.1:48278 (1 connection now open)
2018-01-15T17:38:55.651+0100 [initandlisten] connection accepted from 127.0.0.1:48282 #23 (1 connection now open)
2018-01-15T17:38:55.652+0100 [initandlisten] connection accepted from 127.0.0.1:48284 #24 (2 connections now open)
2018-01-15T17:38:57.694+0100 [conn24] end connection 127.0.0.1:48284 (1 connection now open)
2018-01-15T17:38:57.694+0100 [conn23] end connection 127.0.0.1:48282 (1 connection now open)
2018-01-15T17:39:41.582+0100 [initandlisten] connection accepted from 127.0.0.1:48310 #25 (1 connection now open)
2018-01-15T17:39:41.585+0100 [initandlisten] connection accepted from 127.0.0.1:48312 #26 (2 connections now open)
2018-01-15T17:39:43.618+0100 [conn26] end connection 127.0.0.1:48312 (1 connection now open)
2018-01-15T17:39:43.618+0100 [conn25] end connection 127.0.0.1:48310 (1 connection now open)
2018-01-15T17:41:44.457+0100 [clientcursormon] mem (MB) res:38 virt:542
2018-01-15T17:41:44.457+0100 [clientcursormon]  mapped (incl journal view):320
2018-01-15T17:41:44.457+0100 [clientcursormon]  connections:0
2018-01-15T17:46:44.469+0100 [clientcursormon] mem (MB) res:38 virt:542
2018-01-15T17:46:44.469+0100 [clientcursormon]  mapped (incl journal view):320
2018-01-15T17:46:44.469+0100 [clientcursormon]  connections:0
2018-01-15T17:51:44.483+0100 [clientcursormon] mem (MB) res:38 virt:542
2018-01-15T17:51:44.484+0100 [clientcursormon]  mapped (incl journal view):320
2018-01-15T17:51:44.484+0100 [clientcursormon]  connections:0
2018-01-15T17:56:44.497+0100 [clientcursormon] mem (MB) res:38 virt:542
2018-01-15T17:56:44.497+0100 [clientcursormon]  mapped (incl journal view):320
2018-01-15T17:56:44.497+0100 [clientcursormon]  connections:0
2018-01-15T18:01:44.513+0100 [clientcursormon] mem (MB) res:38 virt:542
2018-01-15T18:01:44.513+0100 [clientcursormon]  mapped (incl journal view):320
2018-01-15T18:01:44.513+0100 [clientcursormon]  connections:0
2018-01-15T19:42:06.241+0100 [clientcursormon] mem (MB) res:38 virt:542
2018-01-15T19:42:06.242+0100 [clientcursormon]  mapped (incl journal view):320
2018-01-15T19:42:06.242+0100 [clientcursormon]  connections:0
2018-01-15T19:47:06.257+0100 [clientcursormon] mem (MB) res:38 virt:542
2018-01-15T19:47:06.257+0100 [clientcursormon]  mapped (incl journal view):320
2018-01-15T19:47:06.257+0100 [clientcursormon]  connections:0
2018-01-15T19:52:06.270+0100 [clientcursormon] mem (MB) res:38 virt:542
2018-01-15T19:52:06.270+0100 [clientcursormon]  mapped (incl journal view):320
2018-01-15T19:52:06.270+0100 [clientcursormon]  connections:0
2018-01-15T19:57:06.285+0100 [clientcursormon] mem (MB) res:38 virt:542
2018-01-15T19:57:06.285+0100 [clientcursormon]  mapped (incl journal view):320
2018-01-15T19:57:06.285+0100 [clientcursormon]  connections:0
2018-01-15T20:02:06.301+0100 [clientcursormon] mem (MB) res:38 virt:542
2018-01-15T20:02:06.301+0100 [clientcursormon]  mapped (incl journal view):320
2018-01-15T20:02:06.301+0100 [clientcursormon]  connections:0
2018-01-15T20:07:06.316+0100 [clientcursormon] mem (MB) res:38 virt:542
2018-01-15T20:07:06.316+0100 [clientcursormon]  mapped (incl journal view):320
2018-01-15T20:07:06.316+0100 [clientcursormon]  connections:0
2018-01-15T20:12:06.329+0100 [clientcursormon] mem (MB) res:38 virt:542
2018-01-15T20:12:06.330+0100 [clientcursormon]  mapped (incl journal view):320
2018-01-15T20:12:06.330+0100 [clientcursormon]  connections:0
2018-01-15T20:17:06.933+0100 [clientcursormon] mem (MB) res:38 virt:542
2018-01-15T20:17:06.933+0100 [clientcursormon]  mapped (incl journal view):320
2018-01-15T20:17:06.933+0100 [clientcursormon]  connections:0
2018-01-15T20:22:06.948+0100 [clientcursormon] mem (MB) res:38 virt:542
2018-01-15T20:22:06.948+0100 [clientcursormon]  mapped (incl journal view):320
2018-01-15T20:22:06.948+0100 [clientcursormon]  connections:0
2018-01-15T20:27:06.960+0100 [clientcursormon] mem (MB) res:38 virt:542
2018-01-15T20:27:06.960+0100 [clientcursormon]  mapped (incl journal view):320
2018-01-15T20:27:06.960+0100 [clientcursormon]  connections:0
2018-01-15T20:32:06.972+0100 [clientcursormon] mem (MB) res:38 virt:542
2018-01-15T20:32:06.972+0100 [clientcursormon]  mapped (incl journal view):320
2018-01-15T20:32:06.972+0100 [clientcursormon]  connections:0
2018-01-15T20:37:06.984+0100 [clientcursormon] mem (MB) res:38 virt:542
2018-01-15T20:37:06.984+0100 [clientcursormon]  mapped (incl journal view):320
2018-01-15T20:37:06.984+0100 [clientcursormon]  connections:0
2018-01-15T20:42:06.996+0100 [clientcursormon] mem (MB) res:38 virt:542
2018-01-15T20:42:06.996+0100 [clientcursormon]  mapped (incl journal view):320
2018-01-15T20:42:06.996+0100 [clientcursormon]  connections:0
2018-01-15T20:47:07.010+0100 [clientcursormon] mem (MB) res:38 virt:542
2018-01-15T20:47:07.010+0100 [clientcursormon]  mapped (incl journal view):320
2018-01-15T20:47:07.010+0100 [clientcursormon]  connections:0
2018-01-15T20:52:07.025+0100 [clientcursormon] mem (MB) res:38 virt:542
2018-01-15T20:52:07.025+0100 [clientcursormon]  mapped (incl journal view):320
2018-01-15T20:52:07.025+0100 [clientcursormon]  connections:0
2018-01-15T20:57:07.041+0100 [clientcursormon] mem (MB) res:38 virt:542
2018-01-15T20:57:07.041+0100 [clientcursormon]  mapped (incl journal view):320
2018-01-15T20:57:07.041+0100 [clientcursormon]  connections:0
2018-01-15T21:02:07.058+0100 [clientcursormon] mem (MB) res:38 virt:542
2018-01-15T21:02:07.058+0100 [clientcursormon]  mapped (incl journal view):320
2018-01-15T21:02:07.058+0100 [clientcursormon]  connections:0
2018-01-15T21:07:07.074+0100 [clientcursormon] mem (MB) res:38 virt:542
2018-01-15T21:07:07.074+0100 [clientcursormon]  mapped (incl journal view):320
2018-01-15T21:07:07.074+0100 [clientcursormon]  connections:0
2018-01-15T21:12:07.090+0100 [clientcursormon] mem (MB) res:38 virt:542
2018-01-15T21:12:07.090+0100 [clientcursormon]  mapped (incl journal view):320
2018-01-15T21:12:07.090+0100 [clientcursormon]  connections:0
2018-01-15T21:17:07.107+0100 [clientcursormon] mem (MB) res:38 virt:542
2018-01-15T21:17:07.107+0100 [clientcursormon]  mapped (incl journal view):320
2018-01-15T21:17:07.107+0100 [clientcursormon]  connections:0
2018-01-15T21:22:07.123+0100 [clientcursormon] mem (MB) res:38 virt:542
2018-01-15T21:22:07.123+0100 [clientcursormon]  mapped (incl journal view):320
2018-01-15T21:22:07.123+0100 [clientcursormon]  connections:0
2018-01-15T21:27:07.138+0100 [clientcursormon] mem (MB) res:38 virt:542
2018-01-15T21:27:07.138+0100 [clientcursormon]  mapped (incl journal view):320
2018-01-15T21:27:07.138+0100 [clientcursormon]  connections:0
2018-01-15T21:32:07.152+0100 [clientcursormon] mem (MB) res:38 virt:542
2018-01-15T21:32:07.152+0100 [clientcursormon]  mapped (incl journal view):320
2018-01-15T21:32:07.152+0100 [clientcursormon]  connections:0
2018-01-15T21:37:07.168+0100 [clientcursormon] mem (MB) res:38 virt:542
2018-01-15T21:37:07.168+0100 [clientcursormon]  mapped (incl journal view):320
2018-01-15T21:37:07.168+0100 [clientcursormon]  connections:0
2018-01-15T21:42:07.185+0100 [clientcursormon] mem (MB) res:38 virt:542
2018-01-15T21:42:07.185+0100 [clientcursormon]  mapped (incl journal view):320
2018-01-15T21:42:07.185+0100 [clientcursormon]  connections:0
2018-01-15T21:47:07.202+0100 [clientcursormon] mem (MB) res:38 virt:542
2018-01-15T21:47:07.202+0100 [clientcursormon]  mapped (incl journal view):320
2018-01-15T21:47:07.202+0100 [clientcursormon]  connections:0
2018-01-15T21:52:07.219+0100 [clientcursormon] mem (MB) res:38 virt:542
2018-01-15T21:52:07.219+0100 [clientcursormon]  mapped (incl journal view):320
2018-01-15T21:52:07.219+0100 [clientcursormon]  connections:0
2018-01-15T21:57:07.235+0100 [clientcursormon] mem (MB) res:38 virt:542
2018-01-15T21:57:07.236+0100 [clientcursormon]  mapped (incl journal view):320
2018-01-15T21:57:07.236+0100 [clientcursormon]  connections:0
2018-01-15T22:02:07.251+0100 [clientcursormon] mem (MB) res:38 virt:542
2018-01-15T22:02:07.251+0100 [clientcursormon]  mapped (incl journal view):320
2018-01-15T22:02:07.251+0100 [clientcursormon]  connections:0
2018-01-15T22:07:07.266+0100 [clientcursormon] mem (MB) res:38 virt:542
2018-01-15T22:07:07.266+0100 [clientcursormon]  mapped (incl journal view):320
2018-01-15T22:07:07.266+0100 [clientcursormon]  connections:0
2018-01-15T22:12:07.281+0100 [clientcursormon] mem (MB) res:38 virt:542
2018-01-15T22:12:07.281+0100 [clientcursormon]  mapped (incl journal view):320
2018-01-15T22:12:07.281+0100 [clientcursormon]  connections:0
2018-01-15T22:17:07.295+0100 [clientcursormon] mem (MB) res:38 virt:542
2018-01-15T22:17:07.295+0100 [clientcursormon]  mapped (incl journal view):320
2018-01-15T22:17:07.295+0100 [clientcursormon]  connections:0
2018-01-15T22:22:07.308+0100 [clientcursormon] mem (MB) res:38 virt:542
2018-01-15T22:22:07.308+0100 [clientcursormon]  mapped (incl journal view):320
2018-01-15T22:22:07.308+0100 [clientcursormon]  connections:0
2018-01-15T22:27:07.321+0100 [clientcursormon] mem (MB) res:38 virt:542
2018-01-15T22:27:07.321+0100 [clientcursormon]  mapped (incl journal view):320
2018-01-15T22:27:07.321+0100 [clientcursormon]  connections:0
2018-01-15T22:32:07.335+0100 [clientcursormon] mem (MB) res:38 virt:542
2018-01-15T22:32:07.335+0100 [clientcursormon]  mapped (incl journal view):320
2018-01-15T22:32:07.335+0100 [clientcursormon]  connections:0
2018-01-15T22:37:07.348+0100 [clientcursormon] mem (MB) res:38 virt:542
2018-01-15T22:37:07.348+0100 [clientcursormon]  mapped (incl journal view):320
2018-01-15T22:37:07.348+0100 [clientcursormon]  connections:0
2018-01-15T22:42:07.362+0100 [clientcursormon] mem (MB) res:38 virt:542
2018-01-15T22:42:07.362+0100 [clientcursormon]  mapped (incl journal view):320
2018-01-15T22:42:07.362+0100 [clientcursormon]  connections:0
2018-01-15T22:47:07.374+0100 [clientcursormon] mem (MB) res:38 virt:542
2018-01-15T22:47:07.374+0100 [clientcursormon]  mapped (incl journal view):320
2018-01-15T22:47:07.374+0100 [clientcursormon]  connections:0
2018-01-15T22:52:07.387+0100 [clientcursormon] mem (MB) res:38 virt:542
2018-01-15T22:52:07.387+0100 [clientcursormon]  mapped (incl journal view):320
2018-01-15T22:52:07.387+0100 [clientcursormon]  connections:0
2018-01-15T22:57:07.403+0100 [clientcursormon] mem (MB) res:38 virt:542
2018-01-15T22:57:07.403+0100 [clientcursormon]  mapped (incl journal view):320
2018-01-15T22:57:07.403+0100 [clientcursormon]  connections:0
2018-01-15T23:02:07.417+0100 [clientcursormon] mem (MB) res:38 virt:542
2018-01-15T23:02:07.417+0100 [clientcursormon]  mapped (incl journal view):320
2018-01-15T23:02:07.417+0100 [clientcursormon]  connections:0
2018-01-15T23:07:07.431+0100 [clientcursormon] mem (MB) res:38 virt:542
2018-01-15T23:07:07.431+0100 [clientcursormon]  mapped (incl journal view):320
2018-01-15T23:07:07.431+0100 [clientcursormon]  connections:0
2018-01-15T23:12:07.445+0100 [clientcursormon] mem (MB) res:38 virt:542
2018-01-15T23:12:07.445+0100 [clientcursormon]  mapped (incl journal view):320
2018-01-15T23:12:07.445+0100 [clientcursormon]  connections:0
2018-01-15T23:17:07.460+0100 [clientcursormon] mem (MB) res:38 virt:542
2018-01-15T23:17:07.460+0100 [clientcursormon]  mapped (incl journal view):320
2018-01-15T23:17:07.460+0100 [clientcursormon]  connections:0
2018-01-15T23:22:07.475+0100 [clientcursormon] mem (MB) res:38 virt:542
2018-01-15T23:22:07.475+0100 [clientcursormon]  mapped (incl journal view):320
2018-01-15T23:22:07.475+0100 [clientcursormon]  connections:0
2018-01-15T23:27:07.491+0100 [clientcursormon] mem (MB) res:38 virt:542
2018-01-15T23:27:07.491+0100 [clientcursormon]  mapped (incl journal view):320
2018-01-15T23:27:07.491+0100 [clientcursormon]  connections:0
2018-01-15T23:32:07.505+0100 [clientcursormon] mem (MB) res:38 virt:542
2018-01-15T23:32:07.505+0100 [clientcursormon]  mapped (incl journal view):320
2018-01-15T23:32:07.505+0100 [clientcursormon]  connections:0
2018-01-15T23:37:07.519+0100 [clientcursormon] mem (MB) res:38 virt:542
2018-01-15T23:37:07.519+0100 [clientcursormon]  mapped (incl journal view):320
2018-01-15T23:37:07.519+0100 [clientcursormon]  connections:0
2018-01-15T23:42:07.534+0100 [clientcursormon] mem (MB) res:38 virt:542
2018-01-15T23:42:07.534+0100 [clientcursormon]  mapped (incl journal view):320
2018-01-15T23:42:07.534+0100 [clientcursormon]  connections:0
2018-01-15T23:47:07.548+0100 [clientcursormon] mem (MB) res:38 virt:542
2018-01-15T23:47:07.548+0100 [clientcursormon]  mapped (incl journal view):320
2018-01-15T23:47:07.548+0100 [clientcursormon]  connections:0
2018-01-15T23:52:07.563+0100 [clientcursormon] mem (MB) res:38 virt:542
2018-01-15T23:52:07.563+0100 [clientcursormon]  mapped (incl journal view):320
2018-01-15T23:52:07.563+0100 [clientcursormon]  connections:0
2018-01-15T23:57:07.577+0100 [clientcursormon] mem (MB) res:38 virt:542
2018-01-15T23:57:07.577+0100 [clientcursormon]  mapped (incl journal view):320
2018-01-15T23:57:07.577+0100 [clientcursormon]  connections:0
2018-01-16T00:02:07.592+0100 [clientcursormon] mem (MB) res:38 virt:542
2018-01-16T00:02:07.592+0100 [clientcursormon]  mapped (incl journal view):320
2018-01-16T00:02:07.592+0100 [clientcursormon]  connections:0
2018-01-16T00:07:07.606+0100 [clientcursormon] mem (MB) res:38 virt:542
2018-01-16T00:07:07.606+0100 [clientcursormon]  mapped (incl journal view):320
2018-01-16T00:07:07.606+0100 [clientcursormon]  connections:0
2018-01-16T00:12:07.622+0100 [clientcursormon] mem (MB) res:38 virt:542
2018-01-16T00:12:07.622+0100 [clientcursormon]  mapped (incl journal view):320
2018-01-16T00:12:07.622+0100 [clientcursormon]  connections:0
2018-01-16T00:17:07.639+0100 [clientcursormon] mem (MB) res:38 virt:542
2018-01-16T00:17:07.639+0100 [clientcursormon]  mapped (incl journal view):320
2018-01-16T00:17:07.639+0100 [clientcursormon]  connections:0
2018-01-16T00:22:07.655+0100 [clientcursormon] mem (MB) res:38 virt:542
2018-01-16T00:22:07.655+0100 [clientcursormon]  mapped (incl journal view):320
2018-01-16T00:22:07.655+0100 [clientcursormon]  connections:0
2018-01-16T00:27:07.672+0100 [clientcursormon] mem (MB) res:38 virt:542
2018-01-16T00:27:07.672+0100 [clientcursormon]  mapped (incl journal view):320
2018-01-16T00:27:07.672+0100 [clientcursormon]  connections:0
2018-01-16T00:32:07.688+0100 [clientcursormon] mem (MB) res:38 virt:542
2018-01-16T00:32:07.688+0100 [clientcursormon]  mapped (incl journal view):320
2018-01-16T00:32:07.688+0100 [clientcursormon]  connections:0
2018-01-16T14:39:10.630+0100 [clientcursormon] mem (MB) res:38 virt:542
2018-01-16T14:39:10.631+0100 [clientcursormon]  mapped (incl journal view):320
2018-01-16T14:39:10.631+0100 [clientcursormon]  connections:0
2018-01-16T14:44:10.646+0100 [clientcursormon] mem (MB) res:38 virt:542
2018-01-16T14:44:10.646+0100 [clientcursormon]  mapped (incl journal view):320
2018-01-16T14:44:10.646+0100 [clientcursormon]  connections:0
2018-01-16T14:49:10.661+0100 [clientcursormon] mem (MB) res:38 virt:542
2018-01-16T14:49:10.661+0100 [clientcursormon]  mapped (incl journal view):320
2018-01-16T14:49:10.661+0100 [clientcursormon]  connections:0
2018-01-16T14:54:10.675+0100 [clientcursormon] mem (MB) res:38 virt:542
2018-01-16T14:54:10.675+0100 [clientcursormon]  mapped (incl journal view):320
2018-01-16T14:54:10.675+0100 [clientcursormon]  connections:0
2018-01-16T14:59:10.691+0100 [clientcursormon] mem (MB) res:38 virt:542
2018-01-16T14:59:10.691+0100 [clientcursormon]  mapped (incl journal view):320
2018-01-16T14:59:10.691+0100 [clientcursormon]  connections:0
2018-01-16T15:04:10.705+0100 [clientcursormon] mem (MB) res:38 virt:542
2018-01-16T15:04:10.705+0100 [clientcursormon]  mapped (incl journal view):320
2018-01-16T15:04:10.705+0100 [clientcursormon]  connections:0
2018-01-16T15:09:10.719+0100 [clientcursormon] mem (MB) res:38 virt:542
2018-01-16T15:09:10.719+0100 [clientcursormon]  mapped (incl journal view):320
2018-01-16T15:09:10.719+0100 [clientcursormon]  connections:0
2018-01-16T15:14:10.735+0100 [clientcursormon] mem (MB) res:38 virt:542
2018-01-16T15:14:10.735+0100 [clientcursormon]  mapped (incl journal view):320
2018-01-16T15:14:10.735+0100 [clientcursormon]  connections:0
2018-01-16T15:19:10.750+0100 [clientcursormon] mem (MB) res:38 virt:542
2018-01-16T15:19:10.750+0100 [clientcursormon]  mapped (incl journal view):320
2018-01-16T15:19:10.750+0100 [clientcursormon]  connections:0
2018-01-16T15:24:10.764+0100 [clientcursormon] mem (MB) res:38 virt:542
2018-01-16T15:24:10.764+0100 [clientcursormon]  mapped (incl journal view):320
2018-01-16T15:24:10.765+0100 [clientcursormon]  connections:0
2018-01-16T15:29:10.778+0100 [clientcursormon] mem (MB) res:38 virt:542
2018-01-16T15:29:10.778+0100 [clientcursormon]  mapped (incl journal view):320
2018-01-16T15:29:10.778+0100 [clientcursormon]  connections:0
2018-01-16T15:34:10.793+0100 [clientcursormon] mem (MB) res:38 virt:542
2018-01-16T15:34:10.793+0100 [clientcursormon]  mapped (incl journal view):320
2018-01-16T15:34:10.793+0100 [clientcursormon]  connections:0
2018-01-16T15:39:10.807+0100 [clientcursormon] mem (MB) res:38 virt:542
2018-01-16T15:39:10.807+0100 [clientcursormon]  mapped (incl journal view):320
2018-01-16T15:39:10.807+0100 [clientcursormon]  connections:0
2018-01-16T15:44:10.824+0100 [clientcursormon] mem (MB) res:38 virt:542
2018-01-16T15:44:10.824+0100 [clientcursormon]  mapped (incl journal view):320
2018-01-16T15:44:10.824+0100 [clientcursormon]  connections:0
2018-01-16T15:49:10.839+0100 [clientcursormon] mem (MB) res:38 virt:542
2018-01-16T15:49:10.839+0100 [clientcursormon]  mapped (incl journal view):320
2018-01-16T15:49:10.840+0100 [clientcursormon]  connections:0
2018-01-16T15:54:10.854+0100 [clientcursormon] mem (MB) res:38 virt:542
2018-01-16T15:54:10.855+0100 [clientcursormon]  mapped (incl journal view):320
2018-01-16T15:54:10.855+0100 [clientcursormon]  connections:0
2018-01-16T15:59:10.869+0100 [clientcursormon] mem (MB) res:38 virt:542
2018-01-16T15:59:10.869+0100 [clientcursormon]  mapped (incl journal view):320
2018-01-16T15:59:10.869+0100 [clientcursormon]  connections:0
2018-01-16T22:15:55.740+0100 [clientcursormon] mem (MB) res:38 virt:542
2018-01-16T22:15:55.741+0100 [clientcursormon]  mapped (incl journal view):320
2018-01-16T22:15:55.741+0100 [clientcursormon]  connections:0
2018-01-16T22:20:55.754+0100 [clientcursormon] mem (MB) res:38 virt:542
2018-01-16T22:20:55.754+0100 [clientcursormon]  mapped (incl journal view):320
2018-01-16T22:20:55.754+0100 [clientcursormon]  connections:0
2018-01-16T22:25:55.768+0100 [clientcursormon] mem (MB) res:38 virt:542
2018-01-16T22:25:55.768+0100 [clientcursormon]  mapped (incl journal view):320
2018-01-16T22:25:55.768+0100 [clientcursormon]  connections:0
2018-01-16T22:30:55.782+0100 [clientcursormon] mem (MB) res:38 virt:542
2018-01-16T22:30:55.782+0100 [clientcursormon]  mapped (incl journal view):320
2018-01-16T22:30:55.782+0100 [clientcursormon]  connections:0
2018-01-16T22:35:55.796+0100 [clientcursormon] mem (MB) res:38 virt:542
2018-01-16T22:35:55.796+0100 [clientcursormon]  mapped (incl journal view):320
2018-01-16T22:35:55.796+0100 [clientcursormon]  connections:0
2018-01-16T22:40:55.812+0100 [clientcursormon] mem (MB) res:38 virt:542
2018-01-16T22:40:55.812+0100 [clientcursormon]  mapped (incl journal view):320
2018-01-16T22:40:55.812+0100 [clientcursormon]  connections:0
2018-01-16T22:45:55.826+0100 [clientcursormon] mem (MB) res:38 virt:542
2018-01-16T22:45:55.826+0100 [clientcursormon]  mapped (incl journal view):320
2018-01-16T22:45:55.826+0100 [clientcursormon]  connections:0
2018-01-16T22:50:56.347+0100 [clientcursormon] mem (MB) res:38 virt:542
2018-01-16T22:50:56.347+0100 [clientcursormon]  mapped (incl journal view):320
2018-01-16T22:50:56.347+0100 [clientcursormon]  connections:0
2018-01-16T22:55:56.363+0100 [clientcursormon] mem (MB) res:38 virt:542
2018-01-16T22:55:56.363+0100 [clientcursormon]  mapped (incl journal view):320
2018-01-16T22:55:56.363+0100 [clientcursormon]  connections:0
2018-01-16T23:00:56.377+0100 [clientcursormon] mem (MB) res:38 virt:542
2018-01-16T23:00:56.377+0100 [clientcursormon]  mapped (incl journal view):320
2018-01-16T23:00:56.377+0100 [clientcursormon]  connections:0
2018-01-16T23:05:56.390+0100 [clientcursormon] mem (MB) res:38 virt:542
2018-01-16T23:05:56.391+0100 [clientcursormon]  mapped (incl journal view):320
2018-01-16T23:05:56.391+0100 [clientcursormon]  connections:0
2018-01-16T23:10:56.404+0100 [clientcursormon] mem (MB) res:38 virt:542
2018-01-16T23:10:56.405+0100 [clientcursormon]  mapped (incl journal view):320
2018-01-16T23:10:56.405+0100 [clientcursormon]  connections:0
2018-01-16T23:15:56.421+0100 [clientcursormon] mem (MB) res:38 virt:542
2018-01-16T23:15:56.421+0100 [clientcursormon]  mapped (incl journal view):320
2018-01-16T23:15:56.421+0100 [clientcursormon]  connections:0
2018-01-16T23:20:56.438+0100 [clientcursormon] mem (MB) res:38 virt:542
2018-01-16T23:20:56.438+0100 [clientcursormon]  mapped (incl journal view):320
2018-01-16T23:20:56.438+0100 [clientcursormon]  connections:0
2018-01-16T23:25:56.455+0100 [clientcursormon] mem (MB) res:38 virt:542
2018-01-16T23:25:56.455+0100 [clientcursormon]  mapped (incl journal view):320
2018-01-16T23:25:56.455+0100 [clientcursormon]  connections:0
2018-01-16T23:30:56.472+0100 [clientcursormon] mem (MB) res:38 virt:542
2018-01-16T23:30:56.472+0100 [clientcursormon]  mapped (incl journal view):320
2018-01-16T23:30:56.472+0100 [clientcursormon]  connections:0
2018-01-16T23:35:56.489+0100 [clientcursormon] mem (MB) res:38 virt:542
2018-01-16T23:35:56.489+0100 [clientcursormon]  mapped (incl journal view):320
2018-01-16T23:35:56.489+0100 [clientcursormon]  connections:0
2018-01-16T23:40:56.505+0100 [clientcursormon] mem (MB) res:38 virt:542
2018-01-16T23:40:56.506+0100 [clientcursormon]  mapped (incl journal view):320
2018-01-16T23:40:56.506+0100 [clientcursormon]  connections:0
2018-01-16T23:45:56.522+0100 [clientcursormon] mem (MB) res:38 virt:542
2018-01-16T23:45:56.522+0100 [clientcursormon]  mapped (incl journal view):320
2018-01-16T23:45:56.522+0100 [clientcursormon]  connections:0
2018-01-16T23:50:56.539+0100 [clientcursormon] mem (MB) res:38 virt:542
2018-01-16T23:50:56.539+0100 [clientcursormon]  mapped (incl journal view):320
2018-01-16T23:50:56.539+0100 [clientcursormon]  connections:0
2018-01-16T23:55:56.556+0100 [clientcursormon] mem (MB) res:38 virt:542
2018-01-16T23:55:56.556+0100 [clientcursormon]  mapped (incl journal view):320
2018-01-16T23:55:56.556+0100 [clientcursormon]  connections:0
2018-01-17T00:00:56.573+0100 [clientcursormon] mem (MB) res:38 virt:542
2018-01-17T00:00:56.573+0100 [clientcursormon]  mapped (incl journal view):320
2018-01-17T00:00:56.573+0100 [clientcursormon]  connections:0
2018-01-17T00:05:56.589+0100 [clientcursormon] mem (MB) res:38 virt:542
2018-01-17T00:05:56.589+0100 [clientcursormon]  mapped (incl journal view):320
2018-01-17T00:05:56.589+0100 [clientcursormon]  connections:0
2018-01-17T00:10:56.606+0100 [clientcursormon] mem (MB) res:38 virt:542
2018-01-17T00:10:56.606+0100 [clientcursormon]  mapped (incl journal view):320
2018-01-17T00:10:56.606+0100 [clientcursormon]  connections:0
2018-01-17T00:15:56.623+0100 [clientcursormon] mem (MB) res:38 virt:542
2018-01-17T00:15:56.623+0100 [clientcursormon]  mapped (incl journal view):320
2018-01-17T00:15:56.623+0100 [clientcursormon]  connections:0
2018-01-17T00:20:56.640+0100 [clientcursormon] mem (MB) res:38 virt:542
2018-01-17T00:20:56.640+0100 [clientcursormon]  mapped (incl journal view):320
2018-01-17T00:20:56.640+0100 [clientcursormon]  connections:0
2018-01-17T00:25:56.654+0100 [clientcursormon] mem (MB) res:38 virt:542
2018-01-17T00:25:56.655+0100 [clientcursormon]  mapped (incl journal view):320
2018-01-17T00:25:56.655+0100 [clientcursormon]  connections:0
2018-01-17T00:30:56.670+0100 [clientcursormon] mem (MB) res:38 virt:542
2018-01-17T00:30:56.670+0100 [clientcursormon]  mapped (incl journal view):320
2018-01-17T00:30:56.670+0100 [clientcursormon]  connections:0
2018-01-17T00:35:56.686+0100 [clientcursormon] mem (MB) res:38 virt:542
2018-01-17T00:35:56.686+0100 [clientcursormon]  mapped (incl journal view):320
2018-01-17T00:35:56.686+0100 [clientcursormon]  connections:0
2018-01-17T00:40:56.700+0100 [clientcursormon] mem (MB) res:38 virt:542
2018-01-17T00:40:56.701+0100 [clientcursormon]  mapped (incl journal view):320
2018-01-17T00:40:56.701+0100 [clientcursormon]  connections:0
2018-01-17T00:45:56.714+0100 [clientcursormon] mem (MB) res:38 virt:542
2018-01-17T00:45:56.714+0100 [clientcursormon]  mapped (incl journal view):320
2018-01-17T00:45:56.714+0100 [clientcursormon]  connections:0
2018-01-17T00:50:56.728+0100 [clientcursormon] mem (MB) res:38 virt:542
2018-01-17T00:50:56.728+0100 [clientcursormon]  mapped (incl journal view):320
2018-01-17T00:50:56.728+0100 [clientcursormon]  connections:0
2018-01-17T00:55:56.743+0100 [clientcursormon] mem (MB) res:38 virt:542
2018-01-17T00:55:56.743+0100 [clientcursormon]  mapped (incl journal view):320
2018-01-17T00:55:56.743+0100 [clientcursormon]  connections:0
2018-01-17T01:00:56.756+0100 [clientcursormon] mem (MB) res:38 virt:542
2018-01-17T01:00:56.757+0100 [clientcursormon]  mapped (incl journal view):320
2018-01-17T01:00:56.757+0100 [clientcursormon]  connections:0
2018-01-17T01:05:56.771+0100 [clientcursormon] mem (MB) res:38 virt:542
2018-01-17T01:05:56.771+0100 [clientcursormon]  mapped (incl journal view):320
2018-01-17T01:05:56.771+0100 [clientcursormon]  connections:0
2018-01-17T01:10:56.786+0100 [clientcursormon] mem (MB) res:38 virt:542
2018-01-17T01:10:56.787+0100 [clientcursormon]  mapped (incl journal view):320
2018-01-17T01:10:56.787+0100 [clientcursormon]  connections:0
2018-01-17T01:15:56.802+0100 [clientcursormon] mem (MB) res:38 virt:542
2018-01-17T01:15:56.802+0100 [clientcursormon]  mapped (incl journal view):320
2018-01-17T01:15:56.802+0100 [clientcursormon]  connections:0
2018-01-17T01:20:56.818+0100 [clientcursormon] mem (MB) res:38 virt:542
2018-01-17T01:20:56.818+0100 [clientcursormon]  mapped (incl journal view):320
2018-01-17T01:20:56.818+0100 [clientcursormon]  connections:0
2018-01-17T01:25:56.835+0100 [clientcursormon] mem (MB) res:38 virt:542
2018-01-17T01:25:56.835+0100 [clientcursormon]  mapped (incl journal view):320
2018-01-17T01:25:56.835+0100 [clientcursormon]  connections:0
2018-01-17T01:30:56.852+0100 [clientcursormon] mem (MB) res:38 virt:542
2018-01-17T01:30:56.852+0100 [clientcursormon]  mapped (incl journal view):320
2018-01-17T01:30:56.852+0100 [clientcursormon]  connections:0
2018-01-17T01:35:56.867+0100 [clientcursormon] mem (MB) res:38 virt:542
2018-01-17T01:35:56.867+0100 [clientcursormon]  mapped (incl journal view):320
2018-01-17T01:35:56.867+0100 [clientcursormon]  connections:0
2018-01-17T01:40:56.879+0100 [clientcursormon] mem (MB) res:38 virt:542
2018-01-17T01:40:56.880+0100 [clientcursormon]  mapped (incl journal view):320
2018-01-17T01:40:56.880+0100 [clientcursormon]  connections:0
2018-01-17T01:45:56.895+0100 [clientcursormon] mem (MB) res:38 virt:542
2018-01-17T01:45:56.896+0100 [clientcursormon]  mapped (incl journal view):320
2018-01-17T01:45:56.896+0100 [clientcursormon]  connections:0
2018-01-17T01:50:56.912+0100 [clientcursormon] mem (MB) res:38 virt:542
2018-01-17T01:50:56.912+0100 [clientcursormon]  mapped (incl journal view):320
2018-01-17T01:50:56.912+0100 [clientcursormon]  connections:0
2018-01-17T01:55:56.928+0100 [clientcursormon] mem (MB) res:38 virt:542
2018-01-17T01:55:56.928+0100 [clientcursormon]  mapped (incl journal view):320
2018-01-17T01:55:56.928+0100 [clientcursormon]  connections:0
2018-01-17T02:00:56.942+0100 [clientcursormon] mem (MB) res:38 virt:542
2018-01-17T02:00:56.942+0100 [clientcursormon]  mapped (incl journal view):320
2018-01-17T02:00:56.942+0100 [clientcursormon]  connections:0
2018-01-17T02:05:56.955+0100 [clientcursormon] mem (MB) res:38 virt:542
2018-01-17T02:05:56.955+0100 [clientcursormon]  mapped (incl journal view):320
2018-01-17T02:05:56.955+0100 [clientcursormon]  connections:0
2018-01-17T02:10:56.968+0100 [clientcursormon] mem (MB) res:38 virt:542
2018-01-17T02:10:56.968+0100 [clientcursormon]  mapped (incl journal view):320
2018-01-17T02:10:56.968+0100 [clientcursormon]  connections:0
2018-01-17T02:15:56.983+0100 [clientcursormon] mem (MB) res:38 virt:542
2018-01-17T02:15:56.983+0100 [clientcursormon]  mapped (incl journal view):320
2018-01-17T02:15:56.983+0100 [clientcursormon]  connections:0
2018-01-17T02:22:33.381+0100 [clientcursormon] mem (MB) res:38 virt:542
2018-01-17T02:22:33.381+0100 [clientcursormon]  mapped (incl journal view):320
2018-01-17T02:22:33.381+0100 [clientcursormon]  connections:0
2018-01-17T02:27:33.393+0100 [clientcursormon] mem (MB) res:38 virt:542
2018-01-17T02:27:33.393+0100 [clientcursormon]  mapped (incl journal view):320
2018-01-17T02:27:33.393+0100 [clientcursormon]  connections:0
2018-01-17T02:32:33.407+0100 [clientcursormon] mem (MB) res:38 virt:542
2018-01-17T02:32:33.407+0100 [clientcursormon]  mapped (incl journal view):320
2018-01-17T02:32:33.407+0100 [clientcursormon]  connections:0
2018-01-17T02:37:33.419+0100 [clientcursormon] mem (MB) res:38 virt:542
2018-01-17T02:37:33.419+0100 [clientcursormon]  mapped (incl journal view):320
2018-01-17T02:37:33.419+0100 [clientcursormon]  connections:0
2018-01-17T02:42:33.432+0100 [clientcursormon] mem (MB) res:38 virt:542
2018-01-17T02:42:33.432+0100 [clientcursormon]  mapped (incl journal view):320
2018-01-17T02:42:33.433+0100 [clientcursormon]  connections:0
2018-01-17T13:09:27.291+0100 [clientcursormon] mem (MB) res:38 virt:542
2018-01-17T13:09:27.291+0100 [clientcursormon]  mapped (incl journal view):320
2018-01-17T13:09:27.291+0100 [clientcursormon]  connections:0
2018-01-17T13:14:27.303+0100 [clientcursormon] mem (MB) res:38 virt:542
2018-01-17T13:14:27.303+0100 [clientcursormon]  mapped (incl journal view):320
2018-01-17T13:14:27.303+0100 [clientcursormon]  connections:0
2018-01-17T13:19:27.314+0100 [clientcursormon] mem (MB) res:38 virt:542
2018-01-17T13:19:27.314+0100 [clientcursormon]  mapped (incl journal view):320
2018-01-17T13:19:27.314+0100 [clientcursormon]  connections:0
2018-01-17T13:24:27.327+0100 [clientcursormon] mem (MB) res:38 virt:542
2018-01-17T13:24:27.327+0100 [clientcursormon]  mapped (incl journal view):320
2018-01-17T13:24:27.327+0100 [clientcursormon]  connections:0
2018-01-17T13:29:27.340+0100 [clientcursormon] mem (MB) res:38 virt:542
2018-01-17T13:29:27.340+0100 [clientcursormon]  mapped (incl journal view):320
2018-01-17T13:29:27.340+0100 [clientcursormon]  connections:0
2018-01-17T16:15:56.331+0100 [clientcursormon] mem (MB) res:38 virt:542
2018-01-17T16:15:56.332+0100 [clientcursormon]  mapped (incl journal view):320
2018-01-17T16:15:56.332+0100 [clientcursormon]  connections:0
2018-01-17T16:20:56.343+0100 [clientcursormon] mem (MB) res:38 virt:542
2018-01-17T16:20:56.343+0100 [clientcursormon]  mapped (incl journal view):320
2018-01-17T16:20:56.343+0100 [clientcursormon]  connections:0
2018-01-17T16:25:56.356+0100 [clientcursormon] mem (MB) res:38 virt:542
2018-01-17T16:25:56.357+0100 [clientcursormon]  mapped (incl journal view):320
2018-01-17T16:25:56.357+0100 [clientcursormon]  connections:0
2018-01-17T16:30:56.373+0100 [clientcursormon] mem (MB) res:38 virt:542
2018-01-17T16:30:56.373+0100 [clientcursormon]  mapped (incl journal view):320
2018-01-17T16:30:56.373+0100 [clientcursormon]  connections:0
2018-01-17T16:35:56.387+0100 [clientcursormon] mem (MB) res:38 virt:542
2018-01-17T16:35:56.387+0100 [clientcursormon]  mapped (incl journal view):320
2018-01-17T16:35:56.387+0100 [clientcursormon]  connections:0
2018-01-17T16:40:56.400+0100 [clientcursormon] mem (MB) res:38 virt:542
2018-01-17T16:40:56.400+0100 [clientcursormon]  mapped (incl journal view):320
2018-01-17T16:40:56.400+0100 [clientcursormon]  connections:0
2018-01-17T16:45:56.414+0100 [clientcursormon] mem (MB) res:38 virt:542
2018-01-17T16:45:56.414+0100 [clientcursormon]  mapped (incl journal view):320
2018-01-17T16:45:56.414+0100 [clientcursormon]  connections:0
2018-01-17T16:50:57.480+0100 [clientcursormon] mem (MB) res:38 virt:542
2018-01-17T16:50:57.480+0100 [clientcursormon]  mapped (incl journal view):320
2018-01-17T16:50:57.480+0100 [clientcursormon]  connections:0
2018-01-17T16:55:57.493+0100 [clientcursormon] mem (MB) res:38 virt:542
2018-01-17T16:55:57.493+0100 [clientcursormon]  mapped (incl journal view):320
2018-01-17T16:55:57.494+0100 [clientcursormon]  connections:0
2018-01-17T17:00:57.508+0100 [clientcursormon] mem (MB) res:38 virt:542
2018-01-17T17:00:57.508+0100 [clientcursormon]  mapped (incl journal view):320
2018-01-17T17:00:57.508+0100 [clientcursormon]  connections:0
2018-01-17T18:17:42.157+0100 [clientcursormon] mem (MB) res:38 virt:542
2018-01-17T18:17:42.157+0100 [clientcursormon]  mapped (incl journal view):320
2018-01-17T18:17:42.157+0100 [clientcursormon]  connections:0
2018-01-17T18:22:42.171+0100 [clientcursormon] mem (MB) res:38 virt:542
2018-01-17T18:22:42.172+0100 [clientcursormon]  mapped (incl journal view):320
2018-01-17T18:22:42.172+0100 [clientcursormon]  connections:0
2018-01-17T18:27:42.865+0100 [clientcursormon] mem (MB) res:38 virt:542
2018-01-17T18:27:42.865+0100 [clientcursormon]  mapped (incl journal view):320
2018-01-17T18:27:42.865+0100 [clientcursormon]  connections:0
2018-01-17T18:32:42.881+0100 [clientcursormon] mem (MB) res:38 virt:542
2018-01-17T18:32:42.881+0100 [clientcursormon]  mapped (incl journal view):320
2018-01-17T18:32:42.881+0100 [clientcursormon]  connections:0
2018-01-17T18:37:42.897+0100 [clientcursormon] mem (MB) res:38 virt:542
2018-01-17T18:37:42.898+0100 [clientcursormon]  mapped (incl journal view):320
2018-01-17T18:37:42.898+0100 [clientcursormon]  connections:0
2018-01-17T18:42:42.914+0100 [clientcursormon] mem (MB) res:38 virt:542
2018-01-17T18:42:42.914+0100 [clientcursormon]  mapped (incl journal view):320
2018-01-17T18:42:42.914+0100 [clientcursormon]  connections:0
2018-01-17T18:47:42.930+0100 [clientcursormon] mem (MB) res:38 virt:542
2018-01-17T18:47:42.930+0100 [clientcursormon]  mapped (incl journal view):320
2018-01-17T18:47:42.930+0100 [clientcursormon]  connections:0
2018-01-17T18:52:42.947+0100 [clientcursormon] mem (MB) res:38 virt:542
2018-01-17T18:52:42.947+0100 [clientcursormon]  mapped (incl journal view):320
2018-01-17T18:52:42.947+0100 [clientcursormon]  connections:0
2018-01-17T18:57:42.963+0100 [clientcursormon] mem (MB) res:38 virt:542
2018-01-17T18:57:42.963+0100 [clientcursormon]  mapped (incl journal view):320
2018-01-17T18:57:42.963+0100 [clientcursormon]  connections:0
2018-01-17T19:02:42.977+0100 [clientcursormon] mem (MB) res:38 virt:542
2018-01-17T19:02:42.977+0100 [clientcursormon]  mapped (incl journal view):320
2018-01-17T19:02:42.977+0100 [clientcursormon]  connections:0
2018-01-17T19:07:42.988+0100 [clientcursormon] mem (MB) res:38 virt:542
2018-01-17T19:07:42.988+0100 [clientcursormon]  mapped (incl journal view):320
2018-01-17T19:07:42.988+0100 [clientcursormon]  connections:0
2018-01-17T19:12:43.000+0100 [clientcursormon] mem (MB) res:38 virt:542
2018-01-17T19:12:43.000+0100 [clientcursormon]  mapped (incl journal view):320
2018-01-17T19:12:43.000+0100 [clientcursormon]  connections:0
2018-01-17T19:17:43.012+0100 [clientcursormon] mem (MB) res:38 virt:542
2018-01-17T19:17:43.012+0100 [clientcursormon]  mapped (incl journal view):320
2018-01-17T19:17:43.012+0100 [clientcursormon]  connections:0
2018-01-17T19:22:43.025+0100 [clientcursormon] mem (MB) res:38 virt:542
2018-01-17T19:22:43.025+0100 [clientcursormon]  mapped (incl journal view):320
2018-01-17T19:22:43.025+0100 [clientcursormon]  connections:0
2018-01-17T19:27:43.036+0100 [clientcursormon] mem (MB) res:38 virt:542
2018-01-17T19:27:43.036+0100 [clientcursormon]  mapped (incl journal view):320
2018-01-17T19:27:43.036+0100 [clientcursormon]  connections:0
2018-01-17T19:32:43.047+0100 [clientcursormon] mem (MB) res:38 virt:542
2018-01-17T19:32:43.047+0100 [clientcursormon]  mapped (incl journal view):320
2018-01-17T19:32:43.047+0100 [clientcursormon]  connections:0
2018-01-17T19:37:43.059+0100 [clientcursormon] mem (MB) res:38 virt:542
2018-01-17T19:37:43.059+0100 [clientcursormon]  mapped (incl journal view):320
2018-01-17T19:37:43.059+0100 [clientcursormon]  connections:0
2018-01-17T19:42:43.076+0100 [clientcursormon] mem (MB) res:38 virt:542
2018-01-17T19:42:43.076+0100 [clientcursormon]  mapped (incl journal view):320
2018-01-17T19:42:43.076+0100 [clientcursormon]  connections:0
2018-01-17T19:47:43.090+0100 [clientcursormon] mem (MB) res:38 virt:542
2018-01-17T19:47:43.090+0100 [clientcursormon]  mapped (incl journal view):320
2018-01-17T19:47:43.090+0100 [clientcursormon]  connections:0
2018-01-17T19:52:43.103+0100 [clientcursormon] mem (MB) res:38 virt:542
2018-01-17T19:52:43.103+0100 [clientcursormon]  mapped (incl journal view):320
2018-01-17T19:52:43.103+0100 [clientcursormon]  connections:0
2018-01-17T19:57:43.115+0100 [clientcursormon] mem (MB) res:38 virt:542
2018-01-17T19:57:43.115+0100 [clientcursormon]  mapped (incl journal view):320
2018-01-17T19:57:43.115+0100 [clientcursormon]  connections:0
2018-01-17T20:02:43.128+0100 [clientcursormon] mem (MB) res:38 virt:542
2018-01-17T20:02:43.129+0100 [clientcursormon]  mapped (incl journal view):320
2018-01-17T20:02:43.129+0100 [clientcursormon]  connections:0
2018-01-17T20:07:43.142+0100 [clientcursormon] mem (MB) res:38 virt:542
2018-01-17T20:07:43.142+0100 [clientcursormon]  mapped (incl journal view):320
2018-01-17T20:07:43.142+0100 [clientcursormon]  connections:0
2018-01-17T20:12:43.157+0100 [clientcursormon] mem (MB) res:38 virt:542
2018-01-17T20:12:43.157+0100 [clientcursormon]  mapped (incl journal view):320
2018-01-17T20:12:43.158+0100 [clientcursormon]  connections:0
2018-01-17T20:17:43.173+0100 [clientcursormon] mem (MB) res:38 virt:542
2018-01-17T20:17:43.173+0100 [clientcursormon]  mapped (incl journal view):320
2018-01-17T20:17:43.173+0100 [clientcursormon]  connections:0
2018-01-17T20:22:43.189+0100 [clientcursormon] mem (MB) res:38 virt:542
2018-01-17T20:22:43.190+0100 [clientcursormon]  mapped (incl journal view):320
2018-01-17T20:22:43.190+0100 [clientcursormon]  connections:0
2018-01-17T20:27:43.206+0100 [clientcursormon] mem (MB) res:38 virt:542
2018-01-17T20:27:43.206+0100 [clientcursormon]  mapped (incl journal view):320
2018-01-17T20:27:43.206+0100 [clientcursormon]  connections:0
2018-01-17T20:32:43.222+0100 [clientcursormon] mem (MB) res:38 virt:542
2018-01-17T20:32:43.222+0100 [clientcursormon]  mapped (incl journal view):320
2018-01-17T20:32:43.222+0100 [clientcursormon]  connections:0
2018-01-17T20:37:43.239+0100 [clientcursormon] mem (MB) res:38 virt:542
2018-01-17T20:37:43.239+0100 [clientcursormon]  mapped (incl journal view):320
2018-01-17T20:37:43.239+0100 [clientcursormon]  connections:0
2018-01-17T20:42:43.254+0100 [clientcursormon] mem (MB) res:38 virt:542
2018-01-17T20:42:43.254+0100 [clientcursormon]  mapped (incl journal view):320
2018-01-17T20:42:43.254+0100 [clientcursormon]  connections:0
2018-01-17T20:47:43.267+0100 [clientcursormon] mem (MB) res:38 virt:542
2018-01-17T20:47:43.267+0100 [clientcursormon]  mapped (incl journal view):320
2018-01-17T20:47:43.267+0100 [clientcursormon]  connections:0
2018-01-17T20:52:43.279+0100 [clientcursormon] mem (MB) res:38 virt:542
2018-01-17T20:52:43.279+0100 [clientcursormon]  mapped (incl journal view):320
2018-01-17T20:52:43.279+0100 [clientcursormon]  connections:0
2018-01-17T20:57:43.292+0100 [clientcursormon] mem (MB) res:38 virt:542
2018-01-17T20:57:43.292+0100 [clientcursormon]  mapped (incl journal view):320
2018-01-17T20:57:43.292+0100 [clientcursormon]  connections:0
2018-01-17T21:02:43.303+0100 [clientcursormon] mem (MB) res:38 virt:542
2018-01-17T21:02:43.303+0100 [clientcursormon]  mapped (incl journal view):320
2018-01-17T21:02:43.303+0100 [clientcursormon]  connections:0
2018-01-17T21:07:43.315+0100 [clientcursormon] mem (MB) res:38 virt:542
2018-01-17T21:07:43.315+0100 [clientcursormon]  mapped (incl journal view):320
2018-01-17T21:07:43.315+0100 [clientcursormon]  connections:0
2018-01-17T21:12:43.328+0100 [clientcursormon] mem (MB) res:38 virt:542
2018-01-17T21:12:43.328+0100 [clientcursormon]  mapped (incl journal view):320
2018-01-17T21:12:43.328+0100 [clientcursormon]  connections:0
2018-01-17T21:17:43.338+0100 [clientcursormon] mem (MB) res:38 virt:542
2018-01-17T21:17:43.338+0100 [clientcursormon]  mapped (incl journal view):320
2018-01-17T21:17:43.338+0100 [clientcursormon]  connections:0
2018-01-17T21:22:43.349+0100 [clientcursormon] mem (MB) res:38 virt:542
2018-01-17T21:22:43.349+0100 [clientcursormon]  mapped (incl journal view):320
2018-01-17T21:22:43.349+0100 [clientcursormon]  connections:0
2018-01-17T21:27:43.360+0100 [clientcursormon] mem (MB) res:38 virt:542
2018-01-17T21:27:43.360+0100 [clientcursormon]  mapped (incl journal view):320
2018-01-17T21:27:43.360+0100 [clientcursormon]  connections:0
2018-01-17T21:32:43.371+0100 [clientcursormon] mem (MB) res:38 virt:542
2018-01-17T21:32:43.371+0100 [clientcursormon]  mapped (incl journal view):320
2018-01-17T21:32:43.371+0100 [clientcursormon]  connections:0
2018-01-17T21:37:43.384+0100 [clientcursormon] mem (MB) res:38 virt:542
2018-01-17T21:37:43.384+0100 [clientcursormon]  mapped (incl journal view):320
2018-01-17T21:37:43.384+0100 [clientcursormon]  connections:0
2018-01-17T21:42:43.397+0100 [clientcursormon] mem (MB) res:38 virt:542
2018-01-17T21:42:43.397+0100 [clientcursormon]  mapped (incl journal view):320
2018-01-17T21:42:43.397+0100 [clientcursormon]  connections:0
2018-01-17T21:47:43.409+0100 [clientcursormon] mem (MB) res:38 virt:542
2018-01-17T21:47:43.409+0100 [clientcursormon]  mapped (incl journal view):320
2018-01-17T21:47:43.409+0100 [clientcursormon]  connections:0
2018-01-17T21:52:43.422+0100 [clientcursormon] mem (MB) res:38 virt:542
2018-01-17T21:52:43.422+0100 [clientcursormon]  mapped (incl journal view):320
2018-01-17T21:52:43.422+0100 [clientcursormon]  connections:0
2018-01-17T21:57:43.435+0100 [clientcursormon] mem (MB) res:38 virt:542
2018-01-17T21:57:43.435+0100 [clientcursormon]  mapped (incl journal view):320
2018-01-17T21:57:43.435+0100 [clientcursormon]  connections:0
2018-01-17T22:02:43.449+0100 [clientcursormon] mem (MB) res:38 virt:542
2018-01-17T22:02:43.449+0100 [clientcursormon]  mapped (incl journal view):320
2018-01-17T22:02:43.449+0100 [clientcursormon]  connections:0
2018-01-17T22:07:43.464+0100 [clientcursormon] mem (MB) res:38 virt:542
2018-01-17T22:07:43.464+0100 [clientcursormon]  mapped (incl journal view):320
2018-01-17T22:07:43.464+0100 [clientcursormon]  connections:0
2018-01-17T22:12:43.479+0100 [clientcursormon] mem (MB) res:38 virt:542
2018-01-17T22:12:43.479+0100 [clientcursormon]  mapped (incl journal view):320
2018-01-17T22:12:43.479+0100 [clientcursormon]  connections:0
2018-01-17T22:17:43.492+0100 [clientcursormon] mem (MB) res:38 virt:542
2018-01-17T22:17:43.492+0100 [clientcursormon]  mapped (incl journal view):320
2018-01-17T22:17:43.492+0100 [clientcursormon]  connections:0
2018-01-17T22:22:43.504+0100 [clientcursormon] mem (MB) res:38 virt:542
2018-01-17T22:22:43.504+0100 [clientcursormon]  mapped (incl journal view):320
2018-01-17T22:22:43.504+0100 [clientcursormon]  connections:0
2018-01-17T22:27:43.517+0100 [clientcursormon] mem (MB) res:38 virt:542
2018-01-17T22:27:43.517+0100 [clientcursormon]  mapped (incl journal view):320
2018-01-17T22:27:43.517+0100 [clientcursormon]  connections:0
2018-01-17T22:32:43.532+0100 [clientcursormon] mem (MB) res:38 virt:542
2018-01-17T22:32:43.532+0100 [clientcursormon]  mapped (incl journal view):320
2018-01-17T22:32:43.532+0100 [clientcursormon]  connections:0
2018-01-17T22:37:43.547+0100 [clientcursormon] mem (MB) res:38 virt:542
2018-01-17T22:37:43.547+0100 [clientcursormon]  mapped (incl journal view):320
2018-01-17T22:37:43.547+0100 [clientcursormon]  connections:0
2018-01-17T22:42:43.560+0100 [clientcursormon] mem (MB) res:38 virt:542
2018-01-17T22:42:43.560+0100 [clientcursormon]  mapped (incl journal view):320
2018-01-17T22:42:43.560+0100 [clientcursormon]  connections:0
2018-01-17T22:47:43.574+0100 [clientcursormon] mem (MB) res:38 virt:542
2018-01-17T22:47:43.574+0100 [clientcursormon]  mapped (incl journal view):320
2018-01-17T22:47:43.574+0100 [clientcursormon]  connections:0
2018-01-17T22:52:43.586+0100 [clientcursormon] mem (MB) res:38 virt:542
2018-01-17T22:52:43.586+0100 [clientcursormon]  mapped (incl journal view):320
2018-01-17T22:52:43.586+0100 [clientcursormon]  connections:0
2018-01-17T22:57:43.599+0100 [clientcursormon] mem (MB) res:38 virt:542
2018-01-17T22:57:43.599+0100 [clientcursormon]  mapped (incl journal view):320
2018-01-17T22:57:43.599+0100 [clientcursormon]  connections:0
2018-01-17T23:02:43.613+0100 [clientcursormon] mem (MB) res:38 virt:542
2018-01-17T23:02:43.613+0100 [clientcursormon]  mapped (incl journal view):320
2018-01-17T23:02:43.613+0100 [clientcursormon]  connections:0
2018-01-17T23:07:43.625+0100 [clientcursormon] mem (MB) res:38 virt:542
2018-01-17T23:07:43.625+0100 [clientcursormon]  mapped (incl journal view):320
2018-01-17T23:07:43.625+0100 [clientcursormon]  connections:0
2018-01-17T23:12:43.639+0100 [clientcursormon] mem (MB) res:38 virt:542
2018-01-17T23:12:43.639+0100 [clientcursormon]  mapped (incl journal view):320
2018-01-17T23:12:43.639+0100 [clientcursormon]  connections:0
2018-01-17T23:17:43.650+0100 [clientcursormon] mem (MB) res:38 virt:542
2018-01-17T23:17:43.650+0100 [clientcursormon]  mapped (incl journal view):320
2018-01-17T23:17:43.650+0100 [clientcursormon]  connections:0
2018-01-17T23:22:43.662+0100 [clientcursormon] mem (MB) res:38 virt:542
2018-01-17T23:22:43.662+0100 [clientcursormon]  mapped (incl journal view):320
2018-01-17T23:22:43.662+0100 [clientcursormon]  connections:0
2018-01-17T23:27:43.674+0100 [clientcursormon] mem (MB) res:38 virt:542
2018-01-17T23:27:43.674+0100 [clientcursormon]  mapped (incl journal view):320
2018-01-17T23:27:43.674+0100 [clientcursormon]  connections:0
2018-01-17T23:32:43.686+0100 [clientcursormon] mem (MB) res:38 virt:542
2018-01-17T23:32:43.686+0100 [clientcursormon]  mapped (incl journal view):320
2018-01-17T23:32:43.686+0100 [clientcursormon]  connections:0
2018-01-17T23:37:43.698+0100 [clientcursormon] mem (MB) res:38 virt:542
2018-01-17T23:37:43.698+0100 [clientcursormon]  mapped (incl journal view):320
2018-01-17T23:37:43.698+0100 [clientcursormon]  connections:0
2018-01-17T23:42:43.711+0100 [clientcursormon] mem (MB) res:38 virt:542
2018-01-17T23:42:43.711+0100 [clientcursormon]  mapped (incl journal view):320
2018-01-17T23:42:43.711+0100 [clientcursormon]  connections:0
2018-01-17T23:47:43.722+0100 [clientcursormon] mem (MB) res:38 virt:542
2018-01-17T23:47:43.722+0100 [clientcursormon]  mapped (incl journal view):320
2018-01-17T23:47:43.722+0100 [clientcursormon]  connections:0
2018-01-17T23:52:43.735+0100 [clientcursormon] mem (MB) res:38 virt:542
2018-01-17T23:52:43.735+0100 [clientcursormon]  mapped (incl journal view):320
2018-01-17T23:52:43.735+0100 [clientcursormon]  connections:0
2018-01-17T23:57:43.748+0100 [clientcursormon] mem (MB) res:38 virt:542
2018-01-17T23:57:43.748+0100 [clientcursormon]  mapped (incl journal view):320
2018-01-17T23:57:43.748+0100 [clientcursormon]  connections:0
2018-01-18T00:02:43.761+0100 [clientcursormon] mem (MB) res:38 virt:542
2018-01-18T00:02:43.761+0100 [clientcursormon]  mapped (incl journal view):320
2018-01-18T00:02:43.761+0100 [clientcursormon]  connections:0
2018-01-18T12:32:47.275+0100 [clientcursormon] mem (MB) res:38 virt:542
2018-01-18T12:32:47.275+0100 [clientcursormon]  mapped (incl journal view):320
2018-01-18T12:32:47.275+0100 [clientcursormon]  connections:0
2018-01-18T12:37:47.289+0100 [clientcursormon] mem (MB) res:38 virt:542
2018-01-18T12:37:47.290+0100 [clientcursormon]  mapped (incl journal view):320
2018-01-18T12:37:47.290+0100 [clientcursormon]  connections:0
2018-01-18T12:42:47.302+0100 [clientcursormon] mem (MB) res:38 virt:542
2018-01-18T12:42:47.302+0100 [clientcursormon]  mapped (incl journal view):320
2018-01-18T12:42:47.302+0100 [clientcursormon]  connections:0
2018-01-18T12:47:47.315+0100 [clientcursormon] mem (MB) res:38 virt:542
2018-01-18T12:47:47.315+0100 [clientcursormon]  mapped (incl journal view):320
2018-01-18T12:47:47.315+0100 [clientcursormon]  connections:0
2018-01-18T12:52:47.327+0100 [clientcursormon] mem (MB) res:38 virt:542
2018-01-18T12:52:47.327+0100 [clientcursormon]  mapped (incl journal view):320
2018-01-18T12:52:47.327+0100 [clientcursormon]  connections:0
2018-01-18T12:57:47.341+0100 [clientcursormon] mem (MB) res:38 virt:542
2018-01-18T12:57:47.341+0100 [clientcursormon]  mapped (incl journal view):320
2018-01-18T12:57:47.341+0100 [clientcursormon]  connections:0
2018-01-18T13:02:47.354+0100 [clientcursormon] mem (MB) res:38 virt:542
2018-01-18T13:02:47.354+0100 [clientcursormon]  mapped (incl journal view):320
2018-01-18T13:02:47.354+0100 [clientcursormon]  connections:0
2018-01-18T13:07:47.367+0100 [clientcursormon] mem (MB) res:38 virt:542
2018-01-18T13:07:47.368+0100 [clientcursormon]  mapped (incl journal view):320
2018-01-18T13:07:47.368+0100 [clientcursormon]  connections:0
2018-01-18T13:12:47.865+0100 [clientcursormon] mem (MB) res:38 virt:542
2018-01-18T13:12:47.865+0100 [clientcursormon]  mapped (incl journal view):320
2018-01-18T13:12:47.865+0100 [clientcursormon]  connections:0
2018-01-18T13:17:47.876+0100 [clientcursormon] mem (MB) res:38 virt:542
2018-01-18T13:17:47.876+0100 [clientcursormon]  mapped (incl journal view):320
2018-01-18T13:17:47.876+0100 [clientcursormon]  connections:0
2018-01-18T13:22:47.889+0100 [clientcursormon] mem (MB) res:38 virt:542
2018-01-18T13:22:47.889+0100 [clientcursormon]  mapped (incl journal view):320
2018-01-18T13:22:47.890+0100 [clientcursormon]  connections:0
2018-01-18T13:27:47.903+0100 [clientcursormon] mem (MB) res:38 virt:542
2018-01-18T13:27:47.903+0100 [clientcursormon]  mapped (incl journal view):320
2018-01-18T13:27:47.903+0100 [clientcursormon]  connections:0
2018-01-18T13:32:47.918+0100 [clientcursormon] mem (MB) res:38 virt:542
2018-01-18T13:32:47.918+0100 [clientcursormon]  mapped (incl journal view):320
2018-01-18T13:32:47.918+0100 [clientcursormon]  connections:0
2018-01-18T13:37:47.934+0100 [clientcursormon] mem (MB) res:38 virt:542
2018-01-18T13:37:47.934+0100 [clientcursormon]  mapped (incl journal view):320
2018-01-18T13:37:47.934+0100 [clientcursormon]  connections:0
2018-01-18T13:42:47.949+0100 [clientcursormon] mem (MB) res:38 virt:542
2018-01-18T13:42:47.949+0100 [clientcursormon]  mapped (incl journal view):320
2018-01-18T13:42:47.949+0100 [clientcursormon]  connections:0
2018-01-18T13:47:47.963+0100 [clientcursormon] mem (MB) res:38 virt:542
2018-01-18T13:47:47.963+0100 [clientcursormon]  mapped (incl journal view):320
2018-01-18T13:47:47.963+0100 [clientcursormon]  connections:0
2018-01-18T13:52:47.977+0100 [clientcursormon] mem (MB) res:38 virt:542
2018-01-18T13:52:47.977+0100 [clientcursormon]  mapped (incl journal view):320
2018-01-18T13:52:47.977+0100 [clientcursormon]  connections:0
2018-01-18T13:57:47.993+0100 [clientcursormon] mem (MB) res:38 virt:542
2018-01-18T13:57:47.993+0100 [clientcursormon]  mapped (incl journal view):320
2018-01-18T13:57:47.993+0100 [clientcursormon]  connections:0
2018-01-18T14:02:48.009+0100 [clientcursormon] mem (MB) res:38 virt:542
2018-01-18T14:02:48.009+0100 [clientcursormon]  mapped (incl journal view):320
2018-01-18T14:02:48.010+0100 [clientcursormon]  connections:0
2018-01-18T14:07:48.026+0100 [clientcursormon] mem (MB) res:38 virt:542
2018-01-18T14:07:48.026+0100 [clientcursormon]  mapped (incl journal view):320
2018-01-18T14:07:48.026+0100 [clientcursormon]  connections:0
2018-01-18T14:12:48.042+0100 [clientcursormon] mem (MB) res:38 virt:542
2018-01-18T14:12:48.042+0100 [clientcursormon]  mapped (incl journal view):320
2018-01-18T14:12:48.042+0100 [clientcursormon]  connections:0
2018-01-18T14:17:48.058+0100 [clientcursormon] mem (MB) res:38 virt:542
2018-01-18T14:17:48.058+0100 [clientcursormon]  mapped (incl journal view):320
2018-01-18T14:17:48.058+0100 [clientcursormon]  connections:0
2018-01-18T14:22:48.074+0100 [clientcursormon] mem (MB) res:38 virt:542
2018-01-18T14:22:48.074+0100 [clientcursormon]  mapped (incl journal view):320
2018-01-18T14:22:48.074+0100 [clientcursormon]  connections:0
2018-01-18T14:27:48.090+0100 [clientcursormon] mem (MB) res:38 virt:542
2018-01-18T14:27:48.090+0100 [clientcursormon]  mapped (incl journal view):320
2018-01-18T14:27:48.090+0100 [clientcursormon]  connections:0
2018-01-18T14:32:48.104+0100 [clientcursormon] mem (MB) res:38 virt:542
2018-01-18T14:32:48.104+0100 [clientcursormon]  mapped (incl journal view):320
2018-01-18T14:32:48.104+0100 [clientcursormon]  connections:0
2018-01-18T14:37:48.118+0100 [clientcursormon] mem (MB) res:38 virt:542
2018-01-18T14:37:48.118+0100 [clientcursormon]  mapped (incl journal view):320
2018-01-18T14:37:48.118+0100 [clientcursormon]  connections:0
2018-01-18T14:42:48.134+0100 [clientcursormon] mem (MB) res:38 virt:542
2018-01-18T14:42:48.134+0100 [clientcursormon]  mapped (incl journal view):320
2018-01-18T14:42:48.134+0100 [clientcursormon]  connections:0
2018-01-18T14:47:48.148+0100 [clientcursormon] mem (MB) res:38 virt:542
2018-01-18T14:47:48.148+0100 [clientcursormon]  mapped (incl journal view):320
2018-01-18T14:47:48.148+0100 [clientcursormon]  connections:0
2018-01-18T14:52:48.163+0100 [clientcursormon] mem (MB) res:38 virt:542
2018-01-18T14:52:48.163+0100 [clientcursormon]  mapped (incl journal view):320
2018-01-18T14:52:48.163+0100 [clientcursormon]  connections:0
2018-01-18T14:57:48.176+0100 [clientcursormon] mem (MB) res:38 virt:542
2018-01-18T14:57:48.176+0100 [clientcursormon]  mapped (incl journal view):320
2018-01-18T14:57:48.176+0100 [clientcursormon]  connections:0
2018-01-18T15:02:48.191+0100 [clientcursormon] mem (MB) res:38 virt:542
2018-01-18T15:02:48.191+0100 [clientcursormon]  mapped (incl journal view):320
2018-01-18T15:02:48.191+0100 [clientcursormon]  connections:0
2018-01-18T15:07:48.206+0100 [clientcursormon] mem (MB) res:38 virt:542
2018-01-18T15:07:48.206+0100 [clientcursormon]  mapped (incl journal view):320
2018-01-18T15:07:48.206+0100 [clientcursormon]  connections:0
2018-01-18T15:12:48.220+0100 [clientcursormon] mem (MB) res:38 virt:542
2018-01-18T15:12:48.221+0100 [clientcursormon]  mapped (incl journal view):320
2018-01-18T15:12:48.221+0100 [clientcursormon]  connections:0
2018-01-18T15:17:48.234+0100 [clientcursormon] mem (MB) res:38 virt:542
2018-01-18T15:17:48.234+0100 [clientcursormon]  mapped (incl journal view):320
2018-01-18T15:17:48.234+0100 [clientcursormon]  connections:0
2018-01-18T15:22:48.249+0100 [clientcursormon] mem (MB) res:38 virt:542
2018-01-18T15:22:48.249+0100 [clientcursormon]  mapped (incl journal view):320
2018-01-18T15:22:48.249+0100 [clientcursormon]  connections:0
2018-01-18T15:27:48.265+0100 [clientcursormon] mem (MB) res:38 virt:542
2018-01-18T15:27:48.265+0100 [clientcursormon]  mapped (incl journal view):320
2018-01-18T15:27:48.265+0100 [clientcursormon]  connections:0
2018-01-18T15:32:48.281+0100 [clientcursormon] mem (MB) res:38 virt:542
2018-01-18T15:32:48.281+0100 [clientcursormon]  mapped (incl journal view):320
2018-01-18T15:32:48.281+0100 [clientcursormon]  connections:0
2018-01-18T15:37:48.298+0100 [clientcursormon] mem (MB) res:38 virt:542
2018-01-18T15:37:48.298+0100 [clientcursormon]  mapped (incl journal view):320
2018-01-18T15:37:48.298+0100 [clientcursormon]  connections:0
2018-01-18T15:42:48.314+0100 [clientcursormon] mem (MB) res:38 virt:542
2018-01-18T15:42:48.314+0100 [clientcursormon]  mapped (incl journal view):320
2018-01-18T15:42:48.314+0100 [clientcursormon]  connections:0
2018-01-18T15:47:48.330+0100 [clientcursormon] mem (MB) res:38 virt:542
2018-01-18T15:47:48.330+0100 [clientcursormon]  mapped (incl journal view):320
2018-01-18T15:47:48.330+0100 [clientcursormon]  connections:0
2018-01-18T15:52:48.345+0100 [clientcursormon] mem (MB) res:38 virt:542
2018-01-18T15:52:48.345+0100 [clientcursormon]  mapped (incl journal view):320
2018-01-18T15:52:48.346+0100 [clientcursormon]  connections:0
2018-01-18T15:57:48.361+0100 [clientcursormon] mem (MB) res:38 virt:542
2018-01-18T15:57:48.361+0100 [clientcursormon]  mapped (incl journal view):320
2018-01-18T15:57:48.361+0100 [clientcursormon]  connections:0
2018-01-18T16:02:48.376+0100 [clientcursormon] mem (MB) res:38 virt:542
2018-01-18T16:02:48.376+0100 [clientcursormon]  mapped (incl journal view):320
2018-01-18T16:02:48.376+0100 [clientcursormon]  connections:0
2018-01-18T16:07:48.389+0100 [clientcursormon] mem (MB) res:38 virt:542
2018-01-18T16:07:48.389+0100 [clientcursormon]  mapped (incl journal view):320
2018-01-18T16:07:48.389+0100 [clientcursormon]  connections:0
2018-01-18T16:12:48.398+0100 [clientcursormon] mem (MB) res:38 virt:542
2018-01-18T16:12:48.398+0100 [clientcursormon]  mapped (incl journal view):320
2018-01-18T16:12:48.398+0100 [clientcursormon]  connections:0
2018-01-18T16:17:48.408+0100 [clientcursormon] mem (MB) res:38 virt:542
2018-01-18T16:17:48.408+0100 [clientcursormon]  mapped (incl journal view):320
2018-01-18T16:17:48.408+0100 [clientcursormon]  connections:0
2018-01-18T16:22:48.420+0100 [clientcursormon] mem (MB) res:38 virt:542
2018-01-18T16:22:48.421+0100 [clientcursormon]  mapped (incl journal view):320
2018-01-18T16:22:48.421+0100 [clientcursormon]  connections:0
2018-01-18T16:27:48.431+0100 [clientcursormon] mem (MB) res:38 virt:542
2018-01-18T16:27:48.431+0100 [clientcursormon]  mapped (incl journal view):320
2018-01-18T16:27:48.431+0100 [clientcursormon]  connections:0
2018-01-18T16:32:48.442+0100 [clientcursormon] mem (MB) res:38 virt:542
2018-01-18T16:32:48.443+0100 [clientcursormon]  mapped (incl journal view):320
2018-01-18T16:32:48.443+0100 [clientcursormon]  connections:0
2018-01-18T16:37:48.454+0100 [clientcursormon] mem (MB) res:38 virt:542
2018-01-18T16:37:48.454+0100 [clientcursormon]  mapped (incl journal view):320
2018-01-18T16:37:48.454+0100 [clientcursormon]  connections:0
2018-01-18T16:42:48.465+0100 [clientcursormon] mem (MB) res:38 virt:542
2018-01-18T16:42:48.466+0100 [clientcursormon]  mapped (incl journal view):320
2018-01-18T16:42:48.466+0100 [clientcursormon]  connections:0
2018-01-18T16:47:48.477+0100 [clientcursormon] mem (MB) res:38 virt:542
2018-01-18T16:47:48.477+0100 [clientcursormon]  mapped (incl journal view):320
2018-01-18T16:47:48.477+0100 [clientcursormon]  connections:0
2018-01-18T16:52:48.489+0100 [clientcursormon] mem (MB) res:38 virt:542
2018-01-18T16:52:48.489+0100 [clientcursormon]  mapped (incl journal view):320
2018-01-18T16:52:48.489+0100 [clientcursormon]  connections:0
2018-01-18T16:57:48.500+0100 [clientcursormon] mem (MB) res:38 virt:542
2018-01-18T16:57:48.500+0100 [clientcursormon]  mapped (incl journal view):320
2018-01-18T16:57:48.500+0100 [clientcursormon]  connections:0
2018-01-18T17:02:48.515+0100 [clientcursormon] mem (MB) res:38 virt:542
2018-01-18T17:02:48.515+0100 [clientcursormon]  mapped (incl journal view):320
2018-01-18T17:02:48.515+0100 [clientcursormon]  connections:0
2018-01-18T17:07:48.528+0100 [clientcursormon] mem (MB) res:38 virt:542
2018-01-18T17:07:48.528+0100 [clientcursormon]  mapped (incl journal view):320
2018-01-18T17:07:48.528+0100 [clientcursormon]  connections:0
2018-01-18T17:12:48.541+0100 [clientcursormon] mem (MB) res:38 virt:542
2018-01-18T17:12:48.541+0100 [clientcursormon]  mapped (incl journal view):320
2018-01-18T17:12:48.541+0100 [clientcursormon]  connections:0
2018-01-18T17:17:48.554+0100 [clientcursormon] mem (MB) res:38 virt:542
2018-01-18T17:17:48.554+0100 [clientcursormon]  mapped (incl journal view):320
2018-01-18T17:17:48.554+0100 [clientcursormon]  connections:0
2018-01-18T17:22:48.568+0100 [clientcursormon] mem (MB) res:38 virt:542
2018-01-18T17:22:48.569+0100 [clientcursormon]  mapped (incl journal view):320
2018-01-18T17:22:48.569+0100 [clientcursormon]  connections:0
2018-01-18T17:27:48.581+0100 [clientcursormon] mem (MB) res:38 virt:542
2018-01-18T17:27:48.581+0100 [clientcursormon]  mapped (incl journal view):320
2018-01-18T17:27:48.581+0100 [clientcursormon]  connections:0
2018-01-18T17:32:48.593+0100 [clientcursormon] mem (MB) res:38 virt:542
2018-01-18T17:32:48.593+0100 [clientcursormon]  mapped (incl journal view):320
2018-01-18T17:32:48.593+0100 [clientcursormon]  connections:0
2018-01-18T17:37:48.605+0100 [clientcursormon] mem (MB) res:38 virt:542
2018-01-18T17:37:48.605+0100 [clientcursormon]  mapped (incl journal view):320
2018-01-18T17:37:48.605+0100 [clientcursormon]  connections:0
2018-01-18T17:42:48.618+0100 [clientcursormon] mem (MB) res:38 virt:542
2018-01-18T17:42:48.618+0100 [clientcursormon]  mapped (incl journal view):320
2018-01-18T17:42:48.618+0100 [clientcursormon]  connections:0
2018-01-18T17:47:48.631+0100 [clientcursormon] mem (MB) res:38 virt:542
2018-01-18T17:47:48.631+0100 [clientcursormon]  mapped (incl journal view):320
2018-01-18T17:47:48.632+0100 [clientcursormon]  connections:0
2018-01-18T17:52:48.644+0100 [clientcursormon] mem (MB) res:38 virt:542
2018-01-18T17:52:48.645+0100 [clientcursormon]  mapped (incl journal view):320
2018-01-18T17:52:48.645+0100 [clientcursormon]  connections:0
2018-01-18T17:57:48.656+0100 [clientcursormon] mem (MB) res:38 virt:542
2018-01-18T17:57:48.656+0100 [clientcursormon]  mapped (incl journal view):320
2018-01-18T17:57:48.657+0100 [clientcursormon]  connections:0
2018-01-18T18:02:48.670+0100 [clientcursormon] mem (MB) res:38 virt:542
2018-01-18T18:02:48.670+0100 [clientcursormon]  mapped (incl journal view):320
2018-01-18T18:02:48.670+0100 [clientcursormon]  connections:0
2018-01-18T18:07:48.683+0100 [clientcursormon] mem (MB) res:38 virt:542
2018-01-18T18:07:48.683+0100 [clientcursormon]  mapped (incl journal view):320
2018-01-18T18:07:48.683+0100 [clientcursormon]  connections:0
2018-01-18T18:12:48.696+0100 [clientcursormon] mem (MB) res:38 virt:542
2018-01-18T18:12:48.696+0100 [clientcursormon]  mapped (incl journal view):320
2018-01-18T18:12:48.696+0100 [clientcursormon]  connections:0
2018-01-18T18:53:40.605+0100 [clientcursormon] mem (MB) res:38 virt:542
2018-01-18T18:53:40.606+0100 [clientcursormon]  mapped (incl journal view):320
2018-01-18T18:53:40.606+0100 [clientcursormon]  connections:0
2018-01-18T18:58:40.619+0100 [clientcursormon] mem (MB) res:38 virt:542
2018-01-18T18:58:40.619+0100 [clientcursormon]  mapped (incl journal view):320
2018-01-18T18:58:40.620+0100 [clientcursormon]  connections:0
2018-01-18T19:03:40.636+0100 [clientcursormon] mem (MB) res:38 virt:542
2018-01-18T19:03:40.636+0100 [clientcursormon]  mapped (incl journal view):320
2018-01-18T19:03:40.636+0100 [clientcursormon]  connections:0
2018-01-18T19:08:40.650+0100 [clientcursormon] mem (MB) res:38 virt:542
2018-01-18T19:08:40.650+0100 [clientcursormon]  mapped (incl journal view):320
2018-01-18T19:08:40.650+0100 [clientcursormon]  connections:0
2018-01-18T19:13:40.664+0100 [clientcursormon] mem (MB) res:38 virt:542
2018-01-18T19:13:40.664+0100 [clientcursormon]  mapped (incl journal view):320
2018-01-18T19:13:40.664+0100 [clientcursormon]  connections:0
2018-01-18T19:18:40.679+0100 [clientcursormon] mem (MB) res:38 virt:542
2018-01-18T19:18:40.679+0100 [clientcursormon]  mapped (incl journal view):320
2018-01-18T19:18:40.679+0100 [clientcursormon]  connections:0
2018-01-18T19:23:40.692+0100 [clientcursormon] mem (MB) res:38 virt:542
2018-01-18T19:23:40.693+0100 [clientcursormon]  mapped (incl journal view):320
2018-01-18T19:23:40.693+0100 [clientcursormon]  connections:0
2018-01-18T19:28:41.705+0100 [clientcursormon] mem (MB) res:38 virt:542
2018-01-18T19:28:41.705+0100 [clientcursormon]  mapped (incl journal view):320
2018-01-18T19:28:41.705+0100 [clientcursormon]  connections:0
2018-01-18T19:33:41.719+0100 [clientcursormon] mem (MB) res:38 virt:542
2018-01-18T19:33:41.719+0100 [clientcursormon]  mapped (incl journal view):320
2018-01-18T19:33:41.719+0100 [clientcursormon]  connections:0
2018-01-18T19:38:41.732+0100 [clientcursormon] mem (MB) res:38 virt:542
2018-01-18T19:38:41.732+0100 [clientcursormon]  mapped (incl journal view):320
2018-01-18T19:38:41.732+0100 [clientcursormon]  connections:0
2018-01-18T19:43:41.745+0100 [clientcursormon] mem (MB) res:38 virt:542
2018-01-18T19:43:41.745+0100 [clientcursormon]  mapped (incl journal view):320
2018-01-18T19:43:41.745+0100 [clientcursormon]  connections:0
2018-01-18T19:48:41.758+0100 [clientcursormon] mem (MB) res:38 virt:542
2018-01-18T19:48:41.758+0100 [clientcursormon]  mapped (incl journal view):320
2018-01-18T19:48:41.758+0100 [clientcursormon]  connections:0
2018-01-18T19:53:41.772+0100 [clientcursormon] mem (MB) res:38 virt:542
2018-01-18T19:53:41.772+0100 [clientcursormon]  mapped (incl journal view):320
2018-01-18T19:53:41.772+0100 [clientcursormon]  connections:0
2018-01-18T19:58:41.784+0100 [clientcursormon] mem (MB) res:38 virt:542
2018-01-18T19:58:41.784+0100 [clientcursormon]  mapped (incl journal view):320
2018-01-18T19:58:41.784+0100 [clientcursormon]  connections:0
2018-01-18T20:40:44.163+0100 [clientcursormon] mem (MB) res:38 virt:542
2018-01-18T20:40:44.164+0100 [clientcursormon]  mapped (incl journal view):320
2018-01-18T20:40:44.164+0100 [clientcursormon]  connections:0
2018-01-18T20:45:44.175+0100 [clientcursormon] mem (MB) res:38 virt:542
2018-01-18T20:45:44.175+0100 [clientcursormon]  mapped (incl journal view):320
2018-01-18T20:45:44.175+0100 [clientcursormon]  connections:0
2018-01-18T20:50:44.187+0100 [clientcursormon] mem (MB) res:38 virt:542
2018-01-18T20:50:44.187+0100 [clientcursormon]  mapped (incl journal view):320
2018-01-18T20:50:44.187+0100 [clientcursormon]  connections:0
2018-01-18T20:55:44.199+0100 [clientcursormon] mem (MB) res:38 virt:542
2018-01-18T20:55:44.199+0100 [clientcursormon]  mapped (incl journal view):320
2018-01-18T20:55:44.199+0100 [clientcursormon]  connections:0
2018-01-18T21:00:45.187+0100 [clientcursormon] mem (MB) res:38 virt:542
2018-01-18T21:00:45.188+0100 [clientcursormon]  mapped (incl journal view):320
2018-01-18T21:00:45.188+0100 [clientcursormon]  connections:0
2018-01-18T21:05:45.200+0100 [clientcursormon] mem (MB) res:38 virt:542
2018-01-18T21:05:45.200+0100 [clientcursormon]  mapped (incl journal view):320
2018-01-18T21:05:45.200+0100 [clientcursormon]  connections:0
2018-01-18T21:10:45.213+0100 [clientcursormon] mem (MB) res:38 virt:542
2018-01-18T21:10:45.213+0100 [clientcursormon]  mapped (incl journal view):320
2018-01-18T21:10:45.213+0100 [clientcursormon]  connections:0
2018-01-18T21:15:45.225+0100 [clientcursormon] mem (MB) res:38 virt:542
2018-01-18T21:15:45.225+0100 [clientcursormon]  mapped (incl journal view):320
2018-01-18T21:15:45.225+0100 [clientcursormon]  connections:0
2018-01-18T21:20:45.237+0100 [clientcursormon] mem (MB) res:38 virt:542
2018-01-18T21:20:45.237+0100 [clientcursormon]  mapped (incl journal view):320
2018-01-18T21:20:45.237+0100 [clientcursormon]  connections:0
2018-01-18T21:25:45.250+0100 [clientcursormon] mem (MB) res:38 virt:542
2018-01-18T21:25:45.250+0100 [clientcursormon]  mapped (incl journal view):320
2018-01-18T21:25:45.250+0100 [clientcursormon]  connections:0
2018-01-18T21:30:45.263+0100 [clientcursormon] mem (MB) res:38 virt:542
2018-01-18T21:30:45.263+0100 [clientcursormon]  mapped (incl journal view):320
2018-01-18T21:30:45.263+0100 [clientcursormon]  connections:0
2018-01-18T21:35:45.277+0100 [clientcursormon] mem (MB) res:38 virt:542
2018-01-18T21:35:45.278+0100 [clientcursormon]  mapped (incl journal view):320
2018-01-18T21:35:45.278+0100 [clientcursormon]  connections:0
2018-01-18T21:40:45.291+0100 [clientcursormon] mem (MB) res:38 virt:542
2018-01-18T21:40:45.291+0100 [clientcursormon]  mapped (incl journal view):320
2018-01-18T21:40:45.291+0100 [clientcursormon]  connections:0
2018-01-18T21:45:45.305+0100 [clientcursormon] mem (MB) res:38 virt:542
2018-01-18T21:45:45.305+0100 [clientcursormon]  mapped (incl journal view):320
2018-01-18T21:45:45.305+0100 [clientcursormon]  connections:0
2018-01-18T21:50:45.318+0100 [clientcursormon] mem (MB) res:38 virt:542
2018-01-18T21:50:45.319+0100 [clientcursormon]  mapped (incl journal view):320
2018-01-18T21:50:45.319+0100 [clientcursormon]  connections:0
2018-01-18T21:55:45.331+0100 [clientcursormon] mem (MB) res:38 virt:542
2018-01-18T21:55:45.331+0100 [clientcursormon]  mapped (incl journal view):320
2018-01-18T21:55:45.331+0100 [clientcursormon]  connections:0
2018-01-18T22:00:45.344+0100 [clientcursormon] mem (MB) res:38 virt:542
2018-01-18T22:00:45.344+0100 [clientcursormon]  mapped (incl journal view):320
2018-01-18T22:00:45.344+0100 [clientcursormon]  connections:0
2018-01-18T22:05:45.357+0100 [clientcursormon] mem (MB) res:38 virt:542
2018-01-18T22:05:45.357+0100 [clientcursormon]  mapped (incl journal view):320
2018-01-18T22:05:45.357+0100 [clientcursormon]  connections:0
2018-01-18T22:10:45.369+0100 [clientcursormon] mem (MB) res:38 virt:542
2018-01-18T22:10:45.369+0100 [clientcursormon]  mapped (incl journal view):320
2018-01-18T22:10:45.369+0100 [clientcursormon]  connections:0
2018-01-18T22:15:45.382+0100 [clientcursormon] mem (MB) res:38 virt:542
2018-01-18T22:15:45.382+0100 [clientcursormon]  mapped (incl journal view):320
2018-01-18T22:15:45.382+0100 [clientcursormon]  connections:0
2018-01-18T22:20:45.395+0100 [clientcursormon] mem (MB) res:38 virt:542
2018-01-18T22:20:45.395+0100 [clientcursormon]  mapped (incl journal view):320
2018-01-18T22:20:45.395+0100 [clientcursormon]  connections:0
2018-01-18T22:25:45.408+0100 [clientcursormon] mem (MB) res:38 virt:542
2018-01-18T22:25:45.408+0100 [clientcursormon]  mapped (incl journal view):320
2018-01-18T22:25:45.408+0100 [clientcursormon]  connections:0
2018-01-18T22:30:45.421+0100 [clientcursormon] mem (MB) res:38 virt:542
2018-01-18T22:30:45.421+0100 [clientcursormon]  mapped (incl journal view):320
2018-01-18T22:30:45.421+0100 [clientcursormon]  connections:0
2018-01-18T22:35:45.434+0100 [clientcursormon] mem (MB) res:38 virt:542
2018-01-18T22:35:45.434+0100 [clientcursormon]  mapped (incl journal view):320
2018-01-18T22:35:45.434+0100 [clientcursormon]  connections:0
2018-01-18T22:40:45.446+0100 [clientcursormon] mem (MB) res:38 virt:542
2018-01-18T22:40:45.446+0100 [clientcursormon]  mapped (incl journal view):320
2018-01-18T22:40:45.447+0100 [clientcursormon]  connections:0
