STARTING!
step1
step2
step3
a
b
c
]0;IPython: eshnich/vgdl]0;IPython: eshnich/vgdladded self, <class 'ontology.Immovable'>
added self, <class 'ontology.Passive'>
added self, <class 'core.Resource'>
added parent, <class 'core.Resource'>
added self, <class 'ontology.ResourcePack'>
added self, <class 'ontology.Flicker'>
added self, <class 'ontology.Spreader'>
added self, <class 'ontology.SpriteProducer'>
added self, <class 'ontology.Portal'>
added self, <class 'ontology.SpawnPoint'>
added self, <class 'ontology.RandomNPC'>
added self, <class 'ontology.OrientedSprite'>
added self, <class 'ontology.Conveyor'>
added self, <class 'ontology.Missile'>
added self, <class 'ontology.OrientedFlicker'>
added self, <class 'ontology.Walker'>
added self, <class 'ontology.WalkJumper'>
added self, <class 'ontology.RandomInertial'>
added self, <class 'ontology.RandomMissile'>
added self, <class 'ontology.ErraticMissile'>
added self, <class 'ontology.Bomber'>
added self, <class 'ontology.Chaser'>
added self, <class 'ontology.Fleeing'>
added self, <class 'ontology.AStarChaser'>
added self, <class 'ontology.MovingAvatar'>
added self, <class 'ontology.HorizontalAvatar'>
added self, <class 'ontology.VerticalAvatar'>
added self, <class 'ontology.FlakAvatar'>
added self, <class 'ontology.OrientedAvatar'>
added parent, <class 'ontology.OrientedAvatar'>
added self, <class 'ontology.ShootAvatar'>
added parent, <class 'ontology.ShootAvatar'>
added self, <class 'ontology.AimedAvatar'>
added parent, <class 'ontology.AimedAvatar'>
added self, <class 'ontology.AimedFlakAvatar'>
<class 'ontology.OrientedAvatar'> already in tree.
added self, <class 'ontology.RotatingAvatar'>
added self, <class 'ontology.RotatingFlippingAvatar'>
added self, <class 'ontology.NoisyRotatingFlippingAvatar'>
<class 'ontology.ShootAvatar'> already in tree.
<class 'ontology.AimedAvatar'> already in tree.
<class 'ontology.AimedFlakAvatar'> already in tree.
added self, <class 'ontology.InertialAvatar'>
added self, <class 'ontology.MarioAvatar'>
step4
FINISHED IMPORTS
FINISHED SETTING VALUES
Python 2.7.13 |Continuum Analytics, Inc.| (default, Dec 20 2016, 23:09:15) 
Type "copyright", "credits" or "license" for more information.

IPython 5.4.1 -- An enhanced Interactive Python.
?         -> Introduction and overview of IPython's features.
%quickref -> Quick reference.
help      -> Python's own help system.
object?   -> Details about 'object', use 'object??' for extra details.

In [1]: Do you really want to exit ([y]/n)? 

(22, 7)
(10, 8)
(11, 8)
(12, 8)
(13, 8)
(14, 8)
(0, 0)
(0, 1)
(0, 2)
(0, 3)
(0, 4)
(0, 5)
(0, 6)
(0, 7)
(0, 8)
(0, 9)
(0, 10)
(0, 11)
(0, 12)
(1, 0)
(1, 12)
(2, 0)
(2, 12)
(3, 0)
(3, 12)
(4, 0)
(4, 12)
(5, 0)
(5, 12)
(6, 0)
(6, 12)
(7, 0)
(7, 12)
(8, 0)
(8, 12)
(9, 0)
(9, 12)
(10, 0)
(10, 12)
(11, 0)
(11, 12)
(12, 0)
(12, 12)
(13, 0)
(13, 12)
(14, 0)
(14, 12)
(15, 0)
(15, 12)
(16, 0)
(16, 12)
(17, 0)
(17, 12)
(18, 0)
(18, 12)
(19, 0)
(19, 12)
(20, 0)
(20, 12)
(21, 0)
(21, 12)
(22, 0)
(22, 12)
(23, 0)
(23, 12)
(24, 0)
(24, 1)
(24, 2)
(24, 3)
(24, 4)
(24, 5)
(24, 6)
(24, 7)
(24, 8)
(24, 9)
(24, 10)
(24, 11)
(24, 12)
(12, 4)
(12, 5)
(12, 6)
(2, 8)
(2, 9)
(2, 10)
(22, 8)
(22, 9)
(22, 10)
(1, 4)
(2, 4)
(3, 4)
(4, 4)
(5, 4)
(6, 4)
(7, 4)
(17, 4)
(18, 4)
(19, 4)
(20, 4)
(21, 4)
(22, 4)
(23, 4)
(11, 4)
(13, 4)
(1, 8)
(3, 8)
(4, 8)
(20, 8)
(21, 8)
(23, 8)
(17.375, 4)
(17.375, 5)
(17.375, 6)
(17.375, 7)
(13, 3)
(0, 0)
(0, 1)
(0, 2)
(0, 3)
(0, 4)
(0, 5)
(0, 6)
(0, 7)
(0, 8)
(0, 9)
(0, 10)
(0, 11)
(0, 12)
(1, 0)
(1, 1)
(1, 2)
(1, 3)
(1, 4)
(1, 5)
(1, 6)
(1, 7)
(1, 8)
(1, 9)
(1, 10)
(1, 11)
(1, 12)
(2, 0)
(2, 1)
(2, 2)
(2, 3)
(2, 4)
(2, 5)
(2, 6)
(2, 7)
(2, 8)
(2, 9)
(2, 10)
(2, 11)
(2, 12)
(3, 0)
(3, 1)
(3, 2)
(3, 3)
(3, 4)
(3, 5)
(3, 6)
(3, 7)
(3, 8)
(3, 9)
(3, 10)
(3, 11)
(3, 12)
(4, 0)
(4, 1)
(4, 2)
(4, 3)
(4, 4)
(4, 5)
(4, 6)
(4, 7)
(4, 8)
(4, 9)
(4, 10)
(4, 11)
(4, 12)
(5, 0)
(5, 1)
(5, 2)
(5, 3)
(5, 4)
(5, 5)
(5, 6)
(5, 7)
(5, 8)
(5, 9)
(5, 10)
(5, 11)
(5, 12)
(6, 0)
(6, 1)
(6, 2)
(6, 3)
(6, 4)
(6, 5)
(6, 6)
(6, 7)
(6, 8)
(6, 9)
(6, 10)
(6, 11)
(6, 12)
(7, 0)
(7, 1)
(7, 2)
(7, 3)
(7, 4)
(7, 5)
(7, 6)
(7, 7)
(7, 8)
(7, 9)
(7, 10)
(7, 11)
(7, 12)
(8, 0)
(8, 1)
(8, 2)
(8, 3)
(8, 4)
(8, 5)
(8, 6)
(8, 7)
(8, 8)
(8, 9)
(8, 10)
(8, 11)
(8, 12)
(9, 0)
(9, 1)
(9, 2)
(9, 3)
(9, 4)
(9, 5)
(9, 6)
(9, 7)
(9, 8)
(9, 9)
(9, 10)
(9, 11)
(9, 12)
(10, 0)
(10, 1)
(10, 2)
(10, 3)
(10, 4)
(10, 5)
(10, 6)
(10, 7)
(10, 8)
(10, 9)
(10, 10)
(10, 11)
(10, 12)
(11, 0)
(11, 1)
(11, 2)
(11, 3)
(11, 4)
(11, 5)
(11, 6)
(11, 7)
(11, 8)
(11, 9)
(11, 10)
(11, 11)
(11, 12)
(12, 0)
(12, 1)
(12, 2)
(12, 3)
(12, 4)
(12, 5)
(12, 6)
(12, 7)
(12, 8)
(12, 9)
(12, 10)
(12, 11)
(12, 12)
(13, 0)
(13, 1)
(13, 2)
(13, 3)
(13, 4)
(13, 5)
(13, 6)
(13, 7)
(13, 8)
(13, 9)
(13, 10)
(13, 11)
(13, 12)
(14, 0)
(14, 1)
(14, 2)
(14, 3)
(14, 4)
(14, 5)
(14, 6)
(14, 7)
(14, 8)
(14, 9)
(14, 10)
(14, 11)
(14, 12)
(15, 0)
(15, 1)
(15, 2)
(15, 3)
(15, 4)
(15, 5)
(15, 6)
(15, 7)
(15, 8)
(15, 9)
(15, 10)
(15, 11)
(15, 12)
(16, 0)
(16, 1)
(16, 2)
(16, 3)
(16, 4)
(16, 5)
(16, 6)
(16, 7)
(16, 8)
(16, 9)
(16, 10)
(16, 11)
(16, 12)
(17, 0)
(17, 1)
(17, 2)
(17, 3)
(17, 4)
(17, 5)
(17, 6)
(17, 7)
(17, 8)
(17, 9)
(17, 10)
(17, 11)
(17, 12)
(18, 0)
(18, 1)
(18, 2)
(18, 3)
(18, 4)
(18, 5)
(18, 6)
(18, 7)
(18, 8)
(18, 9)
(18, 10)
(18, 11)
(18, 12)
(19, 0)
(19, 1)
(19, 2)
(19, 3)
(19, 4)
(19, 5)
(19, 6)
(19, 7)
(19, 8)
(19, 9)
(19, 10)
(19, 11)
(19, 12)
(20, 0)
(20, 1)
(20, 2)
(20, 3)
(20, 4)
(20, 5)
(20, 6)
(20, 7)
(20, 8)
(20, 9)
(20, 10)
(20, 11)
(20, 12)
(21, 0)
(21, 1)
(21, 2)
(21, 3)
(21, 4)
(21, 5)
(21, 6)
(21, 7)
(21, 8)
(21, 9)
(21, 10)
(21, 11)
(21, 12)
(22, 0)
(22, 1)
(22, 2)
(22, 3)
(22, 4)
(22, 5)
(22, 6)
(22, 7)
(22, 8)
(22, 9)
(22, 10)
(22, 11)
(22, 12)
(23, 0)
(23, 1)
(23, 2)
(23, 3)
(23, 4)
(23, 5)
(23, 6)
(23, 7)
(23, 8)
(23, 9)
(23, 10)
(23, 11)
(23, 12)
(24, 0)
(24, 1)
(24, 2)
(24, 3)
(24, 4)
(24, 5)
(24, 6)
(24, 7)
(24, 8)
(24, 9)
(24, 10)
(24, 11)
(24, 12)
(16.625, 5)
(16.625, 6)
(16.625, 7)
(16.625, 8)
(17.625, 8)
(17.625, 7)
(17.625, 6)
(17.625, 5)
(23, 7.1)
max nodes 9223372036854775807
1
(13, 3)
2
(13, 3)
3
(13, 3)
4
(13, 3)
5
(13, 3)
6
(13, 3)
7
(14, 3)
8
(14, 3)
9
(14, 3)
10
(14, 3)
11
(14, 3)
12
(14, 4)
13
(14, 4)
14
(14, 5)
15
(14, 5)
16
(14, 6)
17
(14, 6)
18
(14, 6)
19
(14, 5)
20
(14, 5)
21
(14, 5)
22
(14, 5)
23
(14, 5)
24
(14, 4)
25
(14, 4)
26
(14, 4)
27
(14, 4)
28
(14, 3)
29
(14, 3)
30
(14, 3)
31
(14, 3)
32
(14, 3)
33
(14, 3)
34
(14, 3)
35
(14, 3)
36
(14, 3)
37
(13, 3)
38
(14, 3)
39
(14, 3)
40
(14, 3)
41
(14, 3)
42
(14, 3)
43
(14, 3)
44
(14, 4)
45
(14, 4)
46
(14, 5)
47
(14, 5)
48
(14, 6)
49
(14, 6)
50
(14, 6)
51
(14, 5)
52
(14, 5)
53
(14, 5)
54
(14, 5)
55
(14, 5)
56
(14, 4)
57
(14, 4)
58
(14, 4)
59
(14, 4)
60
(14, 4)
61
(14, 3)
62
(14, 3)
63
(14, 3)
64
(14, 3)
65
(14, 3)
66
(14, 3)
67
(14, 3)
68
(14, 3)
69
(14, 3)
70
(14, 3)
71
(14, 3)
72
(14, 3)
73
(14, 3)
74
(14, 3)
75
(14, 3)
76
(14, 3)
77
(14, 4)
78
(14, 4)
79
(14, 5)
80
(14, 5)
81
(14, 6)
82
(14, 6)
83
(14, 6)
84
(14, 5)
85
(14, 5)
86
(14, 5)
87
(14, 5)
88
(14, 4)
89
(14, 4)
90
(14, 4)
91
(14, 4)
92
(14, 4)
93
(14, 3)
94
(14, 3)
95
(14, 3)
96
(14, 3)
97
(14, 3)
98
(14, 3)
99
(14, 3)
100
(14, 3)
101
(14, 3)
102
(14, 3)
103
(14, 2)
104
(14, 3)
105
(14, 2)
106
(14, 2)
107
(15, 1)
108
(15, 1)
109
(15, 1)
110
(15, 1)
111
(15, 1)
112
(16, 1)
113
(16, 1)
114
(16, 1)
115
(16, 1)
116
(17, 2)
117
(17, 2)
118
(17, 3)
119
(17, 3)
120
(17, 3)
121
(17, 3)
122
(17, 3)
123
(18, 3)
124
(18, 3)
125
(18, 3)
126
(18, 3)
127
(18, 3)
128
(18, 3)
129
(18, 3)
130
(18, 3)
131
(19, 3)
132
(19, 3)
133
(19, 3)
134
(19, 3)
135
(19, 3)
136
(19, 3)
137
(19, 3)
138
(19, 3)
139
(20, 3)
140
(20, 3)
141
(20, 3)
142
(20, 3)
143
(20, 3)
144
(20, 3)
145
(20, 3)
146
(20, 3)
147
(21, 3)
148
(21, 3)
149
(21, 3)
150
(21, 3)
151
(21, 3)
152
(21, 3)
153
(21, 3)
154
(21, 3)
155
(22, 3)
156
(22, 3)
157
(22, 3)
158
(22, 3)
159
(22, 3)
160
(22, 3)
161
(22, 3)
162
(22, 3)
163
(23, 3)
164
(23, 3)
165
(23, 3)
166
(23, 3)
167
(23, 3)
168
(23, 3)
169
(23, 3)
170
(23, 3)
171
(23, 3)
172
(22, 3)
173
(22, 3)
174
(22, 3)
175
(22, 3)
176
(22, 3)
177
(22, 3)
178
(22, 3)
179
(22, 3)
180
(22, 3)
181
(22, 3)
182
(22, 3)
183
(22, 3)
184
(22, 3)
185
(22, 3)
186
(22, 3)
187
(22, 3)
188
(22, 3)
189
(22, 3)
190
(22, 3)
191
(22, 3)
192
(22, 3)
193
(22, 3)
194
(22, 3)
195
(22, 3)
196
(22, 3)
197
(22, 3)
198
(23, 2)
199
(23, 2)
200
(23, 2)
201
(23, 2)
202
(23, 2)
203
(23, 2)
204
(22, 2)
205
(22, 2)
206
(22, 2)
207
(22, 2)
208
(22, 2)
209
(22, 2)
210
(22, 2)
211
(22, 2)
212
(22, 3)
213
(22, 3)
214
(22, 3)
215
(22, 3)
216
(22, 3)
217
(22, 3)
218
(22, 3)
219
(22, 3)
220
(22, 3)
221
(22, 3)
222
(22, 3)
223
(22, 3)
224
(23, 2)
225
(23, 2)
226
(23, 2)
227
(23, 2)
228
(23, 2)
229
(23, 2)
230
(23, 2)
231
(23, 2)
232
(23, 2)
233
(23, 2)
234
(23, 2)
235
(23, 2)
236
(23, 2)
237
(22, 2)
238
(22, 2)
239
(22, 2)
240
(22, 2)
241
(22, 2)
242
(22, 2)
243
(22, 2)
244
(22, 2)
245
(22, 2)
246
(22, 3)
247
(22, 3)
248
(22, 3)
249
(23, 2)
250
(22, 3)
251
(22, 3)
252
(22, 3)
253
(22, 3)
254
(22, 3)
255
(22, 3)
256
(22, 3)
257
(22, 3)
258
(22, 3)
259
(22, 3)
260
(22, 3)
261
(22, 3)
262
(23, 2)
263
(22, 2)
264
(22, 2)
265
(22, 2)
266
(22, 2)
267
(22, 2)
268
(22, 2)
269
(22, 2)
270
(22, 2)
271
(22, 2)
272
(22, 2)
273
(23, 1)
274
(22, 2)
275
(22, 2)
276
(22, 2)
277
(22, 2)
278
(21, 3)
279
(21, 3)
280
(21, 3)
281
(21, 3)
282
(21, 3)
283
(21, 3)
284
(21, 3)
285
(21, 3)
286
(21, 3)
287
(21, 3)
288
(21, 3)
289
(21, 3)
290
(21, 3)
291
(21, 3)
292
(21, 3)
293
(21, 3)
294
(23, 1)
295
(23, 1)
296
(23, 1)
297
(23, 1)
298
(23, 2)
299
(23, 2)
300
(23, 2)
301
(23, 2)
302
(23, 2)
303
(23, 1)
304
(23, 1)
305
(23, 1)
306
(23, 1)
307
(23, 1)
308
(23, 1)
309
(22, 2)
310
(22, 2)
311
(22, 2)
312
(22, 2)
313
(22, 2)
314
(22, 2)
315
(22, 1)
316
(22, 2)
317
(22, 2)
318
(22, 2)
319
(22, 1)
320
(22, 1)
321
(22, 2)
322
(22, 2)
323
(22, 2)
324
(22, 2)
325
(22, 1)
326
(21, 3)
327
(21, 3)
328
(21, 3)
329
(21, 3)
330
(22, 2)
331
(22, 2)
332
(22, 2)
333
(21, 3)
334
(22, 2)
335
(21, 3)
336
(21, 3)
337
(21, 3)
338
(21, 3)
339
(21, 3)
340
(21, 3)
341
(21, 3)
342
(23, 1)
343
(23, 1)
344
(23, 1)
345
(23, 1)
346
(23, 1)
347
(22, 2)
348
(23, 1)
349
(22, 2)
350
(22, 2)
351
(21, 2)
352
(21, 2)
353
(21, 2)
354
(21, 2)
355
(21, 2)
356
(21, 2)
357
(21, 2)
358
(23, 1)
359
(21, 2)
360
(22, 1)
361
(21, 2)
362
(21, 2)
363
(22, 1)
364
(23, 1)
365
(22, 1)
366
(23, 1)
367
(22, 1)
368
(22, 1)
369
(21, 2)
370
(22, 1)
371
(21, 2)
372
(22, 1)
373
(22, 2)
374
(22, 1)
375
(22, 1)
376
(21, 3)
377
(21, 3)
378
(21, 3)
379
(22, 1)
380
(21, 3)
381
(22, 1)
382
(22, 1)
383
(22, 1)
384
(21, 3)
385
(21, 3)
386
(21, 3)
387
(21, 3)
388
(21, 3)
389
(21, 3)
390
(21, 3)
391
(21, 3)
392
(22, 1)
393
(22, 1)
394
(22, 1)
395
(22, 1)
396
(23, 1)
397
(23, 1)
398
(23, 1)
399
(23, 1)
400
(23, 1)
401
(23, 1)
402
(23, 1)
403
(23, 1)
404
(23, 1)
405
(23, 1)
406
(23, 2)
407
(23, 2)
408
(23, 2)
409
(23, 2)
410
(23, 2)
411
(23, 2)
412
(23, 1)
413
(23, 1)
414
(23, 1)
415
(23, 1)
416
(23, 1)
417
(23, 1)
418
(23, 1)
419
(23, 2)
420
(23, 2)
421
(23, 2)
422
(23, 2)
423
(23, 1)
424
(23, 1)
425
(23, 1)
426
(22, 2)
427
(22, 2)
428
(22, 2)
429
(22, 2)
430
(21, 2)
431
(21, 2)
432
(21, 2)
433
(23, 1)
434
(23, 1)
435
(23, 1)
436
(23, 1)
437
(21, 2)
438
(21, 2)
439
(21, 2)
440
(23, 1)
441
(23, 1)
442
(23, 1)
443
(23, 1)
444
(23, 1)
445
(23, 1)
446
(23, 2)
447
(23, 2)
448
(23, 2)
449
(23, 2)
450
(23, 2)
451
(23, 1)
452
(23, 1)
453
(23, 1)
454
(23, 1)
455
(21, 2)
456
(23, 1)
457
(23, 1)
458
(23, 1)
459
(23, 1)
460
(21, 2)
461
(21, 3)
462
(21, 3)
463
(21, 2)
464
(21, 3)
465
(21, 3)
466
(21, 3)
467
(21, 3)
468
(21, 2)
469
(22, 1)
470
(21, 3)
471
(21, 3)
472
(21, 3)
473
(21, 3)
474
(21, 3)
475
(21, 3)
476
(21, 3)
477
(22, 1)
478
(22, 1)
479
(22, 1)
480
(21, 2)
481
(21, 2)
482
(21, 2)
483
(21, 2)
484
(21, 2)
485
(21, 2)
486
(21, 2)
487
(21, 2)
488
(21, 2)
489
(22, 1)
490
(22, 1)
491
(21, 2)
492
(22, 1)
493
(22, 1)
494
(22, 1)
495
(22, 1)
496
(22, 1)
497
(21, 2)
498
(21, 2)
499
(21, 2)
500
(21, 2)
defaultdict(<function <lambda> at 0x2afce2581de8>, {(22, 3): 61, (17, 2): 2, (22, 2): 56, (18, 3): 8, (20, 3): 8, (14, 5): 20, (13, 3): 7, (14, 4): 20, (23, 1): 58, (21, 2): 36, (23, 2): 41, (14, 6): 9, (16, 1): 4, (23, 3): 9, (17, 3): 5, (19, 3): 8, (21, 3): 61, (14, 3): 47, (22, 1): 32, (14, 2): 3, (15, 1): 5})
501
(21, 2)
502
(21, 2)
503
(20, 3)
504
(20, 3)
505
(20, 3)
506
(20, 3)
507
(20, 3)
508
(20, 3)
509
(20, 3)
510
(20, 3)
511
(21, 2)
512
(20, 3)
513
(20, 3)
514
(20, 3)
515
(20, 3)
516
(20, 3)
517
(20, 3)
518
(20, 3)
519
(21, 1)
520
(21, 2)
521
(22, 1)
522
(21, 2)
523
(21, 2)
524
(22, 1)
525
(21, 2)
526
(21, 2)
527
(21, 2)
528
(21, 2)
529
(21, 2)
530
(21, 2)
531
(21, 2)
532
(21, 2)
533
(21, 2)
534
(21, 2)
535
(21, 2)
536
(21, 1)
537
(21, 1)
538
(21, 1)
539
(22, 1)
540
(22, 1)
541
(21, 1)
542
(21, 2)
543
(21, 2)
544
(21, 2)
545
(21, 1)
546
(21, 2)
547
(21, 1)
548
(21, 1)
549
(22, 1)
550
(20, 3)
551
(22, 1)
552
(22, 1)
553
(22, 1)
554
(22, 1)
555
(23, 1)
556
(23, 1)
557
(23, 1)
558
(23, 1)
559
(23, 1)
560
(23, 1)
561
(23, 2)
562
(23, 2)
563
(23, 2)
564
(23, 2)
565
(23, 2)
566
(23, 2)
567
(23, 2)
568
(23, 2)
569
(23, 2)
570
(23, 2)
571
(22, 2)
572
(22, 2)
573
(22, 2)
574
(22, 2)
575
(22, 2)
576
(22, 2)
577
(22, 2)
578
(22, 2)
579
(22, 2)
580
(22, 2)
581
(22, 2)
582
(22, 2)
583
(22, 2)
584
(22, 2)
585
(22, 2)
586
(22, 2)
587
(22, 2)
588
(22, 2)
589
(22, 2)
590
(22, 2)
591
(22, 2)
592
(22, 2)
593
(22, 2)
594
(22, 2)
595
(22, 2)
596
(22, 2)
597
(22, 2)
598
(22, 2)
599
(22, 2)
600
(22, 2)
601
(22, 2)
602
(22, 2)
603
(22, 2)
604
(22, 2)
605
(22, 2)
606
(22, 2)
607
(22, 2)
608
(22, 2)
609
(22, 2)
610
(22, 2)
611
(22, 2)
612
(22, 2)
613
(23, 2)
614
(23, 2)
615
(23, 2)
616
(23, 2)
617
(22, 2)
618
(22, 2)
619
(22, 2)
620
(22, 2)
621
(22, 2)
622
(22, 2)
623
(22, 2)
624
(22, 2)
625
(22, 2)
626
(22, 2)
627
(22, 2)
628
(22, 2)
629
(22, 2)
630
(22, 2)
631
(22, 2)
632
(22, 2)
633
(22, 2)
634
(22, 2)
635
(22, 2)
636
(22, 2)
637
(22, 2)
638
(22, 2)
639
(22, 2)
640
(22, 2)
641
(22, 2)
642
(22, 2)
643
(22, 2)
644
(22, 2)
645
(22, 2)
646
(22, 2)
647
(22, 2)
648
(22, 2)
649
(22, 2)
650
(22, 2)
651
(22, 2)
652
(21, 2)
653
(21, 2)
654
(21, 2)
655
(21, 2)
656
(21, 2)
657
(21, 2)
658
(21, 2)
659
(21, 2)
660
(21, 2)
661
(21, 2)
662
(21, 2)
663
(21, 2)
664
(21, 2)
665
(21, 2)
666
(21, 2)
667
(21, 2)
668
(21, 2)
669
(21, 2)
670
(23, 2)
671
(23, 2)
672
(23, 2)
673
(23, 2)
674
(23, 2)
675
(23, 2)
676
(23, 2)
677
(23, 2)
678
(23, 2)
679
(23, 2)
680
(23, 2)
681
(23, 2)
682
(23, 2)
683
(23, 2)
684
(22, 2)
685
(22, 2)
686
(22, 2)
687
(22, 2)
688
(22, 2)
689
(22, 2)
690
(22, 2)
691
(22, 2)
692
(22, 2)
693
(22, 2)
694
(22, 2)
695
(22, 1)
696
(22, 1)
697
(22, 1)
698
(21, 2)
699
(21, 2)
700
(21, 2)
701
(21, 2)
702
(21, 2)
703
(21, 2)
704
(21, 2)
705
(21, 2)
706
(21, 2)
707
(21, 2)
708
(21, 2)
709
(21, 2)
710
(21, 2)
711
(21, 2)
712
(22, 2)
713
(22, 2)
714
(22, 2)
715
(23, 1)
716
(21, 2)
717
(23, 1)
718
(23, 1)
719
(23, 1)
720
(23, 1)
721
(21, 2)
722
(21, 2)
723
(21, 2)
724
(22, 1)
725
(22, 1)
726
(21, 2)
727
(21, 2)
728
(21, 2)
729
(21, 2)
730
(21, 2)
731
(21, 2)
732
(21, 2)
733
(21, 2)
734
(21, 2)
735
(21, 2)
736
(21, 2)
737
(21, 2)
738
(21, 2)
739
(21, 2)
740
(22, 2)
741
(22, 2)
742
(22, 2)
743
(21, 2)
744
(21, 2)
745
(21, 2)
746
(23, 1)
747
(23, 1)
748
(23, 1)
749
(23, 1)
750
(21, 2)
751
(22, 1)
752
(21, 2)
753
(22, 1)
754
(22, 1)
755
(21, 2)
756
(22, 1)
757
(22, 1)
758
(21, 2)
759
(21, 2)
760
(21, 2)
761
(21, 2)
762
(21, 2)
763
(21, 2)
764
(21, 2)
765
(21, 2)
766
(21, 2)
767
(21, 2)
768
(21, 2)
769
(21, 2)
770
(21, 2)
771
(21, 2)
772
(21, 2)
773
(21, 2)
774
(21, 2)
775
(21, 2)
776
(21, 2)
777
(21, 2)
778
(21, 2)
779
(21, 2)
780
(21, 2)
781
(21, 2)
782
(21, 2)
783
(21, 2)
784
(21, 2)
785
(21, 2)
786
(23, 1)
787
(21, 2)
788
(23, 1)
789
(23, 1)
790
(21, 2)
791
(23, 1)
792
(22, 1)
793
(21, 2)
794
(22, 1)
795
(22, 1)
796
(21, 2)
797
(21, 2)
798
(22, 1)
799
(22, 1)
800
(22, 1)
801
(21, 2)
802
(22, 1)
803
(20, 2)
804
(20, 2)
805
(20, 2)
806
(20, 2)
807
(22, 1)
808
(22, 1)
809
(22, 1)
810
(22, 1)
811
(22, 1)
812
(22, 1)
813
(20, 2)
814
(22, 1)
815
(22, 1)
816
(22, 1)
817
(20, 2)
818
(20, 2)
819
(20, 2)
820
(20, 2)
821
(20, 2)
822
(20, 2)
823
(20, 2)
824
(20, 2)
825
(20, 2)
826
(20, 2)
827
(20, 2)
828
(20, 2)
829
(20, 2)
830
(20, 2)
831
(23, 1)
832
(23, 1)
833
(23, 1)
834
(23, 1)
835
(23, 1)
836
(21, 2)
837
(23, 1)
838
(23, 1)
839
(21, 2)
840
(23, 1)
841
(23, 1)
842
(23, 1)
843
(23, 1)
844
(23, 1)
845
(23, 1)
846
(23, 2)
847
(23, 2)
848
(23, 2)
849
(23, 2)
850
(23, 2)
851
(23, 2)
852
(23, 2)
853
(23, 2)
854
(23, 3)
855
(23, 3)
856
(23, 3)
857
(23, 3)
858
(23, 3)
859
(22, 3)
860
(22, 3)
861
(22, 3)
862
(22, 3)
863
(22, 3)
864
(22, 3)
865
(22, 3)
866
(22, 3)
867
(22, 3)
868
(23, 3)
869
(22, 3)
870
(22, 3)
871
(22, 3)
872
(22, 3)
873
(22, 3)
874
(22, 3)
875
(22, 3)
876
(22, 3)
877
(22, 3)
878
(22, 3)
879
(22, 3)
880
(22, 3)
881
(22, 3)
882
(22, 3)
883
(22, 3)
884
(22, 3)
885
(22, 3)
886
(22, 3)
887
(22, 3)
888
(22, 3)
889
(22, 3)
890
(22, 3)
891
(22, 3)
892
(22, 3)
893
(22, 3)
894
(22, 3)
895
(23, 2)
896
(23, 2)
897
(22, 3)
898
(22, 3)
899
(22, 3)
900
(22, 3)
901
(22, 3)
902
(22, 3)
903
(22, 3)
904
(22, 3)
905
(22, 3)
906
(22, 3)
907
(22, 3)
908
(22, 3)
909
(22, 3)
910
(22, 3)
911
(22, 3)
912
(22, 3)
913
(23, 2)
914
(21, 3)
915
(21, 3)
916
(21, 3)
917
(21, 3)
918
(21, 3)
919
(21, 3)
920
(21, 3)
921
(21, 3)
922
(21, 3)
923
(21, 3)
924
(21, 3)
925
(21, 3)
926
(21, 3)
927
(21, 3)
928
(21, 3)
929
(21, 3)
930
(21, 3)
931
(21, 3)
932
(21, 3)
933
(21, 3)
934
(21, 3)
935
(21, 3)
936
(21, 3)
937
(21, 3)
938
(21, 3)
939
(21, 3)
940
(21, 3)
941
(21, 3)
942
(23, 1)
943
(21, 2)
944
(21, 2)
945
(21, 2)
946
(21, 2)
947
(21, 2)
948
(21, 3)
949
(21, 3)
950
(21, 3)
951
(21, 3)
952
(21, 3)
953
(21, 3)
954
(21, 3)
955
(21, 3)
956
(21, 3)
957
(21, 3)
958
(23, 1)
959
(21, 3)
960
(21, 3)
961
(21, 3)
962
(21, 3)
963
(21, 3)
964
(21, 3)
965
(21, 3)
966
(21, 3)
967
(21, 3)
968
(21, 3)
969
(21, 3)
970
(21, 3)
971
(21, 3)
972
(23, 1)
973
(23, 1)
974
(20, 3)
975
(20, 3)
976
(20, 3)
977
(20, 3)
978
(20, 3)
979
(20, 3)
980
(20, 3)
981
(20, 3)
982
(20, 3)
983
(20, 3)
984
(20, 3)
985
(20, 3)
986
(23, 1)
987
(23, 1)
988
(23, 1)
989
(23, 1)
990
(23, 1)
991
(23, 1)
992
(23, 1)
993
(23, 2)
994
(23, 2)
995
(23, 1)
996
(23, 1)
997
(23, 1)
998
(23, 1)
999
(23, 1)
1000
(23, 1)
defaultdict(<function <lambda> at 0x2afce2581de8>, {(20, 3): 36, (14, 4): 20, (21, 2): 154, (15, 1): 5, (23, 3): 15, (17, 3): 5, (22, 2): 150, (14, 5): 20, (13, 3): 7, (21, 1): 8, (23, 2): 82, (17, 2): 2, (19, 3): 8, (22, 3): 112, (14, 6): 9, (23, 1): 107, (14, 2): 3, (18, 3): 8, (20, 2): 19, (21, 3): 112, (16, 1): 4, (14, 3): 47, (22, 1): 67})
1001
(23, 1)
1002
(23, 1)
1003
(23, 1)
1004
(23, 2)
1005
(23, 2)
1006
(23, 2)
1007
(23, 1)
1008
(23, 1)
1009
(23, 1)
1010
(23, 1)
1011
(23, 1)
1012
(23, 1)
1013
(23, 1)
1014
(23, 1)
1015
(23, 1)
1016
(23, 1)
1017
(23, 1)
1018
(23, 1)
1019
(23, 2)
1020
(23, 2)
1021
(23, 2)
1022
(23, 2)
1023
(23, 2)
1024
(23, 2)
1025
(23, 2)
1026
(23, 2)
1027
(23, 3)
1028
(23, 3)
1029
(23, 3)
1030
(23, 3)
1031
(23, 3)
1032
(22, 3)
1033
(22, 3)
1034
(22, 3)
1035
(22, 3)
1036
(22, 3)
1037
(23, 3)
1038
(22, 3)
1039
(22, 3)
1040
(22, 3)
1041
(22, 3)
1042
(22, 3)
1043
(22, 3)
1044
(22, 3)
1045
(22, 3)
1046
(22, 3)
1047
(22, 3)
1048
(22, 3)
1049
(22, 3)
1050
(22, 3)
1051
(22, 3)
1052
(22, 3)
1053
(22, 3)
1054
(22, 3)
1055
(22, 3)
1056
(22, 3)
1057
(22, 3)
1058
(22, 3)
1059
(22, 3)
1060
(22, 3)
1061
(22, 3)
1062
(22, 3)
1063
(23, 2)
1064
(23, 2)
1065
(23, 2)
1066
(23, 2)
1067
(22, 3)
1068
(22, 3)
1069
(22, 3)
1070
(22, 3)
1071
(22, 3)
1072
(22, 3)
1073
(22, 3)
1074
(22, 3)
1075
(21, 3)
1076
(21, 3)
1077
(21, 3)
1078
(21, 3)
1079
(21, 3)
1080
(21, 3)
1081
(21, 3)
1082
(21, 3)
1083
(21, 3)
1084
(21, 3)
1085
(21, 3)
1086
(21, 3)
1087
(21, 3)
1088
(23, 2)
1089
(23, 2)
1090
(21, 3)
1091
(21, 3)
1092
(21, 3)
1093
(21, 3)
1094
(21, 3)
1095
(21, 3)
1096
(21, 3)
1097
(21, 3)
1098
(21, 3)
1099
(21, 3)
1100
(21, 3)
1101
(21, 3)
1102
(21, 3)
1103
(21, 3)
1104
(23, 1)
1105
(23, 1)
1106
(21, 3)
1107
(21, 3)
1108
(21, 3)
1109
(21, 3)
1110
(21, 3)
1111
(21, 3)
1112
(21, 3)
1113
(21, 3)
1114
(21, 3)
1115
(21, 3)
1116
(21, 3)
1117
(21, 3)
1118
(21, 3)
1119
(21, 3)
1120
(23, 1)
1121
(23, 1)
1122
(21, 3)
1123
(21, 3)
1124
(23, 1)
1125
(23, 1)
1126
(20, 3)
1127
(20, 3)
1128
(20, 3)
1129
(20, 3)
1130
(20, 3)
1131
(23, 1)
1132
(23, 1)
1133
(23, 1)
1134
(23, 1)
1135
(23, 1)
1136
(23, 1)
1137
(23, 1)
1138
(23, 1)
1139
(23, 1)
1140
(23, 1)
1141
(23, 2)
1142
(23, 2)
1143
(23, 2)
1144
(23, 1)
1145
(23, 1)
1146
(23, 1)
1147
(20, 3)
1148
(20, 3)
1149
(20, 3)
1150
(20, 3)
1151
(20, 3)
1152
(20, 3)
1153
(20, 3)
1154
(20, 3)
1155
(20, 2)
1156
(20, 2)
1157
(20, 3)
1158
(20, 2)
1159
(20, 3)
1160
(20, 3)
1161
(20, 2)
1162
(20, 2)
1163
(20, 2)
1164
(20, 3)
1165
(20, 3)
1166
(20, 3)
1167
(20, 2)
1168
(20, 3)
1169
(20, 3)
1170
(20, 3)
1171
(20, 3)
1172
(20, 3)
1173
(20, 3)
1174
(20, 3)
1175
(20, 2)
1176
(20, 2)
1177
(20, 2)
1178
(21, 1)
1179
(22, 1)
1180
(22, 1)
1181
(20, 3)
1182
(22, 1)
1183
(22, 1)
1184
(22, 1)
1185
(22, 1)
1186
(22, 1)
1187
(22, 1)
1188
(20, 3)
1189
(22, 1)
1190
(22, 1)
1191
(22, 1)
1192
(22, 1)
1193
(23, 1)
1194
(23, 1)
1195
(23, 1)
1196
(20, 3)
1197
(20, 2)
1198
(22, 1)
1199
(22, 1)
1200
(22, 1)
1201
(22, 1)
1202
(23, 1)
1203
(23, 1)
1204
(23, 1)
1205
(20, 2)
1206
(22, 1)
1207
(22, 1)
1208
(22, 1)
1209
(22, 1)
1210
(22, 1)
1211
(22, 1)
1212
(20, 2)
1213
(22, 1)
1214
(22, 1)
1215
(20, 3)
1216
(20, 3)
1217
(20, 3)
1218
(22, 1)
1219
(22, 1)
1220
(20, 3)
1221
(20, 3)
1222
(20, 3)
1223
(22, 1)
1224
(20, 3)
1225
(22, 1)
1226
(20, 2)
1227
(20, 2)
1228
(20, 2)
1229
(20, 2)
1230
(20, 2)
1231
(20, 2)
1232
(20, 2)
1233
(20, 2)
1234
(20, 2)
1235
(20, 2)
1236
(20, 2)
1237
(20, 2)
1238
(20, 2)
1239
(20, 2)
1240
(20, 2)
1241
(20, 3)
1242
(20, 2)
1243
(20, 2)
1244
(20, 2)
1245
(20, 3)
1246
(20, 3)
1247
(20, 2)
1248
(20, 3)
1249
(20, 3)
1250
(20, 3)
1251
(20, 3)
1252
(20, 2)
1253
(20, 2)
1254
(20, 2)
1255
(20, 3)
1256
(20, 3)
1257
(20, 2)
1258
(20, 3)
1259
(20, 2)
1260
(20, 2)
1261
(20, 3)
1262
(20, 2)
1263
(20, 2)
1264
(20, 2)
1265
(20, 2)
1266
(20, 2)
1267
(20, 3)
1268
(20, 3)
1269
(20, 3)
1270
(20, 3)
1271
(20, 3)
1272
(20, 3)
1273
(20, 2)
1274
(20, 3)
1275
(20, 2)
1276
(20, 3)
1277
(20, 2)
1278
(20, 3)
1279
(20, 2)
1280
(20, 2)
1281
(20, 3)
1282
(20, 3)
1283
(20, 2)
1284
(20, 2)
1285
(20, 2)
1286
(20, 2)
1287
(20, 2)
1288
(20, 2)
1289
(22, 1)
1290
(22, 1)
1291
(22, 1)
1292
(20, 2)
1293
(20, 2)
1294
(20, 2)
1295
(20, 2)
1296
(20, 3)
1297
(20, 3)
1298
(20, 3)
1299
(20, 3)
1300
(21, 1)
1301
(21, 1)
1302
(20, 2)
1303
(20, 3)
1304
(20, 3)
1305
(20, 3)
1306
(20, 3)
1307
(20, 3)
1308
(21, 1)
1309
(20, 2)
1310
(20, 2)
1311
(20, 2)
1312
(20, 2)
1313
(20, 2)
1314
(20, 2)
1315
(20, 2)
1316
(20, 2)
1317
(20, 2)
1318
(20, 2)
1319
(20, 2)
1320
(20, 2)
1321
(20, 2)
1322
(20, 2)
1323
(20, 2)
1324
(20, 2)
1325
(20, 2)
1326
(20, 3)
1327
(20, 2)
1328
(20, 2)
1329
(20, 3)
1330
(20, 3)
1331
(20, 3)
1332
(20, 3)
1333
(20, 2)
1334
(20, 3)
1335
(20, 2)
1336
(20, 2)
1337
(20, 3)
1338
(20, 2)
1339
(20, 2)
1340
(20, 3)
1341
(20, 3)
1342
(21, 1)
1343
(20, 3)
1344
(20, 2)
1345
(20, 3)
1346
(20, 3)
1347
(20, 3)
1348
(20, 3)
1349
(20, 3)
1350
(20, 2)
1351
(20, 3)
1352
(20, 2)
1353
(20, 3)
1354
(20, 3)
1355
(20, 2)
1356
(20, 2)
1357
(20, 2)
1358
(20, 3)
1359
(20, 2)
1360
(20, 3)
1361
(20, 3)
1362
(20, 3)
1363
(20, 3)
1364
(20, 2)
1365
(20, 2)
1366
(20, 3)
1367
(20, 3)
1368
(20, 2)
1369
(20, 3)
1370
(20, 3)
1371
(20, 2)
1372
(20, 2)
1373
(20, 2)
1374
(20, 2)
1375
(20, 2)
1376
(20, 2)
1377
(20, 2)
1378
(20, 2)
1379
(21, 1)
1380
(21, 1)
1381
(20, 2)
1382
(21, 1)
1383
(20, 2)
1384
(20, 2)
1385
(21, 1)
1386
(21, 1)
1387
(20, 2)
1388
(20, 3)
1389
(20, 2)
1390
(20, 2)
1391
(20, 3)
1392
(20, 2)
1393
(20, 3)
1394
(20, 2)
1395
(20, 2)
1396
(20, 3)
1397
(20, 3)
1398
(20, 2)
1399
(20, 2)
1400
(20, 3)
1401
(20, 3)
1402
(20, 2)
1403
(20, 3)
1404
(20, 3)
1405
(20, 3)
1406
(20, 3)
1407
(20, 3)
1408
(20, 3)
1409
(20, 3)
1410
(20, 2)
1411
(20, 2)
1412
(20, 2)
1413
(20, 2)
1414
(20, 2)
1415
(20, 2)
1416
(20, 2)
1417
(20, 2)
1418
(20, 2)
1419
(21, 1)
1420
(21, 1)
1421
(20, 2)
1422
(20, 2)
1423
(21, 1)
1424
(21, 1)
1425
(20, 2)
1426
(20, 2)
1427
(20, 2)
1428
(20, 2)
1429
(21, 1)
1430
(21, 1)
1431
(21, 1)
1432
(22, 1)
1433
(22, 1)
1434
(22, 1)
1435
(22, 1)
1436
(20, 2)
1437
(19, 3)
1438
(20, 2)
1439
(19, 3)
1440
(19, 3)
1441
(19, 3)
1442
(21, 1)
1443
(21, 1)
1444
(21, 1)
1445
(22, 1)
1446
(22, 1)
1447
(22, 1)
1448
(22, 1)
1449
(20, 2)
1450
(19, 3)
1451
(21, 1)
1452
(21, 1)
1453
(21, 1)
1454
(21, 1)
1455
(22, 1)
1456
(22, 1)
1457
(22, 1)
1458
(22, 1)
1459
(19, 3)
1460
(19, 3)
1461
(19, 3)
1462
(19, 3)
1463
(19, 3)
1464
(19, 3)
1465
(19, 3)
1466
(19, 3)
1467
(19, 3)
1468
(19, 3)
1469
(19, 3)
1470
(21, 1)
1471
(19, 3)
1472
(19, 3)
1473
(21, 1)
1474
(21, 1)
1475
(19, 3)
1476
(19, 3)
1477
(19, 3)
1478
(19, 3)
1479
(19, 3)
1480
(19, 3)
1481
(21, 1)
1482
(19, 2)
1483
(21, 1)
1484
(19, 2)
1485
(21, 1)
1486
(21, 1)
1487
(21, 1)
1488
(22, 1)
1489
(22, 1)
1490
(19, 3)
1491
(19, 3)
1492
(19, 3)
1493
(19, 2)
1494
(19, 2)
1495
(19, 2)
1496
(19, 3)
1497
(21, 1)
1498
(19, 3)
1499
(19, 3)
1500
(19, 3)
defaultdict(<function <lambda> at 0x2afce2581de8>, {(20, 3): 144, (14, 4): 20, (21, 2): 154, (15, 1): 5, (23, 3): 21, (17, 3): 5, (22, 2): 150, (14, 5): 20, (13, 3): 7, (21, 1): 41, (23, 2): 102, (17, 2): 2, (19, 3): 39, (22, 3): 150, (14, 6): 9, (19, 2): 5, (23, 1): 147, (14, 2): 3, (18, 3): 8, (20, 2): 150, (21, 3): 155, (16, 1): 4, (14, 3): 47, (22, 1): 112})
1501
(19, 3)
1502
(19, 3)
1503
(19, 2)
1504
(21, 1)
1505
(19, 2)
1506
(21, 1)
1507
(19, 2)
1508
(21, 1)
1509
(19, 3)
1510
(19, 3)
1511
(19, 3)
1512
(19, 2)
1513
(21, 1)
1514
(21, 1)
1515
(21, 1)
1516
(21, 1)
1517
(21, 1)
1518
(19, 3)
1519
(19, 3)
1520
(19, 3)
1521
(19, 3)
1522
(19, 3)
1523
(19, 3)
1524
(19, 3)
1525
(21, 1)
1526
(21, 1)
1527
(21, 1)
1528
(21, 1)
1529
(21, 1)
1530
(21, 1)
1531
(21, 1)
1532
(21, 1)
1533
(21, 1)
1534
(21, 1)
1535
(21, 1)
1536
(21, 1)
1537
(21, 1)
1538
(21, 1)
1539
(21, 1)
1540
(21, 1)
1541
(21, 1)
1542
(21, 1)
1543
(19, 3)
1544
(19, 3)
1545
(19, 3)
1546
(19, 3)
1547
(19, 3)
1548
(19, 3)
1549
(19, 3)
1550
(19, 3)
1551
(21, 1)
1552
(19, 3)
1553
(19, 3)
1554
(19, 3)
1555
(19, 3)
1556
(19, 3)
1557
(19, 3)
1558
(19, 3)
1559
(19, 3)
1560
(19, 3)
1561
(19, 3)
1562
(19, 3)
1563
(19, 3)
1564
(19, 3)
1565
(19, 2)
1566
(19, 3)
1567
(19, 3)
1568
(19, 2)
1569
(19, 2)
1570
(19, 2)
1571
(19, 2)
1572
(19, 2)
1573
(19, 3)
1574
(19, 2)
1575
(19, 3)
1576
(19, 2)
1577
(19, 3)
1578
(19, 3)
1579
(19, 3)
1580
(19, 2)
1581
(19, 2)
1582
(19, 2)
1583
(19, 2)
1584
(19, 3)
1585
(19, 3)
1586
(19, 3)
1587
(19, 3)
1588
(19, 2)
1589
(19, 3)
1590
(19, 3)
1591
(19, 3)
1592
(19, 3)
1593
(19, 3)
1594
(19, 2)
1595
(19, 2)
1596
(19, 2)
1597
(20, 1)
1598
(19, 2)
1599
(19, 2)
1600
(20, 1)
1601
(19, 2)
1602
(19, 2)
1603
(19, 2)
1604
(19, 2)
1605
(19, 2)
1606
(19, 2)
1607
(19, 2)
1608
(19, 2)
1609
(19, 2)
1610
(21, 1)
1611
(19, 3)
1612
(19, 3)
1613
(19, 3)
1614
(19, 3)
1615
(19, 3)
1616
(19, 2)
1617
(19, 2)
1618
(19, 3)
1619
(19, 2)
1620
(19, 3)
1621
(19, 2)
1622
(19, 3)
1623
(19, 3)
1624
(19, 2)
1625
(19, 2)
1626
(19, 2)
1627
(19, 2)
1628
(19, 2)
1629
(19, 2)
1630
(19, 2)
1631
(19, 2)
1632
(19, 2)
1633
(19, 2)
1634
(19, 2)
1635
(19, 2)
1636
(19, 2)
1637
(19, 2)
1638
(19, 2)
1639
(19, 2)
1640
(19, 2)
1641
(19, 2)
1642
(19, 2)
1643
(19, 2)
1644
(19, 2)
1645
(19, 2)
1646
(19, 2)
1647
(19, 3)
1648
(19, 3)
1649
(19, 2)
1650
(19, 3)
1651
(19, 3)
1652
(19, 2)
1653
(19, 2)
1654
(19, 3)
1655
(19, 3)
1656
(19, 3)
1657
(19, 3)
1658
(19, 3)
1659
(19, 3)
1660
(19, 3)
1661
(19, 3)
1662
(19, 2)
1663
(19, 2)
1664
(19, 2)
1665
(19, 2)
1666
(19, 2)
1667
(19, 2)
1668
(19, 2)
1669
(19, 2)
1670
(19, 2)
1671
(19, 2)
1672
(19, 2)
1673
(19, 3)
1674
(19, 3)
1675
(19, 3)
1676
(19, 3)
1677
(19, 3)
1678
(19, 3)
1679
(19, 3)
1680
(19, 3)
1681
(19, 3)
1682
(19, 3)
1683
(19, 3)
1684
(19, 2)
1685
(19, 3)
1686
(19, 3)
1687
(19, 3)
1688
(19, 2)
1689
(19, 2)
1690
(19, 2)
1691
(19, 2)
1692
(19, 2)
1693
(19, 2)
1694
(19, 2)
1695
(19, 2)
1696
(19, 2)
1697
(19, 2)
1698
(19, 2)
1699
(19, 2)
1700
(19, 2)
1701
(19, 2)
1702
(19, 2)
1703
(19, 2)
1704
(19, 2)
1705
(19, 2)
1706
(19, 2)
1707
(19, 2)
1708
(19, 2)
1709
(19, 2)
1710
(19, 2)
1711
(19, 2)
1712
(19, 2)
1713
(19, 3)
1714
(19, 3)
1715
(19, 3)
1716
(19, 3)
1717
(19, 2)
1718
(19, 3)
1719
(19, 2)
1720
(19, 2)
1721
(20, 1)
1722
(19, 2)
1723
(19, 3)
1724
(19, 2)
1725
(19, 3)
1726
(19, 2)
1727
(19, 2)
1728
(19, 3)
1729
(19, 3)
1730
(19, 3)
1731
(19, 3)
1732
(19, 3)
1733
(19, 3)
1734
(19, 3)
1735
(19, 3)
1736
(19, 2)
1737
(19, 2)
1738
(19, 2)
1739
(19, 2)
1740
(19, 2)
1741
(19, 2)
1742
(20, 1)
1743
(19, 2)
1744
(19, 2)
1745
(20, 1)
1746
(20, 1)
1747
(19, 2)
1748
(19, 2)
1749
(18, 3)
1750
(19, 2)
1751
(20, 1)
1752
(20, 1)
1753
(20, 1)
1754
(21, 1)
1755
(21, 1)
1756
(21, 1)
1757
(21, 1)
1758
(22, 1)
1759
(22, 1)
1760
(22, 1)
1761
(19, 2)
1762
(18, 3)
1763
(19, 2)
1764
(20, 1)
1765
(20, 1)
1766
(20, 1)
1767
(21, 1)
1768
(21, 1)
1769
(21, 1)
1770
(21, 1)
1771
(22, 1)
1772
(22, 1)
1773
(22, 1)
1774
(20, 1)
1775
(20, 1)
1776
(20, 1)
1777
(21, 1)
1778
(21, 1)
1779
(21, 1)
1780
(21, 1)
1781
(22, 1)
1782
(22, 1)
1783
(22, 1)
1784
(18, 3)
1785
(18, 3)
1786
(18, 3)
1787
(18, 3)
1788
(18, 3)
1789
(18, 3)
1790
(18, 3)
1791
(18, 3)
1792
(19, 2)
1793
(18, 3)
1794
(18, 3)
1795
(20, 1)
1796
(20, 1)
1797
(18, 3)
1798
(18, 3)
1799
(18, 3)
1800
(18, 3)
1801
(18, 3)
1802
(18, 3)
1803
(20, 1)
1804
(18, 3)
1805
(19, 2)
1806
(18, 2)
1807
(18, 2)
1808
(19, 2)
1809
(18, 2)
1810
(19, 2)
1811
(18, 2)
1812
(18, 2)
1813
(18, 2)
1814
(18, 2)
1815
(18, 2)
1816
(18, 2)
1817
(18, 2)
1818
(19, 2)
1819
(18, 2)
1820
(18, 2)
1821
(18, 2)
1822
(18, 2)
1823
(18, 2)
1824
(18, 2)
1825
(18, 2)
1826
(19, 2)
1827
(19, 2)
1828
(19, 2)
1829
(19, 2)
1830
(19, 2)
1831
(19, 2)
1832
(19, 2)
1833
(19, 2)
1834
(19, 2)
1835
(19, 2)
1836
(18, 3)
1837
(18, 3)
1838
(18, 3)
1839
(19, 2)
1840
(18, 3)
1841
(18, 3)
1842
(18, 3)
1843
(18, 3)
1844
(19, 2)
1845
(19, 2)
1846
(18, 3)
1847
(18, 3)
1848
(18, 3)
1849
(18, 3)
1850
(18, 3)
1851
(18, 3)
1852
(18, 3)
1853
(18, 3)
1854
(18, 3)
1855
(19, 2)
1856
(19, 2)
1857
(19, 2)
1858
(19, 2)
1859
(19, 2)
1860
(19, 2)
1861
(19, 1)
1862
(19, 1)
1863
(19, 2)
1864
(19, 2)
1865
(19, 2)
1866
(19, 2)
1867
(18, 3)
1868
(18, 3)
1869
(18, 3)
1870
(18, 3)
1871
(18, 3)
1872
(20, 1)
1873
(20, 1)
1874
(20, 1)
1875
(20, 1)
1876
(21, 1)
1877
(21, 1)
1878
(21, 1)
1879
(21, 1)
1880
(22, 1)
1881
(22, 1)
1882
(18, 3)
1883
(18, 3)
1884
(18, 3)
1885
(18, 3)
1886
(18, 3)
1887
(18, 3)
1888
(18, 3)
1889
(18, 3)
1890
(18, 3)
1891
(19, 2)
1892
(19, 2)
1893
(18, 2)
1894
(18, 2)
1895
(18, 2)
1896
(18, 2)
1897
(18, 2)
1898
(18, 2)
1899
(18, 2)
1900
(18, 2)
1901
(18, 2)
1902
(18, 2)
1903
(18, 2)
1904
(18, 2)
1905
(18, 2)
1906
(18, 2)
1907
(20, 1)
1908
(19, 1)
1909
(19, 1)
1910
(19, 1)
1911
(19, 1)
1912
(18, 3)
1913
(18, 3)
1914
(18, 3)
1915
(18, 3)
1916
(18, 2)
1917
(18, 2)
1918
(18, 2)
1919
(18, 3)
1920
(18, 3)
1921
(18, 3)
1922
(18, 3)
1923
(18, 3)
1924
(18, 3)
1925
(18, 3)
1926
(18, 3)
1927
(18, 2)
1928
(18, 2)
1929
(18, 2)
1930
(18, 2)
1931
(18, 2)
1932
(18, 2)
1933
(19, 1)
1934
(19, 1)
1935
(18, 2)
1936
(18, 2)
1937
(18, 3)
1938
(18, 3)
1939
(18, 3)
1940
(18, 2)
1941
(18, 3)
1942
(18, 3)
1943
(18, 3)
1944
(19, 1)
1945
(19, 1)
1946
(18, 2)
1947
(18, 3)
1948
(18, 3)
1949
(18, 3)
1950
(18, 3)
1951
(18, 3)
1952
(18, 3)
1953
(18, 3)
1954
(18, 3)
1955
(18, 2)
1956
(18, 2)
1957
(18, 2)
1958
(18, 2)
1959
(18, 2)
1960
(18, 2)
1961
(18, 2)
1962
(18, 2)
1963
(18, 2)
1964
(18, 2)
1965
(18, 2)
1966
(18, 2)
1967
(18, 2)
1968
(18, 2)
1969
(18, 2)
1970
(19, 1)
1971
(18, 2)
1972
(18, 2)
1973
(18, 2)
1974
(19, 1)
1975
(18, 2)
1976
(18, 2)
1977
(18, 2)
1978
(18, 2)
1979
(18, 3)
1980
(18, 3)
1981
(18, 2)
1982
(19, 1)
1983
(18, 2)
1984
(18, 2)
1985
(18, 3)
1986
(19, 1)
1987
(18, 3)
1988
(19, 1)
1989
(18, 3)
1990
(18, 3)
1991
(18, 3)
1992
(18, 3)
1993
(18, 3)
1994
(18, 3)
1995
(18, 3)
1996
(18, 3)
1997
(18, 2)
1998
(19, 1)
1999
(18, 2)
2000
(18, 2)
defaultdict(<function <lambda> at 0x2afce2581de8>, {(20, 3): 144, (14, 4): 20, (21, 2): 154, (15, 1): 5, (23, 3): 21, (17, 3): 5, (22, 2): 150, (14, 5): 20, (13, 3): 7, (21, 1): 85, (23, 2): 102, (17, 2): 2, (19, 3): 138, (22, 3): 150, (18, 2): 72, (20, 1): 23, (14, 6): 9, (19, 2): 153, (23, 1): 147, (14, 2): 3, (18, 3): 95, (20, 2): 150, (21, 3): 155, (16, 1): 4, (14, 3): 47, (22, 1): 123, (19, 1): 16})
2001
(19, 1)
2002
(19, 1)
2003
(18, 2)
2004
(18, 2)
2005
(18, 2)
2006
(18, 2)
2007
(18, 2)
2008
(18, 2)
2009
(18, 3)
2010
(18, 2)
2011
(18, 2)
2012
(18, 3)
2013
(18, 3)
2014
(18, 3)
2015
(18, 3)
2016
(18, 3)
2017
(18, 2)
2018
(18, 3)
2019
(18, 3)
2020
(18, 3)
2021
(18, 3)
2022
(18, 3)
2023
(18, 3)
2024
(18, 3)
2025
(18, 3)
2026
(18, 3)
2027
(18, 3)
2028
(18, 2)
2029
(18, 3)
2030
(18, 2)
2031
(18, 2)
2032
(18, 2)
2033
(19, 1)
2034
(19, 1)
2035
(19, 1)
2036
(18, 2)
2037
(18, 2)
2038
(18, 2)
2039
(18, 2)
2040
(18, 2)
2041
(18, 2)
2042
(18, 2)
2043
(18, 2)
2044
(18, 2)
2045
(18, 2)
2046
(18, 2)
2047
(18, 2)
2048
(18, 2)
2049
(18, 2)
2050
(18, 2)
2051
(18, 2)
2052
(19, 1)
2053
(18, 2)
2054
(18, 2)
2055
(19, 1)
2056
(19, 1)
2057
(18, 2)
2058
(19, 1)
2059
(18, 2)
2060
(18, 2)
2061
(19, 1)
2062
(19, 1)
2063
(18, 2)
2064
(18, 2)
2065
(18, 2)
2066
(18, 3)
2067
(18, 2)
2068
(18, 3)
2069
(18, 3)
2070
(18, 3)
2071
(18, 2)
2072
(18, 3)
2073
(18, 3)
2074
(18, 3)
2075
(18, 3)
2076
(18, 3)
2077
(18, 3)
2078
(18, 3)
2079
(18, 3)
2080
(18, 3)
2081
(18, 3)
2082
(18, 3)
2083
(18, 3)
2084
(18, 2)
2085
(18, 2)
2086
(18, 2)
2087
(18, 2)
2088
(18, 2)
2089
(19, 1)
2090
(18, 2)
2091
(19, 1)
2092
(19, 1)
2093
(18, 2)
2094
(18, 2)
2095
(18, 2)
2096
(18, 2)
2097
(19, 1)
2098
(19, 1)
2099
(18, 2)
2100
(17, 3)
2101
(17, 3)
2102
(17, 3)
2103
(17, 3)
2104
(18, 2)
2105
(18, 2)
2106
(19, 1)
2107
(17, 3)
2108
(19, 1)
2109
(17, 3)
2110
(17, 3)
2111
(19, 1)
2112
(19, 1)
2113
(19, 1)
2114
(20, 1)
2115
(20, 1)
2116
(20, 1)
2117
(20, 1)
2118
(21, 1)
2119
(21, 1)
2120
(21, 1)
2121
(17, 3)
2122
(17, 3)
2123
(17, 3)
2124
(17, 3)
2125
(17, 3)
2126
(17, 3)
2127
(17, 3)
2128
(17, 3)
2129
(17, 3)
2130
(17, 3)
2131
(17, 3)
2132
(18, 2)
2133
(17, 2)
2134
(18, 2)
2135
(17, 2)
2136
(18, 2)
2137
(17, 2)
2138
(17, 2)
2139
(19, 1)
2140
(17, 2)
2141
(17, 2)
2142
(17, 2)
2143
(17, 2)
2144
(19, 1)
2145
(19, 1)
2146
(19, 1)
2147
(19, 1)
2148
(19, 1)
2149
(20, 1)
2150
(20, 1)
2151
(20, 1)
2152
(20, 1)
2153
(20, 1)
2154
(21, 1)
2155
(21, 1)
2156
(21, 1)
2157
(17, 2)
2158
(18, 2)
2159
(17, 2)
2160
(17, 2)
2161
(17, 2)
2162
(17, 2)
2163
(18, 2)
2164
(19, 1)
2165
(18, 2)
2166
(18, 2)
2167
(19, 1)
2168
(18, 2)
2169
(18, 2)
2170
(19, 1)
2171
(19, 1)
2172
(18, 2)
2173
(18, 2)
2174
(19, 1)
2175
(18, 2)
2176
(19, 1)
2177
(18, 2)
2178
(19, 1)
2179
(19, 1)
2180
(18, 2)
2181
(19, 1)
2182
(19, 1)
2183
(18, 2)
2184
(18, 2)
2185
(19, 1)
2186
(18, 2)
2187
(17, 3)
2188
(17, 3)
2189
(19, 1)
2190
(17, 3)
2191
(19, 1)
2192
(19, 1)
2193
(19, 1)
2194
(19, 1)
2195
(20, 1)
2196
(20, 1)
2197
(20, 1)
2198
(20, 1)
2199
(20, 1)
2200
(21, 1)
2201
(21, 1)
2202
(19, 1)
2203
(17, 3)
2204
(19, 1)
2205
(19, 1)
2206
(19, 1)
2207
(19, 1)
2208
(19, 1)
2209
(19, 1)
2210
(17, 3)
2211
(19, 1)
2212
(19, 1)
2213
(19, 1)
2214
(20, 1)
2215
(20, 1)
2216
(20, 1)
2217
(20, 1)
2218
(20, 1)
2219
(21, 1)
2220
(21, 1)
2221
(19, 1)
2222
(19, 1)
2223
(19, 1)
2224
(20, 1)
2225
(20, 1)
2226
(20, 1)
2227
(20, 1)
2228
(20, 1)
2229
(21, 1)
2230
(21, 1)
2231
(17, 3)
2232
(19, 1)
2233
(19, 1)
2234
(19, 1)
2235
(19, 1)
2236
(19, 1)
2237
(19, 1)
2238
(19, 1)
2239
(19, 1)
2240
(19, 1)
2241
(19, 1)
2242
(19, 1)
2243
(19, 1)
2244
(17, 3)
2245
(17, 3)
2246
(19, 1)
2247
(17, 3)
2248
(17, 3)
2249
(17, 3)
2250
(19, 1)
2251
(17, 3)
2252
(19, 1)
2253
(19, 1)
2254
(17, 3)
2255
(19, 1)
2256
(19, 1)
2257
(19, 1)
2258
(19, 1)
2259
(19, 1)
2260
(18, 2)
2261
(19, 1)
2262
(19, 1)
2263
(19, 1)
2264
(18, 2)
2265
(18, 2)
2266
(18, 2)
2267
(18, 1)
2268
(18, 1)
2269
(18, 1)
2270
(18, 2)
2271
(18, 2)
2272
(18, 2)
2273
(17, 3)
2274
(17, 3)
2275
(18, 2)
2276
(17, 3)
2277
(19, 1)
2278
(19, 1)
2279
(19, 1)
2280
(19, 1)
2281
(20, 1)
2282
(20, 1)
2283
(20, 1)
2284
(20, 1)
2285
(21, 1)
2286
(21, 1)
2287
(18, 1)
2288
(18, 2)
2289
(17, 3)
2290
(18, 1)
2291
(17, 3)
2292
(17, 3)
2293
(19, 1)
2294
(19, 1)
2295
(19, 1)
2296
(19, 1)
2297
(20, 1)
2298
(20, 1)
2299
(20, 1)
2300
(20, 1)
2301
(21, 1)
2302
(21, 1)
2303
(18, 1)
2304
(18, 2)
2305
(18, 1)
2306
(19, 1)
2307
(18, 1)
2308
(18, 1)
2309
(19, 1)
2310
(19, 1)
2311
(19, 1)
2312
(19, 1)
2313
(20, 1)
2314
(20, 1)
2315
(20, 1)
2316
(20, 1)
2317
(21, 1)
2318
(21, 1)
2319
(19, 1)
2320
(19, 1)
2321
(19, 1)
2322
(19, 1)
2323
(19, 1)
2324
(19, 1)
2325
(19, 1)
2326
(19, 1)
2327
(19, 1)
2328
(19, 1)
2329
(19, 1)
2330
(19, 1)
2331
(19, 1)
2332
(19, 1)
2333
(19, 1)
2334
(19, 1)
2335
(19, 1)
2336
(19, 1)
2337
(19, 1)
2338
(19, 1)
2339
(17, 3)
2340
(17, 3)
2341
(17, 3)
2342
(17, 3)
2343
(17, 3)
2344
(17, 3)
2345
(17, 3)
2346
(17, 3)
2347
(19, 1)
2348
(17, 2)
2349
(17, 2)
2350
(17, 2)
2351
(17, 2)
2352
(17, 2)
2353
(17, 2)
2354
(17, 2)
2355
(18, 1)
2356
(18, 1)
2357
(17, 3)
2358
(17, 2)
2359
(17, 2)
2360
(17, 2)
2361
(17, 3)
2362
(17, 3)
2363
(17, 3)
2364
(17, 3)
2365
(17, 3)
2366
(17, 3)
2367
(17, 3)
2368
(17, 3)
2369
(17, 2)
2370
(17, 2)
2371
(17, 2)
2372
(17, 2)
2373
(17, 2)
2374
(17, 2)
2375
(18, 1)
2376
(18, 1)
2377
(17, 2)
2378
(17, 2)
2379
(17, 2)
2380
(17, 2)
2381
(17, 3)
2382
(17, 2)
2383
(17, 2)
2384
(17, 3)
2385
(17, 3)
2386
(18, 1)
2387
(17, 3)
2388
(17, 3)
2389
(17, 3)
2390
(17, 3)
2391
(17, 3)
2392
(17, 3)
2393
(17, 3)
2394
(17, 3)
2395
(17, 3)
2396
(17, 3)
2397
(17, 3)
2398
(17, 2)
2399
(17, 2)
2400
(17, 2)
2401
(17, 2)
2402
(17, 2)
2403
(17, 2)
2404
(17, 2)
2405
(17, 2)
2406
(17, 2)
2407
(17, 2)
2408
(17, 2)
2409
(18, 1)
2410
(18, 1)
2411
(17, 2)
2412
(18, 1)
2413
(17, 2)
2414
(17, 2)
2415
(17, 2)
2416
(17, 2)
2417
(17, 2)
2418
(17, 2)
2419
(17, 3)
2420
(17, 2)
2421
(17, 2)
2422
(17, 3)
2423
(17, 3)
2424
(17, 3)
2425
(17, 3)
2426
(17, 3)
2427
(17, 3)
2428
(17, 3)
2429
(17, 3)
2430
(17, 3)
2431
(17, 3)
2432
(17, 3)
2433
(17, 3)
2434
(17, 3)
2435
(17, 2)
2436
(17, 2)
2437
(17, 2)
2438
(17, 2)
2439
(17, 2)
2440
(17, 2)
2441
(18, 1)
2442
(17, 3)
2443
(17, 3)
2444
(17, 3)
2445
(17, 3)
2446
(17, 3)
2447
(17, 3)
2448
(17, 2)
2449
(17, 3)
2450
(17, 3)
2451
(17, 3)
2452
(17, 3)
2453
(17, 3)
2454
(17, 3)
2455
(17, 3)
2456
(17, 3)
2457
(17, 2)
2458
(17, 2)
2459
(17, 2)
2460
(17, 2)
2461
(17, 2)
2462
(17, 2)
2463
(17, 2)
2464
(17, 2)
2465
(17, 2)
2466
(17, 2)
2467
(17, 2)
2468
(17, 2)
2469
(17, 2)
2470
(17, 2)
2471
(17, 2)
2472
(17, 2)
2473
(17, 2)
2474
(18, 1)
2475
(17, 2)
2476
(17, 2)
2477
(18, 1)
2478
(18, 1)
2479
(17, 2)
2480
(17, 2)
2481
(17, 2)
2482
(17, 2)
2483
(17, 2)
2484
(17, 3)
2485
(17, 3)
2486
(17, 3)
2487
(17, 3)
2488
(17, 2)
2489
(17, 3)
2490
(17, 2)
2491
(17, 2)
2492
(17, 2)
2493
(17, 3)
2494
(17, 3)
2495
(17, 3)
2496
(17, 3)
2497
(17, 3)
2498
(17, 3)
2499
(17, 3)
2500
(17, 3)
defaultdict(<function <lambda> at 0x2afce2581de8>, {(20, 3): 144, (14, 4): 20, (21, 2): 154, (15, 1): 5, (23, 3): 21, (17, 3): 114, (18, 1): 21, (22, 2): 150, (14, 5): 20, (13, 3): 7, (21, 1): 103, (23, 2): 102, (17, 2): 92, (19, 3): 138, (22, 3): 150, (18, 2): 151, (20, 1): 59, (14, 6): 9, (19, 2): 153, (23, 1): 147, (14, 2): 3, (18, 3): 128, (20, 2): 150, (21, 3): 155, (16, 1): 4, (14, 3): 47, (22, 1): 123, (19, 1): 130})
2501
(17, 3)
2502
(17, 2)
2503
(17, 2)
2504
(17, 2)
2505
(17, 2)
2506
(17, 2)
2507
(17, 2)
2508
(18, 1)
2509
(17, 2)
2510
(17, 2)
2511
(17, 2)
2512
(17, 2)
2513
(17, 2)
2514
(17, 2)
2515
(16, 3)
2516
(17, 2)
2517
(16, 3)
2518
(18, 1)
2519
(16, 3)
2520
(16, 3)
2521
(16, 3)
2522
(16, 3)
2523
(16, 3)
2524
(16, 3)
2525
(16, 3)
2526
(16, 3)
2527
(16, 3)
2528
(16, 3)
2529
(16, 3)
2530
(16, 3)
2531
(16, 2)
2532
(16, 2)
2533
(16, 2)
2534
(17, 2)
2535
(16, 2)
2536
(16, 2)
2537
(17, 2)
2538
(17, 2)
2539
(16, 2)
2540
(16, 2)
2541
(16, 2)
2542
(16, 2)
2543
(16, 2)
2544
(16, 2)
2545
(16, 2)
2546
(17, 2)
2547
(16, 2)
2548
(17, 2)
2549
(16, 2)
2550
(17, 2)
2551
(17, 2)
2552
(17, 2)
2553
(17, 2)
2554
(18, 1)
2555
(17, 2)
2556
(18, 1)
2557
(17, 2)
2558
(18, 1)
2559
(18, 1)
2560
(17, 2)
2561
(18, 1)
2562
(18, 1)
2563
(18, 1)
2564
(17, 2)
2565
(18, 1)
2566
(17, 2)
2567
(18, 1)
2568
(17, 2)
2569
(18, 1)
2570
(18, 1)
2571
(18, 1)
2572
(18, 1)
2573
(18, 1)
2574
(18, 1)
2575
(19, 1)
2576
(19, 1)
2577
(19, 1)
2578
(19, 1)
2579
(19, 1)
2580
(20, 1)
2581
(20, 1)
2582
(16, 3)
2583
(16, 3)
2584
(16, 3)
2585
(18, 1)
2586
(18, 1)
2587
(18, 1)
2588
(19, 1)
2589
(19, 1)
2590
(19, 1)
2591
(19, 1)
2592
(19, 1)
2593
(20, 1)
2594
(20, 1)
2595
(18, 1)
2596
(18, 1)
2597
(18, 1)
2598
(19, 1)
2599
(19, 1)
2600
(19, 1)
2601
(19, 1)
2602
(19, 1)
2603
(20, 1)
2604
(20, 1)
2605
(16, 3)
2606
(16, 3)
2607
(16, 3)
2608
(16, 3)
2609
(18, 1)
2610
(16, 3)
2611
(18, 1)
2612
(18, 1)
2613
(16, 3)
2614
(16, 3)
2615
(16, 3)
2616
(17, 2)
2617
(17, 1)
2618
(17, 1)
2619
(17, 2)
2620
(17, 2)
2621
(17, 2)
2622
(17, 1)
2623
(18, 1)
2624
(18, 1)
2625
(18, 1)
2626
(17, 1)
2627
(17, 2)
2628
(17, 2)
2629
(17, 1)
2630
(17, 1)
2631
(17, 1)
2632
(17, 2)
2633
(17, 2)
2634
(16, 3)
2635
(16, 3)
2636
(17, 2)
2637
(16, 3)
2638
(17, 2)
2639
(16, 3)
2640
(17, 2)
2641
(16, 3)
2642
(18, 1)
2643
(18, 1)
2644
(18, 1)
2645
(18, 1)
2646
(19, 1)
2647
(19, 1)
2648
(19, 1)
2649
(19, 1)
2650
(20, 1)
2651
(20, 1)
2652
(16, 3)
2653
(18, 1)
2654
(18, 1)
2655
(18, 1)
2656
(18, 1)
2657
(19, 1)
2658
(18, 1)
2659
(18, 1)
2660
(18, 1)
2661
(18, 1)
2662
(17, 2)
2663
(16, 3)
2664
(16, 3)
2665
(16, 3)
2666
(18, 1)
2667
(16, 3)
2668
(16, 3)
2669
(16, 2)
2670
(16, 2)
2671
(16, 2)
2672
(16, 2)
2673
(16, 2)
2674
(16, 2)
2675
(16, 2)
2676
(16, 2)
2677
(16, 2)
2678
(16, 2)
2679
(17, 2)
2680
(17, 2)
2681
(17, 2)
2682
(18, 1)
2683
(18, 1)
2684
(17, 2)
2685
(17, 2)
2686
(17, 2)
2687
(17, 2)
2688
(17, 2)
2689
(17, 2)
2690
(17, 2)
2691
(17, 1)
2692
(17, 2)
2693
(17, 2)
2694
(17, 2)
2695
(17, 2)
2696
(17, 2)
2697
(17, 2)
2698
(16, 2)
2699
(16, 3)
2700
(16, 3)
2701
(16, 3)
2702
(16, 3)
2703
(17, 2)
2704
(17, 2)
2705
(16, 3)
2706
(16, 3)
2707
(16, 3)
2708
(16, 3)
2709
(16, 3)
2710
(16, 3)
2711
(16, 3)
2712
(16, 3)
2713
(16, 3)
2714
(16, 3)
2715
(16, 2)
2716
(16, 2)
2717
(16, 2)
2718
(17, 1)
2719
(17, 1)
2720
(16, 2)
2721
(16, 2)
2722
(16, 2)
2723
(17, 1)
2724
(17, 1)
2725
(17, 1)
2726
(16, 2)
2727
(17, 1)
2728
(17, 1)
2729
(16, 2)
2730
(17, 1)
2731
(17, 1)
2732
(17, 1)
2733
(18, 1)
2734
(18, 1)
2735
(18, 1)
2736
(18, 1)
2737
(17, 1)
2738
(16, 3)
2739
(16, 3)
2740
(16, 2)
2741
(16, 3)
2742
(17, 1)
2743
(18, 1)
2744
(18, 1)
2745
(18, 1)
2746
(18, 1)
2747
(17, 1)
2748
(18, 1)
2749
(18, 1)
2750
(18, 1)
2751
(18, 1)
2752
(16, 3)
2753
(16, 3)
2754
(16, 3)
2755
(16, 3)
2756
(16, 3)
2757
(16, 3)
2758
(17, 1)
2759
(17, 1)
2760
(16, 3)
2761
(16, 3)
2762
(16, 3)
2763
(16, 3)
2764
(17, 1)
2765
(16, 3)
2766
(17, 1)
2767
(16, 2)
2768
(16, 2)
2769
(16, 2)
2770
(16, 2)
2771
(16, 2)
2772
(16, 2)
2773
(16, 2)
2774
(16, 2)
2775
(16, 2)
2776
(16, 2)
2777
(16, 2)
2778
(16, 2)
2779
(16, 2)
2780
(16, 2)
2781
(16, 2)
2782
(16, 2)
2783
(16, 2)
2784
(16, 2)
2785
(16, 2)
2786
(16, 2)
2787
(16, 3)
2788
(16, 3)
2789
(16, 3)
2790
(16, 2)
2791
(16, 3)
2792
(16, 3)
2793
(16, 3)
2794
(16, 3)
2795
(16, 3)
2796
(16, 3)
2797
(16, 3)
2798
(16, 3)
2799
(16, 3)
2800
(16, 3)
2801
(16, 3)
2802
(16, 3)
2803
(16, 3)
2804
(16, 3)
2805
(16, 3)
2806
(16, 3)
2807
(16, 3)
2808
(16, 4)
2809
(16, 4)
2810
(16, 5)
2811
(16, 5)
2812
(16, 6)
2813
(16, 7)
2814
(16, 7)
2815
(16, 7)
2816
(16, 7)
2817
(16, 6)
2818
(16, 6)
2819
(16, 6)
2820
(16, 7)
2821
(16, 7)
2822
(16, 7)
2823
(16, 7)
2824
(16, 7)
2825
(16, 7)
2826
(16, 7)
2827
(16, 5)
2828
(16, 5)
2829
(16, 5)
2830
(16, 8)
2831
(16, 8)
2832
(16, 8)
2833
(16, 8)
2834
(16, 8)
2835
(16, 8)
2836
(16, 8)
2837
(16, 5)
2838
(16, 5)
2839
(16, 5)
2840
(16, 4)
2841
(16, 4)
2842
(16, 9)
2843
(16, 9)
2844
(16, 9)
2845
(16, 9)
2846
(16, 9)
2847
(16, 9)
2848
(16, 9)
2849
(16, 4)
2850
(16, 4)
2851
(16, 4)
2852
(16, 3)
2853
(16, 3)
2854
(16, 10)
2855
(16, 10)
2856
(16, 10)
2857
(16, 10)
2858
(16, 10)
2859
(16, 10)
2860
(16, 10)
2861
(16, 3)
2862
(16, 3)
2863
(16, 3)
2864
(16, 3)
2865
(16, 3)
2866
(16, 3)
2867
(16, 3)
2868
(16, 2)
2869
(16, 3)
2870
(16, 3)
2871
(16, 3)
2872
(16, 3)
2873
(16, 3)
2874
(16, 3)
2875
(17, 1)
2876
(16, 2)
2877
(16, 2)
2878
(16, 2)
2879
(17, 1)
2880
(17, 1)
2881
(17, 1)
2882
(16, 3)
2883
(16, 3)
2884
(16, 3)
2885
(16, 3)
2886
(16, 3)
2887
(16, 4)
2888
(16, 4)
2889
(16, 5)
2890
(16, 5)
2891
(16, 6)
2892
(16, 7)
2893
(16, 7)
2894
(16, 7)
2895
(16, 6)
2896
(16, 6)
2897
(16, 7)
2898
(16, 7)
2899
(16, 7)
2900
(16, 7)
2901
(16, 7)
2902
(16, 7)
2903
(16, 7)
2904
(16, 5)
2905
(16, 5)
2906
(16, 8)
2907
(16, 8)
2908
(16, 8)
2909
(16, 8)
2910
(16, 8)
2911
(16, 8)
2912
(16, 8)
2913
(16, 5)
2914
(16, 5)
2915
(16, 4)
2916
(16, 4)
2917
(16, 4)
2918
(16, 9)
2919
(16, 9)
2920
(16, 9)
2921
(16, 9)
2922
(16, 9)
2923
(16, 9)
2924
(16, 9)
2925
(16, 4)
2926
(16, 4)
2927
(16, 4)
2928
(16, 3)
2929
(16, 3)
2930
(16, 3)
2931
(16, 10)
2932
(16, 10)
2933
(16, 10)
2934
(16, 10)
2935
(16, 10)
2936
(16, 10)
2937
(16, 10)
2938
(16, 3)
2939
(16, 3)
2940
(16, 3)
2941
(16, 3)
2942
(16, 3)
2943
(16, 3)
2944
(16, 3)
2945
(16, 3)
2946
(16, 3)
2947
(16, 2)
2948
(16, 2)
2949
(17, 1)
2950
(17, 1)
2951
(16, 2)
2952
(16, 3)
2953
(16, 3)
2954
(16, 2)
2955
(16, 3)
2956
(16, 3)
2957
(16, 3)
2958
(16, 3)
2959
(16, 3)
2960
(16, 3)
2961
(16, 3)
2962
(16, 3)
2963
(16, 3)
2964
(16, 3)
2965
(17, 1)
2966
(16, 2)
2967
(16, 3)
2968
(16, 3)
2969
(16, 3)
2970
(16, 3)
2971
(16, 3)
2972
(16, 3)
2973
(16, 3)
2974
(16, 3)
2975
(16, 3)
2976
(16, 3)
2977
(16, 2)
2978
(16, 3)
2979
(16, 2)
2980
(16, 3)
2981
(16, 2)
2982
(16, 2)
2983
(16, 3)
2984
(16, 2)
2985
(16, 2)
2986
(16, 2)
2987
(16, 2)
2988
(16, 2)
2989
(16, 2)
2990
(16, 2)
2991
(16, 2)
2992
(16, 2)
2993
(16, 2)
2994
(16, 2)
2995
(16, 2)
2996
(16, 2)
2997
(16, 3)
2998
(16, 3)
2999
(16, 3)
3000
(16, 3)
defaultdict(<function <lambda> at 0x2afce2581de8>, {(16, 6): 7, (20, 3): 144, (16, 9): 14, (14, 4): 20, (21, 2): 154, (16, 2): 81, (15, 1): 5, (23, 3): 21, (17, 3): 115, (18, 1): 77, (22, 2): 150, (16, 10): 14, (14, 5): 20, (13, 3): 7, (21, 1): 103, (16, 3): 145, (16, 4): 15, (23, 2): 102, (17, 2): 150, (19, 3): 138, (22, 3): 150, (18, 2): 151, (20, 1): 67, (17, 1): 32, (16, 7): 21, (14, 6): 9, (19, 2): 153, (23, 1): 147, (16, 5): 14, (14, 2): 3, (18, 3): 128, (20, 2): 150, (16, 8): 14, (21, 3): 155, (16, 1): 4, (14, 3): 47, (22, 1): 123, (19, 1): 150})
3001
(16, 3)
3002
(16, 4)
3003
(16, 4)
3004
(16, 5)
3005
(16, 5)
3006
(16, 6)
3007
(16, 7)
3008
(16, 7)
3009
(16, 7)
3010
(16, 7)
3011
(16, 6)
3012
(16, 6)
3013
(16, 7)
3014
(16, 7)
3015
(16, 7)
3016
(16, 7)
3017
(16, 7)
3018
(16, 7)
3019
(16, 7)
3020
(16, 5)
3021
(16, 5)
3022
(16, 5)
3023
(16, 8)
3024
(16, 8)
3025
(16, 8)
3026
(16, 5)
3027
(16, 5)
3028
(16, 5)
3029
(16, 4)
3030
(16, 4)
3031
(16, 9)
3032
(16, 9)
3033
(16, 9)
3034
(16, 9)
3035
(16, 9)
3036
(16, 9)
3037
(16, 9)
3038
(16, 4)
3039
(16, 4)
3040
(16, 3)
3041
(16, 3)
3042
(16, 10)
3043
(16, 10)
3044
(16, 10)
3045
(16, 10)
3046
(16, 10)
3047
(16, 10)
3048
(16, 10)
3049
(16, 3)
3050
(16, 3)
3051
(16, 2)
3052
(16, 2)
3053
(16, 2)
3054
(16, 2)
3055
(16, 2)
3056
(17, 1)
3057
(16, 2)
3058
(16, 2)
3059
(16, 2)
3060
(16, 2)
3061
(16, 2)
3062
(16, 2)
3063
(16, 2)
3064
(16, 2)
3065
(16, 2)
3066
(16, 2)
3067
(17, 1)
3068
(15, 3)
3069
(15, 3)
3070
(15, 3)
3071
(15, 3)
3072
(15, 3)
3073
(15, 4)
3074
(15, 4)
3075
(15, 5)
3076
(15, 5)
3077
(15, 6)
3078
(15, 7)
3079
(15, 7)
3080
(15, 7)
3081
(15, 7)
3082
(15, 6)
3083
(15, 6)
3084
(15, 6)
3085
(15, 7)
3086
(15, 7)
3087
(15, 7)
3088
(15, 7)
3089
(15, 7)
3090
(15, 7)
3091
(15, 5)
3092
(15, 5)
3093
(15, 8)
3094
(15, 8)
3095
(15, 8)
3096
(15, 8)
3097
(15, 8)
3098
(15, 8)
3099
(15, 8)
3100
(15, 5)
3101
(15, 5)
3102
(15, 5)
3103
(15, 4)
3104
(15, 4)
3105
(15, 4)
3106
(15, 9)
3107
(15, 9)
3108
(15, 9)
3109
(15, 9)
3110
(15, 9)
3111
(15, 9)
3112
(15, 9)
3113
(15, 4)
3114
(15, 4)
3115
(15, 3)
3116
(15, 3)
3117
(15, 10)
3118
(15, 10)
3119
(15, 10)
3120
(15, 10)
3121
(15, 10)
3122
(15, 10)
3123
(15, 10)
3124
(15, 3)
3125
(15, 3)
3126
(15, 3)
3127
(15, 3)
3128
(15, 3)
3129
(15, 3)
3130
(17, 1)
3131
(15, 3)
3132
(15, 3)
3133
(15, 3)
3134
(16, 2)
3135
(16, 2)
3136
(16, 2)
3137
(15, 3)
3138
(15, 3)
3139
(15, 3)
3140
(15, 3)
3141
(15, 3)
3142
(15, 4)
3143
(15, 4)
3144
(15, 5)
3145
(15, 5)
3146
(15, 6)
3147
(15, 7)
3148
(15, 7)
3149
(15, 7)
3150
(15, 7)
3151
(15, 6)
3152
(15, 6)
3153
(15, 6)
3154
(15, 7)
3155
(15, 7)
3156
(15, 7)
3157
(15, 7)
3158
(15, 7)
3159
(15, 7)
3160
(15, 7)
3161
(15, 5)
3162
(15, 5)
3163
(15, 8)
3164
(15, 8)
3165
(15, 8)
3166
(15, 8)
3167
(15, 8)
3168
(15, 8)
3169
(15, 8)
3170
(15, 5)
3171
(15, 5)
3172
(15, 5)
3173
(15, 4)
3174
(15, 4)
3175
(15, 4)
3176
(15, 9)
3177
(15, 9)
3178
(15, 9)
3179
(15, 9)
3180
(15, 9)
3181
(15, 9)
3182
(15, 9)
3183
(15, 4)
3184
(15, 4)
3185
(15, 3)
3186
(15, 3)
3187
(15, 3)
3188
(15, 10)
3189
(15, 10)
3190
(15, 10)
3191
(15, 10)
3192
(15, 10)
3193
(15, 10)
3194
(15, 10)
3195
(15, 3)
3196
(15, 3)
3197
(15, 3)
3198
(15, 3)
3199
(15, 3)
3200
(15, 3)
3201
(15, 3)
3202
(15, 3)
3203
(15, 3)
3204
(15, 3)
3205
(17, 1)
3206
(16, 2)
3207
(16, 2)
3208
(16, 2)
3209
(15, 3)
3210
(16, 2)
3211
(15, 3)
3212
(15, 3)
3213
(15, 3)
3214
(15, 3)
3215
(17, 1)
3216
(16, 2)
3217
(15, 3)
3218
(15, 3)
3219
(17, 1)
3220
(17, 1)
3221
(17, 1)
3222
(17, 1)
3223
(17, 1)
3224
(17, 1)
3225
(17, 1)
3226
(17, 1)
3227
(17, 1)
3228
(17, 1)
3229
(17, 1)
3230
(17, 1)
3231
(17, 1)
3232
(17, 1)
3233
(17, 1)
3234
(15, 3)
3235
(15, 3)
3236
(15, 3)
3237
(15, 3)
3238
(16, 2)
3239
(16, 2)
3240
(15, 2)
3241
(15, 3)
3242
(15, 2)
3243
(15, 3)
3244
(16, 2)
3245
(15, 2)
3246
(15, 3)
3247
(16, 2)
3248
(16, 2)
3249
(17, 1)
3250
(17, 1)
3251
(17, 1)
3252
(18, 1)
3253
(18, 1)
3254
(18, 1)
3255
(18, 1)
3256
(18, 1)
3257
(15, 2)
3258
(15, 2)
3259
(15, 2)
3260
(15, 2)
3261
(16, 2)
3262
(16, 2)
3263
(16, 2)
3264
(16, 2)
3265
(16, 2)
3266
(16, 2)
3267
(16, 2)
3268
(16, 2)
3269
(16, 2)
3270
(16, 2)
3271
(16, 2)
3272
(16, 2)
3273
(16, 2)
3274
(16, 2)
3275
(16, 2)
3276
(16, 2)
3277
(16, 2)
3278
(16, 2)
3279
(16, 2)
3280
(16, 2)
3281
(16, 2)
3282
(16, 2)
3283
(15, 3)
3284
(15, 3)
3285
(15, 3)
3286
(15, 3)
3287
(15, 3)
3288
(15, 4)
3289
(15, 4)
3290
(15, 5)
3291
(15, 5)
3292
(15, 6)
3293
(15, 7)
3294
(15, 7)
3295
(15, 7)
3296
(15, 6)
3297
(15, 6)
3298
(15, 6)
3299
(15, 7)
3300
(15, 7)
3301
(15, 7)
3302
(15, 7)
3303
(15, 7)
3304
(15, 7)
3305
(15, 7)
3306
(15, 5)
3307
(15, 5)
3308
(15, 5)
3309
(15, 8)
3310
(15, 8)
3311
(15, 8)
3312
(15, 8)
3313
(15, 8)
3314
(15, 8)
3315
(15, 8)
3316
(15, 5)
3317
(15, 5)
3318
(15, 4)
3319
(15, 4)
3320
(15, 9)
3321
(15, 9)
3322
(15, 9)
3323
(15, 9)
3324
(15, 9)
3325
(15, 9)
3326
(15, 9)
3327
(15, 4)
3328
(15, 4)
3329
(15, 4)
3330
(15, 3)
3331
(15, 3)
3332
(15, 3)
3333
(15, 10)
3334
(15, 10)
3335
(15, 10)
3336
(15, 10)
3337
(15, 10)
3338
(15, 10)
3339
(15, 10)
3340
(15, 3)
3341
(15, 3)
3342
(15, 3)
3343
(15, 3)
3344
(15, 3)
3345
(15, 3)
3346
(15, 3)
3347
(15, 3)
3348
(16, 2)
3349
(16, 2)
3350
(15, 3)
3351
(15, 3)
3352
(15, 3)
3353
(15, 3)
3354
(15, 3)
3355
(15, 3)
3356
(17, 1)
3357
(16, 1)
3358
(16, 2)
3359
(16, 2)
3360
(16, 2)
3361
(15, 3)
3362
(15, 3)
3363
(15, 3)
3364
(15, 3)
3365
(15, 3)
3366
(15, 4)
3367
(15, 4)
3368
(15, 5)
3369
(15, 5)
3370
(15, 6)
3371
(15, 7)
3372
(15, 7)
3373
(15, 7)
3374
(15, 7)
3375
(15, 6)
3376
(15, 6)
3377
(15, 6)
3378
(15, 7)
3379
(15, 7)
3380
(15, 7)
3381
(15, 7)
3382
(15, 7)
3383
(15, 7)
3384
(15, 7)
3385
(15, 5)
3386
(15, 5)
3387
(15, 8)
3388
(15, 8)
3389
(15, 8)
3390
(15, 8)
3391
(15, 8)
3392
(15, 8)
3393
(15, 8)
3394
(15, 5)
3395
(15, 5)
3396
(15, 4)
3397
(15, 4)
3398
(15, 4)
3399
(15, 9)
3400
(15, 9)
3401
(15, 9)
3402
(15, 9)
3403
(15, 9)
3404
(15, 9)
3405
(15, 9)
3406
(15, 4)
3407
(15, 4)
3408
(15, 3)
3409
(15, 3)
3410
(15, 10)
3411
(15, 10)
3412
(15, 10)
3413
(15, 10)
3414
(15, 10)
3415
(15, 10)
3416
(15, 10)
3417
(15, 3)
3418
(15, 3)
3419
(15, 3)
3420
(15, 3)
3421
(15, 3)
3422
(15, 3)
3423
(15, 3)
3424
(15, 3)
3425
(15, 3)
3426
(15, 3)
3427
(17, 1)
3428
(17, 1)
3429
(17, 1)
3430
(16, 2)
3431
(16, 2)
3432
(15, 3)
3433
(15, 3)
3434
(17, 1)
3435
(15, 3)
3436
(15, 3)
3437
(17, 1)
3438
(17, 1)
3439
(16, 2)
3440
(16, 2)
3441
(16, 2)
3442
(16, 2)
3443
(16, 2)
3444
(16, 2)
3445
(16, 2)
3446
(16, 2)
3447
(16, 2)
3448
(16, 2)
3449
(16, 2)
3450
(16, 2)
3451
(16, 2)
3452
(16, 2)
3453
(16, 2)
3454
(16, 1)
3455
(17, 1)
3456
(17, 1)
3457
(17, 1)
3458
(17, 1)
3459
(17, 1)
3460
(17, 1)
3461
(16, 1)
3462
(15, 2)
3463
(15, 2)
3464
(15, 2)
3465
(16, 1)
3466
(16, 1)
3467
(15, 2)
3468
(16, 1)
3469
(16, 1)
3470
(16, 1)
3471
(17, 1)
3472
(17, 1)
3473
(17, 1)
3474
(17, 1)
3475
(17, 1)
3476
(17, 1)
3477
(17, 1)
3478
(16, 1)
3479
(16, 1)
3480
(17, 1)
3481
(17, 1)
3482
(17, 1)
3483
(17, 1)
3484
(17, 1)
3485
(17, 1)
3486
(17, 1)
3487
(17, 1)
3488
(17, 1)
3489
(17, 1)
3490
(17, 1)
3491
(17, 1)
3492
(17, 1)
3493
(17, 1)
3494
(17, 1)
3495
(17, 1)
3496
(17, 1)
3497
(17, 1)
3498
(17, 1)
3499
(16, 1)
3500
(16, 1)
defaultdict(<function <lambda> at 0x2afce2581de8>, {(16, 6): 10, (20, 3): 144, (16, 9): 21, (14, 4): 20, (21, 2): 154, (16, 2): 153, (15, 1): 5, (23, 3): 21, (17, 3): 115, (15, 8): 28, (15, 5): 27, (18, 1): 82, (22, 2): 150, (16, 10): 21, (14, 5): 20, (13, 3): 7, (21, 1): 103, (16, 3): 150, (16, 4): 21, (23, 2): 102, (17, 2): 150, (19, 3): 138, (15, 4): 28, (22, 3): 150, (15, 10): 28, (18, 2): 151, (15, 3): 91, (20, 1): 67, (17, 1): 94, (16, 7): 32, (14, 6): 9, (19, 2): 153, (15, 7): 42, (23, 1): 147, (16, 5): 22, (14, 2): 3, (18, 3): 128, (15, 2): 11, (20, 2): 150, (16, 8): 17, (21, 3): 155, (16, 1): 16, (15, 6): 16, (15, 9): 28, (14, 3): 47, (22, 1): 123, (19, 1): 150})
3501
(16, 1)
3502
(16, 1)
3503
(16, 1)
3504
(15, 2)
3505
(15, 2)
3506
(15, 2)
3507
(16, 1)
3508
(15, 2)
3509
(15, 2)
3510
(16, 1)
3511
(15, 2)
3512
(15, 2)
3513
(16, 1)
3514
(15, 2)
3515
(16, 1)
3516
(16, 1)
3517
(16, 1)
3518
(16, 1)
3519
(15, 2)
3520
(15, 2)
3521
(16, 1)
3522
(16, 1)
3523
(16, 1)
3524
(16, 1)
3525
(16, 1)
3526
(16, 1)
3527
(16, 1)
3528
(15, 2)
3529
(15, 2)
3530
(16, 1)
3531
(15, 2)
3532
(16, 1)
3533
(16, 1)
3534
(16, 1)
3535
(16, 1)
3536
(15, 2)
3537
(16, 1)
3538
(16, 1)
3539
(16, 1)
3540
(16, 1)
3541
(16, 1)
3542
(16, 1)
3543
(16, 1)
3544
(16, 1)
3545
(16, 1)
3546
(16, 1)
3547
(16, 1)
3548
(16, 1)
3549
(16, 1)
3550
(16, 1)
3551
(16, 1)
3552
(16, 1)
3553
(16, 1)
3554
(16, 1)
3555
(16, 1)
3556
(16, 1)
3557
(16, 1)
3558
(16, 1)
3559
(16, 1)
3560
(16, 1)
3561
(16, 1)
3562
(16, 1)
3563
(16, 1)
3564
(16, 1)
3565
(16, 1)
3566
(16, 1)
3567
(16, 1)
3568
(16, 1)
3569
(16, 1)
3570
(16, 1)
3571
(16, 1)
3572
(16, 1)
3573
(16, 1)
3574
(16, 1)
3575
(16, 1)
3576
(16, 1)
3577
(16, 1)
3578
(16, 1)
3579
(16, 1)
3580
(16, 1)
3581
(16, 1)
3582
(16, 1)
3583
(16, 1)
3584
(16, 1)
3585
(16, 1)
3586
(16, 1)
3587
(15, 2)
3588
(16, 1)
3589
(15, 2)
3590
(15, 2)
3591
(16, 1)
3592
(16, 1)
3593
(16, 1)
3594
(16, 1)
3595
(16, 1)
3596
(16, 1)
3597
(16, 1)
3598
(16, 1)
3599
(16, 1)
3600
(16, 1)
3601
(16, 1)
3602
(16, 1)
3603
(16, 1)
3604
(16, 1)
3605
(16, 1)
3606
(16, 1)
3607
(16, 1)
3608
(16, 1)
3609
(16, 1)
3610
(16, 1)
3611
(16, 1)
3612
(15, 2)
3613
(16, 1)
3614
(16, 1)
3615
(15, 2)
3616
(15, 1)
3617
(16, 1)
3618
(15, 1)
3619
(16, 1)
3620
(16, 1)
3621
(16, 1)
3622
(16, 1)
3623
(16, 1)
3624
(16, 1)
3625
(16, 1)
3626
(16, 1)
3627
(16, 1)
3628
(16, 1)
3629
(16, 1)
3630
(16, 1)
3631
(16, 1)
3632
(16, 1)
3633
(16, 1)
3634
(16, 1)
3635
(16, 1)
3636
(16, 1)
3637
(16, 1)
3638
(16, 1)
3639
(16, 1)
3640
(16, 1)
3641
(16, 1)
3642
(15, 1)
3643
(15, 1)
3644
(15, 1)
3645
(15, 1)
3646
(15, 1)
3647
(15, 1)
3648
(15, 1)
3649
(15, 1)
3650
(15, 1)
3651
(15, 1)
3652
(15, 1)
3653
(15, 1)
3654
(15, 1)
3655
(15, 1)
3656
(15, 1)
3657
(15, 1)
3658
(15, 1)
3659
(15, 1)
3660
(15, 1)
3661
(15, 1)
3662
(15, 1)
3663
(15, 1)
3664
(15, 1)
3665
(15, 1)
3666
(15, 1)
3667
(15, 1)
3668
(15, 1)
3669
(15, 1)
3670
(14, 2)
3671
(15, 1)
3672
(15, 1)
3673
(15, 1)
3674
(15, 1)
3675
(15, 1)
3676
(15, 1)
3677
(15, 1)
3678
(13, 3)
3679
(14, 3)
3680
(14, 3)
3681
(14, 3)
3682
(14, 3)
3683
(14, 3)
3684
(14, 3)
3685
(14, 3)
3686
(14, 2)
3687
(14, 3)
3688
(14, 3)
3689
(14, 3)
3690
(14, 3)
3691
(14, 3)
3692
(14, 2)
3693
(14, 3)
3694
(14, 2)
3695
(15, 1)
3696
(15, 1)
3697
(15, 1)
3698
(15, 1)
3699
(15, 1)
3700
(16, 1)
3701
(16, 1)
3702
(16, 1)
3703
(16, 1)
3704
(14, 2)
3705
(13, 3)
3706
(14, 3)
3707
(14, 2)
3708
(14, 2)
3709
(13, 3)
3710
(13, 3)
3711
(13, 3)
3712
(13, 3)
3713
(13, 3)
3714
(13, 3)
3715
(14, 1)
3716
(14, 1)
3717
(14, 1)
3718
(14, 1)
3719
(14, 2)
3720
(14, 2)
3721
(14, 3)
3722
(14, 1)
3723
(14, 2)
3724
(14, 2)
3725
(14, 1)
3726
(14, 2)
3727
(14, 2)
3728
(14, 1)
3729
(14, 1)
3730
(14, 1)
3731
(15, 1)
3732
(15, 1)
3733
(15, 1)
3734
(14, 2)
3735
(14, 1)
3736
(14, 1)
3737
(14, 2)
3738
(14, 2)
3739
(13, 2)
3740
(13, 2)
3741
(13, 2)
3742
(14, 1)
3743
(14, 2)
3744
(14, 2)
3745
(14, 2)
3746
(14, 2)
3747
(14, 2)
3748
(13, 3)
3749
(13, 3)
3750
(14, 2)
3751
(13, 3)
3752
(13, 3)
3753
(14, 2)
3754
(13, 3)
3755
(13, 3)
3756
(13, 3)
3757
(13, 3)
3758
(13, 3)
3759
(13, 3)
3760
(13, 3)
3761
(14, 1)
3762
(14, 1)
3763
(15, 1)
3764
(15, 1)
3765
(15, 1)
3766
(15, 1)
3767
(15, 1)
3768
(16, 1)
3769
(16, 1)
3770
(14, 1)
3771
(14, 1)
3772
(15, 1)
3773
(15, 1)
3774
(15, 1)
3775
(15, 1)
3776
(15, 1)
3777
(16, 1)
3778
(16, 1)
3779
(14, 1)
3780
(14, 1)
3781
(14, 1)
3782
(14, 1)
3783
(13, 2)
3784
(13, 2)
3785
(13, 2)
3786
(14, 1)
3787
(13, 2)
3788
(13, 2)
3789
(13, 2)
3790
(13, 2)
3791
(13, 3)
3792
(13, 3)
3793
(13, 3)
3794
(13, 3)
3795
(13, 3)
3796
(13, 3)
3797
(13, 3)
3798
(13, 3)
3799
(13, 3)
3800
(13, 3)
3801
(13, 3)
3802
(13, 3)
3803
(14, 2)
3804
(14, 2)
3805
(14, 2)
3806
(14, 2)
3807
(14, 2)
3808
(14, 2)
3809
(14, 1)
3810
(13, 2)
3811
(14, 1)
3812
(14, 1)
3813
(14, 1)
3814
(14, 1)
3815
(14, 1)
3816
(13, 2)
3817
(13, 2)
3818
(13, 2)
3819
(14, 1)
3820
(14, 1)
3821
(14, 1)
3822
(14, 1)
3823
(14, 1)
3824
(15, 1)
3825
(15, 1)
3826
(15, 1)
3827
(15, 1)
3828
(15, 1)
3829
(16, 1)
3830
(16, 1)
3831
(14, 1)
3832
(14, 1)
3833
(15, 1)
3834
(15, 1)
3835
(15, 1)
3836
(15, 1)
3837
(15, 1)
3838
(16, 1)
3839
(16, 1)
3840
(13, 3)
3841
(13, 3)
3842
(13, 3)
3843
(14, 1)
3844
(14, 1)
3845
(15, 1)
3846
(15, 1)
3847
(15, 1)
3848
(15, 1)
3849
(15, 1)
3850
(16, 1)
3851
(16, 1)
3852
(13, 3)
3853
(13, 3)
3854
(13, 3)
3855
(13, 3)
3856
(13, 3)
3857
(13, 3)
3858
(13, 3)
3859
(13, 3)
3860
(13, 3)
3861
(13, 3)
3862
(14, 1)
3863
(14, 1)
3864
(14, 1)
3865
(14, 1)
3866
(14, 1)
3867
(13, 2)
3868
(13, 2)
3869
(13, 2)
3870
(13, 2)
3871
(13, 2)
3872
(13, 2)
3873
(13, 2)
3874
(13, 2)
3875
(14, 1)
3876
(14, 1)
3877
(13, 2)
3878
(14, 1)
3879
(13, 2)
3880
(14, 1)
3881
(14, 1)
3882
(12, 3)
3883
(12, 3)
3884
(12, 3)
3885
(12, 3)
3886
(12, 3)
3887
(12, 3)
3888
(12, 3)
3889
(13, 1)
3890
(13, 1)
3891
(13, 2)
3892
(13, 2)
3893
(13, 3)
3894
(13, 1)
3895
(13, 2)
3896
(13, 2)
3897
(13, 3)
3898
(13, 1)
3899
(13, 1)
3900
(13, 2)
3901
(13, 2)
3902
(13, 3)
3903
(13, 1)
3904
(13, 2)
3905
(13, 2)
3906
(13, 2)
3907
(13, 2)
3908
(13, 2)
3909
(13, 2)
3910
(13, 2)
3911
(13, 2)
3912
(13, 2)
3913
(13, 2)
3914
(13, 2)
3915
(13, 2)
3916
(13, 1)
3917
(13, 1)
3918
(13, 1)
3919
(12, 3)
3920
(12, 3)
3921
(12, 3)
3922
(12, 3)
3923
(12, 3)
3924
(12, 3)
3925
(12, 3)
3926
(12, 3)
3927
(12, 3)
3928
(12, 3)
3929
(13, 2)
3930
(13, 2)
3931
(13, 2)
3932
(12, 2)
3933
(12, 2)
3934
(12, 2)
3935
(12, 2)
3936
(12, 2)
3937
(12, 3)
3938
(12, 3)
3939
(12, 3)
3940
(12, 3)
3941
(12, 3)
3942
(12, 3)
3943
(12, 3)
3944
(12, 4)
3945
(12, 4)
3946
(12, 4)
3947
(12, 4)
3948
(12, 4)
3949
(12, 4)
3950
(12, 5)
3951
(13, 5)
3952
(13, 5)
3953
(13, 5)
3954
(13, 5)
3955
(13, 5)
3956
(13, 5)
3957
(13, 6)
3958
(13, 6)
3959
(13, 6)
3960
(13, 6)
3961
(13, 6)
3962
(13, 6)
3963
(13, 6)
3964
(13, 6)
3965
(13, 6)
3966
(13, 6)
3967
(13, 6)
3968
(13, 6)
3969
(13, 6)
3970
(14, 6)
3971
(14, 6)
3972
(14, 6)
3973
(14, 6)
3974
(14, 6)
3975
(14, 6)
3976
(14, 6)
3977
(15, 7)
3978
(15, 7)
3979
(15, 7)
3980
(15, 7)
3981
(15, 7)
3982
(15, 7)
3983
(15, 7)
3984
(15, 7)
3985
(15, 7)
3986
(15, 7)
3987
(14, 6)
3988
(15, 6)
3989
(15, 7)
3990
(15, 7)
3991
(15, 7)
3992
(15, 7)
3993
(15, 7)
3994
(15, 7)
3995
(15, 7)
3996
(15, 7)
3997
(15, 7)
3998
(15, 6)
3999
(15, 6)
4000
(15, 7)
defaultdict(<function <lambda> at 0x2afce2581de8>, {(16, 6): 10, (20, 3): 144, (16, 9): 21, (14, 4): 20, (21, 2): 154, (16, 2): 153, (15, 1): 75, (12, 5): 1, (23, 3): 21, (17, 3): 115, (15, 8): 28, (15, 5): 27, (18, 1): 82, (12, 2): 5, (22, 2): 150, (16, 10): 21, (14, 5): 20, (13, 3): 54, (21, 1): 103, (16, 3): 150, (16, 4): 21, (23, 2): 102, (17, 2): 150, (14, 1): 46, (19, 3): 138, (15, 4): 28, (12, 3): 24, (22, 3): 150, (15, 10): 28, (13, 2): 45, (18, 2): 151, (15, 3): 91, (20, 1): 67, (17, 1): 94, (16, 7): 32, (14, 6): 17, (13, 6): 13, (19, 2): 153, (15, 7): 62, (23, 1): 147, (16, 5): 22, (14, 2): 32, (13, 1): 9, (18, 3): 128, (15, 2): 30, (20, 2): 150, (16, 8): 17, (13, 5): 6, (21, 3): 155, (16, 1): 150, (15, 6): 19, (12, 4): 6, (15, 9): 28, (14, 3): 62, (22, 1): 123, (19, 1): 150})
4001
(15, 7)
4002
(15, 7)
4003
(15, 7)
4004
(15, 7)
4005
(15, 7)
4006
(15, 7)
4007
(15, 7)
4008
(15, 7)
4009
(15, 7)
4010
(15, 7)
4011
(15, 7)
4012
(15, 6)
4013
(15, 7)
4014
(15, 7)
4015
(15, 7)
4016
(15, 7)
4017
(15, 7)
4018
(15, 7)
4019
(15, 7)
4020
(15, 7)
4021
(15, 7)
4022
(15, 7)
4023
(15, 7)
4024
(15, 7)
4025
(15, 7)
4026
(15, 7)
4027
(15, 7)
4028
(15, 7)
4029
(15, 7)
4030
(15, 6)
4031
(15, 7)
4032
(15, 6)
4033
(15, 7)
4034
(15, 7)
4035
(15, 7)
4036
(15, 7)
4037
(16, 5)
4038
(16, 5)
4039
(16, 5)
4040
(16, 5)
4041
(16, 5)
4042
(16, 5)
4043
(17, 5)
4044
(17, 6)
4045
(17, 6)
4046
(17, 6)
4047
(17, 6)
4048
(17, 6)
4049
(17, 6)
4050
(17, 6)
4051
(17, 6)
4052
(17, 7)
4053
(17, 7)
4054
(17, 7)
4055
(17, 7)
4056
(17, 6)
4057
(17, 6)
4058
(17, 7)
4059
(17, 7)
4060
(17, 7)
4061
(17, 7)
4062
(17, 7)
4063
(17, 7)
4064
(17, 6)
4065
(17, 6)
4066
(17, 6)
4067
(17, 6)
4068
(17, 6)
4069
(17, 6)
4070
(17, 7)
4071
(17, 7)
4072
(17, 7)
4073
(17, 7)
4074
(17, 7)
4075
(17, 7)
4076
(17, 7)
4077
(17, 6)
4078
(17, 6)
4079
(17, 6)
4080
(17, 6)
4081
(17, 7)
4082
(17, 7)
4083
(17, 7)
4084
(17, 6)
4085
(17, 6)
4086
(17, 6)
4087
(17, 7)
4088
(17, 7)
4089
(17, 7)
4090
(17, 7)
4091
(17, 7)
4092
(17, 7)
4093
(17, 7)
4094
(17, 6)
4095
(17, 6)
4096
(17, 6)
4097
(17, 6)
4098
(17, 6)
4099
(17, 7)
4100
(17, 7)
4101
(17, 7)
4102
(17, 7)
4103
(17, 7)
4104
(17, 7)
4105
(17, 7)
4106
(17, 5)
4107
(17, 8)
4108
(17, 8)
4109
(17, 8)
4110
(17, 8)
4111
(17, 8)
4112
(17, 8)
4113
(17, 8)
4114
(18, 5)
4115
(17, 6)
4116
(17, 6)
4117
(17, 6)
4118
(17, 6)
4119
(17, 6)
4120
(17, 6)
4121
(17, 6)
4122
(17, 6)
4123
(17, 6)
4124
(17, 7)
4125
(17, 7)
4126
(17, 7)
4127
(17, 7)
4128
(17, 6)
4129
(17, 6)
4130
(17, 7)
4131
(17, 6)
4132
(17, 7)
4133
(17, 7)
4134
(17, 7)
4135
(17, 7)
4136
(17, 7)
4137
(17, 7)
4138
(17, 6)
4139
(17, 6)
4140
(17, 6)
4141
(17, 6)
4142
(17, 6)
4143
(17, 6)
4144
(17, 6)
4145
(17, 7)
4146
(17, 7)
4147
(17, 7)
4148
(17, 6)
4149
(17, 6)
4150
(17, 6)
4151
(17, 6)
4152
(17, 7)
4153
(17, 7)
4154
(17, 7)
4155
(17, 7)
4156
(17, 7)
4157
(17, 7)
4158
(17, 7)
4159
(17, 8)
4160
(17, 8)
4161
(17, 8)
4162
(17, 8)
4163
(17, 8)
4164
(17, 8)
4165
(17, 8)
4166
(17, 5)
4167
(17, 6)
4168
(17, 6)
4169
(17, 6)
4170
(17, 6)
4171
(17, 6)
4172
(17, 6)
4173
(17, 7)
4174
(17, 7)
4175
(17, 7)
4176
(17, 6)
4177
(17, 6)
4178
(17, 6)
4179
(17, 6)
4180
(17, 6)
4181
(17, 6)
4182
(17, 6)
4183
(17, 6)
4184
(17, 7)
4185
(17, 7)
4186
(17, 7)
4187
(17, 7)
4188
(17, 6)
4189
(17, 6)
4190
(17, 6)
4191
(17, 6)
4192
(17, 6)
4193
(17, 6)
4194
(17, 6)
4195
(17, 6)
4196
(18, 6)
4197
(18, 6)
4198
(18, 7)
4199
(18, 7)
4200
(18, 7)
4201
(18, 7)
4202
(18, 7)
4203
(18, 7)
4204
(18, 7)
4205
(18, 7)
4206
(18, 7)
4207
(18, 7)
4208
(18, 6)
4209
(18, 6)
4210
(18, 7)
4211
(18, 7)
4212
(18, 7)
4213
(18, 7)
4214
(18, 7)
4215
(18, 7)
4216
(18, 7)
4217
(17, 6)
4218
(17, 6)
4219
(17, 7)
4220
(17, 7)
4221
(17, 7)
4222
(17, 7)
4223
(17, 7)
4224
(17, 7)
4225
(17, 7)
4226
(17, 7)
4227
(17, 7)
4228
(17, 7)
4229
(17, 7)
4230
(17, 6)
4231
(17, 6)
4232
(17, 7)
4233
(17, 7)
4234
(17, 7)
4235
(17, 7)
4236
(17, 7)
4237
(17, 7)
4238
(17, 7)
4239
(18, 7)
4240
(18, 7)
4241
(18, 7)
4242
(18, 7)
4243
(18, 7)
4244
(18, 7)
4245
(18, 7)
4246
(18, 6)
4247
(17, 6)
4248
(17, 6)
4249
(18, 6)
4250
(18, 6)
4251
(18, 6)
4252
(18, 7)
4253
(18, 7)
4254
(18, 7)
4255
(18, 7)
4256
(18, 7)
4257
(18, 7)
4258
(18, 7)
4259
(18, 7)
4260
(18, 7)
4261
(18, 7)
4262
(18, 7)
4263
(18, 7)
4264
(18, 7)
4265
(18, 7)
4266
(18, 7)
4267
(18, 7)
4268
(18, 7)
4269
(18, 6)
4270
(18, 6)
4271
(18, 7)
4272
(18, 7)
4273
(18, 7)
4274
(18, 7)
4275
(18, 7)
4276
(18, 6)
4277
(18, 7)
4278
(18, 7)
4279
(18, 7)
4280
(18, 7)
4281
(18, 7)
4282
(18, 7)
4283
(18, 7)
4284
(18, 7)
4285
(18, 7)
4286
(18, 7)
4287
(18, 7)
4288
(18, 7)
4289
(18, 6)
4290
(17, 6)
4291
(17, 6)
4292
(17, 7)
4293
(17, 7)
4294
(17, 7)
4295
(17, 7)
4296
(17, 7)
4297
(17, 7)
4298
(17, 7)
4299
(17, 7)
4300
(17, 7)
4301
(17, 7)
4302
(17, 7)
4303
(18, 8)
4304
(18, 8)
4305
(18, 8)
4306
(18, 5)
4307
(18, 8)
4308
(18, 8)
4309
(18, 8)
4310
(18, 8)
4311
(18, 5)
4312
(19, 5)
4313
(19, 5)
4314
(19, 5)
4315
(19, 5)
4316
(19, 5)
4317
(20, 5)
4318
(20, 5)
4319
(20, 5)
4320
(20, 5)
4321
(21, 6)
4322
(21, 6)
4323
(21, 6)
4324
(21, 6)
4325
(21, 6)
4326
(22, 6)
     $$$$$$$$$$$$$$$$$$$$$$$$$
     $88888888888888888888888$
     $88888888888888888888888$
     $88888888888888888888888$
     $$$$$$$$888$$$888$$$$$$$$
     $88888888888$888$$888888$
     $88888888888$888$$8888$8$
     $888888888888888$$888888$
     $$$$$88888$$$$$8$$88$$$$$
     $8$8888888888888888888$8$
     $8$8888888888888888888$8$
     $88888888888888888888888$
     $$$$$$$$$$$$$$$$$$$$$$$$$

WIN!
defaultdict(<function <lambda> at 0x2afce2581de8>, {(16, 6): 10, (17, 8): 14, (20, 3): 144, (17, 7): 91, (16, 9): 21, (14, 4): 20, (21, 2): 154, (16, 2): 153, (15, 1): 75, (12, 5): 1, (23, 3): 21, (17, 3): 115, (15, 8): 28, (22, 6): 1, (21, 6): 5, (18, 8): 7, (15, 5): 27, (18, 1): 82, (12, 2): 5, (22, 2): 150, (17, 6): 81, (16, 10): 21, (14, 5): 20, (13, 3): 54, (21, 1): 103, (16, 3): 150, (16, 4): 21, (18, 7): 58, (23, 2): 102, (17, 2): 150, (14, 1): 46, (19, 3): 138, (15, 4): 28, (12, 3): 24, (22, 3): 150, (17, 5): 3, (15, 10): 28, (13, 2): 45, (18, 2): 151, (15, 3): 91, (20, 1): 67, (17, 1): 94, (16, 7): 32, (14, 6): 17, (13, 6): 13, (19, 2): 153, (18, 6): 12, (15, 7): 95, (23, 1): 147, (20, 5): 4, (16, 5): 28, (14, 2): 32, (13, 1): 9, (18, 3): 128, (15, 2): 30, (20, 2): 150, (16, 8): 17, (19, 5): 5, (13, 5): 6, (21, 3): 155, (16, 1): 150, (15, 6): 22, (12, 4): 6, (15, 9): 28, (14, 3): 62, (22, 1): 123, (19, 1): 150, (18, 5): 3})
<__main__.Node instance at 0x2afefac002d8>
105
4326
True
553.32653904
