STARTING!
step1
step2
step3
a
b
c
]0;IPython: eshnich/vgdl]0;IPython: eshnich/vgdladded self, <class 'ontology.Immovable'>
added self, <class 'ontology.Passive'>
added self, <class 'core.Resource'>
added parent, <class 'core.Resource'>
added self, <class 'ontology.ResourcePack'>
added self, <class 'ontology.Flicker'>
added self, <class 'ontology.Spreader'>
added self, <class 'ontology.SpriteProducer'>
added self, <class 'ontology.Portal'>
added self, <class 'ontology.SpawnPoint'>
added self, <class 'ontology.RandomNPC'>
added self, <class 'ontology.OrientedSprite'>
added self, <class 'ontology.Conveyor'>
added self, <class 'ontology.Missile'>
added self, <class 'ontology.OrientedFlicker'>
added self, <class 'ontology.Walker'>
added self, <class 'ontology.WalkJumper'>
added self, <class 'ontology.RandomInertial'>
added self, <class 'ontology.RandomMissile'>
added self, <class 'ontology.ErraticMissile'>
added self, <class 'ontology.Bomber'>
added self, <class 'ontology.Chaser'>
added self, <class 'ontology.Fleeing'>
added self, <class 'ontology.AStarChaser'>
added self, <class 'ontology.MovingAvatar'>
added self, <class 'ontology.HorizontalAvatar'>
added self, <class 'ontology.VerticalAvatar'>
added self, <class 'ontology.FlakAvatar'>
added self, <class 'ontology.OrientedAvatar'>
added parent, <class 'ontology.OrientedAvatar'>
added self, <class 'ontology.ShootAvatar'>
added parent, <class 'ontology.ShootAvatar'>
added self, <class 'ontology.AimedAvatar'>
added parent, <class 'ontology.AimedAvatar'>
added self, <class 'ontology.AimedFlakAvatar'>
<class 'ontology.OrientedAvatar'> already in tree.
added self, <class 'ontology.RotatingAvatar'>
added self, <class 'ontology.RotatingFlippingAvatar'>
added self, <class 'ontology.NoisyRotatingFlippingAvatar'>
<class 'ontology.ShootAvatar'> already in tree.
<class 'ontology.AimedAvatar'> already in tree.
<class 'ontology.AimedFlakAvatar'> already in tree.
added self, <class 'ontology.InertialAvatar'>
added self, <class 'ontology.MarioAvatar'>
step4
FINISHED IMPORTS
FINISHED SETTING VALUES
<module 'examples.continuousphysics.montezuma_medium' from 'examples/continuousphysics/montezuma_medium.pyc'>
max nodes 9223372036854775807
1
(11, 3)
2
(10, 3)
3
(10, 3)
4
(10, 3)
5
(10, 3)
6
(10, 3)
7
(10, 3)
8
(10, 3)
9
(10, 3)
10
(10, 3)
11
(10, 3)
12
(10, 3)
13
(10, 3)
14
(10, 3)
15
(10, 3)
16
(10, 3)
17
(10, 3)
18
(9, 3)
19
(10, 3)
20
(10, 3)
21
(10, 3)
22
(9, 3)
23
(9, 3)
24
(9, 3)
25
(9, 3)
26
(9, 3)
27
(9, 3)
28
(9, 3)
29
(9, 3)
30
(9, 3)
31
(9, 3)
32
(9, 3)
33
(9, 3)
34
(9, 3)
35
(9, 3)
36
(9, 3)
37
(9, 3)
38
(9, 3)
39
(9, 3)
40
(9, 3)
41
(9, 3)
42
(9, 3)
43
(9, 3)
44
(9, 3)
45
(9, 3)
46
(9, 3)
47
(9, 3)
48
(9, 3)
49
(9, 3)
50
(9, 3)
51
(9, 3)
52
(9, 3)
53
(9, 3)
54
(9, 3)
55
(9, 3)
56
(9, 3)
57
(9, 3)
58
(9, 3)
59
(9, 3)
60
(8, 3)
61
(8, 3)
62
(8, 3)
63
(8, 3)
64
(8, 3)
65
(8, 3)
66
(8, 3)
67
(8, 3)
68
(8, 3)
69
(8, 3)
70
(8, 3)
71
(8, 3)
72
(8, 3)
73
(8, 3)
74
(8, 3)
75
(8, 3)
76
(8, 3)
77
(8, 3)
78
(8, 3)
79
(8, 3)
80
(8, 3)
81
(8, 3)
82
(8, 3)
83
(8, 3)
84
(8, 3)
85
(8, 3)
86
(8, 3)
87
(8, 3)
88
(8, 3)
89
(8, 3)
90
(8, 3)
91
(8, 3)
92
(8, 3)
93
(8, 3)
94
(8, 3)
95
(8, 3)
96
(8, 3)
97
(8, 3)
98
(7, 3)
99
(7, 3)
100
(7, 3)
101
(7, 3)
102
(7, 3)
103
(7, 3)
104
(7, 3)
105
(7, 3)
106
(7, 3)
107
(7, 3)
108
(7, 3)
109
(7, 3)
110
(7, 3)
111
(7, 3)
112
(7, 3)
113
(7, 3)
114
(7, 3)
115
(7, 3)
116
(7, 3)
117
(7, 3)
118
(7, 3)
119
(7, 3)
120
(7, 3)
121
(7, 3)
122
(7, 3)
123
(7, 3)
124
(7, 3)
125
(7, 3)
126
(7, 3)
127
(7, 3)
128
(7, 3)
129
(7, 3)
130
(7, 3)
131
(7, 3)
132
(7, 3)
133
(7, 3)
134
(7, 3)
135
(7, 3)
136
(7, 3)
137
(6, 3)
138
(7, 3)
139
(6, 3)
140
(6, 3)
141
(6, 3)
142
(6, 3)
143
(6, 3)
144
(6, 3)
145
(6, 3)
146
(6, 3)
147
(6, 3)
148
(6, 3)
149
(6, 3)
150
(6, 3)
151
(6, 3)
152
(6, 3)
153
(6, 3)
154
(6, 3)
155
(6, 3)
156
(6, 3)
157
(6, 3)
158
(6, 3)
159
(6, 3)
160
(6, 3)
161
(6, 3)
162
(6, 3)
163
(6, 3)
164
(6, 3)
165
(6, 3)
166
(6, 3)
167
(6, 3)
168
(6, 3)
169
(6, 3)
170
(6, 3)
171
(6, 3)
172
(6, 3)
173
(6, 3)
174
(6, 3)
175
(6, 3)
176
(5, 3)
177
(5, 3)
178
(6, 3)
179
(5, 3)
180
(6, 3)
181
(6, 3)
182
(6, 3)
183
(5, 3)
184
(5, 3)
185
(5, 3)
186
(5, 3)
187
(6, 3)
188
(5, 3)
189
(5, 3)
190
(5, 3)
191
(5, 3)
192
(5, 3)
193
(5, 3)
194
(5, 3)
195
(5, 3)
196
(5, 3)
197
(5, 3)
198
(5, 3)
199
(5, 2)
200
(5, 2)
201
(5, 2)
202
(5, 3)
203
(5, 3)
204
(6, 3)
205
(5, 3)
206
(5, 2)
207
(5, 2)
208
(5, 2)
209
(5, 2)
210
(6, 3)
211
(5, 2)
212
(5, 2)
213
(5, 2)
214
(6, 3)
215
(6, 3)
216
(6, 3)
217
(6, 3)
218
(6, 3)
219
(6, 3)
220
(6, 3)
221
(6, 3)
222
(6, 3)
223
(6, 3)
224
(6, 3)
225
(5, 2)
226
(5, 2)
227
(6, 2)
228
(5, 2)
229
(5, 2)
230
(5, 3)
231
(5, 3)
232
(5, 3)
233
(5, 3)
234
(5, 3)
235
(5, 2)
236
(5, 2)
237
(5, 2)
238
(5, 2)
239
(5, 2)
240
(4, 1)
241
(5, 2)
242
(4, 1)
243
(4, 1)
244
(4, 1)
245
(5, 2)
246
(4, 1)
247
(4, 1)
248
(4, 1)
249
(5, 2)
250
(4, 1)
251
(4, 1)
252
(4, 1)
253
(5, 2)
254
(4, 1)
255
(4, 1)
256
(4, 1)
257
(5, 2)
258
(4, 1)
259
(4, 1)
260
(3, 2)
261
(5, 2)
262
(3, 2)
263
(3, 2)
264
(3, 2)
265
(6, 2)
266
(3, 2)
267
(3, 2)
268
(3, 2)
269
(6, 2)
270
(3, 2)
271
(3, 2)
272
(3, 2)
273
(6, 2)
274
(3, 2)
275
(3, 2)
276
(3, 3)
277
(5, 2)
278
(3, 3)
279
(3, 3)
280
(3, 3)
281
(5, 2)
282
(3, 3)
283
(5, 2)
284
(3, 3)
285
(5, 1)
286
(3, 3)
287
(5, 1)
288
(5, 2)
289
(4, 1)
290
(5, 3)
291
(4, 1)
292
(5, 1)
293
(4, 1)
294
(5, 3)
295
(4, 1)
296
(4, 1)
297
(4, 1)
298
(5, 3)
299
(4, 1)
300
(4, 1)
301
(4, 1)
302
(5, 3)
303
(4, 1)
304
(4, 1)
305
(4, 2)
306
(5, 3)
307
(4, 2)
308
(4, 1)
309
(3, 2)
310
(6, 3)
311
(3, 2)
312
(4, 2)
313
(3, 2)
314
(6, 3)
315
(3, 2)
316
(3, 2)
317
(3, 2)
318
(6, 3)
319
(3, 2)
320
(3, 2)
321
(3, 3)
322
(6, 3)
323
(3, 3)
324
(3, 2)
325
(3, 3)
326
(6, 3)
327
(3, 3)
328
(3, 3)
329
(3, 3)
330
(6, 3)
331
(3, 3)
332
(3, 3)
333
(5, 2)
334
(6, 3)
335
(6, 2)
336
(3, 3)
337
(6, 3)
338
(6, 3)
339
(6, 2)
340
(6, 2)
341
(6, 3)
342
(6, 3)
343
(5, 2)
344
(6, 2)
345
(5, 2)
346
(5, 2)
347
(5, 1)
348
(5, 2)
349
(6, 2)
350
(6, 2)
351
(5, 1)
352
(6, 2)
353
(6, 2)
354
(5, 2)
355
(4, 1)
356
(5, 2)
357
(5, 2)
358
(5, 1)
359
(4, 1)
360
(5, 1)
361
(5, 1)
362
(5, 1)
363
(4, 1)
364
(5, 1)
365
(5, 1)
366
(5, 1)
367
(4, 2)
368
(5, 1)
369
(5, 1)
370
(4, 1)
371
(4, 2)
372
(4, 1)
373
(4, 1)
374
(4, 1)
375
(3, 2)
376
(4, 1)
377
(4, 1)
378
(4, 2)
379
(3, 2)
380
(4, 2)
381
(4, 2)
382
(4, 2)
383
(3, 3)
384
(4, 2)
385
(4, 2)
386
(4, 2)
387
(3, 3)
388
(4, 2)
389
(4, 2)
390
(3, 2)
391
(6, 2)
392
(3, 2)
393
(3, 2)
394
(3, 3)
395
(6, 2)
396
(3, 3)
397
(3, 3)
398
(3, 3)
399
(6, 2)
400
(3, 3)
401
(3, 3)
402
(3, 3)
403
(6, 2)
404
(3, 3)
405
(3, 3)
406
(3, 3)
407
(6, 2)
408
(6, 2)
409
(6, 2)
410
(3, 3)
411
(6, 3)
412
(6, 3)
413
(5, 3)
414
(3, 3)
415
(3, 3)
416
(3, 2)
417
(5, 3)
418
(3, 3)
419
(3, 3)
420
(3, 3)
421
(3, 3)
422
(3, 3)
423
(3, 2)
424
(3, 2)
425
(3, 3)
426
(3, 3)
427
(3, 3)
428
(3, 2)
429
(3, 3)
430
(3, 3)
431
(3, 3)
432
(3, 3)
433
(3, 2)
434
(3, 3)
435
(3, 2)
436
(3, 2)
437
(3, 2)
438
(3, 2)
439
(3, 2)
440
(3, 2)
441
(3, 2)
442
(3, 2)
443
(4, 3)
444
(3, 2)
445
(3, 1)
446
(3, 2)
447
(4, 3)
448
(3, 1)
449
(2, 1)
450
(3, 1)
451
(4, 3)
452
(2, 1)
453
(2, 1)
454
(2, 1)
455
(2, 1)
456
(4, 3)
457
(2, 1)
458
(2, 1)
459
(2, 1)
460
(2, 1)
461
(4, 3)
462
(2, 1)
463
(2, 1)
464
(2, 1)
465
(3, 2)
466
(2, 1)
467
(2, 1)
468
(2, 1)
469
(4, 3)
470
(2, 1)
471
(2, 1)
472
(1, 1)
473
(4, 3)
474
(2, 1)
475
(1, 1)
476
(1, 1)
477
(4, 3)
478
(1, 1)
479
(1, 1)
480
(1, 1)
481
(1, 1)
482
(4, 3)
483
(1, 1)
484
(4, 3)
485
(4, 3)
486
(4, 3)
487
(4, 3)
488
(4, 3)
489
(4, 3)
490
(4, 3)
491
(4, 3)
492
(4, 3)
493
(4, 3)
494
(4, 3)
495
(3, 2)
496
(3, 2)
497
(4, 3)
498
(3, 2)
499
(4, 3)
500
(3, 2)
defaultdict(<function <lambda> at 0x2ae3b52782a8>, {(7, 3): 40, (8, 3): 38, (4, 1): 36, (3, 2): 46, (3, 3): 44, (5, 2): 37, (9, 3): 39, (11, 3): 1, (3, 1): 3, (6, 3): 69, (6, 2): 19, (2, 1): 18, (4, 3): 22, (4, 2): 14, (5, 1): 14, (10, 3): 19, (1, 1): 8, (5, 3): 33})
501
(4, 2)
502
(4, 3)
503
(4, 2)
504
(4, 3)
505
(3, 2)
506
(4, 3)
507
(3, 2)
508
(4, 2)
509
(4, 3)
510
(4, 3)
511
(4, 3)
512
(4, 3)
513
(4, 3)
514
(3, 1)
515
(3, 1)
516
(4, 3)
517
(4, 3)
518
(4, 3)
519
(4, 3)
520
(4, 3)
521
(3, 1)
522
(4, 3)
523
(4, 3)
524
(4, 3)
525
(4, 3)
526
(4, 3)
527
(4, 2)
528
(3, 2)
529
(4, 3)
530
(4, 3)
531
(4, 3)
532
(4, 3)
533
(4, 3)
534
(4, 2)
535
(4, 3)
536
(4, 3)
537
(3, 1)
538
(3, 1)
539
(4, 2)
540
(4, 2)
541
(3, 1)
542
(4, 3)
543
(4, 2)
544
(3, 1)
545
(3, 1)
546
(4, 3)
547
(4, 3)
548
(4, 3)
549
(3, 1)
550
(3, 1)
551
(4, 3)
552
(4, 3)
553
(3, 1)
554
(3, 1)
555
(3, 1)
556
(3, 1)
557
(3, 1)
558
(3, 1)
559
(4, 2)
560
(3, 1)
561
(3, 1)
562
(3, 1)
563
(4, 3)
564
(3, 1)
565
(3, 1)
566
(3, 1)
567
(4, 3)
568
(3, 1)
569
(3, 1)
570
(3, 1)
571
(4, 3)
572
(3, 1)
573
(3, 2)
574
(3, 2)
575
(4, 3)
576
(3, 1)
577
(3, 2)
578
(3, 2)
579
(4, 3)
580
(3, 1)
581
(3, 2)
582
(3, 2)
583
(4, 3)
584
(3, 2)
585
(3, 3)
586
(3, 3)
587
(4, 3)
588
(3, 2)
589
(4, 3)
590
(4, 3)
591
(4, 3)
592
(3, 2)
593
(4, 2)
594
(3, 1)
595
(3, 1)
596
(4, 3)
597
(4, 3)
598
(4, 3)
599
(4, 3)
600
(4, 3)
601
(4, 2)
602
(4, 2)
603
(3, 1)
604
(3, 1)
605
(4, 2)
606
(4, 2)
607
(3, 1)
608
(3, 1)
609
(4, 1)
610
(4, 1)
611
(3, 1)
612
(3, 1)
613
(4, 2)
614
(4, 3)
615
(3, 1)
616
(3, 1)
617
(4, 3)
618
(4, 3)
619
(3, 1)
620
(3, 1)
621
(4, 3)
622
(4, 3)
623
(3, 1)
624
(3, 1)
625
(4, 2)
626
(4, 1)
627
(3, 1)
628
(3, 1)
629
(4, 3)
630
(4, 3)
631
(3, 2)
632
(3, 2)
633
(4, 3)
634
(4, 3)
635
(3, 2)
636
(3, 2)
637
(4, 3)
638
(4, 1)
639
(3, 2)
640
(3, 2)
641
(4, 1)
642
(4, 4)
643
(4, 4)
644
(4, 4)
645
(4, 1)
646
(4, 4)
647
(4, 4)
648
(4, 1)
649
(4, 1)
650
(4, 1)
651
(4, 2)
652
(4, 1)
653
(4, 1)
654
(4, 1)
655
(4, 2)
656
(4, 1)
657
(4, 1)
658
(4, 1)
659
(4, 3)
660
(4, 1)
661
(4, 1)
662
(4, 1)
663
(4, 3)
664
(4, 1)
665
(4, 1)
666
(4, 1)
667
(4, 3)
668
(4, 1)
669
(4, 2)
670
(4, 1)
671
(4, 2)
672
(4, 1)
673
(4, 2)
674
(4, 1)
675
(4, 4)
676
(4, 2)
677
(4, 2)
678
(4, 2)
679
(4, 4)
680
(4, 3)
681
(4, 2)
682
(4, 2)
683
(4, 3)
684
(4, 4)
685
(4, 2)
686
(4, 2)
687
(4, 3)
688
(4, 4)
689
(4, 3)
690
(4, 3)
691
(4, 4)
692
(4, 4)
693
(4, 3)
694
(4, 3)
695
(4, 2)
696
(4, 2)
697
(4, 3)
698
(4, 3)
699
(4, 4)
700
(4, 4)
701
(4, 4)
702
(4, 4)
703
(4, 4)
704
(4, 4)
705
(4, 2)
706
(4, 4)
707
(4, 4)
708
(4, 4)
709
(4, 4)
710
(4, 2)
711
(4, 2)
712
(4, 2)
713
(4, 5)
714
(4, 4)
715
(4, 4)
716
(4, 4)
717
(4, 2)
718
(4, 4)
719
(4, 4)
720
(4, 5)
721
(4, 5)
722
(4, 1)
723
(4, 4)
724
(4, 4)
725
(4, 4)
726
(4, 4)
727
(4, 4)
728
(5, 2)
729
(4, 4)
730
(4, 4)
731
(4, 4)
732
(4, 4)
733
(4, 1)
734
(5, 2)
735
(4, 1)
736
(5, 3)
737
(5, 3)
738
(5, 3)
739
(6, 2)
740
(6, 2)
741
(6, 2)
742
(6, 2)
743
(5, 2)
744
(5, 2)
745
(5, 2)
746
(5, 2)
747
(5, 1)
748
(5, 1)
749
(5, 1)
750
(5, 1)
751
(5, 1)
752
(5, 1)
753
(5, 1)
754
(5, 1)
755
(5, 1)
756
(5, 1)
757
(5, 1)
758
(5, 1)
759
(5, 1)
760
(5, 1)
761
(5, 1)
762
(5, 1)
763
(4, 1)
764
(4, 1)
765
(4, 1)
766
(4, 1)
767
(4, 2)
768
(4, 2)
769
(4, 2)
770
(4, 2)
771
(4, 2)
772
(4, 2)
773
(4, 2)
774
(4, 2)
775
(4, 2)
776
(4, 2)
777
(4, 2)
778
(4, 2)
779
(4, 2)
780
(4, 2)
781
(4, 2)
782
(4, 2)
783
(3, 3)
784
(3, 3)
785
(3, 3)
786
(3, 3)
787
(6, 3)
788
(6, 3)
789
(4, 1)
790
(5, 3)
791
(5, 3)
792
(5, 3)
793
(6, 2)
794
(6, 3)
795
(4, 4)
796
(4, 4)
797
(4, 4)
798
(6, 2)
799
(4, 4)
800
(4, 4)
801
(6, 3)
802
(6, 3)
803
(6, 3)
804
(6, 3)
805
(6, 3)
806
(6, 2)
807
(6, 2)
808
(6, 2)
809
(6, 2)
810
(6, 2)
811
(5, 1)
812
(6, 2)
813
(6, 2)
814
(6, 2)
815
(6, 2)
816
(5, 1)
817
(6, 2)
818
(6, 2)
819
(6, 2)
820
(5, 1)
821
(6, 2)
822
(6, 2)
823
(6, 2)
824
(6, 2)
825
(6, 2)
826
(5, 1)
827
(6, 2)
828
(6, 2)
829
(5, 1)
830
(5, 1)
831
(5, 1)
832
(5, 1)
833
(5, 1)
834
(5, 1)
835
(5, 1)
836
(5, 1)
837
(5, 1)
838
(5, 1)
839
(5, 1)
840
(5, 1)
841
(5, 1)
842
(5, 1)
843
(5, 1)
844
(6, 2)
845
(5, 1)
846
(4, 2)
847
(5, 1)
848
(7, 3)
849
(4, 2)
850
(4, 2)
851
(4, 2)
852
(7, 3)
853
(4, 2)
854
(4, 2)
855
(4, 2)
856
(5, 3)
857
(4, 2)
858
(4, 2)
859
(4, 2)
860
(5, 3)
861
(4, 2)
862
(5, 3)
863
(4, 2)
864
(5, 3)
865
(5, 3)
866
(7, 3)
867
(5, 1)
868
(4, 4)
869
(4, 4)
870
(4, 4)
871
(6, 2)
872
(6, 2)
873
(4, 4)
874
(4, 4)
875
(4, 5)
876
(4, 5)
877
(4, 5)
878
(4, 5)
879
(4, 5)
880
(4, 5)
881
(5, 1)
882
(5, 1)
883
(5, 3)
884
(5, 3)
885
(5, 3)
886
(5, 3)
887
(5, 3)
888
(6, 2)
889
(7, 3)
890
(4, 5)
891
(4, 5)
892
(6, 2)
893
(6, 2)
894
(6, 2)
895
(6, 2)
896
(7, 2)
897
(7, 2)
898
(6, 2)
899
(5, 1)
900
(5, 1)
901
(6, 2)
902
(6, 2)
903
(6, 3)
904
(6, 3)
905
(6, 2)
906
(6, 2)
907
(6, 3)
908
(6, 2)
909
(6, 2)
910
(6, 2)
911
(6, 2)
912
(5, 1)
913
(6, 1)
914
(6, 1)
915
(5, 1)
916
(5, 1)
917
(5, 1)
918
(5, 1)
919
(7, 2)
920
(7, 3)
921
(5, 1)
922
(5, 1)
923
(7, 3)
924
(7, 3)
925
(5, 1)
926
(5, 1)
927
(5, 1)
928
(5, 1)
929
(7, 2)
930
(5, 1)
931
(7, 2)
932
(5, 2)
933
(5, 2)
934
(5, 2)
935
(5, 1)
936
(4, 2)
937
(5, 2)
938
(4, 2)
939
(6, 2)
940
(4, 2)
941
(4, 5)
942
(4, 2)
943
(4, 5)
944
(4, 2)
945
(4, 5)
946
(4, 2)
947
(6, 2)
948
(4, 3)
949
(6, 2)
950
(4, 3)
951
(6, 2)
952
(4, 3)
953
(6, 2)
954
(4, 3)
955
(6, 2)
956
(4, 3)
957
(6, 3)
958
(4, 3)
959
(6, 3)
960
(4, 3)
961
(6, 2)
962
(4, 3)
963
(4, 5)
964
(4, 4)
965
(6, 2)
966
(4, 4)
967
(4, 5)
968
(5, 1)
969
(6, 3)
970
(5, 1)
971
(7, 3)
972
(5, 1)
973
(6, 1)
974
(6, 1)
975
(6, 1)
976
(6, 2)
977
(7, 2)
978
(7, 2)
979
(7, 2)
980
(4, 4)
981
(4, 4)
982
(4, 4)
983
(5, 2)
984
(7, 2)
985
(6, 2)
986
(6, 2)
987
(6, 2)
988
(6, 2)
989
(6, 2)
990
(6, 2)
991
(6, 2)
992
(5, 4)
993
(6, 2)
994
(6, 2)
995
(6, 2)
996
(5, 4)
997
(6, 1)
998
(6, 1)
999
(6, 1)
1000
(5, 4)
defaultdict(<function <lambda> at 0x2ae3b52782a8>, {(7, 3): 48, (5, 4): 3, (2, 1): 18, (6, 2): 80, (5, 1): 72, (10, 3): 19, (7, 2): 9, (3, 3): 50, (4, 4): 50, (6, 3): 83, (4, 1): 69, (1, 1): 8, (3, 2): 64, (4, 5): 16, (9, 3): 39, (4, 2): 83, (5, 3): 49, (8, 3): 38, (6, 1): 8, (3, 1): 47, (11, 3): 1, (4, 3): 98, (5, 2): 48})
1001
(6, 1)
1002
(6, 1)
1003
(6, 1)
1004
(5, 4)
1005
(5, 1)
1006
(5, 1)
1007
(5, 1)
1008
(5, 4)
1009
(5, 1)
1010
(5, 1)
1011
(5, 1)
1012
(5, 2)
1013
(5, 1)
1014
(5, 1)
1015
(5, 1)
1016
(6, 2)
1017
(5, 2)
1018
(5, 2)
1019
(5, 2)
1020
(6, 2)
1021
(5, 2)
1022
(5, 2)
1023
(5, 2)
1024
(6, 3)
1025
(4, 2)
1026
(4, 2)
1027
(4, 2)
1028
(7, 2)
1029
(4, 2)
1030
(4, 2)
1031
(4, 2)
1032
(7, 2)
1033
(4, 3)
1034
(4, 3)
1035
(4, 3)
1036
(6, 2)
1037
(4, 3)
1038
(7, 2)
1039
(7, 2)
1040
(6, 2)
1041
(5, 1)
1042
(5, 1)
1043
(5, 4)
1044
(6, 2)
1045
(5, 4)
1046
(5, 4)
1047
(6, 3)
1048
(5, 4)
1049
(5, 4)
1050
(7, 2)
1051
(7, 2)
1052
(7, 2)
1053
(7, 2)
1054
(6, 1)
1055
(6, 1)
1056
(6, 1)
1057
(4, 5)
1058
(4, 5)
1059
(4, 5)
1060
(4, 5)
1061
(4, 5)
1062
(7, 2)
1063
(7, 2)
1064
(6, 4)
1065
(6, 4)
1066
(6, 4)
1067
(7, 2)
1068
(6, 1)
1069
(6, 1)
1070
(6, 1)
1071
(7, 2)
1072
(7, 2)
1073
(7, 2)
1074
(4, 5)
1075
(4, 5)
1076
(4, 5)
1077
(7, 2)
1078
(7, 2)
1079
(7, 2)
1080
(4, 5)
1081
(6, 2)
1082
(6, 2)
1083
(6, 2)
1084
(7, 3)
1085
(6, 2)
1086
(6, 2)
1087
(6, 2)
1088
(6, 1)
1089
(7, 3)
1090
(6, 1)
1091
(6, 1)
1092
(6, 1)
1093
(6, 1)
1094
(4, 5)
1095
(6, 1)
1096
(6, 1)
1097
(6, 1)
1098
(7, 2)
1099
(6, 1)
1100
(5, 1)
1101
(5, 1)
1102
(7, 2)
1103
(5, 1)
1104
(5, 1)
1105
(5, 1)
1106
(6, 2)
1107
(5, 1)
1108
(5, 2)
1109
(5, 2)
1110
(6, 2)
1111
(5, 2)
1112
(5, 2)
1113
(5, 2)
1114
(6, 2)
1115
(5, 2)
1116
(5, 2)
1117
(5, 2)
1118
(6, 1)
1119
(5, 2)
1120
(4, 2)
1121
(4, 2)
1122
(6, 1)
1123
(4, 2)
1124
(6, 1)
1125
(7, 2)
1126
(6, 2)
1127
(6, 2)
1128
(6, 2)
1129
(7, 3)
1130
(7, 3)
1131
(7, 3)
1132
(7, 3)
1133
(7, 2)
1134
(6, 2)
1135
(6, 2)
1136
(6, 2)
1137
(6, 2)
1138
(6, 2)
1139
(6, 2)
1140
(6, 2)
1141
(7, 2)
1142
(7, 3)
1143
(7, 3)
1144
(7, 3)
1145
(7, 2)
1146
(7, 2)
1147
(7, 2)
1148
(6, 1)
1149
(6, 1)
1150
(6, 1)
1151
(7, 1)
1152
(7, 1)
1153
(7, 2)
1154
(7, 2)
1155
(6, 1)
1156
(6, 1)
1157
(6, 1)
1158
(7, 2)
1159
(7, 3)
1160
(7, 3)
1161
(7, 3)
1162
(7, 2)
1163
(7, 2)
1164
(7, 2)
1165
(6, 1)
1166
(6, 1)
1167
(6, 1)
1168
(4, 6)
1169
(6, 1)
1170
(6, 1)
1171
(6, 1)
1172
(4, 5)
1173
(6, 1)
1174
(6, 1)
1175
(6, 1)
1176
(4, 5)
1177
(6, 1)
1178
(6, 1)
1179
(6, 1)
1180
(4, 5)
1181
(7, 2)
1182
(4, 5)
1183
(4, 5)
1184
(7, 2)
1185
(7, 2)
1186
(7, 2)
1187
(5, 4)
1188
(7, 2)
1189
(5, 4)
1190
(7, 2)
1191
(5, 4)
1192
(5, 4)
1193
(5, 4)
1194
(4, 6)
1195
(4, 6)
1196
(7, 2)
1197
(7, 2)
1198
(7, 2)
1199
(7, 2)
1200
(7, 1)
1201
(7, 1)
1202
(7, 1)
1203
(5, 4)
1204
(5, 4)
1205
(5, 4)
1206
(5, 4)
1207
(5, 4)
1208
(7, 3)
1209
(7, 3)
1210
(7, 2)
1211
(7, 2)
1212
(7, 2)
1213
(7, 2)
1214
(7, 2)
1215
(6, 4)
1216
(6, 4)
1217
(6, 4)
1218
(6, 4)
1219
(6, 4)
1220
(7, 1)
1221
(7, 2)
1222
(7, 1)
1223
(8, 3)
1224
(7, 1)
1225
(8, 3)
1226
(7, 2)
1227
(8, 3)
1228
(8, 3)
1229
(7, 2)
1230
(7, 2)
1231
(7, 2)
1232
(7, 2)
1233
(8, 2)
1234
(4, 5)
1235
(4, 5)
1236
(4, 5)
1237
(7, 1)
1238
(7, 1)
1239
(4, 5)
1240
(4, 5)
1241
(7, 2)
1242
(7, 2)
1243
(7, 2)
1244
(7, 2)
1245
(7, 2)
1246
(7, 2)
1247
(7, 2)
1248
(7, 2)
1249
(7, 1)
1250
(7, 2)
1251
(7, 2)
1252
(6, 1)
1253
(8, 3)
1254
(6, 1)
1255
(6, 1)
1256
(6, 1)
1257
(4, 5)
1258
(6, 1)
1259
(6, 1)
1260
(6, 1)
1261
(4, 5)
1262
(6, 1)
1263
(6, 1)
1264
(6, 1)
1265
(4, 5)
1266
(6, 1)
1267
(6, 1)
1268
(6, 1)
1269
(7, 1)
1270
(6, 1)
1271
(6, 1)
1272
(5, 2)
1273
(7, 2)
1274
(5, 2)
1275
(5, 2)
1276
(5, 2)
1277
(7, 1)
1278
(5, 2)
1279
(5, 2)
1280
(5, 2)
1281
(7, 1)
1282
(5, 2)
1283
(5, 2)
1284
(5, 2)
1285
(7, 2)
1286
(5, 2)
1287
(5, 2)
1288
(5, 3)
1289
(7, 2)
1290
(5, 3)
1291
(5, 3)
1292
(7, 2)
1293
(7, 2)
1294
(7, 1)
1295
(7, 1)
1296
(8, 2)
1297
(8, 2)
1298
(8, 2)
1299
(7, 1)
1300
(7, 1)
1301
(7, 1)
1302
(7, 1)
1303
(7, 1)
1304
(7, 1)
1305
(7, 1)
1306
(7, 2)
1307
(7, 1)
1308
(7, 1)
1309
(7, 1)
1310
(7, 2)
1311
(7, 1)
1312
(7, 1)
1313
(7, 1)
1314
(8, 2)
1315
(7, 1)
1316
(7, 1)
1317
(7, 1)
1318
(8, 2)
1319
(7, 2)
1320
(7, 2)
1321
(7, 2)
1322
(7, 1)
1323
(7, 2)
1324
(7, 2)
1325
(7, 2)
1326
(7, 2)
1327
(7, 2)
1328
(7, 2)
1329
(7, 2)
1330
(7, 1)
1331
(7, 2)
1332
(7, 2)
1333
(7, 2)
1334
(7, 1)
1335
(7, 2)
1336
(7, 2)
1337
(7, 2)
1338
(7, 1)
1339
(7, 2)
1340
(7, 2)
1341
(7, 2)
1342
(7, 1)
1343
(7, 2)
1344
(7, 2)
1345
(7, 2)
1346
(7, 1)
1347
(7, 1)
1348
(7, 1)
1349
(7, 1)
1350
(8, 2)
1351
(6, 1)
1352
(6, 1)
1353
(6, 1)
1354
(5, 4)
1355
(6, 1)
1356
(6, 1)
1357
(6, 1)
1358
(5, 4)
1359
(6, 1)
1360
(6, 1)
1361
(6, 1)
1362
(5, 4)
1363
(6, 1)
1364
(6, 1)
1365
(6, 1)
1366
(8, 2)
1367
(8, 2)
1368
(5, 4)
1369
(5, 4)
1370
(8, 2)
1371
(7, 1)
1372
(8, 3)
1373
(8, 3)
1374
(8, 2)
1375
(8, 2)
1376
(7, 1)
1377
(7, 1)
1378
(8, 2)
1379
(8, 2)
1380
(8, 3)
1381
(8, 3)
1382
(5, 4)
1383
(5, 4)
1384
(5, 4)
1385
(7, 1)
1386
(5, 4)
1387
(5, 4)
1388
(4, 6)
1389
(4, 6)
1390
(4, 6)
1391
(7, 1)
1392
(4, 6)
1393
(4, 6)
1394
(8, 3)
1395
(7, 1)
1396
(8, 2)
1397
(8, 2)
1398
(8, 2)
1399
(7, 1)
1400
(7, 1)
1401
(6, 4)
1402
(6, 4)
1403
(7, 1)
1404
(6, 4)
1405
(6, 4)
1406
(6, 4)
1407
(7, 1)
1408
(8, 2)
1409
(8, 2)
1410
(8, 3)
1411
(7, 1)
1412
(7, 1)
1413
(7, 1)
1414
(8, 2)
1415
(8, 2)
1416
(8, 2)
1417
(8, 2)
1418
(8, 3)
1419
(8, 3)
1420
(4, 7)
1421
(8, 2)
1422
(8, 2)
1423
(8, 2)
1424
(8, 3)
1425
(8, 3)
1426
(4, 7)
1427
(4, 7)
1428
(4, 6)
1429
(4, 6)
1430
(4, 6)
1431
(8, 2)
1432
(8, 2)
1433
(8, 2)
1434
(4, 6)
1435
(4, 6)
1436
(8, 1)
1437
(7, 1)
1438
(7, 1)
1439
(8, 2)
1440
(8, 2)
1441
(8, 2)
1442
(8, 3)
1443
(7, 1)
1444
(7, 1)
1445
(8, 2)
1446
(7, 1)
1447
(8, 1)
1448
(8, 2)
1449
(8, 2)
1450
(8, 2)
1451
(8, 1)
1452
(8, 2)
1453
(8, 2)
1454
(8, 2)
1455
(8, 3)
1456
(8, 3)
1457
(8, 3)
1458
(8, 2)
1459
(8, 2)
1460
(8, 2)
1461
(8, 2)
1462
(8, 1)
1463
(8, 1)
1464
(8, 1)
1465
(5, 5)
1466
(5, 5)
1467
(5, 5)
1468
(5, 5)
1469
(5, 5)
1470
(8, 1)
1471
(7, 1)
1472
(7, 1)
1473
(7, 1)
1474
(8, 1)
1475
(8, 1)
1476
(8, 1)
1477
(4, 6)
1478
(8, 1)
1479
(4, 6)
1480
(4, 6)
1481
(8, 2)
1482
(8, 1)
1483
(8, 3)
1484
(8, 3)
1485
(8, 1)
1486
(8, 1)
1487
(8, 3)
1488
(8, 1)
1489
(8, 2)
1490
(8, 1)
1491
(8, 2)
1492
(8, 2)
1493
(8, 1)
1494
(8, 1)
1495
(5, 5)
1496
(5, 5)
1497
(5, 5)
1498
(8, 1)
1499
(8, 1)
1500
(5, 5)
defaultdict(<function <lambda> at 0x2ae3b52782a8>, {(7, 3): 62, (4, 7): 3, (5, 4): 30, (2, 1): 18, (6, 2): 104, (5, 1): 89, (10, 3): 19, (7, 2): 100, (3, 3): 50, (8, 1): 20, (4, 4): 50, (6, 3): 85, (4, 1): 69, (1, 1): 8, (6, 4): 13, (3, 2): 64, (8, 2): 47, (7, 1): 62, (4, 5): 39, (9, 3): 39, (5, 5): 9, (4, 2): 92, (5, 3): 52, (8, 3): 60, (4, 6): 16, (6, 1): 74, (3, 1): 47, (11, 3): 1, (4, 3): 102, (5, 2): 76})
1501
(5, 5)
1502
(8, 2)
1503
(7, 1)
1504
(8, 2)
1505
(8, 2)
1506
(8, 2)
1507
(8, 2)
1508
(8, 2)
1509
(8, 2)
1510
(8, 2)
1511
(8, 2)
1512
(8, 2)
1513
(8, 2)
1514
(8, 3)
1515
(6, 5)
1516
(6, 5)
1517
(6, 5)
1518
(6, 5)
1519
(6, 5)
1520
(8, 2)
1521
(8, 2)
1522
(8, 3)
1523
(8, 3)
1524
(8, 1)
1525
(8, 1)
1526
(8, 1)
1527
(8, 2)
1528
(8, 2)
1529
(8, 1)
1530
(4, 6)
1531
(4, 6)
1532
(4, 6)
1533
(8, 1)
1534
(4, 6)
1535
(4, 6)
1536
(7, 1)
1537
(7, 1)
1538
(7, 1)
1539
(8, 1)
1540
(8, 1)
1541
(9, 3)
1542
(8, 3)
1543
(8, 1)
1544
(8, 1)
1545
(9, 3)
1546
(8, 1)
1547
(8, 1)
1548
(8, 1)
1549
(8, 2)
1550
(8, 1)
1551
(8, 2)
1552
(8, 2)
1553
(8, 2)
1554
(8, 1)
1555
(8, 2)
1556
(8, 1)
1557
(8, 1)
1558
(8, 1)
1559
(8, 2)
1560
(9, 2)
1561
(8, 2)
1562
(8, 2)
1563
(8, 1)
1564
(8, 1)
1565
(8, 2)
1566
(9, 2)
1567
(8, 1)
1568
(8, 1)
1569
(8, 2)
1570
(8, 2)
1571
(8, 2)
1572
(8, 2)
1573
(8, 2)
1574
(8, 2)
1575
(8, 2)
1576
(8, 2)
1577
(8, 2)
1578
(8, 2)
1579
(8, 2)
1580
(8, 2)
1581
(8, 2)
1582
(8, 2)
1583
(8, 2)
1584
(8, 2)
1585
(8, 2)
1586
(8, 2)
1587
(8, 2)
1588
(8, 2)
1589
(8, 2)
1590
(8, 2)
1591
(8, 2)
1592
(8, 2)
1593
(8, 2)
1594
(8, 2)
1595
(8, 2)
1596
(8, 2)
1597
(8, 2)
1598
(8, 2)
1599
(8, 2)
1600
(8, 2)
1601
(8, 2)
1602
(8, 2)
1603
(8, 2)
1604
(8, 2)
1605
(8, 3)
1606
(8, 2)
1607
(8, 2)
1608
(9, 2)
1609
(8, 3)
1610
(9, 2)
1611
(9, 2)
1612
(9, 2)
1613
(9, 2)
1614
(9, 2)
1615
(8, 1)
1616
(8, 1)
1617
(9, 2)
1618
(9, 2)
1619
(8, 1)
1620
(8, 1)
1621
(9, 2)
1622
(9, 2)
1623
(8, 1)
1624
(8, 1)
1625
(8, 1)
1626
(9, 2)
1627
(9, 2)
1628
(9, 2)
1629
(8, 1)
1630
(9, 2)
1631
(9, 2)
1632
(9, 2)
1633
(9, 2)
1634
(9, 2)
1635
(9, 2)
1636
(9, 2)
1637
(9, 2)
1638
(9, 2)
1639
(9, 2)
1640
(9, 2)
1641
(9, 2)
1642
(9, 2)
1643
(9, 2)
1644
(9, 2)
1645
(9, 2)
1646
(9, 2)
1647
(9, 2)
1648
(9, 2)
1649
(9, 2)
1650
(9, 2)
1651
(9, 2)
1652
(9, 2)
1653
(9, 2)
1654
(9, 2)
1655
(9, 2)
1656
(9, 2)
1657
(9, 2)
1658
(9, 2)
1659
(9, 2)
1660
(9, 2)
1661
(9, 2)
1662
(9, 2)
1663
(9, 2)
1664
(9, 2)
1665
(9, 2)
1666
(9, 2)
1667
(9, 2)
1668
(9, 2)
1669
(9, 2)
1670
(9, 2)
1671
(9, 2)
1672
(9, 2)
1673
(9, 2)
1674
(9, 2)
1675
(9, 2)
1676
(9, 2)
1677
(9, 2)
1678
(9, 2)
1679
(9, 2)
1680
(9, 2)
1681
(9, 2)
1682
(9, 2)
1683
(9, 2)
1684
(9, 2)
1685
(9, 2)
1686
(9, 2)
1687
(9, 2)
1688
(9, 2)
1689
(9, 2)
1690
(9, 2)
1691
(9, 2)
1692
(9, 2)
1693
(9, 2)
1694
(9, 2)
1695
(9, 2)
1696
(9, 2)
1697
(9, 2)
1698
(9, 2)
1699
(9, 3)
1700
(9, 3)
1701
(9, 3)
1702
(9, 3)
1703
(9, 3)
1704
(9, 3)
1705
(9, 2)
1706
(9, 2)
1707
(9, 3)
1708
(9, 3)
1709
(9, 3)
1710
(9, 3)
1711
(9, 2)
1712
(9, 2)
1713
(9, 2)
1714
(9, 2)
1715
(9, 2)
1716
(9, 2)
1717
(9, 2)
1718
(9, 2)
1719
(8, 1)
1720
(9, 3)
1721
(9, 3)
1722
(9, 3)
1723
(8, 1)
1724
(4, 6)
1725
(8, 1)
1726
(4, 6)
1727
(4, 6)
1728
(8, 1)
1729
(8, 1)
1730
(8, 1)
1731
(4, 6)
1732
(8, 1)
1733
(8, 1)
1734
(8, 1)
1735
(4, 6)
1736
(8, 1)
1737
(8, 1)
1738
(8, 1)
1739
(9, 2)
1740
(8, 1)
1741
(8, 1)
1742
(8, 1)
1743
(9, 2)
1744
(8, 1)
1745
(8, 1)
1746
(8, 1)
1747
(8, 1)
1748
(8, 1)
1749
(8, 1)
1750
(8, 1)
1751
(8, 1)
1752
(8, 1)
1753
(9, 2)
1754
(9, 2)
1755
(8, 1)
1756
(9, 3)
1757
(9, 2)
1758
(9, 2)
1759
(9, 3)
1760
(8, 1)
1761
(8, 1)
1762
(8, 1)
1763
(8, 1)
1764
(8, 1)
1765
(8, 1)
1766
(8, 1)
1767
(8, 1)
1768
(8, 1)
1769
(9, 3)
1770
(9, 2)
1771
(9, 3)
1772
(9, 1)
1773
(9, 1)
1774
(8, 1)
1775
(9, 3)
1776
(9, 3)
1777
(9, 3)
1778
(8, 1)
1779
(9, 3)
1780
(9, 3)
1781
(9, 3)
1782
(8, 1)
1783
(8, 1)
1784
(8, 1)
1785
(8, 1)
1786
(8, 1)
1787
(8, 1)
1788
(8, 1)
1789
(8, 1)
1790
(8, 1)
1791
(8, 1)
1792
(9, 1)
1793
(9, 1)
1794
(9, 1)
1795
(4, 7)
1796
(4, 7)
1797
(5, 5)
1798
(5, 5)
1799
(5, 5)
1800
(5, 5)
1801
(5, 5)
1802
(8, 1)
1803
(8, 1)
1804
(8, 1)
1805
(9, 3)
1806
(8, 1)
1807
(8, 1)
1808
(8, 1)
1809
(9, 3)
1810
(8, 1)
1811
(5, 5)
1812
(5, 5)
1813
(5, 5)
1814
(5, 5)
1815
(5, 5)
1816
(9, 1)
1817
(9, 1)
1818
(9, 1)
1819
(6, 5)
1820
(9, 1)
1821
(9, 1)
1822
(9, 1)
1823
(6, 5)
1824
(6, 5)
1825
(6, 5)
1826
(6, 5)
1827
(9, 3)
1828
(9, 3)
1829
(9, 3)
1830
(9, 3)
1831
(9, 3)
1832
(9, 3)
1833
(9, 3)
1834
(9, 3)
1835
(9, 3)
1836
(9, 3)
1837
(9, 3)
1838
(4, 7)
1839
(4, 7)
1840
(4, 7)
1841
(4, 7)
1842
(4, 7)
1843
(4, 6)
1844
(4, 6)
1845
(4, 6)
1846
(9, 3)
1847
(9, 3)
1848
(9, 3)
1849
(9, 3)
1850
(9, 3)
1851
(9, 3)
1852
(9, 3)
1853
(9, 3)
1854
(9, 3)
1855
(4, 7)
1856
(4, 7)
1857
(4, 7)
1858
(4, 7)
1859
(4, 7)
1860
(9, 3)
1861
(9, 3)
1862
(9, 3)
1863
(5, 6)
1864
(5, 6)
1865
(5, 6)
1866
(5, 6)
1867
(5, 6)
1868
(9, 3)
1869
(9, 3)
1870
(9, 4)
1871
(9, 4)
1872
(9, 4)
1873
(9, 3)
1874
(9, 4)
1875
(9, 4)
1876
(9, 4)
1877
(5, 6)
1878
(5, 6)
1879
(5, 6)
1880
(5, 6)
1881
(5, 6)
1882
(10, 3)
1883
(6, 6)
1884
(6, 6)
1885
(6, 6)
1886
(6, 6)
1887
(6, 6)
1888
(10, 3)
1889
(4, 8)
1890
(4, 8)
1891
(10, 3)
1892
(9, 4)
1893
(9, 4)
1894
(9, 4)
1895
(10, 3)
1896
(9, 4)
1897
(9, 4)
1898
(9, 4)
1899
(9, 4)
1900
(9, 4)
1901
(4, 8)
1902
(4, 8)
1903
(4, 8)
1904
(10, 2)
1905
(10, 2)
1906
(4, 7)
1907
(4, 7)
1908
(4, 7)
1909
(10, 2)
1910
(9, 4)
1911
(9, 4)
1912
(9, 4)
1913
(9, 4)
1914
(9, 4)
1915
(9, 4)
1916
(9, 4)
1917
(9, 4)
1918
(9, 4)
1919
(9, 4)
1920
(9, 4)
1921
(9, 4)
1922
(9, 4)
1923
(9, 4)
1924
(4, 8)
1925
(4, 8)
1926
(4, 8)
1927
(4, 8)
1928
(4, 8)
1929
(10, 3)
1930
(10, 2)
1931
(10, 3)
1932
(10, 2)
1933
(10, 3)
1934
(10, 3)
1935
(10, 3)
1936
(10, 3)
1937
(10, 3)
1938
(10, 3)
1939
(10, 3)
1940
(10, 3)
1941
(10, 3)
1942
(10, 2)
1943
(10, 2)
1944
(10, 2)
1945
(10, 2)
1946
(10, 2)
1947
(10, 2)
1948
(10, 3)
1949
(10, 3)
1950
(10, 3)
1951
(10, 2)
1952
(10, 3)
1953
(10, 3)
1954
(10, 3)
1955
(10, 3)
1956
(10, 3)
1957
(10, 3)
1958
(10, 3)
1959
(10, 3)
1960
(10, 2)
1961
(10, 2)
1962
(10, 2)
1963
(10, 2)
1964
(10, 2)
1965
(10, 2)
1966
(10, 2)
1967
(10, 2)
1968
(10, 3)
1969
(10, 3)
1970
(10, 3)
1971
(10, 2)
1972
(5, 6)
1973
(5, 6)
1974
(5, 6)
1975
(5, 6)
1976
(5, 6)
1977
(10, 2)
1978
(10, 2)
1979
(10, 2)
1980
(10, 2)
1981
(10, 2)
1982
(10, 3)
1983
(10, 3)
1984
(10, 3)
1985
(10, 3)
1986
(10, 3)
1987
(10, 3)
1988
(10, 3)
1989
(10, 3)
1990
(10, 3)
1991
(10, 3)
1992
(10, 3)
1993
(10, 3)
1994
(10, 2)
1995
(10, 2)
1996
(10, 2)
1997
(10, 2)
1998
(5, 6)
1999
(5, 6)
2000
(5, 6)
defaultdict(<function <lambda> at 0x2ae3b52782a8>, {(7, 3): 62, (4, 7): 18, (9, 1): 11, (6, 6): 5, (5, 6): 18, (5, 4): 30, (2, 1): 18, (6, 2): 104, (9, 4): 28, (5, 1): 89, (10, 3): 60, (7, 2): 100, (3, 3): 50, (8, 1): 102, (4, 4): 50, (6, 3): 85, (4, 1): 69, (1, 1): 8, (6, 4): 13, (3, 2): 64, (8, 2): 109, (7, 1): 66, (4, 5): 39, (9, 3): 92, (5, 5): 20, (4, 2): 92, (6, 5): 10, (5, 3): 52, (8, 3): 66, (4, 6): 29, (9, 2): 101, (6, 1): 74, (3, 1): 47, (11, 3): 1, (4, 3): 102, (4, 8): 10, (5, 2): 76, (10, 2): 30})
2001
(5, 6)
2002
(5, 6)
2003
(10, 2)
2004
(10, 2)
2005
(10, 2)
2006
(10, 2)
2007
(9, 1)
2008
(9, 1)
2009
(9, 1)
2010
(9, 1)
2011
(9, 1)
2012
(9, 1)
2013
(9, 1)
2014
(9, 1)
2015
(9, 1)
2016
(9, 1)
2017
(9, 1)
2018
(9, 1)
2019
(9, 1)
2020
(9, 1)
2021
(9, 1)
2022
(9, 1)
2023
(9, 1)
2024
(9, 1)
2025
(9, 1)
2026
(9, 1)
2027
(10, 2)
2028
(11, 3)
2029
(11, 3)
2030
(9, 5)
2031
(9, 5)
2032
(11, 3)
2033
(11, 3)
2034
(8, 5)
2035
(8, 5)
2036
(11, 3)
2037
(11, 3)
2038
(8, 4)
2039
(8, 4)
2040
(8, 5)
2041
(8, 5)
2042
(8, 4)
2043
(8, 4)
2044
(8, 4)
2045
(8, 4)
2046
(8, 4)
2047
(8, 4)
2048
(8, 4)
2049
(8, 4)
2050
(8, 4)
2051
(8, 4)
2052
(8, 4)
2053
(8, 4)
2054
(8, 4)
2055
(8, 4)
2056
(8, 4)
2057
(8, 4)
2058
(8, 4)
2059
(8, 4)
2060
(8, 4)
2061
(8, 4)
2062
(8, 3)
2063
(8, 3)
2064
(8, 3)
2065
(8, 3)
2066
(8, 3)
2067
(8, 3)
2068
(8, 3)
2069
(8, 3)
2070
(8, 3)
2071
(8, 3)
2072
(8, 3)
2073
(8, 3)
2074
(8, 3)
2075
(8, 3)
2076
(8, 3)
2077
(8, 3)
2078
(8, 3)
2079
(8, 3)
2080
(8, 3)
2081
(8, 3)
2082
(8, 3)
2083
(8, 3)
2084
(8, 3)
2085
(8, 3)
2086
(8, 3)
2087
(8, 3)
2088
(8, 3)
2089
(8, 3)
2090
(8, 3)
2091
(8, 3)
2092
(8, 3)
2093
(8, 3)
2094
(8, 3)
2095
(8, 3)
2096
(8, 4)
2097
(8, 4)
2098
(8, 4)
2099
(8, 4)
2100
(8, 4)
2101
(8, 4)
2102
(8, 4)
2103
(8, 4)
2104
(8, 4)
2105
(8, 5)
2106
(8, 5)
2107
(8, 5)
2108
(8, 5)
2109
(8, 4)
2110
(8, 4)
2111
(8, 5)
2112
(8, 5)
2113
(8, 4)
2114
(8, 4)
2115
(8, 4)
2116
(8, 4)
2117
(8, 4)
2118
(8, 4)
2119
(8, 4)
2120
(8, 4)
2121
(8, 4)
2122
(8, 4)
2123
(8, 4)
2124
(8, 4)
2125
(8, 4)
2126
(8, 4)
2127
(8, 4)
2128
(8, 4)
2129
(8, 4)
2130
(8, 4)
2131
(8, 4)
2132
(8, 4)
2133
(8, 4)
2134
(8, 4)
2135
(8, 4)
2136
(8, 4)
2137
(8, 4)
2138
(8, 4)
2139
(8, 4)
2140
(8, 4)
2141
(8, 4)
2142
(8, 4)
2143
(8, 4)
2144
(8, 4)
2145
(8, 4)
2146
(8, 4)
2147
(8, 4)
2148
(8, 4)
2149
(8, 4)
2150
(8, 4)
2151
(8, 4)
2152
(8, 4)
2153
(8, 4)
2154
(8, 4)
2155
(8, 4)
2156
(8, 4)
2157
(8, 4)
2158
(8, 4)
2159
(8, 4)
2160
(8, 4)
2161
(8, 4)
2162
(8, 4)
2163
(8, 4)
2164
(8, 4)
2165
(8, 4)
2166
(8, 4)
2167
(8, 4)
2168
(8, 4)
2169
(8, 4)
2170
(8, 5)
2171
(8, 5)
2172
(8, 5)
2173
(8, 5)
2174
(8, 5)
2175
(8, 5)
2176
(8, 5)
2177
(8, 5)
2178
(8, 4)
2179
(8, 4)
2180
(8, 4)
2181
(8, 4)
2182
(8, 4)
2183
(8, 4)
2184
(8, 4)
2185
(8, 4)
2186
(8, 4)
2187
(8, 4)
2188
(8, 4)
2189
(8, 4)
2190
(8, 4)
2191
(8, 4)
2192
(8, 4)
2193
(8, 5)
2194
(8, 5)
2195
(8, 5)
2196
(8, 5)
2197
(8, 5)
2198
(8, 5)
2199
(8, 5)
2200
(8, 5)
2201
(8, 5)
2202
(8, 5)
2203
(8, 5)
2204
(8, 5)
2205
(8, 5)
2206
(8, 5)
2207
(8, 5)
2208
(8, 5)
2209
(7, 5)
2210
(7, 5)
2211
(7, 5)
2212
(8, 5)
2213
(7, 5)
2214
(7, 5)
2215
(7, 5)
2216
(7, 5)
2217
(7, 5)
2218
(7, 5)
2219
(7, 5)
2220
(8, 5)
2221
(8, 5)
2222
(8, 5)
2223
(8, 5)
2224
(8, 5)
2225
(8, 5)
2226
(8, 5)
2227
(8, 5)
2228
(8, 5)
2229
(8, 5)
2230
(8, 5)
2231
(8, 5)
2232
(8, 5)
2233
(8, 5)
2234
(7, 5)
2235
(8, 5)
2236
(8, 5)
2237
(8, 5)
2238
(7, 5)
2239
(7, 5)
2240
(7, 5)
2241
(7, 5)
2242
(8, 5)
2243
(8, 5)
2244
(8, 5)
2245
(8, 5)
2246
(8, 5)
2247
(7, 5)
2248
(7, 5)
2249
(7, 5)
2250
(7, 5)
2251
(7, 5)
2252
(7, 5)
2253
(7, 5)
2254
(7, 5)
2255
(8, 5)
2256
(8, 5)
2257
(8, 5)
2258
(8, 5)
2259
(8, 5)
2260
(8, 5)
2261
(8, 5)
2262
(8, 5)
2263
(8, 5)
2264
(8, 5)
2265
(8, 5)
2266
(8, 5)
2267
(8, 5)
2268
(8, 5)
2269
(8, 5)
2270
(8, 5)
2271
(8, 5)
2272
(8, 5)
2273
(8, 5)
2274
(7, 5)
2275
(7, 5)
2276
(7, 5)
2277
(8, 5)
2278
(8, 5)
2279
(7, 5)
2280
(7, 5)
2281
(7, 5)
2282
(8, 5)
2283
(8, 5)
2284
(7, 5)
2285
(7, 5)
2286
(7, 5)
2287
(7, 5)
2288
(7, 5)
2289
(8, 5)
2290
(8, 5)
2291
(8, 5)
2292
(8, 5)
2293
(9, 5)
2294
(8, 5)
2295
(8, 5)
2296
(8, 5)
2297
(8, 5)
2298
(8, 5)
2299
(8, 5)
2300
(8, 5)
2301
(8, 5)
2302
(8, 5)
2303
(8, 5)
2304
(8, 5)
2305
(8, 5)
2306
(8, 5)
2307
(8, 5)
2308
(8, 5)
2309
(8, 5)
2310
(8, 5)
2311
(8, 5)
2312
(8, 5)
2313
(9, 5)
2314
(9, 5)
2315
(7, 5)
2316
(7, 5)
2317
(7, 5)
2318
(7, 5)
2319
(7, 5)
2320
(9, 5)
2321
(9, 5)
2322
(7, 5)
2323
(7, 5)
2324
(7, 5)
2325
(7, 5)
2326
(7, 5)
2327
(7, 5)
2328
(7, 5)
2329
(7, 5)
2330
(7, 5)
2331
(7, 5)
2332
(9, 5)
2333
(9, 5)
2334
(6, 6)
2335
(6, 6)
2336
(9, 4)
2337
(9, 4)
2338
(6, 6)
2339
(6, 6)
2340
(9, 4)
2341
(9, 4)
2342
(9, 4)
2343
(9, 4)
2344
(9, 4)
2345
(9, 4)
2346
(9, 4)
2347
(9, 4)
2348
(9, 4)
2349
(9, 4)
2350
(9, 4)
2351
(9, 4)
2352
(9, 4)
2353
(9, 4)
2354
(9, 4)
2355
(9, 4)
2356
(9, 4)
2357
(9, 4)
2358
(9, 4)
2359
(9, 4)
2360
(9, 3)
2361
(9, 3)
2362
(9, 3)
2363
(9, 3)
2364
(9, 3)
2365
(9, 3)
2366
(9, 3)
2367
(9, 3)
2368
(9, 3)
2369
(9, 3)
2370
(9, 3)
2371
(9, 4)
2372
(9, 4)
2373
(9, 4)
2374
(9, 4)
2375
(9, 4)
2376
(9, 4)
2377
(9, 4)
2378
(9, 4)
2379
(9, 4)
2380
(9, 4)
2381
(9, 4)
2382
(6, 6)
2383
(9, 5)
2384
(9, 5)
2385
(10, 2)
2386
(10, 2)
2387
(11, 3)
2388
(11, 3)
2389
(11, 3)
2390
(9, 5)
2391
(11, 3)
2392
(11, 3)
2393
(11, 3)
2394
(11, 3)
2395
(11, 3)
2396
(11, 3)
2397
(11, 3)
2398
(11, 3)
2399
(11, 3)
2400
(10, 2)
2401
(10, 2)
2402
(10, 2)
2403
(10, 2)
2404
(10, 2)
2405
(10, 2)
2406
(10, 2)
2407
(10, 2)
2408
(10, 2)
2409
(10, 2)
2410
(10, 2)
2411
(10, 2)
2412
(10, 2)
2413
(10, 2)
2414
(10, 2)
2415
(10, 1)
2416
(10, 1)
2417
(10, 1)
2418
(10, 1)
2419
(10, 1)
2420
(9, 1)
2421
(9, 1)
2422
(9, 1)
2423
(9, 1)
2424
(9, 1)
2425
(9, 1)
2426
(9, 1)
2427
(9, 1)
2428
(9, 1)
2429
(9, 1)
2430
(9, 1)
2431
(9, 1)
2432
(9, 1)
2433
(9, 1)
2434
(9, 1)
2435
(9, 1)
2436
(11, 3)
2437
(11, 3)
2438
(9, 1)
2439
(11, 3)
2440
(9, 5)
2441
(9, 5)
2442
(10, 2)
2443
(11, 2)
2444
(11, 2)
2445
(10, 2)
2446
(11, 2)
2447
(10, 2)
2448
(11, 2)
2449
(11, 2)
2450
(9, 5)
2451
(10, 1)
2452
(9, 5)
2453
(9, 5)
2454
(10, 1)
2455
(7, 5)
2456
(7, 5)
2457
(7, 5)
2458
(9, 1)
2459
(7, 5)
2460
(7, 5)
2461
(9, 1)
2462
(11, 3)
2463
(11, 3)
2464
(11, 3)
2465
(9, 1)
2466
(11, 3)
2467
(11, 3)
2468
(11, 3)
2469
(9, 1)
2470
(11, 3)
2471
(11, 3)
2472
(11, 3)
2473
(9, 1)
2474
(11, 3)
2475
(11, 3)
2476
(11, 3)
2477
(7, 5)
2478
(7, 5)
2479
(7, 5)
2480
(7, 5)
2481
(7, 5)
2482
(10, 2)
2483
(10, 2)
2484
(10, 2)
2485
(10, 2)
2486
(10, 2)
2487
(10, 2)
2488
(11, 2)
2489
(10, 2)
2490
(10, 2)
2491
(10, 2)
2492
(10, 2)
2493
(10, 1)
2494
(10, 1)
2495
(10, 1)
2496
(10, 1)
2497
(10, 1)
2498
(10, 1)
2499
(10, 1)
2500
(10, 1)
defaultdict(<function <lambda> at 0x2ae3b52782a8>, {(7, 3): 62, (4, 7): 18, (8, 4): 105, (9, 1): 53, (6, 6): 10, (5, 6): 20, (11, 2): 6, (5, 4): 30, (2, 1): 18, (6, 2): 104, (9, 4): 61, (5, 1): 89, (10, 3): 60, (7, 2): 100, (3, 3): 50, (8, 1): 102, (8, 5): 103, (4, 4): 50, (6, 3): 85, (4, 1): 69, (1, 1): 8, (6, 4): 13, (3, 2): 64, (8, 2): 109, (7, 1): 66, (4, 5): 39, (9, 3): 103, (5, 5): 20, (7, 5): 59, (10, 1): 15, (4, 2): 92, (6, 5): 10, (5, 3): 52, (8, 3): 100, (4, 6): 29, (9, 2): 101, (6, 1): 74, (3, 1): 47, (11, 3): 34, (4, 3): 102, (9, 5): 17, (4, 8): 10, (5, 2): 76, (10, 2): 65})
2501
(10, 1)
2502
(10, 1)
2503
(10, 1)
2504
(10, 1)
2505
(9, 1)
2506
(9, 1)
2507
(9, 1)
2508
(9, 1)
2509
(9, 1)
2510
(9, 1)
2511
(9, 1)
2512
(9, 1)
2513
(9, 1)
2514
(9, 1)
2515
(9, 1)
2516
(9, 1)
2517
(9, 1)
2518
(9, 1)
2519
(9, 1)
2520
(9, 1)
2521
(9, 1)
2522
(9, 1)
2523
(9, 1)
2524
(9, 1)
2525
(11, 3)
2526
(11, 3)
2527
(11, 3)
2528
(11, 3)
2529
(11, 3)
2530
(11, 3)
2531
(11, 3)
2532
(11, 3)
2533
(11, 3)
2534
(11, 3)
2535
(11, 3)
2536
(11, 3)
2537
(11, 3)
2538
(11, 3)
2539
(11, 3)
2540
(11, 3)
2541
(10, 2)
2542
(9, 5)
2543
(9, 5)
2544
(9, 5)
2545
(9, 5)
2546
(9, 4)
2547
(9, 4)
2548
(9, 4)
2549
(9, 5)
2550
(9, 4)
2551
(9, 4)
2552
(9, 4)
2553
(9, 4)
2554
(9, 5)
2555
(9, 4)
2556
(9, 4)
2557
(9, 4)
2558
(9, 4)
2559
(9, 4)
2560
(9, 4)
2561
(9, 4)
2562
(9, 4)
2563
(9, 4)
2564
(9, 4)
2565
(9, 4)
2566
(9, 4)
2567
(9, 4)
2568
(9, 4)
2569
(9, 4)
2570
(9, 4)
2571
(9, 4)
2572
(9, 4)
2573
(9, 4)
2574
(9, 4)
2575
(9, 4)
2576
(9, 4)
2577
(9, 4)
2578
(9, 4)
2579
(9, 4)
2580
(9, 4)
2581
(9, 4)
2582
(9, 4)
2583
(9, 4)
2584
(9, 4)
2585
(9, 4)
2586
(9, 4)
2587
(9, 4)
2588
(9, 5)
2589
(9, 5)
2590
(9, 4)
2591
(9, 4)
2592
(9, 5)
2593
(9, 5)
2594
(9, 5)
2595
(9, 5)
2596
(9, 5)
2597
(9, 5)
2598
(9, 5)
2599
(9, 5)
2600
(9, 5)
2601
(9, 5)
2602
(9, 5)
2603
(9, 5)
2604
(9, 5)
2605
(11, 2)
2606
(10, 2)
2607
(11, 2)
2608
(9, 5)
2609
(11, 2)
2610
(11, 2)
2611
(11, 2)
2612
(9, 5)
2613
(9, 5)
2614
(9, 5)
2615
(9, 5)
2616
(9, 5)
2617
(9, 5)
2618
(9, 5)
2619
(9, 5)
2620
(9, 5)
2621
(9, 5)
2622
(9, 5)
2623
(10, 2)
2624
(9, 5)
2625
(9, 5)
2626
(9, 5)
2627
(9, 5)
2628
(9, 5)
2629
(9, 5)
2630
(9, 5)
2631
(9, 5)
2632
(10, 1)
2633
(9, 5)
2634
(11, 2)
2635
(9, 5)
2636
(10, 1)
2637
(9, 5)
2638
(9, 5)
2639
(11, 3)
2640
(10, 1)
2641
(11, 3)
2642
(11, 3)
2643
(10, 1)
2644
(11, 3)
2645
(11, 3)
2646
(9, 1)
2647
(11, 3)
2648
(11, 3)
2649
(9, 1)
2650
(11, 3)
2651
(11, 3)
2652
(11, 2)
2653
(9, 1)
2654
(11, 2)
2655
(11, 3)
2656
(11, 2)
2657
(9, 1)
2658
(11, 2)
2659
(11, 3)
2660
(11, 2)
2661
(9, 1)
2662
(11, 2)
2663
(9, 5)
2664
(10, 2)
2665
(9, 5)
2666
(10, 2)
2667
(7, 5)
2668
(10, 1)
2669
(10, 1)
2670
(7, 5)
2671
(7, 5)
2672
(10, 1)
2673
(10, 1)
2674
(9, 5)
2675
(7, 5)
2676
(10, 1)
2677
(10, 1)
2678
(7, 5)
2679
(9, 5)
2680
(10, 1)
2681
(10, 1)
2682
(9, 5)
2683
(9, 1)
2684
(9, 5)
2685
(9, 1)
2686
(9, 5)
2687
(9, 5)
2688
(9, 5)
2689
(9, 5)
2690
(11, 2)
2691
(11, 2)
2692
(11, 2)
2693
(11, 2)
2694
(11, 2)
2695
(11, 2)
2696
(4, 9)
2697
(4, 9)
2698
(4, 9)
2699
(11, 2)
2700
(11, 2)
2701
(9, 5)
2702
(11, 2)
2703
(11, 2)
2704
(4, 9)
2705
(4, 9)
2706
(4, 9)
2707
(4, 9)
2708
(9, 5)
2709
(9, 5)
2710
(9, 5)
2711
(9, 5)
2712
(9, 5)
2713
(9, 5)
2714
(12, 3)
2715
(12, 3)
2716
(12, 3)
2717
(9, 5)
2718
(12, 3)
2719
(12, 3)
2720
(12, 3)
2721
(12, 3)
2722
(11, 3)
2723
(11, 3)
2724
(11, 3)
2725
(12, 3)
2726
(11, 2)
2727
(11, 2)
2728
(11, 2)
2729
(12, 3)
2730
(11, 2)
2731
(11, 2)
2732
(11, 2)
2733
(11, 2)
2734
(11, 2)
2735
(12, 3)
2736
(11, 2)
2737
(11, 2)
2738
(11, 2)
2739
(12, 3)
2740
(11, 2)
2741
(10, 1)
2742
(10, 1)
2743
(12, 3)
2744
(10, 1)
2745
(10, 1)
2746
(10, 1)
2747
(12, 3)
2748
(10, 1)
2749
(10, 1)
2750
(10, 1)
2751
(10, 1)
2752
(10, 1)
2753
(12, 3)
2754
(10, 1)
2755
(10, 1)
2756
(10, 1)
2757
(12, 3)
2758
(10, 1)
2759
(10, 1)
2760
(12, 3)
2761
(12, 3)
2762
(9, 5)
2763
(9, 5)
2764
(9, 5)
2765
(9, 5)
2766
(11, 2)
2767
(11, 2)
2768
(11, 2)
2769
(11, 2)
2770
(9, 5)
2771
(9, 5)
2772
(9, 5)
2773
(9, 5)
2774
(11, 2)
2775
(11, 2)
2776
(11, 2)
2777
(11, 2)
2778
(11, 2)
2779
(11, 1)
2780
(11, 2)
2781
(11, 2)
2782
(11, 1)
2783
(10, 1)
2784
(11, 1)
2785
(11, 1)
2786
(10, 1)
2787
(10, 1)
2788
(10, 1)
2789
(10, 1)
2790
(10, 1)
2791
(10, 1)
2792
(10, 1)
2793
(10, 1)
2794
(10, 1)
2795
(10, 1)
2796
(10, 1)
2797
(10, 1)
2798
(10, 1)
2799
(10, 1)
2800
(10, 1)
2801
(10, 1)
2802
(10, 1)
2803
(9, 1)
2804
(10, 1)
2805
(10, 1)
2806
(9, 1)
2807
(9, 1)
2808
(9, 1)
2809
(9, 1)
2810
(9, 1)
2811
(9, 1)
2812
(9, 1)
2813
(9, 1)
2814
(9, 1)
2815
(11, 2)
2816
(9, 1)
2817
(9, 1)
2818
(9, 5)
2819
(9, 5)
2820
(11, 2)
2821
(9, 5)
2822
(9, 5)
2823
(9, 5)
2824
(9, 5)
2825
(9, 5)
2826
(9, 5)
2827
(9, 5)
2828
(9, 5)
2829
(9, 5)
2830
(12, 3)
2831
(12, 3)
2832
(12, 3)
2833
(9, 5)
2834
(12, 3)
2835
(12, 3)
2836
(12, 3)
2837
(12, 3)
2838
(12, 3)
2839
(12, 3)
2840
(9, 5)
2841
(11, 2)
2842
(11, 2)
2843
(11, 2)
2844
(7, 6)
2845
(11, 2)
2846
(7, 6)
2847
(11, 2)
2848
(7, 6)
2849
(11, 2)
2850
(7, 6)
2851
(7, 6)
2852
(11, 2)
2853
(11, 2)
2854
(11, 2)
2855
(11, 2)
2856
(11, 2)
2857
(11, 2)
2858
(11, 1)
2859
(11, 1)
2860
(11, 1)
2861
(11, 2)
2862
(11, 1)
2863
(11, 1)
2864
(11, 1)
2865
(7, 6)
2866
(10, 1)
2867
(10, 1)
2868
(10, 1)
2869
(7, 6)
2870
(10, 1)
2871
(10, 1)
2872
(10, 1)
2873
(7, 6)
2874
(10, 1)
2875
(10, 1)
2876
(10, 1)
2877
(7, 6)
2878
(10, 1)
2879
(10, 1)
2880
(10, 1)
2881
(7, 6)
2882
(10, 1)
2883
(10, 1)
2884
(10, 1)
2885
(12, 3)
2886
(9, 1)
2887
(9, 1)
2888
(9, 1)
2889
(12, 3)
2890
(9, 1)
2891
(9, 1)
2892
(9, 1)
2893
(12, 3)
2894
(12, 3)
2895
(12, 3)
2896
(12, 3)
2897
(12, 3)
2898
(12, 3)
2899
(12, 3)
2900
(12, 3)
2901
(12, 3)
2902
(12, 3)
2903
(12, 3)
2904
(11, 2)
2905
(11, 2)
2906
(11, 2)
2907
(11, 2)
2908
(4, 9)
2909
(4, 9)
2910
(4, 9)
2911
(4, 9)
2912
(4, 9)
2913
(4, 8)
2914
(4, 8)
2915
(4, 8)
2916
(11, 2)
2917
(12, 3)
2918
(12, 3)
2919
(12, 3)
2920
(12, 3)
2921
(12, 3)
2922
(12, 3)
2923
(12, 3)
2924
(12, 2)
2925
(12, 2)
2926
(12, 2)
2927
(12, 3)
2928
(12, 3)
2929
(12, 3)
2930
(12, 3)
2931
(12, 3)
2932
(7, 6)
2933
(12, 3)
2934
(12, 3)
2935
(7, 6)
2936
(7, 6)
2937
(12, 3)
2938
(7, 6)
2939
(12, 3)
2940
(12, 3)
2941
(7, 6)
2942
(12, 3)
2943
(11, 2)
2944
(11, 2)
2945
(12, 3)
2946
(12, 3)
2947
(12, 3)
2948
(12, 3)
2949
(12, 2)
2950
(12, 2)
2951
(12, 2)
2952
(11, 2)
2953
(11, 2)
2954
(12, 2)
2955
(12, 2)
2956
(12, 2)
2957
(12, 3)
2958
(12, 3)
2959
(12, 3)
2960
(12, 3)
2961
(12, 3)
2962
(12, 3)
2963
(12, 3)
2964
(12, 3)
2965
(7, 6)
2966
(7, 6)
2967
(7, 6)
2968
(7, 6)
2969
(12, 3)
2970
(12, 3)
2971
(11, 2)
2972
(11, 2)
2973
(11, 2)
2974
(11, 2)
2975
(12, 2)
2976
(12, 2)
2977
(12, 2)
2978
(12, 2)
2979
(7, 6)
2980
(12, 3)
2981
(7, 6)
2982
(7, 6)
2983
(12, 3)
2984
(12, 3)
2985
(12, 3)
2986
(12, 3)
2987
(7, 6)
2988
(12, 2)
2989
(12, 2)
2990
(12, 2)
2991
(12, 3)
2992
(12, 3)
2993
(12, 3)
2994
(12, 3)
2995
(12, 3)
2996
(11, 1)
2997
(11, 1)
2998
(11, 1)
2999
(11, 2)
3000
(11, 2)
defaultdict(<function <lambda> at 0x2ae3b52782a8>, {(7, 3): 62, (4, 7): 18, (8, 4): 105, (9, 1): 98, (6, 6): 10, (5, 6): 20, (11, 2): 81, (5, 4): 30, (2, 1): 18, (6, 2): 104, (9, 4): 103, (5, 1): 89, (10, 3): 60, (7, 2): 100, (12, 2): 16, (4, 9): 12, (3, 3): 50, (8, 1): 102, (8, 5): 103, (7, 6): 23, (4, 4): 50, (6, 3): 85, (11, 1): 13, (4, 1): 69, (1, 1): 8, (12, 3): 81, (6, 4): 13, (3, 2): 64, (8, 2): 109, (7, 1): 66, (4, 5): 39, (9, 3): 103, (5, 5): 20, (7, 5): 64, (10, 1): 81, (4, 2): 92, (6, 5): 10, (5, 3): 52, (8, 3): 100, (4, 6): 29, (9, 2): 101, (6, 1): 74, (3, 1): 47, (11, 3): 64, (4, 3): 102, (9, 5): 101, (4, 8): 13, (5, 2): 76, (10, 2): 70})
3001
(12, 2)
3002
(12, 2)
3003
(12, 2)
3004
(11, 2)
3005
(12, 3)
3006
(12, 3)
3007
(12, 3)
3008
(12, 3)
3009
(12, 3)
3010
(11, 1)
3011
(11, 1)
3012
(11, 1)
3013
(12, 2)
3014
(12, 2)
3015
(12, 2)
3016
(7, 6)
3017
(7, 6)
3018
(7, 6)
3019
(7, 6)
3020
(7, 6)
3021
(11, 1)
3022
(11, 1)
3023
(11, 1)
3024
(12, 2)
3025
(11, 1)
3026
(12, 2)
3027
(11, 1)
3028
(11, 1)
3029
(11, 1)
3030
(11, 1)
3031
(11, 1)
3032
(11, 1)
3033
(11, 1)
3034
(11, 1)
3035
(11, 1)
3036
(11, 1)
3037
(11, 1)
3038
(11, 1)
3039
(11, 1)
3040
(11, 1)
3041
(11, 1)
3042
(11, 1)
3043
(11, 1)
3044
(11, 1)
3045
(11, 1)
3046
(11, 1)
3047
(11, 1)
3048
(11, 1)
3049
(11, 2)
3050
(11, 1)
3051
(11, 2)
3052
(11, 2)
3053
(11, 2)
3054
(11, 2)
3055
(11, 2)
3056
(11, 2)
3057
(11, 2)
3058
(11, 2)
3059
(11, 2)
3060
(11, 2)
3061
(11, 2)
3062
(11, 3)
3063
(11, 3)
3064
(11, 3)
3065
(11, 3)
3066
(11, 1)
3067
(4, 9)
3068
(4, 9)
3069
(4, 9)
3070
(4, 9)
3071
(4, 9)
3072
(12, 3)
3073
(12, 3)
3074
(12, 3)
3075
(12, 3)
3076
(12, 3)
3077
(12, 4)
3078
(12, 4)
3079
(12, 4)
3080
(12, 4)
3081
(12, 4)
3082
(12, 2)
3083
(11, 2)
3084
(11, 2)
3085
(7, 6)
3086
(7, 6)
3087
(7, 6)
3088
(7, 6)
3089
(7, 6)
3090
(7, 6)
3091
(7, 6)
3092
(7, 6)
3093
(7, 6)
3094
(7, 6)
3095
(7, 6)
3096
(12, 2)
3097
(12, 2)
3098
(12, 2)
3099
(4, 10)
3100
(4, 10)
3101
(12, 2)
3102
(12, 2)
3103
(12, 2)
3104
(12, 4)
3105
(12, 4)
3106
(12, 4)
3107
(12, 4)
3108
(12, 4)
3109
(11, 1)
3110
(11, 1)
3111
(12, 2)
3112
(12, 2)
3113
(7, 6)
3114
(4, 9)
3115
(7, 6)
3116
(4, 9)
3117
(4, 9)
3118
(7, 6)
3119
(4, 9)
3120
(7, 6)
3121
(7, 6)
3122
(7, 6)
3123
(7, 6)
3124
(7, 6)
3125
(12, 1)
3126
(8, 6)
3127
(8, 6)
3128
(8, 6)
3129
(7, 6)
3130
(8, 6)
3131
(8, 6)
3132
(8, 6)
3133
(7, 6)
3134
(7, 6)
3135
(7, 6)
3136
(7, 6)
3137
(7, 6)
3138
(7, 6)
3139
(7, 6)
3140
(7, 6)
3141
(7, 6)
3142
(7, 6)
3143
(7, 6)
3144
(7, 6)
3145
(7, 6)
3146
(7, 6)
3147
(7, 6)
3148
(4, 9)
3149
(4, 9)
3150
(4, 9)
3151
(11, 1)
3152
(11, 1)
3153
(12, 4)
3154
(12, 4)
3155
(12, 4)
3156
(12, 4)
3157
(12, 4)
3158
(12, 2)
3159
(12, 2)
3160
(12, 2)
3161
(7, 6)
3162
(7, 7)
3163
(7, 7)
3164
(7, 7)
3165
(8, 6)
3166
(7, 6)
3167
(7, 6)
3168
(7, 6)
3169
(8, 6)
3170
(7, 6)
3171
(8, 6)
3172
(8, 6)
3173
(8, 6)
3174
(7, 6)
3175
(8, 6)
3176
(7, 6)
3177
(8, 6)
3178
(7, 6)
3179
(8, 6)
3180
(8, 6)
3181
(7, 6)
3182
(7, 6)
3183
(7, 6)
3184
(7, 6)
3185
(7, 6)
3186
(11, 1)
3187
(11, 1)
3188
(12, 4)
3189
(12, 4)
3190
(12, 4)
3191
(12, 4)
3192
(12, 4)
3193
(12, 1)
3194
(12, 1)
3195
(12, 1)
3196
(7, 7)
3197
(7, 7)
3198
(7, 7)
3199
(7, 7)
3200
(7, 7)
3201
(13, 2)
3202
(13, 2)
3203
(13, 2)
3204
(11, 1)
3205
(11, 1)
3206
(8, 6)
3207
(8, 6)
3208
(11, 1)
3209
(11, 1)
3210
(8, 6)
3211
(7, 6)
3212
(11, 1)
3213
(11, 1)
3214
(7, 6)
3215
(7, 6)
3216
(11, 1)
3217
(11, 1)
3218
(7, 6)
3219
(7, 6)
3220
(11, 1)
3221
(11, 1)
3222
(7, 6)
3223
(11, 1)
3224
(7, 6)
3225
(11, 1)
3226
(7, 6)
3227
(11, 1)
3228
(7, 6)
3229
(11, 1)
3230
(7, 6)
3231
(11, 2)
3232
(7, 6)
3233
(11, 2)
3234
(7, 6)
3235
(11, 2)
3236
(7, 6)
3237
(11, 2)
3238
(7, 6)
3239
(11, 2)
3240
(8, 6)
3241
(7, 7)
3242
(8, 6)
3243
(7, 7)
3244
(8, 6)
3245
(7, 7)
3246
(8, 6)
3247
(7, 7)
3248
(7, 7)
3249
(7, 7)
3250
(7, 7)
3251
(7, 6)
3252
(7, 6)
3253
(7, 6)
3254
(7, 6)
3255
(7, 6)
3256
(7, 6)
3257
(7, 6)
3258
(7, 7)
3259
(8, 6)
3260
(8, 6)
3261
(8, 6)
3262
(7, 6)
3263
(8, 6)
3264
(8, 6)
3265
(8, 6)
3266
(7, 6)
3267
(7, 6)
3268
(7, 6)
3269
(12, 1)
3270
(7, 7)
3271
(7, 7)
3272
(7, 7)
3273
(12, 4)
3274
(12, 4)
3275
(12, 4)
3276
(12, 4)
3277
(12, 4)
3278
(7, 7)
3279
(7, 7)
3280
(12, 1)
3281
(7, 7)
3282
(12, 1)
3283
(7, 7)
3284
(7, 7)
3285
(7, 7)
3286
(7, 7)
3287
(7, 7)
3288
(7, 7)
3289
(8, 6)
3290
(8, 6)
3291
(8, 6)
3292
(8, 6)
3293
(8, 6)
3294
(8, 6)
3295
(8, 6)
3296
(8, 6)
3297
(8, 6)
3298
(8, 6)
3299
(8, 6)
3300
(8, 6)
3301
(8, 6)
3302
(8, 6)
3303
(8, 6)
3304
(7, 7)
3305
(7, 7)
3306
(8, 6)
3307
(7, 7)
3308
(7, 7)
3309
(7, 7)
3310
(7, 7)
3311
(7, 7)
3312
(7, 7)
3313
(7, 7)
3314
(7, 7)
3315
(7, 7)
3316
(7, 7)
3317
(7, 7)
3318
(8, 6)
3319
(7, 7)
3320
(7, 7)
3321
(8, 6)
3322
(7, 7)
3323
(7, 7)
3324
(8, 6)
3325
(7, 7)
3326
(7, 7)
3327
(7, 7)
3328
(7, 7)
3329
(8, 6)
3330
(7, 7)
3331
(7, 7)
3332
(8, 6)
3333
(7, 7)
3334
(7, 7)
3335
(7, 7)
3336
(8, 6)
3337
(7, 7)
3338
(7, 7)
3339
(7, 7)
3340
(7, 7)
3341
(7, 7)
3342
(7, 7)
3343
(7, 7)
3344
(7, 7)
3345
(8, 6)
3346
(8, 6)
3347
(8, 6)
3348
(8, 6)
3349
(8, 6)
3350
(8, 6)
3351
(8, 6)
3352
(7, 7)
3353
(7, 7)
3354
(7, 7)
3355
(7, 7)
3356
(7, 7)
3357
(7, 7)
3358
(7, 7)
3359
(7, 7)
3360
(7, 7)
3361
(7, 7)
3362
(7, 7)
3363
(8, 6)
3364
(8, 6)
3365
(8, 6)
3366
(8, 6)
3367
(8, 6)
3368
(8, 6)
3369
(8, 6)
3370
(8, 6)
3371
(8, 6)
3372
(8, 6)
3373
(8, 6)
3374
(8, 6)
3375
(8, 6)
3376
(8, 6)
3377
(8, 6)
3378
(8, 6)
3379
(8, 6)
3380
(7, 7)
3381
(7, 7)
3382
(7, 7)
3383
(7, 7)
3384
(7, 7)
3385
(7, 7)
3386
(7, 7)
3387
(7, 7)
3388
(7, 7)
3389
(7, 7)
3390
(7, 7)
3391
(8, 6)
3392
(8, 6)
3393
(7, 7)
3394
(7, 7)
3395
(7, 7)
3396
(7, 7)
3397
(7, 7)
3398
(7, 7)
3399
(7, 7)
3400
(7, 7)
3401
(7, 7)
3402
(7, 7)
3403
(7, 7)
3404
(7, 7)
3405
(7, 7)
3406
(7, 7)
3407
(7, 7)
3408
(7, 7)
3409
(7, 7)
3410
(7, 7)
3411
(12, 1)
3412
(12, 1)
3413
(7, 7)
3414
(8, 7)
3415
(8, 7)
3416
(8, 7)
3417
(7, 7)
3418
(7, 7)
3419
(8, 7)
3420
(7, 7)
3421
(8, 7)
3422
(8, 7)
3423
(12, 4)
3424
(12, 4)
3425
(12, 4)
3426
(12, 4)
3427
(8, 7)
3428
(8, 7)
3429
(8, 7)
3430
(8, 7)
3431
(13, 1)
3432
(8, 6)
3433
(13, 1)
3434
(8, 6)
3435
(8, 7)
3436
(8, 6)
3437
(8, 7)
3438
(8, 6)
3439
(8, 6)
3440
(8, 6)
3441
(8, 6)
3442
(8, 6)
3443
(8, 6)
3444
(8, 6)
3445
(8, 6)
3446
(8, 6)
3447
(8, 6)
3448
(8, 7)
3449
(8, 6)
3450
(8, 6)
3451
(8, 6)
3452
(8, 6)
3453
(8, 6)
3454
(8, 6)
3455
(8, 6)
3456
(8, 7)
3457
(8, 6)
3458
(8, 6)
3459
(8, 6)
3460
(8, 7)
3461
(8, 6)
3462
(8, 6)
3463
(8, 6)
3464
(8, 7)
3465
(8, 7)
3466
(8, 7)
3467
(8, 7)
3468
(8, 7)
3469
(13, 1)
3470
(13, 1)
3471
(12, 4)
3472
(12, 4)
3473
(13, 2)
3474
(13, 2)
3475
(7, 7)
3476
(12, 4)
3477
(13, 2)
3478
(13, 2)
3479
(7, 7)
3480
(13, 2)
3481
(7, 7)
3482
(13, 2)
3483
(12, 4)
3484
(14, 2)
3485
(12, 4)
3486
(14, 2)
3487
(14, 3)
3488
(8, 7)
3489
(8, 7)
3490
(14, 3)
3491
(8, 7)
3492
(8, 7)
3493
(8, 7)
3494
(8, 7)
3495
(8, 7)
3496
(8, 7)
3497
(8, 7)
3498
(8, 7)
3499
(8, 7)
3500
(8, 7)
defaultdict(<function <lambda> at 0x2ae3b52782a8>, {(7, 3): 62, (4, 7): 18, (8, 4): 105, (12, 1): 9, (9, 1): 98, (6, 6): 10, (5, 6): 20, (11, 2): 101, (5, 4): 30, (2, 1): 18, (8, 7): 32, (6, 2): 104, (9, 4): 103, (5, 1): 89, (10, 3): 60, (7, 2): 100, (12, 2): 36, (4, 9): 24, (3, 3): 50, (8, 1): 102, (8, 5): 103, (7, 6): 101, (4, 4): 50, (6, 3): 85, (11, 1): 64, (8, 6): 102, (4, 1): 69, (1, 1): 8, (12, 3): 91, (6, 4): 13, (3, 2): 64, (13, 2): 9, (8, 2): 109, (4, 10): 2, (7, 1): 66, (4, 5): 39, (9, 3): 103, (5, 5): 20, (7, 7): 109, (7, 5): 64, (10, 1): 81, (4, 2): 92, (14, 2): 2, (6, 5): 10, (5, 3): 52, (13, 1): 4, (8, 3): 100, (4, 6): 29, (9, 2): 101, (6, 1): 74, (3, 1): 47, (11, 3): 68, (12, 4): 34, (4, 3): 102, (14, 3): 2, (9, 5): 101, (4, 8): 13, (5, 2): 76, (10, 2): 70})
3501
(8, 7)
3502
(8, 7)
3503
(8, 7)
3504
(8, 7)
3505
(7, 7)
3506
(7, 7)
3507
(8, 7)
3508
(8, 7)
3509
(8, 7)
3510
(8, 7)
3511
(8, 7)
3512
(8, 7)
3513
(8, 7)
3514
(8, 7)
3515
(8, 7)
3516
(8, 7)
3517
(8, 7)
3518
(8, 7)
3519
(8, 7)
3520
(8, 7)
3521
(8, 7)
3522
(8, 7)
3523
(8, 7)
3524
(8, 7)
3525
(8, 7)
3526
(8, 7)
3527
(8, 7)
3528
(8, 7)
3529
(8, 7)
3530
(8, 7)
3531
(4, 10)
3532
(4, 10)
3533
(4, 10)
3534
(4, 10)
3535
(4, 10)
3536
(8, 7)
3537
(8, 7)
3538
(8, 7)
3539
(8, 7)
3540
(8, 7)
3541
(8, 7)
3542
(8, 7)
3543
(8, 7)
3544
(8, 7)
3545
(8, 7)
3546
(8, 7)
3547
(8, 7)
3548
(8, 7)
3549
(8, 7)
3550
(8, 7)
3551
(8, 7)
3552
(8, 7)
3553
(8, 7)
3554
(8, 7)
3555
(8, 7)
3556
(12, 4)
3557
(12, 4)
3558
(12, 4)
3559
(12, 4)
3560
(12, 4)
3561
(8, 7)
3562
(8, 7)
3563
(8, 7)
3564
(8, 7)
3565
(14, 3)
3566
(14, 3)
3567
(8, 7)
3568
(8, 7)
3569
(8, 7)
3570
(8, 7)
3571
(8, 7)
3572
(8, 7)
3573
(8, 7)
3574
(8, 7)
3575
(8, 7)
3576
(8, 7)
3577
(8, 7)
3578
(8, 7)
3579
(8, 7)
3580
(8, 7)
3581
(8, 7)
3582
(8, 7)
3583
(8, 7)
3584
(12, 4)
3585
(12, 4)
3586
(12, 4)
3587
(12, 4)
3588
(12, 4)
3589
(4, 10)
3590
(4, 10)
3591
(4, 10)
3592
(4, 10)
3593
(4, 10)
3594
(8, 7)
3595
(8, 7)
3596
(8, 7)
3597
(8, 7)
3598
(8, 7)
3599
(12, 5)
3600
(12, 5)
3601
(12, 5)
3602
(12, 5)
3603
(12, 5)
3604
(12, 5)
3605
(12, 5)
3606
(12, 5)
3607
(12, 5)
3608
(12, 5)
3609
(12, 5)
3610
(12, 5)
3611
(12, 5)
3612
(12, 5)
3613
(12, 5)
3614
(14, 3)
3615
(14, 3)
3616
(12, 5)
3617
(12, 5)
3618
(12, 5)
3619
(12, 5)
3620
(12, 5)
3621
(12, 5)
3622
(12, 5)
3623
(12, 5)
3624
(12, 5)
3625
(12, 5)
3626
(12, 5)
3627
(12, 5)
3628
(12, 5)
3629
(14, 4)
3630
(14, 4)
3631
(12, 6)
3632
(12, 6)
3633
(14, 4)
3634
(14, 4)
3635
(12, 6)
3636
(12, 6)
3637
(12, 6)
3638
(12, 6)
3639
(12, 6)
3640
(12, 6)
3641
(12, 6)
3642
(12, 6)
3643
(12, 6)
3644
(12, 6)
3645
(12, 6)
3646
(12, 6)
3647
(12, 6)
3648
(14, 4)
3649
(14, 4)
3650
(12, 6)
3651
(12, 6)
3652
(12, 6)
3653
(12, 6)
3654
(12, 6)
3655
(12, 6)
3656
(12, 6)
3657
(12, 6)
3658
(12, 6)
3659
(12, 6)
3660
(12, 6)
3661
(12, 6)
3662
(12, 6)
3663
(14, 5)
3664
(14, 5)
3665
(14, 6)
3666
(14, 6)
3667
(14, 6)
3668
(14, 6)
3669
(14, 7)
3670
(14, 7)
3671
(14, 8)
3672
(14, 8)
3673
(14, 9)
3674
(14, 9)
3675
(14, 10)
3676
(14, 10)
quitting, no novel node found
defaultdict(<function <lambda> at 0x2ae3b52782a8>, {(7, 3): 62, (4, 7): 18, (8, 4): 105, (12, 1): 9, (9, 1): 98, (6, 6): 10, (5, 6): 20, (14, 4): 6, (11, 2): 101, (5, 4): 30, (2, 1): 18, (12, 5): 28, (8, 7): 106, (6, 2): 104, (9, 4): 103, (5, 1): 89, (14, 9): 2, (10, 3): 60, (7, 2): 100, (12, 2): 36, (4, 9): 24, (3, 3): 50, (14, 5): 2, (8, 1): 102, (8, 5): 103, (7, 6): 101, (4, 4): 50, (12, 6): 28, (6, 3): 85, (11, 1): 64, (8, 6): 102, (4, 1): 69, (1, 1): 8, (12, 3): 91, (6, 4): 13, (3, 2): 64, (14, 10): 2, (13, 2): 9, (8, 2): 109, (4, 10): 12, (7, 1): 66, (4, 5): 39, (9, 3): 103, (5, 5): 20, (7, 7): 111, (7, 5): 64, (10, 1): 81, (4, 2): 92, (14, 2): 2, (6, 5): 10, (5, 3): 52, (13, 1): 4, (8, 3): 100, (4, 6): 29, (9, 2): 101, (6, 1): 74, (3, 1): 47, (14, 7): 2, (11, 3): 68, (14, 6): 4, (12, 4): 44, (4, 3): 102, (14, 3): 6, (9, 5): 101, (4, 8): 13, (5, 2): 76, (14, 8): 2, (10, 2): 70})
<__main__.Node instance at 0x2ae47acd8320>
81
3676
False
380.486051083
