STARTING!
step1
step2
step3
a
b
c
]0;IPython: eshnich/vgdl]0;IPython: eshnich/vgdladded self, <class 'ontology.Immovable'>
added self, <class 'ontology.Passive'>
added self, <class 'core.Resource'>
added parent, <class 'core.Resource'>
added self, <class 'ontology.ResourcePack'>
added self, <class 'ontology.Flicker'>
added self, <class 'ontology.Spreader'>
added self, <class 'ontology.SpriteProducer'>
added self, <class 'ontology.Portal'>
added self, <class 'ontology.SpawnPoint'>
added self, <class 'ontology.RandomNPC'>
added self, <class 'ontology.OrientedSprite'>
added self, <class 'ontology.Conveyor'>
added self, <class 'ontology.Missile'>
added self, <class 'ontology.OrientedFlicker'>
added self, <class 'ontology.Walker'>
added self, <class 'ontology.WalkJumper'>
added self, <class 'ontology.RandomInertial'>
added self, <class 'ontology.RandomMissile'>
added self, <class 'ontology.ErraticMissile'>
added self, <class 'ontology.Bomber'>
added self, <class 'ontology.Chaser'>
added self, <class 'ontology.Fleeing'>
added self, <class 'ontology.AStarChaser'>
added self, <class 'ontology.MovingAvatar'>
added self, <class 'ontology.HorizontalAvatar'>
added self, <class 'ontology.VerticalAvatar'>
added self, <class 'ontology.FlakAvatar'>
added self, <class 'ontology.OrientedAvatar'>
added parent, <class 'ontology.OrientedAvatar'>
added self, <class 'ontology.ShootAvatar'>
added parent, <class 'ontology.ShootAvatar'>
added self, <class 'ontology.AimedAvatar'>
added parent, <class 'ontology.AimedAvatar'>
added self, <class 'ontology.AimedFlakAvatar'>
<class 'ontology.OrientedAvatar'> already in tree.
added self, <class 'ontology.RotatingAvatar'>
added self, <class 'ontology.RotatingFlippingAvatar'>
added self, <class 'ontology.NoisyRotatingFlippingAvatar'>
<class 'ontology.ShootAvatar'> already in tree.
<class 'ontology.AimedAvatar'> already in tree.
<class 'ontology.AimedFlakAvatar'> already in tree.
added self, <class 'ontology.InertialAvatar'>
added self, <class 'ontology.MarioAvatar'>
step4
FINISHED IMPORTS
FINISHED SETTING VALUES
<module 'examples.continuousphysics.montezuma_3' from 'examples/continuousphysics/montezuma_3.pyc'>
max nodes 9223372036854775807
1
(13, 3)
2
(12, 3)
3
(13, 3)
4
(12, 3)
5
(12, 3)
6
(12, 3)
7
(12, 3)
8
(12, 3)
9
(12, 3)
10
(12, 3)
11
(12, 3)
12
(12, 3)
13
(12, 3)
14
(12, 3)
15
(12, 3)
16
(12, 3)
17
(12, 3)
18
(12, 3)
19
(12, 3)
20
(12, 3)
21
(12, 3)
22
(12, 3)
23
(12, 3)
24
(12, 3)
25
(12, 2)
26
(12, 2)
27
(12, 2)
28
(12, 3)
29
(11, 2)
30
(11, 2)
31
(11, 2)
32
(11, 3)
33
(11, 2)
34
(11, 2)
35
(11, 2)
36
(11, 3)
37
(11, 2)
38
(11, 2)
39
(11, 2)
40
(11, 3)
41
(11, 2)
42
(11, 2)
43
(11, 2)
44
(11, 3)
45
(11, 3)
46
(11, 3)
47
(11, 2)
48
(11, 3)
49
(11, 3)
50
(11, 3)
51
(11, 2)
52
(11, 3)
53
(11, 3)
54
(11, 3)
55
(11, 3)
56
(11, 3)
57
(11, 3)
58
(11, 3)
59
(11, 3)
60
(11, 3)
61
(11, 3)
62
(11, 3)
63
(11, 3)
64
(10, 3)
65
(10, 3)
66
(10, 3)
67
(10, 3)
68
(10, 3)
69
(10, 3)
70
(10, 3)
71
(10, 3)
72
(10, 3)
73
(10, 3)
74
(10, 3)
75
(10, 3)
76
(10, 3)
77
(10, 3)
78
(10, 3)
79
(10, 3)
80
(10, 3)
81
(10, 3)
82
(10, 3)
83
(10, 3)
84
(10, 3)
85
(10, 3)
86
(10, 3)
87
(10, 3)
88
(10, 3)
89
(10, 3)
90
(10, 3)
91
(10, 3)
92
(10, 3)
93
(10, 3)
94
(10, 3)
95
(10, 3)
96
(10, 3)
97
(10, 3)
98
(10, 3)
99
(10, 3)
100
(10, 3)
101
(10, 3)
102
(10, 3)
103
(10, 3)
104
(10, 3)
105
(10, 3)
106
(10, 3)
107
(10, 3)
108
(10, 3)
109
(10, 3)
110
(10, 3)
111
(10, 3)
112
(10, 3)
113
(10, 3)
114
(9, 3)
115
(9, 3)
116
(9, 3)
117
(10, 3)
118
(9, 3)
119
(9, 3)
120
(9, 3)
121
(9, 3)
122
(9, 3)
123
(10, 3)
124
(10, 3)
125
(9, 2)
126
(9, 2)
127
(9, 2)
128
(9, 3)
129
(9, 2)
130
(9, 2)
131
(9, 2)
132
(9, 3)
133
(9, 1)
134
(9, 1)
135
(9, 1)
136
(9, 3)
137
(9, 1)
138
(9, 1)
139
(9, 1)
140
(10, 3)
141
(8, 1)
142
(8, 1)
143
(8, 1)
144
(10, 3)
145
(8, 1)
146
(8, 1)
147
(8, 1)
148
(10, 3)
149
(8, 1)
150
(8, 1)
151
(8, 1)
152
(10, 3)
153
(8, 1)
154
(8, 1)
155
(8, 1)
156
(10, 3)
157
(7, 1)
158
(7, 1)
159
(7, 1)
160
(10, 3)
161
(7, 1)
162
(7, 1)
163
(7, 1)
164
(10, 3)
165
(7, 1)
166
(7, 1)
167
(7, 1)
168
(10, 2)
169
(7, 2)
170
(7, 2)
171
(7, 2)
172
(10, 2)
173
(6, 2)
174
(6, 2)
175
(6, 2)
176
(10, 2)
177
(6, 3)
178
(6, 3)
179
(6, 3)
180
(9, 3)
181
(6, 3)
182
(6, 3)
183
(6, 3)
184
(9, 3)
185
(6, 3)
186
(6, 3)
187
(6, 3)
188
(9, 3)
189
(6, 3)
190
(6, 3)
191
(9, 2)
192
(9, 2)
193
(6, 3)
194
(6, 3)
195
(9, 1)
196
(9, 1)
197
(6, 3)
198
(6, 3)
199
(6, 3)
200
(6, 3)
201
(6, 3)
202
(6, 3)
203
(6, 3)
204
(6, 3)
205
(5, 3)
206
(6, 3)
207
(5, 3)
208
(5, 3)
209
(5, 3)
210
(5, 3)
211
(5, 3)
212
(5, 3)
213
(5, 3)
214
(5, 3)
215
(5, 3)
216
(5, 3)
217
(5, 3)
218
(5, 3)
219
(5, 3)
220
(5, 3)
221
(5, 3)
222
(5, 3)
223
(5, 3)
224
(5, 3)
225
(5, 3)
226
(5, 3)
227
(5, 3)
228
(5, 3)
229
(5, 3)
230
(5, 3)
231
(5, 3)
232
(5, 3)
233
(5, 3)
234
(5, 3)
235
(5, 3)
236
(4, 3)
237
(4, 3)
238
(4, 3)
239
(4, 3)
240
(4, 3)
241
(4, 3)
242
(4, 3)
243
(4, 3)
244
(4, 3)
245
(4, 3)
246
(4, 3)
247
(4, 3)
248
(4, 3)
249
(4, 3)
250
(4, 3)
251
(4, 3)
252
(4, 3)
253
(4, 3)
254
(4, 3)
255
(4, 3)
256
(4, 3)
257
(4, 3)
258
(4, 3)
259
(4, 3)
260
(4, 3)
261
(4, 3)
262
(4, 3)
263
(4, 3)
264
(4, 3)
265
(4, 3)
266
(4, 3)
267
(3, 3)
268
(3, 3)
269
(3, 3)
270
(3, 3)
271
(3, 3)
272
(3, 3)
273
(3, 3)
274
(3, 3)
275
(3, 3)
276
(3, 3)
277
(3, 3)
278
(3, 3)
279
(3, 3)
280
(3, 3)
281
(3, 3)
282
(3, 3)
283
(3, 3)
284
(3, 3)
285
(3, 3)
286
(3, 3)
287
(3, 3)
288
(3, 3)
289
(3, 3)
290
(3, 3)
291
(3, 3)
292
(3, 3)
293
(3, 3)
294
(3, 3)
295
(3, 3)
296
(3, 3)
297
(3, 3)
298
(3, 3)
299
(2, 3)
300
(2, 3)
301
(2, 3)
302
(2, 3)
303
(2, 3)
304
(2, 3)
305
(2, 3)
306
(2, 3)
307
(2, 3)
308
(2, 3)
309
(2, 3)
310
(2, 3)
311
(2, 3)
312
(2, 3)
313
(2, 3)
314
(2, 3)
315
(2, 3)
316
(2, 3)
317
(2, 3)
318
(2, 3)
319
(2, 3)
320
(2, 3)
321
(2, 3)
322
(2, 3)
323
(2, 3)
324
(2, 3)
325
(2, 3)
326
(2, 3)
327
(2, 3)
328
(2, 3)
329
(2, 3)
330
(2, 3)
331
(1, 3)
332
(1, 3)
333
(1, 3)
334
(1, 3)
335
(1, 3)
336
(1, 3)
337
(1, 3)
338
(1, 3)
339
(1, 3)
340
(1, 3)
341
(1, 3)
342
(1, 3)
343
(1, 3)
344
(1, 3)
345
(1, 3)
346
(1, 3)
347
(1, 3)
348
(1, 3)
349
(1, 3)
350
(1, 3)
351
(1, 3)
352
(1, 3)
353
(1, 3)
354
(1, 3)
355
(1, 3)
356
(1, 3)
357
(1, 2)
358
(1, 3)
359
(1, 3)
360
(1, 3)
361
(1, 2)
362
(1, 3)
363
(1, 3)
364
(1, 3)
365
(1, 3)
366
(1, 3)
367
(1, 3)
368
(1, 2)
369
(1, 2)
370
(1, 2)
371
(1, 2)
372
(1, 2)
373
(1, 2)
374
(1, 3)
375
(1, 3)
376
(1, 2)
377
(1, 2)
378
(1, 2)
379
(1, 2)
380
(1, 2)
381
(1, 2)
382
(1, 2)
383
(1, 2)
384
(1, 2)
385
(1, 2)
386
(1, 2)
387
(1, 2)
388
(1, 2)
389
(1, 2)
390
(1, 2)
391
(1, 2)
392
(1, 2)
393
(1, 2)
394
(1, 2)
395
(1, 2)
396
(1, 2)
397
(1, 2)
398
(1, 2)
399
(1, 2)
400
(1, 2)
401
(1, 2)
402
(1, 2)
403
(1, 2)
404
(1, 2)
405
(1, 2)
406
(1, 2)
407
(1, 2)
408
(1, 2)
409
(1, 2)
410
(1, 2)
411
(1, 2)
412
(1, 2)
413
(1, 2)
414
(1, 3)
415
(1, 3)
416
(1, 3)
417
(1, 3)
418
(1, 3)
419
(1, 3)
420
(1, 3)
421
(1, 2)
422
(1, 2)
423
(1, 2)
424
(1, 2)
425
(1, 2)
426
(1, 2)
427
(1, 2)
428
(1, 2)
429
(1, 2)
430
(1, 2)
431
(1, 2)
432
(1, 2)
433
(1, 2)
434
(1, 2)
435
(1, 2)
436
(1, 2)
437
(1, 2)
438
(1, 2)
439
(1, 2)
440
(1, 2)
441
(2, 3)
442
(2, 3)
443
(2, 3)
444
(2, 3)
445
(2, 3)
446
(2, 3)
447
(2, 3)
448
(2, 3)
449
(2, 3)
450
(2, 3)
451
(2, 3)
452
(2, 3)
453
(1, 2)
454
(1, 2)
455
(1, 2)
456
(1, 2)
457
(1, 2)
458
(1, 2)
459
(2, 2)
460
(2, 2)
461
(2, 2)
462
(2, 2)
463
(2, 2)
464
(2, 2)
465
(1, 2)
466
(1, 2)
467
(1, 2)
468
(1, 2)
469
(1, 2)
470
(1, 2)
471
(1, 1)
472
(1, 1)
473
(1, 1)
474
(2, 2)
475
(1, 1)
476
(1, 1)
477
(1, 1)
478
(2, 2)
479
(2, 2)
480
(2, 2)
481
(2, 2)
482
(2, 2)
483
(2, 2)
484
(2, 2)
485
(2, 2)
486
(1, 1)
487
(1, 1)
488
(1, 1)
489
(1, 1)
490
(2, 3)
491
(2, 3)
492
(2, 3)
493
(2, 3)
494
(1, 1)
495
(1, 1)
496
(1, 1)
497
(2, 2)
498
(2, 2)
499
(2, 2)
500
(2, 2)
defaultdict(<function <lambda> at 0x2ac6f3953c80>, {(1, 3): 44, (9, 1): 8, (11, 2): 14, (6, 2): 3, (10, 3): 60, (7, 2): 3, (1, 2): 78, (12, 2): 3, (3, 3): 32, (13, 3): 2, (8, 1): 12, (6, 3): 22, (2, 2): 19, (1, 1): 13, (12, 3): 23, (7, 1): 9, (9, 3): 14, (2, 3): 48, (5, 3): 30, (9, 2): 8, (11, 3): 21, (4, 3): 31, (10, 2): 3})
501
(1, 2)
502
(1, 2)
503
(1, 2)
504
(1, 2)
505
(1, 1)
506
(1, 1)
507
(1, 1)
508
(1, 1)
509
(1, 1)
510
(1, 1)
511
(1, 1)
512
(1, 1)
513
(1, 1)
514
(1, 1)
515
(1, 1)
516
(1, 1)
517
(1, 1)
518
(1, 1)
519
(1, 1)
520
(1, 1)
521
(1, 1)
522
(1, 1)
523
(1, 1)
524
(1, 1)
525
(1, 1)
526
(1, 1)
527
(1, 1)
528
(1, 1)
529
(1, 1)
530
(1, 1)
531
(1, 1)
532
(1, 1)
533
(1, 1)
534
(1, 1)
535
(1, 1)
536
(1, 1)
537
(1, 1)
538
(1, 1)
539
(1, 1)
540
(1, 1)
541
(1, 1)
542
(1, 1)
543
(1, 1)
544
(1, 1)
545
(2, 1)
546
(2, 1)
547
(2, 1)
548
(1, 1)
549
(1, 1)
550
(1, 1)
551
(2, 1)
552
(1, 1)
553
(1, 1)
554
(1, 1)
555
(2, 1)
556
(1, 1)
557
(1, 1)
558
(1, 1)
559
(2, 1)
560
(1, 1)
561
(1, 1)
562
(1, 1)
563
(2, 1)
564
(1, 1)
565
(1, 1)
566
(1, 1)
567
(2, 3)
568
(1, 1)
569
(1, 1)
570
(1, 1)
571
(2, 3)
572
(1, 1)
573
(1, 1)
574
(1, 1)
575
(2, 3)
576
(1, 2)
577
(1, 2)
578
(1, 2)
579
(1, 1)
580
(1, 2)
581
(1, 2)
582
(1, 2)
583
(1, 1)
584
(1, 1)
585
(2, 2)
586
(2, 2)
587
(2, 3)
588
(2, 3)
589
(2, 3)
590
(2, 3)
591
(2, 2)
592
(2, 2)
593
(2, 2)
594
(2, 2)
595
(2, 2)
596
(2, 2)
597
(2, 3)
598
(2, 3)
599
(2, 1)
600
(2, 1)
601
(2, 1)
602
(2, 1)
603
(2, 2)
604
(1, 1)
605
(1, 1)
606
(2, 2)
607
(2, 2)
608
(2, 2)
609
(2, 2)
610
(1, 1)
611
(1, 1)
612
(1, 1)
613
(2, 2)
614
(1, 1)
615
(1, 1)
616
(1, 1)
617
(1, 1)
618
(1, 1)
619
(1, 1)
620
(1, 1)
621
(1, 1)
622
(1, 1)
623
(1, 1)
624
(1, 1)
625
(1, 1)
626
(1, 1)
627
(1, 1)
628
(1, 1)
629
(1, 1)
630
(1, 1)
631
(1, 1)
632
(1, 1)
633
(1, 1)
634
(1, 1)
635
(1, 1)
636
(1, 1)
637
(1, 1)
638
(1, 1)
639
(1, 1)
640
(1, 1)
641
(1, 1)
642
(1, 1)
643
(1, 1)
644
(1, 1)
645
(1, 2)
646
(1, 1)
647
(1, 1)
648
(1, 1)
649
(1, 2)
650
(2, 2)
651
(2, 2)
652
(1, 1)
653
(3, 3)
654
(3, 3)
655
(2, 2)
656
(1, 1)
657
(2, 2)
658
(3, 3)
659
(3, 3)
660
(1, 1)
661
(2, 2)
662
(2, 1)
663
(2, 1)
664
(1, 1)
665
(2, 1)
666
(2, 1)
667
(2, 2)
668
(1, 1)
669
(3, 3)
670
(3, 3)
671
(2, 2)
672
(1, 1)
673
(2, 2)
674
(2, 2)
675
(2, 2)
676
(1, 2)
677
(2, 1)
678
(2, 1)
679
(2, 1)
680
(1, 2)
681
(3, 3)
682
(3, 3)
683
(3, 3)
684
(2, 1)
685
(2, 2)
686
(2, 2)
687
(2, 2)
688
(1, 1)
689
(2, 2)
690
(2, 2)
691
(2, 1)
692
(1, 1)
693
(2, 1)
694
(2, 1)
695
(2, 1)
696
(1, 1)
697
(2, 1)
698
(2, 1)
699
(2, 1)
700
(1, 1)
701
(2, 1)
702
(2, 1)
703
(2, 1)
704
(1, 1)
705
(2, 1)
706
(2, 1)
707
(2, 1)
708
(1, 1)
709
(2, 1)
710
(2, 1)
711
(2, 1)
712
(1, 1)
713
(2, 1)
714
(2, 1)
715
(2, 1)
716
(1, 1)
717
(2, 1)
718
(2, 1)
719
(2, 2)
720
(1, 1)
721
(2, 2)
722
(2, 2)
723
(2, 2)
724
(1, 1)
725
(2, 2)
726
(2, 2)
727
(2, 2)
728
(2, 2)
729
(2, 2)
730
(2, 2)
731
(2, 2)
732
(2, 2)
733
(3, 2)
734
(3, 2)
735
(3, 2)
736
(2, 2)
737
(2, 2)
738
(2, 2)
739
(2, 2)
740
(2, 1)
741
(2, 1)
742
(2, 1)
743
(2, 1)
744
(2, 1)
745
(2, 1)
746
(2, 1)
747
(2, 1)
748
(1, 1)
749
(1, 1)
750
(1, 1)
751
(1, 1)
752
(1, 1)
753
(1, 1)
754
(1, 1)
755
(1, 1)
756
(1, 1)
757
(1, 1)
758
(1, 1)
759
(1, 1)
760
(1, 1)
761
(1, 1)
762
(1, 1)
763
(1, 1)
764
(1, 1)
765
(1, 1)
766
(1, 1)
767
(1, 1)
768
(1, 1)
769
(3, 3)
770
(3, 3)
771
(3, 3)
772
(2, 1)
773
(2, 1)
774
(2, 2)
775
(2, 2)
776
(2, 2)
777
(3, 2)
778
(3, 2)
779
(3, 2)
780
(2, 1)
781
(2, 1)
782
(2, 1)
783
(2, 1)
784
(2, 1)
785
(2, 1)
786
(2, 1)
787
(2, 1)
788
(2, 1)
789
(3, 2)
790
(2, 1)
791
(2, 1)
792
(2, 1)
793
(3, 2)
794
(3, 2)
795
(3, 2)
796
(3, 2)
797
(3, 3)
798
(3, 3)
799
(3, 2)
800
(3, 2)
801
(3, 2)
802
(3, 3)
803
(3, 3)
804
(3, 3)
805
(3, 2)
806
(3, 2)
807
(2, 1)
808
(2, 1)
809
(2, 1)
810
(2, 1)
811
(2, 2)
812
(2, 1)
813
(2, 1)
814
(2, 1)
815
(2, 2)
816
(2, 1)
817
(2, 1)
818
(2, 1)
819
(2, 2)
820
(2, 1)
821
(2, 1)
822
(2, 1)
823
(2, 1)
824
(2, 1)
825
(2, 1)
826
(2, 1)
827
(2, 1)
828
(3, 2)
829
(2, 1)
830
(2, 2)
831
(2, 2)
832
(2, 2)
833
(3, 2)
834
(3, 2)
835
(3, 2)
836
(3, 2)
837
(3, 2)
838
(2, 1)
839
(2, 1)
840
(2, 1)
841
(4, 3)
842
(4, 3)
843
(3, 2)
844
(3, 2)
845
(3, 2)
846
(3, 2)
847
(3, 2)
848
(3, 2)
849
(2, 1)
850
(2, 1)
851
(2, 1)
852
(2, 1)
853
(3, 2)
854
(4, 3)
855
(2, 1)
856
(4, 3)
857
(3, 1)
858
(3, 2)
859
(3, 2)
860
(4, 3)
861
(2, 1)
862
(3, 1)
863
(3, 1)
864
(3, 2)
865
(2, 1)
866
(2, 1)
867
(2, 1)
868
(3, 2)
869
(2, 1)
870
(2, 1)
871
(2, 1)
872
(3, 2)
873
(2, 1)
874
(2, 1)
875
(2, 1)
876
(2, 1)
877
(2, 1)
878
(2, 1)
879
(2, 1)
880
(2, 1)
881
(2, 1)
882
(2, 1)
883
(2, 1)
884
(2, 1)
885
(2, 1)
886
(2, 1)
887
(3, 2)
888
(2, 1)
889
(3, 2)
890
(2, 1)
891
(3, 2)
892
(2, 1)
893
(2, 1)
894
(2, 1)
895
(4, 3)
896
(2, 1)
897
(2, 1)
898
(2, 1)
899
(2, 1)
900
(4, 3)
901
(2, 1)
902
(2, 1)
903
(2, 1)
904
(2, 1)
905
(2, 1)
906
(2, 1)
907
(2, 1)
908
(3, 2)
909
(2, 1)
910
(2, 1)
911
(2, 1)
912
(3, 2)
913
(2, 1)
914
(2, 2)
915
(2, 2)
916
(2, 1)
917
(2, 1)
918
(2, 2)
919
(2, 2)
920
(2, 1)
921
(2, 2)
922
(2, 3)
923
(2, 3)
924
(2, 1)
925
(2, 2)
926
(3, 1)
927
(2, 1)
928
(3, 2)
929
(2, 3)
930
(3, 2)
931
(3, 2)
932
(3, 2)
933
(4, 2)
934
(4, 2)
935
(3, 2)
936
(3, 2)
937
(3, 2)
938
(3, 2)
939
(3, 2)
940
(3, 2)
941
(3, 2)
942
(3, 1)
943
(3, 1)
944
(3, 1)
945
(3, 1)
946
(3, 1)
947
(3, 1)
948
(3, 1)
949
(3, 1)
950
(2, 1)
951
(2, 1)
952
(2, 1)
953
(2, 1)
954
(2, 1)
955
(4, 2)
956
(2, 1)
957
(2, 1)
958
(2, 1)
959
(4, 3)
960
(2, 1)
961
(2, 1)
962
(2, 1)
963
(4, 3)
964
(2, 1)
965
(2, 1)
966
(2, 1)
967
(4, 3)
968
(2, 1)
969
(2, 1)
970
(3, 1)
971
(4, 2)
972
(4, 3)
973
(4, 3)
974
(3, 1)
975
(4, 2)
976
(3, 1)
977
(3, 1)
978
(4, 2)
979
(4, 3)
980
(3, 2)
981
(3, 2)
982
(4, 2)
983
(4, 2)
984
(4, 3)
985
(4, 3)
986
(4, 2)
987
(4, 2)
988
(4, 3)
989
(4, 3)
990
(3, 1)
991
(3, 2)
992
(3, 2)
993
(3, 2)
994
(3, 2)
995
(3, 1)
996
(3, 1)
997
(3, 1)
998
(3, 1)
999
(3, 1)
1000
(3, 1)
defaultdict(<function <lambda> at 0x2ac6f3953c80>, {(1, 3): 44, (9, 1): 8, (11, 2): 14, (2, 1): 151, (6, 2): 3, (10, 3): 60, (7, 2): 3, (1, 2): 92, (12, 2): 3, (3, 3): 49, (13, 3): 2, (8, 1): 12, (6, 3): 22, (2, 2): 79, (1, 1): 153, (12, 3): 23, (3, 2): 56, (7, 1): 9, (9, 3): 14, (2, 3): 60, (4, 2): 10, (5, 3): 30, (9, 2): 8, (3, 1): 23, (11, 3): 21, (4, 3): 48, (10, 2): 3})
1001
(3, 1)
1002
(3, 1)
1003
(3, 1)
1004
(3, 1)
1005
(3, 1)
1006
(3, 1)
1007
(3, 1)
1008
(3, 1)
1009
(3, 1)
1010
(3, 1)
1011
(3, 1)
1012
(4, 2)
1013
(4, 3)
1014
(4, 3)
1015
(4, 3)
1016
(4, 3)
1017
(4, 3)
1018
(3, 1)
1019
(3, 1)
1020
(4, 3)
1021
(4, 3)
1022
(4, 3)
1023
(4, 3)
1024
(3, 1)
1025
(3, 1)
1026
(4, 2)
1027
(4, 2)
1028
(4, 2)
1029
(5, 3)
1030
(4, 2)
1031
(5, 3)
1032
(5, 3)
1033
(5, 3)
1034
(5, 3)
1035
(5, 3)
1036
(5, 3)
1037
(5, 3)
1038
(5, 3)
1039
(5, 3)
1040
(5, 3)
1041
(5, 3)
1042
(5, 3)
1043
(4, 2)
1044
(4, 2)
1045
(4, 2)
1046
(4, 2)
1047
(4, 2)
1048
(4, 2)
1049
(4, 3)
1050
(4, 3)
1051
(4, 3)
1052
(3, 1)
1053
(4, 2)
1054
(3, 1)
1055
(4, 2)
1056
(4, 2)
1057
(4, 2)
1058
(4, 2)
1059
(4, 2)
1060
(3, 1)
1061
(3, 1)
1062
(3, 1)
1063
(3, 1)
1064
(3, 1)
1065
(3, 1)
1066
(3, 1)
1067
(3, 1)
1068
(3, 1)
1069
(3, 1)
1070
(3, 1)
1071
(3, 1)
1072
(3, 1)
1073
(3, 1)
1074
(3, 1)
1075
(3, 1)
1076
(3, 1)
1077
(3, 1)
1078
(3, 1)
1079
(3, 1)
1080
(3, 1)
1081
(3, 1)
1082
(3, 1)
1083
(3, 1)
1084
(4, 2)
1085
(3, 1)
1086
(3, 1)
1087
(3, 1)
1088
(3, 1)
1089
(4, 2)
1090
(4, 3)
1091
(4, 3)
1092
(5, 3)
1093
(4, 2)
1094
(5, 3)
1095
(5, 3)
1096
(4, 2)
1097
(4, 2)
1098
(4, 2)
1099
(5, 3)
1100
(5, 3)
1101
(5, 3)
1102
(5, 3)
1103
(4, 2)
1104
(4, 2)
1105
(4, 2)
1106
(4, 2)
1107
(4, 2)
1108
(3, 1)
1109
(4, 2)
1110
(4, 2)
1111
(3, 1)
1112
(3, 1)
1113
(3, 1)
1114
(3, 1)
1115
(3, 1)
1116
(3, 1)
1117
(3, 1)
1118
(4, 2)
1119
(4, 2)
1120
(4, 2)
1121
(3, 1)
1122
(4, 1)
1123
(4, 1)
1124
(5, 2)
1125
(4, 2)
1126
(5, 2)
1127
(4, 2)
1128
(4, 2)
1129
(4, 1)
1130
(4, 2)
1131
(4, 1)
1132
(4, 1)
1133
(3, 1)
1134
(4, 1)
1135
(3, 1)
1136
(3, 1)
1137
(3, 1)
1138
(3, 1)
1139
(3, 1)
1140
(3, 1)
1141
(3, 1)
1142
(3, 1)
1143
(3, 1)
1144
(3, 1)
1145
(3, 1)
1146
(3, 1)
1147
(3, 1)
1148
(3, 1)
1149
(3, 1)
1150
(3, 1)
1151
(3, 1)
1152
(3, 1)
1153
(4, 2)
1154
(3, 1)
1155
(4, 2)
1156
(3, 1)
1157
(5, 2)
1158
(5, 2)
1159
(5, 2)
1160
(5, 2)
1161
(3, 1)
1162
(3, 1)
1163
(3, 1)
1164
(3, 1)
1165
(5, 3)
1166
(5, 3)
1167
(5, 3)
1168
(5, 3)
1169
(4, 1)
1170
(4, 1)
1171
(4, 1)
1172
(3, 1)
1173
(3, 1)
1174
(3, 1)
1175
(4, 1)
1176
(4, 2)
1177
(4, 2)
1178
(4, 2)
1179
(3, 1)
1180
(3, 1)
1181
(3, 1)
1182
(5, 3)
1183
(3, 1)
1184
(3, 1)
1185
(3, 1)
1186
(3, 1)
1187
(5, 3)
1188
(3, 1)
1189
(3, 1)
1190
(3, 1)
1191
(5, 3)
1192
(3, 1)
1193
(3, 1)
1194
(3, 1)
1195
(5, 3)
1196
(3, 1)
1197
(3, 1)
1198
(3, 1)
1199
(5, 3)
1200
(3, 1)
1201
(3, 1)
1202
(3, 2)
1203
(5, 3)
1204
(3, 2)
1205
(3, 2)
1206
(3, 2)
1207
(5, 2)
1208
(3, 2)
1209
(3, 2)
1210
(3, 3)
1211
(5, 2)
1212
(3, 3)
1213
(3, 3)
1214
(5, 2)
1215
(5, 2)
1216
(3, 1)
1217
(3, 1)
1218
(4, 1)
1219
(5, 2)
1220
(5, 2)
1221
(5, 2)
1222
(4, 1)
1223
(4, 1)
1224
(3, 1)
1225
(3, 1)
1226
(3, 1)
1227
(4, 2)
1228
(4, 1)
1229
(4, 1)
1230
(4, 1)
1231
(3, 1)
1232
(3, 1)
1233
(4, 2)
1234
(3, 1)
1235
(3, 1)
1236
(3, 1)
1237
(4, 1)
1238
(3, 1)
1239
(3, 1)
1240
(3, 1)
1241
(4, 1)
1242
(3, 1)
1243
(3, 1)
1244
(3, 1)
1245
(3, 1)
1246
(3, 1)
1247
(3, 1)
1248
(3, 1)
1249
(3, 1)
1250
(3, 1)
1251
(3, 1)
1252
(3, 1)
1253
(3, 1)
1254
(3, 1)
1255
(3, 2)
1256
(3, 2)
1257
(3, 1)
1258
(3, 1)
1259
(3, 2)
1260
(3, 2)
1261
(4, 1)
1262
(3, 2)
1263
(3, 3)
1264
(3, 3)
1265
(4, 1)
1266
(3, 2)
1267
(5, 2)
1268
(5, 2)
1269
(4, 1)
1270
(3, 3)
1271
(5, 2)
1272
(5, 2)
1273
(5, 2)
1274
(5, 2)
1275
(5, 2)
1276
(4, 1)
1277
(4, 1)
1278
(5, 2)
1279
(5, 2)
1280
(4, 1)
1281
(4, 1)
1282
(4, 1)
1283
(4, 1)
1284
(4, 1)
1285
(4, 1)
1286
(4, 1)
1287
(4, 1)
1288
(4, 1)
1289
(4, 1)
1290
(5, 2)
1291
(4, 1)
1292
(4, 1)
1293
(4, 1)
1294
(4, 1)
1295
(5, 2)
1296
(5, 2)
1297
(5, 2)
1298
(5, 2)
1299
(5, 2)
1300
(4, 1)
1301
(5, 2)
1302
(4, 1)
1303
(4, 1)
1304
(5, 2)
1305
(5, 3)
1306
(4, 1)
1307
(4, 1)
1308
(4, 1)
1309
(5, 3)
1310
(5, 3)
1311
(4, 1)
1312
(5, 2)
1313
(5, 2)
1314
(5, 2)
1315
(4, 1)
1316
(4, 1)
1317
(4, 1)
1318
(5, 2)
1319
(4, 1)
1320
(4, 1)
1321
(4, 1)
1322
(4, 1)
1323
(4, 1)
1324
(4, 1)
1325
(4, 1)
1326
(4, 1)
1327
(4, 1)
1328
(4, 1)
1329
(4, 1)
1330
(4, 1)
1331
(4, 1)
1332
(4, 1)
1333
(4, 1)
1334
(4, 1)
1335
(4, 1)
1336
(4, 1)
1337
(4, 1)
1338
(4, 1)
1339
(4, 1)
1340
(4, 1)
1341
(4, 1)
1342
(4, 1)
1343
(4, 1)
1344
(4, 1)
1345
(4, 1)
1346
(4, 2)
1347
(4, 2)
1348
(4, 2)
1349
(4, 2)
1350
(4, 2)
1351
(4, 2)
1352
(4, 2)
1353
(4, 2)
1354
(4, 3)
1355
(4, 3)
1356
(4, 3)
1357
(4, 3)
1358
(5, 3)
1359
(5, 1)
1360
(5, 1)
1361
(5, 1)
1362
(5, 3)
1363
(5, 1)
1364
(4, 1)
1365
(4, 1)
1366
(5, 3)
1367
(4, 1)
1368
(5, 2)
1369
(5, 2)
1370
(5, 3)
1371
(5, 2)
1372
(5, 2)
1373
(4, 1)
1374
(5, 3)
1375
(5, 3)
1376
(5, 2)
1377
(4, 1)
1378
(5, 3)
1379
(5, 2)
1380
(5, 3)
1381
(5, 3)
1382
(5, 3)
1383
(5, 3)
1384
(5, 3)
1385
(5, 3)
1386
(5, 3)
1387
(5, 3)
1388
(5, 3)
1389
(5, 3)
1390
(5, 3)
1391
(5, 3)
1392
(5, 3)
1393
(5, 3)
1394
(4, 3)
1395
(4, 3)
1396
(4, 3)
1397
(4, 3)
1398
(4, 3)
1399
(4, 3)
1400
(4, 3)
1401
(4, 3)
1402
(4, 3)
1403
(4, 3)
1404
(4, 3)
1405
(4, 3)
1406
(4, 3)
1407
(4, 3)
1408
(4, 3)
1409
(4, 3)
1410
(4, 3)
1411
(4, 3)
1412
(4, 3)
1413
(4, 3)
1414
(4, 3)
1415
(4, 3)
1416
(4, 3)
1417
(4, 3)
1418
(4, 3)
1419
(4, 3)
1420
(4, 3)
1421
(4, 3)
1422
(4, 3)
1423
(4, 3)
1424
(4, 3)
1425
(4, 3)
1426
(3, 3)
1427
(3, 3)
1428
(3, 3)
1429
(3, 3)
1430
(3, 3)
1431
(3, 3)
1432
(3, 3)
1433
(3, 3)
1434
(3, 3)
1435
(3, 3)
1436
(3, 3)
1437
(3, 3)
1438
(3, 3)
1439
(3, 3)
1440
(3, 3)
1441
(3, 3)
1442
(3, 3)
1443
(3, 3)
1444
(3, 3)
1445
(3, 3)
1446
(3, 3)
1447
(3, 3)
1448
(3, 3)
1449
(3, 3)
1450
(3, 3)
1451
(3, 3)
1452
(3, 3)
1453
(3, 3)
1454
(3, 3)
1455
(3, 3)
1456
(3, 3)
1457
(3, 3)
1458
(2, 3)
1459
(2, 3)
1460
(2, 3)
1461
(2, 3)
1462
(2, 3)
1463
(2, 3)
1464
(2, 3)
1465
(2, 3)
1466
(2, 3)
1467
(2, 3)
1468
(2, 3)
1469
(2, 3)
1470
(2, 3)
1471
(2, 3)
1472
(2, 3)
1473
(2, 3)
1474
(2, 3)
1475
(2, 3)
1476
(2, 3)
1477
(2, 3)
1478
(2, 3)
1479
(2, 3)
1480
(2, 3)
1481
(2, 3)
1482
(2, 3)
1483
(2, 3)
1484
(2, 3)
1485
(2, 3)
1486
(2, 3)
1487
(2, 3)
1488
(2, 3)
1489
(1, 3)
1490
(1, 3)
1491
(1, 3)
1492
(1, 3)
1493
(1, 3)
1494
(1, 3)
1495
(1, 3)
1496
(1, 3)
1497
(1, 3)
1498
(1, 3)
1499
(1, 3)
1500
(1, 3)
defaultdict(<function <lambda> at 0x2ac6f3953c80>, {(1, 3): 56, (9, 1): 8, (11, 2): 14, (2, 1): 151, (6, 2): 3, (5, 1): 4, (10, 3): 60, (7, 2): 3, (1, 2): 92, (12, 2): 3, (3, 3): 87, (13, 3): 2, (8, 1): 12, (6, 3): 22, (2, 2): 79, (4, 1): 79, (1, 1): 153, (12, 3): 23, (3, 2): 68, (7, 1): 9, (9, 3): 14, (2, 3): 91, (4, 2): 62, (5, 3): 84, (9, 2): 8, (3, 1): 151, (11, 3): 21, (4, 3): 98, (5, 2): 40, (10, 2): 3})
1501
(1, 3)
1502
(2, 3)
1503
(1, 2)
1504
(1, 2)
1505
(2, 3)
1506
(2, 3)
1507
(1, 2)
1508
(1, 2)
1509
(2, 3)
1510
(1, 2)
1511
(1, 2)
1512
(1, 2)
1513
(1, 2)
1514
(1, 2)
1515
(1, 2)
1516
(1, 2)
1517
(1, 2)
1518
(1, 2)
1519
(1, 2)
1520
(1, 2)
1521
(1, 2)
1522
(1, 2)
1523
(1, 2)
1524
(1, 2)
1525
(1, 2)
1526
(1, 2)
1527
(1, 2)
1528
(1, 2)
1529
(1, 2)
1530
(1, 2)
1531
(1, 2)
1532
(1, 2)
1533
(1, 2)
1534
(1, 2)
1535
(1, 2)
1536
(1, 2)
1537
(1, 2)
1538
(1, 2)
1539
(1, 2)
1540
(1, 2)
1541
(1, 2)
1542
(1, 2)
1543
(1, 2)
1544
(1, 2)
1545
(1, 2)
1546
(1, 2)
1547
(1, 2)
1548
(1, 2)
1549
(1, 2)
1550
(1, 2)
1551
(1, 3)
1552
(1, 3)
1553
(1, 3)
1554
(1, 3)
1555
(1, 3)
1556
(1, 3)
1557
(1, 3)
1558
(1, 2)
1559
(1, 2)
1560
(1, 2)
1561
(1, 2)
1562
(1, 2)
1563
(1, 2)
1564
(1, 2)
1565
(1, 2)
1566
(1, 2)
1567
(1, 2)
1568
(1, 2)
1569
(1, 2)
1570
(1, 2)
1571
(2, 2)
1572
(2, 2)
1573
(2, 2)
1574
(2, 2)
1575
(2, 2)
1576
(2, 3)
1577
(2, 3)
1578
(2, 3)
1579
(2, 2)
1580
(2, 2)
1581
(2, 2)
1582
(2, 2)
1583
(2, 2)
1584
(2, 2)
1585
(2, 2)
1586
(2, 2)
1587
(2, 3)
1588
(2, 2)
1589
(2, 2)
1590
(2, 2)
1591
(2, 3)
1592
(2, 3)
1593
(2, 3)
1594
(2, 3)
1595
(2, 2)
1596
(2, 2)
1597
(2, 2)
1598
(2, 3)
1599
(2, 2)
1600
(2, 2)
1601
(2, 3)
1602
(2, 3)
1603
(2, 3)
1604
(2, 2)
1605
(2, 2)
1606
(2, 2)
1607
(2, 2)
1608
(2, 2)
1609
(2, 2)
1610
(2, 2)
1611
(2, 2)
1612
(2, 2)
1613
(2, 2)
1614
(2, 2)
1615
(2, 2)
1616
(2, 2)
1617
(2, 2)
1618
(2, 2)
1619
(3, 3)
1620
(3, 3)
1621
(2, 2)
1622
(2, 2)
1623
(3, 3)
1624
(3, 3)
1625
(3, 3)
1626
(3, 3)
1627
(2, 2)
1628
(2, 2)
1629
(2, 2)
1630
(2, 2)
1631
(3, 3)
1632
(3, 3)
1633
(3, 3)
1634
(3, 3)
1635
(3, 2)
1636
(3, 2)
1637
(3, 2)
1638
(2, 2)
1639
(2, 2)
1640
(2, 2)
1641
(2, 2)
1642
(2, 2)
1643
(3, 2)
1644
(2, 2)
1645
(2, 2)
1646
(3, 2)
1647
(3, 2)
1648
(3, 2)
1649
(3, 2)
1650
(3, 2)
1651
(3, 2)
1652
(3, 2)
1653
(3, 3)
1654
(3, 3)
1655
(3, 3)
1656
(3, 2)
1657
(3, 2)
1658
(3, 2)
1659
(3, 2)
1660
(2, 2)
1661
(2, 2)
1662
(3, 2)
1663
(3, 2)
1664
(3, 2)
1665
(3, 3)
1666
(3, 3)
1667
(3, 3)
1668
(3, 3)
1669
(3, 2)
1670
(3, 2)
1671
(3, 2)
1672
(3, 2)
1673
(3, 2)
1674
(3, 2)
1675
(3, 2)
1676
(3, 2)
1677
(3, 2)
1678
(3, 2)
1679
(3, 2)
1680
(3, 2)
1681
(3, 3)
1682
(3, 3)
1683
(3, 2)
1684
(3, 2)
1685
(3, 3)
1686
(3, 3)
1687
(3, 2)
1688
(3, 2)
1689
(3, 3)
1690
(3, 3)
1691
(3, 3)
1692
(3, 2)
1693
(3, 2)
1694
(3, 2)
1695
(3, 2)
1696
(3, 2)
1697
(3, 2)
1698
(3, 2)
1699
(3, 2)
1700
(3, 2)
1701
(4, 3)
1702
(4, 3)
1703
(4, 3)
1704
(4, 3)
1705
(4, 3)
1706
(4, 3)
1707
(3, 2)
1708
(3, 2)
1709
(3, 2)
1710
(3, 2)
1711
(3, 2)
1712
(3, 2)
1713
(3, 2)
1714
(3, 2)
1715
(4, 1)
1716
(3, 2)
1717
(3, 2)
1718
(3, 2)
1719
(4, 2)
1720
(4, 3)
1721
(4, 2)
1722
(4, 2)
1723
(4, 2)
1724
(4, 3)
1725
(4, 3)
1726
(4, 3)
1727
(4, 3)
1728
(4, 2)
1729
(4, 2)
1730
(4, 2)
1731
(4, 2)
1732
(3, 2)
1733
(3, 2)
1734
(3, 2)
1735
(3, 2)
1736
(4, 2)
1737
(4, 1)
1738
(4, 2)
1739
(4, 2)
1740
(4, 2)
1741
(4, 2)
1742
(4, 2)
1743
(4, 2)
1744
(4, 2)
1745
(4, 2)
1746
(4, 2)
1747
(4, 2)
1748
(4, 3)
1749
(4, 3)
1750
(4, 2)
1751
(4, 2)
1752
(4, 2)
1753
(4, 2)
1754
(4, 2)
1755
(4, 2)
1756
(4, 2)
1757
(4, 2)
1758
(4, 2)
1759
(4, 1)
1760
(4, 1)
1761
(4, 2)
1762
(4, 1)
1763
(4, 2)
1764
(4, 1)
1765
(4, 1)
1766
(4, 1)
1767
(4, 1)
1768
(4, 2)
1769
(4, 2)
1770
(4, 2)
1771
(4, 3)
1772
(4, 3)
1773
(4, 3)
1774
(4, 1)
1775
(4, 1)
1776
(4, 1)
1777
(4, 2)
1778
(4, 2)
1779
(4, 2)
1780
(4, 2)
1781
(4, 2)
1782
(4, 2)
1783
(4, 2)
1784
(4, 2)
1785
(4, 1)
1786
(4, 1)
1787
(4, 1)
1788
(4, 1)
1789
(4, 1)
1790
(4, 1)
1791
(4, 1)
1792
(4, 1)
1793
(4, 1)
1794
(4, 1)
1795
(4, 2)
1796
(4, 1)
1797
(4, 1)
1798
(4, 1)
1799
(5, 3)
1800
(4, 1)
1801
(4, 1)
1802
(4, 1)
1803
(5, 3)
1804
(4, 1)
1805
(4, 1)
1806
(4, 1)
1807
(4, 2)
1808
(4, 1)
1809
(4, 1)
1810
(4, 1)
1811
(4, 2)
1812
(4, 1)
1813
(4, 1)
1814
(4, 1)
1815
(4, 2)
1816
(4, 1)
1817
(4, 1)
1818
(4, 1)
1819
(4, 1)
1820
(4, 1)
1821
(4, 1)
1822
(4, 1)
1823
(4, 2)
1824
(4, 2)
1825
(4, 2)
1826
(4, 2)
1827
(4, 1)
1828
(4, 2)
1829
(4, 2)
1830
(4, 2)
1831
(4, 1)
1832
(4, 3)
1833
(4, 3)
1834
(4, 3)
1835
(4, 1)
1836
(4, 1)
1837
(4, 2)
1838
(4, 2)
1839
(4, 2)
1840
(5, 3)
1841
(4, 1)
1842
(4, 1)
1843
(4, 1)
1844
(4, 2)
1845
(4, 1)
1846
(4, 1)
1847
(4, 1)
1848
(4, 2)
1849
(5, 1)
1850
(4, 1)
1851
(4, 1)
1852
(4, 1)
1853
(4, 1)
1854
(4, 1)
1855
(4, 1)
1856
(4, 1)
1857
(4, 1)
1858
(4, 1)
1859
(4, 1)
1860
(4, 1)
1861
(4, 1)
1862
(4, 1)
1863
(4, 1)
1864
(4, 1)
1865
(4, 1)
1866
(4, 1)
1867
(4, 1)
1868
(4, 1)
1869
(4, 1)
1870
(4, 2)
1871
(4, 2)
1872
(4, 2)
1873
(5, 2)
1874
(5, 2)
1875
(5, 1)
1876
(5, 2)
1877
(5, 3)
1878
(5, 1)
1879
(5, 1)
1880
(5, 1)
1881
(5, 2)
1882
(5, 2)
1883
(5, 1)
1884
(5, 1)
1885
(4, 2)
1886
(4, 2)
1887
(5, 2)
1888
(6, 2)
1889
(6, 2)
1890
(5, 2)
1891
(5, 2)
1892
(6, 2)
1893
(6, 2)
1894
(5, 2)
1895
(5, 2)
1896
(6, 3)
1897
(6, 3)
1898
(5, 2)
1899
(5, 1)
1900
(6, 3)
1901
(6, 3)
1902
(5, 2)
1903
(5, 2)
1904
(6, 3)
1905
(6, 3)
1906
(5, 1)
1907
(5, 2)
1908
(6, 3)
1909
(6, 3)
1910
(5, 2)
1911
(5, 2)
1912
(5, 2)
1913
(5, 1)
1914
(5, 2)
1915
(5, 1)
1916
(5, 1)
1917
(5, 1)
1918
(5, 2)
1919
(5, 1)
1920
(5, 1)
1921
(5, 1)
1922
(5, 2)
1923
(5, 1)
1924
(6, 3)
1925
(5, 2)
1926
(5, 1)
1927
(5, 1)
1928
(6, 3)
1929
(6, 3)
1930
(6, 3)
1931
(5, 1)
1932
(5, 3)
1933
(5, 3)
1934
(5, 3)
1935
(5, 1)
1936
(5, 3)
1937
(5, 3)
1938
(5, 2)
1939
(5, 2)
1940
(5, 3)
1941
(5, 3)
1942
(5, 2)
1943
(5, 2)
1944
(5, 3)
1945
(5, 2)
1946
(5, 2)
1947
(5, 1)
1948
(5, 1)
1949
(5, 2)
1950
(5, 2)
1951
(5, 2)
1952
(5, 1)
1953
(6, 3)
1954
(6, 3)
1955
(5, 2)
1956
(5, 1)
1957
(5, 1)
1958
(5, 1)
1959
(5, 1)
1960
(5, 1)
1961
(5, 2)
1962
(5, 2)
1963
(5, 2)
1964
(5, 1)
1965
(5, 3)
1966
(5, 1)
1967
(5, 1)
1968
(5, 2)
1969
(5, 3)
1970
(5, 3)
1971
(5, 3)
1972
(5, 2)
1973
(5, 1)
1974
(5, 1)
1975
(5, 1)
1976
(5, 1)
1977
(5, 1)
1978
(5, 1)
1979
(5, 1)
1980
(5, 1)
1981
(5, 1)
1982
(5, 1)
1983
(5, 1)
1984
(5, 1)
1985
(5, 1)
1986
(6, 3)
1987
(5, 1)
1988
(6, 3)
1989
(6, 3)
1990
(6, 3)
1991
(5, 1)
1992
(6, 3)
1993
(6, 3)
1994
(6, 3)
1995
(6, 3)
1996
(6, 3)
1997
(6, 3)
1998
(6, 3)
1999
(6, 3)
2000
(6, 3)
defaultdict(<function <lambda> at 0x2ac6f3953c80>, {(1, 3): 64, (9, 1): 8, (11, 2): 14, (2, 1): 151, (6, 2): 7, (5, 1): 51, (10, 3): 60, (7, 2): 3, (1, 2): 150, (12, 2): 3, (3, 3): 111, (13, 3): 2, (8, 1): 12, (6, 3): 49, (2, 2): 130, (4, 1): 153, (1, 1): 153, (12, 3): 23, (3, 2): 126, (7, 1): 9, (9, 3): 14, (2, 3): 107, (4, 2): 124, (5, 3): 100, (9, 2): 8, (3, 1): 151, (11, 3): 21, (4, 3): 117, (5, 2): 76, (10, 2): 3})
2001
(6, 3)
2002
(6, 3)
2003
(6, 3)
2004
(5, 2)
2005
(5, 2)
2006
(5, 2)
2007
(6, 2)
2008
(5, 2)
2009
(5, 2)
2010
(5, 2)
2011
(6, 2)
2012
(5, 1)
2013
(5, 1)
2014
(5, 1)
2015
(6, 2)
2016
(5, 1)
2017
(5, 1)
2018
(5, 1)
2019
(6, 3)
2020
(6, 3)
2021
(5, 1)
2022
(5, 1)
2023
(5, 2)
2024
(5, 2)
2025
(5, 1)
2026
(6, 2)
2027
(6, 3)
2028
(5, 1)
2029
(5, 1)
2030
(5, 1)
2031
(5, 1)
2032
(5, 1)
2033
(5, 1)
2034
(5, 1)
2035
(5, 1)
2036
(5, 2)
2037
(5, 1)
2038
(5, 2)
2039
(5, 1)
2040
(6, 3)
2041
(5, 1)
2042
(5, 1)
2043
(6, 3)
2044
(6, 3)
2045
(5, 1)
2046
(6, 3)
2047
(6, 3)
2048
(6, 3)
2049
(5, 1)
2050
(6, 3)
2051
(6, 3)
2052
(6, 3)
2053
(5, 1)
2054
(6, 3)
2055
(6, 2)
2056
(6, 2)
2057
(5, 2)
2058
(6, 3)
2059
(5, 2)
2060
(5, 2)
2061
(5, 2)
2062
(6, 2)
2063
(5, 1)
2064
(5, 1)
2065
(5, 3)
2066
(5, 2)
2067
(5, 1)
2068
(5, 1)
2069
(6, 3)
2070
(5, 1)
2071
(5, 1)
2072
(5, 1)
2073
(6, 3)
2074
(5, 1)
2075
(6, 3)
2076
(5, 1)
2077
(5, 1)
2078
(5, 1)
2079
(5, 1)
2080
(6, 2)
2081
(6, 2)
2082
(6, 2)
2083
(5, 2)
2084
(5, 2)
2085
(6, 2)
2086
(6, 2)
2087
(6, 2)
2088
(5, 1)
2089
(5, 1)
2090
(5, 1)
2091
(5, 1)
2092
(5, 1)
2093
(6, 2)
2094
(6, 1)
2095
(6, 1)
2096
(6, 1)
2097
(5, 1)
2098
(5, 1)
2099
(6, 2)
2100
(6, 2)
2101
(5, 1)
2102
(6, 1)
2103
(5, 1)
2104
(5, 1)
2105
(5, 1)
2106
(6, 1)
2107
(5, 1)
2108
(5, 1)
2109
(6, 3)
2110
(5, 1)
2111
(5, 1)
2112
(5, 1)
2113
(6, 3)
2114
(6, 3)
2115
(6, 3)
2116
(5, 1)
2117
(6, 3)
2118
(6, 3)
2119
(6, 3)
2120
(6, 3)
2121
(6, 3)
2122
(6, 3)
2123
(6, 2)
2124
(6, 2)
2125
(6, 2)
2126
(5, 1)
2127
(6, 2)
2128
(6, 2)
2129
(6, 2)
2130
(5, 1)
2131
(5, 1)
2132
(5, 1)
2133
(5, 1)
2134
(5, 1)
2135
(5, 1)
2136
(5, 1)
2137
(5, 1)
2138
(6, 2)
2139
(5, 1)
2140
(5, 1)
2141
(5, 1)
2142
(6, 2)
2143
(5, 1)
2144
(5, 1)
2145
(5, 1)
2146
(6, 1)
2147
(6, 1)
2148
(6, 1)
2149
(6, 1)
2150
(5, 1)
2151
(6, 1)
2152
(5, 1)
2153
(5, 1)
2154
(5, 1)
2155
(5, 1)
2156
(5, 1)
2157
(5, 1)
2158
(5, 1)
2159
(5, 1)
2160
(5, 1)
2161
(5, 1)
2162
(5, 1)
2163
(5, 1)
2164
(5, 1)
2165
(5, 1)
2166
(5, 1)
2167
(5, 1)
2168
(5, 1)
2169
(5, 1)
2170
(5, 1)
2171
(5, 1)
2172
(5, 1)
2173
(5, 1)
2174
(5, 1)
2175
(5, 1)
2176
(5, 1)
2177
(5, 1)
2178
(5, 2)
2179
(5, 2)
2180
(5, 2)
2181
(5, 2)
2182
(5, 2)
2183
(5, 2)
2184
(5, 2)
2185
(5, 2)
2186
(6, 2)
2187
(6, 2)
2188
(6, 1)
2189
(6, 1)
2190
(6, 3)
2191
(6, 3)
2192
(6, 2)
2193
(6, 2)
2194
(6, 3)
2195
(6, 3)
2196
(6, 3)
2197
(7, 3)
2198
(6, 3)
2199
(6, 1)
2200
(7, 3)
2201
(7, 3)
2202
(7, 3)
2203
(6, 2)
2204
(7, 3)
2205
(6, 3)
2206
(6, 3)
2207
(7, 3)
2208
(6, 3)
2209
(6, 3)
2210
(6, 3)
2211
(6, 3)
2212
(6, 2)
2213
(6, 2)
2214
(6, 2)
2215
(6, 2)
2216
(6, 2)
2217
(6, 2)
2218
(6, 2)
2219
(6, 2)
2220
(6, 1)
2221
(6, 1)
2222
(6, 1)
2223
(6, 1)
2224
(5, 1)
2225
(5, 1)
2226
(5, 1)
2227
(5, 1)
2228
(5, 1)
2229
(5, 1)
2230
(5, 1)
2231
(6, 2)
2232
(6, 2)
2233
(7, 3)
2234
(7, 3)
2235
(6, 2)
2236
(6, 2)
2237
(6, 1)
2238
(6, 2)
2239
(6, 1)
2240
(6, 1)
2241
(6, 3)
2242
(6, 1)
2243
(6, 1)
2244
(6, 1)
2245
(6, 3)
2246
(6, 3)
2247
(6, 3)
2248
(6, 1)
2249
(6, 3)
2250
(6, 3)
2251
(6, 2)
2252
(6, 3)
2253
(6, 1)
2254
(6, 1)
2255
(6, 1)
2256
(7, 2)
2257
(7, 2)
2258
(7, 2)
2259
(7, 2)
2260
(7, 2)
2261
(7, 2)
2262
(7, 2)
2263
(7, 2)
2264
(7, 3)
2265
(7, 3)
2266
(7, 3)
2267
(7, 3)
2268
(7, 3)
2269
(7, 3)
2270
(7, 3)
2271
(7, 3)
2272
(6, 2)
2273
(6, 2)
2274
(6, 1)
2275
(6, 1)
2276
(6, 1)
2277
(6, 1)
2278
(6, 2)
2279
(6, 2)
2280
(7, 3)
2281
(7, 3)
2282
(7, 3)
2283
(6, 1)
2284
(7, 3)
2285
(7, 3)
2286
(7, 3)
2287
(7, 3)
2288
(6, 3)
2289
(6, 3)
2290
(6, 3)
2291
(6, 3)
2292
(6, 2)
2293
(6, 2)
2294
(6, 2)
2295
(6, 2)
2296
(6, 2)
2297
(6, 2)
2298
(6, 2)
2299
(6, 2)
2300
(6, 1)
2301
(6, 1)
2302
(6, 1)
2303
(6, 1)
2304
(7, 3)
2305
(6, 1)
2306
(6, 2)
2307
(6, 1)
2308
(6, 1)
2309
(6, 1)
2310
(7, 3)
2311
(6, 1)
2312
(6, 2)
2313
(6, 2)
2314
(7, 3)
2315
(7, 3)
2316
(7, 3)
2317
(6, 2)
2318
(7, 3)
2319
(7, 3)
2320
(7, 3)
2321
(7, 3)
2322
(7, 3)
2323
(7, 3)
2324
(7, 3)
2325
(6, 2)
2326
(6, 2)
2327
(6, 2)
2328
(7, 2)
2329
(6, 2)
2330
(6, 2)
2331
(6, 2)
2332
(7, 2)
2333
(6, 1)
2334
(6, 1)
2335
(6, 1)
2336
(7, 2)
2337
(6, 1)
2338
(6, 1)
2339
(6, 1)
2340
(7, 3)
2341
(6, 1)
2342
(6, 1)
2343
(6, 1)
2344
(6, 1)
2345
(6, 1)
2346
(6, 1)
2347
(6, 2)
2348
(6, 1)
2349
(7, 3)
2350
(7, 3)
2351
(7, 3)
2352
(7, 3)
2353
(6, 2)
2354
(6, 2)
2355
(7, 3)
2356
(7, 3)
2357
(7, 3)
2358
(7, 3)
2359
(7, 3)
2360
(7, 3)
2361
(7, 3)
2362
(7, 3)
2363
(7, 3)
2364
(7, 3)
2365
(7, 3)
2366
(7, 3)
2367
(6, 2)
2368
(6, 2)
2369
(6, 2)
2370
(6, 2)
2371
(6, 2)
2372
(6, 2)
2373
(6, 2)
2374
(6, 2)
2375
(6, 1)
2376
(6, 1)
2377
(6, 1)
2378
(6, 1)
2379
(6, 1)
2380
(6, 1)
2381
(6, 1)
2382
(6, 1)
2383
(7, 3)
2384
(7, 3)
2385
(7, 3)
2386
(7, 3)
2387
(7, 3)
2388
(7, 3)
2389
(6, 1)
2390
(6, 2)
2391
(6, 2)
2392
(6, 2)
2393
(6, 2)
2394
(6, 1)
2395
(6, 2)
2396
(7, 3)
2397
(7, 3)
2398
(6, 1)
2399
(7, 2)
2400
(7, 3)
2401
(7, 3)
2402
(6, 1)
2403
(7, 3)
2404
(7, 3)
2405
(7, 3)
2406
(6, 1)
2407
(7, 3)
2408
(7, 3)
2409
(7, 2)
2410
(6, 1)
2411
(7, 2)
2412
(7, 2)
2413
(6, 2)
2414
(6, 1)
2415
(6, 2)
2416
(6, 2)
2417
(6, 1)
2418
(6, 1)
2419
(6, 1)
2420
(6, 1)
2421
(6, 1)
2422
(6, 2)
2423
(6, 1)
2424
(6, 1)
2425
(6, 1)
2426
(6, 2)
2427
(6, 1)
2428
(6, 1)
2429
(7, 3)
2430
(7, 2)
2431
(7, 2)
2432
(7, 2)
2433
(6, 1)
2434
(7, 3)
2435
(7, 3)
2436
(7, 3)
2437
(7, 2)
2438
(7, 3)
2439
(7, 3)
2440
(7, 3)
2441
(7, 3)
2442
(7, 3)
2443
(7, 3)
2444
(7, 3)
2445
(6, 2)
2446
(7, 2)
2447
(7, 2)
2448
(7, 2)
2449
(6, 1)
2450
(6, 1)
2451
(6, 1)
2452
(6, 2)
2453
(6, 2)
2454
(6, 1)
2455
(6, 1)
2456
(7, 2)
2457
(7, 2)
2458
(7, 2)
2459
(6, 2)
2460
(6, 2)
2461
(6, 2)
2462
(6, 2)
2463
(6, 2)
2464
(6, 1)
2465
(6, 1)
2466
(6, 1)
2467
(6, 1)
2468
(6, 1)
2469
(6, 1)
2470
(6, 1)
2471
(6, 1)
2472
(6, 1)
2473
(7, 2)
2474
(6, 1)
2475
(6, 1)
2476
(6, 1)
2477
(6, 1)
2478
(6, 1)
2479
(6, 1)
2480
(6, 1)
2481
(6, 1)
2482
(6, 1)
2483
(6, 1)
2484
(6, 1)
2485
(6, 1)
2486
(6, 1)
2487
(6, 1)
2488
(6, 1)
2489
(7, 3)
2490
(7, 3)
2491
(7, 3)
2492
(6, 1)
2493
(7, 3)
2494
(7, 3)
2495
(7, 3)
2496
(7, 3)
2497
(6, 1)
2498
(7, 2)
2499
(6, 1)
2500
(6, 1)
defaultdict(<function <lambda> at 0x2ac6f3953c80>, {(7, 3): 85, (1, 3): 64, (9, 1): 8, (11, 2): 14, (2, 1): 151, (6, 2): 101, (5, 1): 153, (10, 3): 60, (7, 2): 30, (1, 2): 150, (12, 2): 3, (3, 3): 111, (13, 3): 2, (8, 1): 12, (6, 3): 102, (2, 2): 130, (4, 1): 153, (1, 1): 153, (12, 3): 23, (3, 2): 126, (7, 1): 9, (9, 3): 14, (2, 3): 107, (4, 2): 124, (5, 3): 101, (9, 2): 8, (6, 1): 113, (3, 1): 151, (11, 3): 21, (4, 3): 117, (5, 2): 101, (10, 2): 3})
2501
(6, 1)
2502
(6, 1)
2503
(6, 1)
2504
(6, 2)
2505
(6, 2)
2506
(7, 2)
2507
(7, 2)
2508
(6, 1)
2509
(7, 2)
2510
(7, 2)
2511
(7, 2)
2512
(7, 3)
2513
(7, 3)
2514
(7, 3)
2515
(7, 3)
2516
(7, 3)
2517
(7, 3)
2518
(7, 3)
2519
(7, 3)
2520
(7, 3)
2521
(7, 3)
2522
(7, 3)
2523
(7, 3)
2524
(7, 3)
2525
(7, 3)
2526
(7, 2)
2527
(7, 2)
2528
(7, 3)
2529
(7, 3)
2530
(7, 2)
2531
(7, 2)
2532
(7, 3)
2533
(7, 3)
2534
(6, 1)
2535
(6, 1)
2536
(7, 2)
2537
(7, 2)
2538
(6, 1)
2539
(6, 1)
2540
(7, 2)
2541
(7, 2)
2542
(6, 1)
2543
(6, 1)
2544
(7, 1)
2545
(7, 1)
2546
(6, 1)
2547
(6, 1)
2548
(6, 1)
2549
(6, 1)
2550
(7, 2)
2551
(8, 3)
2552
(6, 1)
2553
(6, 1)
2554
(7, 2)
2555
(8, 3)
2556
(6, 1)
2557
(6, 1)
2558
(7, 1)
2559
(8, 3)
2560
(6, 1)
2561
(6, 1)
2562
(6, 1)
2563
(8, 3)
2564
(7, 1)
2565
(7, 1)
2566
(6, 1)
2567
(6, 1)
2568
(7, 2)
2569
(7, 2)
2570
(6, 1)
2571
(6, 1)
2572
(7, 2)
2573
(6, 1)
2574
(6, 1)
2575
(6, 1)
2576
(6, 1)
2577
(6, 1)
2578
(6, 1)
2579
(6, 1)
2580
(6, 1)
2581
(8, 3)
2582
(8, 3)
2583
(8, 3)
2584
(7, 1)
2585
(8, 3)
2586
(8, 3)
2587
(8, 3)
2588
(7, 1)
2589
(7, 3)
2590
(7, 3)
2591
(7, 3)
2592
(6, 1)
2593
(7, 2)
2594
(7, 2)
2595
(7, 2)
2596
(8, 3)
2597
(7, 2)
2598
(7, 2)
2599
(7, 2)
2600
(8, 3)
2601
(7, 1)
2602
(7, 1)
2603
(7, 1)
2604
(8, 3)
2605
(6, 1)
2606
(6, 1)
2607
(6, 1)
2608
(6, 1)
2609
(7, 2)
2610
(6, 1)
2611
(7, 2)
2612
(8, 3)
2613
(7, 2)
2614
(8, 3)
2615
(7, 2)
2616
(8, 3)
2617
(8, 3)
2618
(7, 2)
2619
(8, 3)
2620
(7, 2)
2621
(8, 3)
2622
(8, 3)
2623
(8, 3)
2624
(8, 3)
2625
(8, 3)
2626
(8, 3)
2627
(8, 3)
2628
(7, 2)
2629
(7, 2)
2630
(8, 3)
2631
(8, 3)
2632
(8, 3)
2633
(8, 3)
2634
(8, 3)
2635
(8, 3)
2636
(8, 3)
2637
(8, 3)
2638
(8, 3)
2639
(8, 3)
2640
(8, 3)
2641
(7, 3)
2642
(8, 3)
2643
(8, 3)
2644
(8, 3)
2645
(7, 2)
2646
(8, 3)
2647
(8, 3)
2648
(7, 2)
2649
(7, 2)
2650
(7, 2)
2651
(7, 2)
2652
(7, 2)
2653
(7, 1)
2654
(8, 3)
2655
(8, 3)
2656
(8, 3)
2657
(8, 3)
2658
(7, 2)
2659
(7, 2)
2660
(7, 2)
2661
(8, 3)
2662
(8, 3)
2663
(8, 3)
2664
(7, 2)
2665
(8, 3)
2666
(7, 2)
2667
(7, 2)
2668
(8, 3)
2669
(8, 3)
2670
(8, 3)
2671
(8, 3)
2672
(8, 3)
2673
(8, 3)
2674
(8, 3)
2675
(8, 3)
2676
(8, 3)
2677
(8, 3)
2678
(8, 3)
2679
(8, 3)
2680
(8, 3)
2681
(8, 3)
2682
(8, 3)
2683
(8, 3)
2684
(8, 3)
2685
(8, 3)
2686
(8, 3)
2687
(8, 2)
2688
(8, 2)
2689
(8, 2)
2690
(7, 2)
2691
(7, 2)
2692
(8, 3)
2693
(7, 2)
2694
(7, 2)
2695
(8, 3)
2696
(8, 3)
2697
(8, 3)
2698
(8, 3)
2699
(8, 3)
2700
(8, 3)
2701
(8, 3)
2702
(8, 3)
2703
(8, 3)
2704
(8, 3)
2705
(8, 3)
2706
(8, 2)
2707
(8, 2)
2708
(8, 2)
2709
(8, 3)
2710
(8, 3)
2711
(8, 3)
2712
(8, 2)
2713
(7, 2)
2714
(7, 2)
2715
(7, 2)
2716
(8, 3)
2717
(8, 3)
2718
(8, 3)
2719
(8, 3)
2720
(8, 3)
2721
(8, 2)
2722
(7, 1)
2723
(8, 3)
2724
(8, 3)
2725
(7, 2)
2726
(8, 3)
2727
(8, 3)
2728
(8, 3)
2729
(8, 2)
2730
(7, 2)
2731
(8, 2)
2732
(8, 3)
2733
(8, 3)
2734
(8, 3)
2735
(8, 3)
2736
(8, 3)
2737
(8, 3)
2738
(8, 3)
2739
(8, 3)
2740
(8, 3)
2741
(8, 3)
2742
(8, 3)
2743
(8, 2)
2744
(8, 2)
2745
(8, 2)
2746
(8, 3)
2747
(8, 3)
2748
(8, 3)
2749
(8, 3)
2750
(8, 3)
2751
(8, 3)
2752
(8, 3)
2753
(8, 3)
2754
(8, 2)
2755
(8, 2)
2756
(7, 2)
2757
(7, 2)
2758
(7, 2)
2759
(7, 2)
2760
(7, 2)
2761
(7, 1)
2762
(7, 1)
2763
(8, 2)
2764
(8, 2)
2765
(8, 2)
2766
(7, 2)
2767
(7, 2)
2768
(8, 2)
2769
(8, 2)
2770
(8, 2)
2771
(7, 1)
2772
(8, 3)
2773
(8, 3)
2774
(8, 3)
2775
(8, 3)
2776
(8, 3)
2777
(8, 3)
2778
(8, 3)
2779
(8, 3)
2780
(8, 3)
2781
(8, 3)
2782
(8, 3)
2783
(8, 3)
2784
(8, 3)
2785
(8, 3)
2786
(8, 2)
2787
(8, 2)
2788
(8, 2)
2789
(8, 2)
2790
(8, 3)
2791
(8, 3)
2792
(8, 3)
2793
(8, 3)
2794
(8, 3)
2795
(8, 3)
2796
(8, 3)
2797
(8, 3)
2798
(8, 3)
2799
(8, 3)
2800
(8, 3)
2801
(8, 3)
2802
(7, 1)
2803
(8, 3)
2804
(8, 3)
2805
(8, 3)
2806
(8, 3)
2807
(8, 3)
2808
(8, 3)
2809
(8, 3)
2810
(8, 2)
2811
(8, 2)
2812
(8, 2)
2813
(7, 1)
2814
(8, 2)
2815
(7, 1)
2816
(7, 1)
2817
(7, 1)
2818
(7, 1)
2819
(8, 3)
2820
(7, 1)
2821
(8, 3)
2822
(8, 3)
2823
(8, 2)
2824
(8, 2)
2825
(8, 2)
2826
(7, 1)
2827
(7, 1)
2828
(7, 1)
2829
(8, 1)
2830
(8, 1)
2831
(8, 1)
2832
(8, 2)
2833
(8, 2)
2834
(8, 3)
2835
(8, 3)
2836
(8, 3)
2837
(8, 3)
2838
(8, 3)
2839
(8, 3)
2840
(7, 1)
2841
(7, 1)
2842
(7, 1)
2843
(7, 1)
2844
(8, 2)
2845
(8, 1)
2846
(8, 2)
2847
(8, 2)
2848
(8, 2)
2849
(8, 2)
2850
(8, 2)
2851
(8, 2)
2852
(7, 1)
2853
(7, 1)
2854
(7, 1)
2855
(7, 1)
2856
(7, 1)
2857
(7, 1)
2858
(7, 1)
2859
(8, 1)
2860
(8, 1)
2861
(8, 1)
2862
(8, 1)
2863
(8, 1)
2864
(7, 1)
2865
(7, 1)
2866
(7, 1)
2867
(7, 1)
2868
(8, 2)
2869
(7, 1)
2870
(7, 1)
2871
(7, 1)
2872
(8, 2)
2873
(7, 1)
2874
(7, 1)
2875
(7, 1)
2876
(8, 2)
2877
(7, 1)
2878
(7, 1)
2879
(7, 1)
2880
(8, 1)
2881
(7, 1)
2882
(7, 1)
2883
(7, 1)
2884
(8, 1)
2885
(7, 1)
2886
(7, 1)
2887
(7, 1)
2888
(8, 1)
2889
(7, 1)
2890
(7, 1)
2891
(7, 1)
2892
(8, 2)
2893
(7, 2)
2894
(7, 2)
2895
(7, 2)
2896
(8, 2)
2897
(7, 2)
2898
(7, 2)
2899
(7, 2)
2900
(7, 1)
2901
(7, 3)
2902
(7, 3)
2903
(7, 3)
2904
(7, 1)
2905
(7, 1)
2906
(8, 1)
2907
(7, 1)
2908
(8, 1)
2909
(8, 1)
2910
(8, 1)
2911
(7, 1)
2912
(8, 1)
2913
(7, 1)
2914
(8, 1)
2915
(7, 1)
2916
(7, 1)
2917
(7, 1)
2918
(8, 1)
2919
(7, 1)
2920
(7, 1)
2921
(7, 1)
2922
(7, 1)
2923
(7, 1)
2924
(8, 1)
2925
(7, 1)
2926
(7, 1)
2927
(7, 1)
2928
(7, 1)
2929
(7, 1)
2930
(7, 1)
2931
(7, 1)
2932
(7, 1)
2933
(7, 1)
2934
(7, 1)
2935
(7, 1)
2936
(7, 1)
2937
(7, 1)
2938
(7, 1)
2939
(7, 2)
2940
(7, 1)
2941
(7, 2)
2942
(7, 1)
2943
(7, 2)
2944
(7, 1)
2945
(7, 2)
2946
(7, 1)
2947
(7, 1)
2948
(7, 1)
2949
(7, 1)
2950
(7, 1)
2951
(7, 1)
2952
(7, 1)
2953
(7, 1)
2954
(7, 1)
2955
(7, 1)
2956
(7, 1)
2957
(7, 1)
2958
(7, 1)
2959
(7, 1)
2960
(7, 2)
2961
(7, 1)
2962
(7, 2)
2963
(7, 1)
2964
(7, 2)
2965
(7, 1)
2966
(7, 2)
2967
(7, 1)
2968
(7, 3)
2969
(7, 1)
2970
(7, 3)
2971
(7, 1)
2972
(7, 1)
2973
(7, 1)
2974
(7, 1)
2975
(7, 2)
2976
(8, 1)
2977
(7, 2)
2978
(8, 1)
2979
(7, 2)
2980
(8, 1)
2981
(7, 2)
2982
(8, 1)
2983
(7, 3)
2984
(8, 1)
2985
(7, 3)
2986
(8, 2)
2987
(8, 2)
2988
(8, 4)
2989
(8, 4)
2990
(8, 1)
2991
(8, 4)
2992
(8, 1)
2993
(8, 1)
2994
(8, 4)
2995
(8, 4)
2996
(8, 4)
2997
(8, 4)
2998
(8, 1)
2999
(8, 1)
3000
(8, 1)
defaultdict(<function <lambda> at 0x2ac6f3953c80>, {(7, 3): 114, (1, 3): 64, (9, 1): 8, (11, 2): 14, (2, 1): 151, (6, 2): 103, (5, 1): 153, (10, 3): 60, (7, 2): 108, (1, 2): 150, (12, 2): 3, (3, 3): 111, (13, 3): 2, (8, 1): 43, (6, 3): 102, (2, 2): 130, (4, 1): 153, (1, 1): 153, (12, 3): 23, (3, 2): 126, (8, 2): 48, (7, 1): 121, (9, 3): 14, (2, 3): 107, (4, 2): 124, (5, 3): 101, (8, 3): 154, (9, 2): 8, (6, 1): 152, (3, 1): 151, (11, 3): 21, (4, 3): 117, (8, 4): 7, (5, 2): 101, (10, 2): 3})
3001
(8, 1)
3002
(8, 1)
3003
(8, 1)
3004
(8, 1)
3005
(8, 1)
3006
(8, 1)
3007
(8, 1)
3008
(8, 1)
3009
(8, 1)
3010
(8, 1)
3011
(8, 1)
3012
(8, 1)
3013
(8, 1)
3014
(8, 1)
3015
(8, 1)
3016
(8, 1)
3017
(8, 1)
3018
(8, 1)
3019
(8, 1)
3020
(8, 1)
3021
(8, 1)
3022
(8, 1)
3023
(8, 1)
3024
(8, 1)
3025
(8, 1)
3026
(8, 1)
3027
(8, 1)
3028
(8, 1)
3029
(8, 1)
3030
(8, 1)
3031
(8, 1)
3032
(8, 2)
3033
(8, 2)
3034
(8, 1)
3035
(8, 2)
3036
(8, 2)
3037
(8, 2)
3038
(8, 2)
3039
(8, 2)
3040
(8, 1)
3041
(8, 1)
3042
(8, 2)
3043
(8, 1)
3044
(8, 1)
3045
(8, 1)
3046
(8, 3)
3047
(8, 1)
3048
(8, 1)
3049
(8, 1)
3050
(9, 1)
3051
(8, 1)
3052
(8, 2)
3053
(8, 1)
3054
(8, 2)
3055
(8, 2)
3056
(8, 1)
3057
(8, 1)
3058
(8, 4)
3059
(8, 4)
3060
(8, 1)
3061
(8, 1)
3062
(8, 1)
3063
(8, 1)
3064
(9, 1)
3065
(8, 1)
3066
(9, 1)
3067
(8, 1)
3068
(8, 1)
3069
(8, 1)
3070
(8, 1)
3071
(8, 1)
3072
(8, 1)
3073
(8, 1)
3074
(8, 1)
3075
(8, 1)
3076
(9, 1)
3077
(8, 1)
3078
(8, 1)
3079
(8, 1)
3080
(8, 1)
3081
(8, 2)
3082
(8, 1)
3083
(8, 1)
3084
(8, 1)
3085
(8, 2)
3086
(8, 1)
3087
(8, 4)
3088
(8, 4)
3089
(8, 4)
3090
(8, 4)
3091
(8, 4)
3092
(8, 4)
3093
(8, 4)
3094
(9, 1)
3095
(9, 1)
3096
(9, 1)
3097
(9, 1)
3098
(9, 1)
3099
(9, 1)
3100
(9, 1)
3101
(9, 1)
3102
(9, 1)
3103
(9, 1)
3104
(9, 1)
3105
(9, 1)
3106
(9, 1)
3107
(9, 1)
3108
(8, 1)
3109
(8, 1)
3110
(9, 1)
3111
(9, 1)
3112
(9, 1)
3113
(9, 3)
3114
(9, 1)
3115
(9, 1)
3116
(9, 1)
3117
(9, 1)
3118
(10, 2)
3119
(10, 2)
3120
(10, 2)
3121
(9, 1)
3122
(10, 2)
3123
(10, 2)
3124
(10, 2)
3125
(9, 1)
3126
(10, 3)
3127
(10, 3)
3128
(10, 3)
3129
(8, 1)
3130
(9, 1)
3131
(9, 1)
3132
(8, 1)
3133
(8, 1)
3134
(9, 1)
3135
(9, 1)
3136
(9, 1)
3137
(9, 1)
3138
(9, 1)
3139
(9, 1)
3140
(9, 1)
3141
(9, 1)
3142
(9, 1)
3143
(10, 1)
3144
(10, 1)
3145
(10, 1)
3146
(9, 1)
3147
(10, 1)
3148
(10, 1)
3149
(10, 1)
3150
(8, 1)
3151
(10, 2)
3152
(10, 2)
3153
(10, 2)
3154
(9, 1)
3155
(10, 2)
3156
(10, 2)
3157
(10, 2)
3158
(9, 1)
3159
(11, 3)
3160
(11, 3)
3161
(11, 3)
3162
(9, 1)
3163
(9, 1)
3164
(9, 1)
3165
(10, 1)
3166
(10, 1)
3167
(8, 1)
3168
(8, 1)
3169
(8, 5)
3170
(8, 5)
3171
(8, 5)
3172
(8, 5)
3173
(8, 5)
3174
(8, 5)
3175
(8, 5)
3176
(8, 1)
3177
(10, 1)
3178
(10, 1)
3179
(9, 1)
3180
(9, 1)
3181
(9, 1)
3182
(9, 1)
3183
(10, 1)
3184
(10, 1)
3185
(10, 1)
3186
(9, 1)
3187
(9, 1)
3188
(10, 1)
3189
(10, 1)
3190
(10, 1)
3191
(9, 1)
3192
(11, 2)
3193
(11, 2)
3194
(11, 2)
3195
(9, 1)
3196
(11, 2)
3197
(11, 2)
3198
(11, 2)
3199
(9, 1)
3200
(11, 3)
3201
(11, 3)
3202
(11, 3)
3203
(9, 1)
3204
(11, 3)
3205
(11, 3)
3206
(11, 3)
3207
(9, 1)
3208
(11, 3)
3209
(11, 3)
3210
(11, 3)
3211
(9, 1)
3212
(9, 1)
3213
(9, 1)
3214
(9, 1)
3215
(9, 1)
3216
(9, 1)
3217
(9, 1)
3218
(9, 1)
3219
(9, 1)
3220
(9, 1)
3221
(9, 1)
3222
(9, 1)
3223
(9, 1)
3224
(8, 1)
3225
(8, 1)
3226
(9, 1)
3227
(9, 1)
3228
(8, 1)
3229
(8, 1)
3230
(9, 2)
3231
(9, 1)
3232
(8, 1)
3233
(8, 1)
3234
(9, 1)
3235
(9, 1)
3236
(8, 1)
3237
(8, 1)
3238
(9, 1)
3239
(10, 3)
3240
(7, 1)
3241
(7, 1)
3242
(9, 1)
3243
(10, 3)
3244
(7, 1)
3245
(7, 1)
3246
(8, 1)
3247
(10, 3)
3248
(7, 2)
3249
(7, 2)
3250
(8, 1)
3251
(10, 3)
3252
(7, 2)
3253
(7, 2)
3254
(8, 1)
3255
(10, 3)
3256
(10, 3)
3257
(10, 3)
3258
(8, 1)
3259
(9, 1)
3260
(9, 1)
3261
(9, 1)
3262
(7, 1)
3263
(9, 1)
3264
(10, 2)
3265
(10, 3)
3266
(7, 1)
3267
(10, 3)
3268
(10, 1)
3269
(10, 1)
3270
(7, 2)
3271
(8, 5)
3272
(8, 5)
3273
(8, 5)
3274
(7, 2)
3275
(10, 2)
3276
(10, 2)
3277
(10, 2)
3278
(10, 2)
3279
(9, 1)
3280
(10, 2)
3281
(10, 2)
3282
(9, 1)
3283
(9, 1)
3284
(10, 3)
3285
(10, 3)
3286
(9, 1)
3287
(9, 1)
3288
(10, 3)
3289
(10, 3)
3290
(10, 3)
3291
(10, 2)
3292
(10, 2)
3293
(10, 2)
3294
(10, 2)
3295
(9, 1)
3296
(9, 1)
3297
(10, 1)
3298
(10, 1)
3299
(10, 3)
3300
(10, 3)
3301
(10, 3)
3302
(11, 3)
3303
(11, 3)
3304
(10, 3)
3305
(10, 3)
3306
(11, 3)
3307
(11, 3)
3308
(10, 3)
3309
(10, 3)
3310
(10, 2)
3311
(10, 2)
3312
(10, 2)
3313
(10, 2)
3314
(9, 1)
3315
(9, 1)
3316
(9, 1)
3317
(9, 1)
3318
(9, 1)
3319
(9, 1)
3320
(9, 1)
3321
(9, 1)
3322
(9, 1)
3323
(9, 1)
3324
(9, 1)
3325
(9, 1)
3326
(9, 1)
3327
(9, 1)
3328
(9, 1)
3329
(9, 1)
3330
(8, 1)
3331
(8, 1)
3332
(8, 1)
3333
(8, 1)
3334
(8, 1)
3335
(8, 1)
3336
(8, 1)
3337
(8, 1)
3338
(8, 1)
3339
(8, 1)
3340
(8, 1)
3341
(8, 1)
3342
(8, 1)
3343
(8, 1)
3344
(8, 1)
3345
(8, 1)
3346
(7, 1)
3347
(7, 1)
3348
(7, 1)
3349
(7, 1)
3350
(7, 2)
3351
(7, 2)
3352
(7, 2)
3353
(7, 2)
3354
(7, 2)
3355
(7, 2)
3356
(7, 2)
3357
(7, 2)
3358
(10, 3)
3359
(10, 3)
3360
(10, 3)
3361
(10, 3)
3362
(10, 3)
3363
(10, 3)
3364
(10, 3)
3365
(10, 1)
3366
(10, 1)
3367
(9, 3)
3368
(9, 3)
3369
(9, 3)
3370
(9, 3)
3371
(9, 3)
3372
(9, 3)
3373
(9, 3)
3374
(10, 3)
3375
(10, 3)
3376
(10, 2)
3377
(10, 2)
3378
(10, 2)
3379
(10, 2)
3380
(10, 1)
3381
(10, 2)
3382
(10, 2)
3383
(11, 3)
3384
(10, 1)
3385
(11, 3)
3386
(11, 3)
3387
(10, 1)
3388
(10, 1)
3389
(10, 1)
3390
(10, 2)
3391
(10, 2)
3392
(10, 1)
3393
(10, 2)
3394
(10, 2)
3395
(10, 2)
3396
(10, 1)
3397
(10, 1)
3398
(10, 1)
3399
(10, 2)
3400
(10, 2)
3401
(10, 2)
3402
(10, 2)
3403
(10, 1)
3404
(10, 1)
3405
(10, 1)
3406
(10, 1)
3407
(10, 3)
3408
(10, 3)
3409
(10, 3)
3410
(10, 3)
3411
(10, 3)
3412
(10, 3)
3413
(10, 2)
3414
(10, 2)
3415
(10, 2)
3416
(10, 2)
3417
(10, 1)
3418
(10, 1)
3419
(10, 1)
3420
(11, 2)
3421
(9, 1)
3422
(9, 1)
3423
(9, 1)
3424
(11, 3)
3425
(9, 1)
3426
(9, 1)
3427
(9, 1)
3428
(11, 3)
3429
(9, 1)
3430
(9, 1)
3431
(9, 1)
3432
(10, 2)
3433
(9, 1)
3434
(9, 1)
3435
(9, 1)
3436
(11, 2)
3437
(8, 1)
3438
(8, 1)
3439
(8, 1)
3440
(11, 3)
3441
(8, 1)
3442
(8, 1)
3443
(8, 1)
3444
(11, 3)
3445
(10, 2)
3446
(10, 3)
3447
(10, 3)
3448
(10, 3)
3449
(11, 2)
3450
(10, 3)
3451
(10, 3)
3452
(11, 3)
3453
(11, 3)
3454
(10, 1)
3455
(10, 2)
3456
(11, 3)
3457
(11, 3)
3458
(10, 1)
3459
(10, 1)
3460
(10, 2)
3461
(10, 2)
3462
(10, 2)
3463
(10, 2)
3464
(11, 2)
3465
(11, 3)
3466
(11, 3)
3467
(11, 2)
3468
(11, 2)
3469
(11, 3)
3470
(11, 3)
3471
(11, 2)
3472
(11, 2)
3473
(10, 2)
3474
(10, 2)
3475
(11, 3)
3476
(11, 3)
3477
(9, 4)
3478
(9, 4)
3479
(9, 4)
3480
(9, 4)
3481
(9, 4)
3482
(9, 4)
3483
(9, 4)
3484
(10, 2)
3485
(10, 2)
3486
(10, 2)
3487
(11, 3)
3488
(10, 2)
3489
(10, 2)
3490
(10, 2)
3491
(10, 1)
3492
(10, 1)
3493
(10, 1)
3494
(10, 1)
3495
(8, 6)
3496
(10, 1)
3497
(10, 1)
3498
(10, 1)
3499
(8, 6)
3500
(9, 1)
defaultdict(<function <lambda> at 0x2ac6f3953c80>, {(7, 3): 114, (1, 3): 64, (9, 1): 123, (11, 2): 28, (2, 1): 151, (6, 2): 103, (9, 4): 7, (5, 1): 153, (10, 3): 104, (7, 2): 122, (1, 2): 150, (12, 2): 3, (3, 3): 111, (13, 3): 2, (8, 1): 152, (8, 5): 10, (6, 3): 102, (2, 2): 130, (8, 6): 2, (4, 1): 153, (1, 1): 153, (12, 3): 23, (3, 2): 126, (8, 2): 61, (7, 1): 131, (9, 3): 22, (2, 3): 107, (10, 1): 48, (4, 2): 124, (5, 3): 101, (8, 3): 155, (9, 2): 9, (6, 1): 152, (3, 1): 151, (11, 3): 55, (4, 3): 117, (8, 4): 16, (5, 2): 101, (10, 2): 64})
3501
(9, 1)
3502
(9, 1)
3503
(8, 6)
3504
(9, 1)
3505
(9, 1)
3506
(9, 1)
3507
(8, 6)
3508
(9, 1)
3509
(9, 1)
3510
(9, 1)
3511
(8, 6)
3512
(9, 1)
3513
(9, 1)
3514
(9, 1)
3515
(8, 6)
3516
(8, 6)
3517
(10, 3)
3518
(10, 3)
3519
(10, 3)
3520
(10, 3)
3521
(10, 3)
3522
(10, 3)
3523
(10, 3)
3524
(11, 3)
3525
(11, 2)
3526
(10, 1)
3527
(10, 1)
3528
(11, 2)
3529
(11, 2)
3530
(11, 2)
3531
(11, 2)
3532
(11, 2)
3533
(11, 2)
3534
(11, 2)
3535
(11, 2)
3536
(11, 2)
3537
(11, 2)
3538
(11, 2)
3539
(11, 2)
3540
(10, 2)
3541
(10, 2)
3542
(10, 2)
3543
(10, 2)
3544
(10, 2)
3545
(10, 2)
3546
(10, 2)
3547
(10, 2)
3548
(10, 2)
3549
(10, 2)
3550
(10, 2)
3551
(10, 2)
3552
(10, 3)
3553
(10, 3)
3554
(10, 3)
3555
(10, 3)
3556
(10, 3)
3557
(10, 3)
3558
(10, 3)
3559
(10, 3)
3560
(10, 3)
3561
(10, 3)
3562
(10, 3)
3563
(10, 3)
3564
(10, 2)
3565
(10, 2)
3566
(10, 2)
3567
(10, 2)
3568
(10, 2)
3569
(10, 2)
3570
(10, 3)
3571
(10, 2)
3572
(10, 2)
3573
(10, 3)
3574
(10, 3)
3575
(10, 2)
3576
(10, 3)
3577
(10, 3)
3578
(10, 3)
3579
(9, 3)
3580
(10, 3)
3581
(9, 2)
3582
(10, 3)
3583
(9, 3)
3584
(9, 3)
3585
(9, 3)
3586
(10, 3)
3587
(9, 3)
3588
(9, 3)
3589
(9, 3)
3590
(9, 3)
3591
(9, 3)
3592
(9, 3)
3593
(9, 3)
3594
(10, 3)
3595
(10, 3)
3596
(10, 3)
3597
(10, 3)
3598
(10, 3)
3599
(10, 3)
3600
(9, 2)
3601
(10, 3)
3602
(10, 2)
3603
(10, 2)
3604
(9, 1)
3605
(10, 3)
3606
(10, 2)
3607
(10, 2)
3608
(9, 1)
3609
(10, 2)
3610
(9, 3)
3611
(9, 3)
3612
(10, 3)
3613
(10, 3)
3614
(9, 2)
3615
(9, 2)
3616
(10, 2)
3617
(9, 2)
3618
(10, 3)
3619
(9, 2)
3620
(10, 2)
3621
(9, 1)
3622
(10, 3)
3623
(9, 1)
3624
(10, 3)
3625
(9, 1)
3626
(10, 3)
3627
(9, 1)
3628
(10, 3)
3629
(10, 3)
3630
(10, 3)
3631
(10, 3)
3632
(10, 3)
3633
(10, 3)
3634
(10, 3)
3635
(10, 2)
3636
(9, 3)
3637
(9, 3)
3638
(9, 3)
3639
(9, 3)
3640
(9, 3)
3641
(9, 3)
3642
(9, 3)
3643
(9, 2)
3644
(9, 2)
3645
(9, 2)
3646
(10, 2)
3647
(9, 1)
3648
(9, 1)
3649
(9, 1)
3650
(10, 2)
3651
(9, 1)
3652
(9, 1)
3653
(9, 1)
3654
(10, 2)
3655
(9, 1)
3656
(9, 1)
3657
(9, 1)
3658
(10, 2)
3659
(10, 2)
3660
(10, 3)
3661
(10, 3)
3662
(10, 3)
3663
(10, 3)
3664
(10, 3)
3665
(10, 3)
3666
(10, 3)
3667
(10, 2)
3668
(10, 2)
3669
(10, 2)
3670
(10, 2)
3671
(9, 3)
3672
(9, 3)
3673
(9, 3)
3674
(10, 2)
3675
(10, 2)
3676
(10, 2)
3677
(9, 3)
3678
(9, 1)
3679
(9, 1)
3680
(9, 1)
3681
(9, 3)
3682
(9, 3)
3683
(9, 3)
3684
(10, 2)
3685
(10, 2)
3686
(10, 2)
3687
(10, 2)
3688
(10, 2)
3689
(10, 2)
3690
(10, 2)
3691
(10, 2)
3692
(10, 2)
3693
(10, 2)
3694
(10, 2)
3695
(10, 2)
3696
(10, 2)
3697
(10, 2)
3698
(11, 2)
3699
(10, 1)
3700
(10, 2)
3701
(10, 2)
3702
(10, 2)
3703
(10, 1)
3704
(10, 1)
3705
(10, 1)
3706
(10, 1)
3707
(10, 1)
3708
(10, 2)
3709
(9, 4)
3710
(10, 2)
3711
(9, 4)
3712
(9, 4)
3713
(10, 2)
3714
(9, 4)
3715
(10, 2)
3716
(10, 2)
3717
(10, 2)
3718
(10, 2)
3719
(10, 2)
3720
(10, 1)
3721
(10, 1)
3722
(10, 2)
3723
(10, 2)
3724
(10, 2)
3725
(10, 1)
3726
(10, 2)
3727
(10, 2)
3728
(10, 2)
3729
(10, 1)
3730
(10, 1)
3731
(10, 1)
3732
(10, 1)
3733
(10, 1)
3734
(10, 1)
3735
(10, 1)
3736
(10, 1)
3737
(11, 2)
3738
(10, 1)
3739
(10, 1)
3740
(10, 1)
3741
(10, 2)
3742
(10, 2)
3743
(10, 1)
3744
(10, 1)
3745
(10, 1)
3746
(10, 1)
3747
(10, 1)
3748
(10, 2)
3749
(10, 2)
3750
(10, 2)
3751
(10, 2)
3752
(11, 2)
3753
(11, 2)
3754
(10, 1)
3755
(10, 4)
3756
(10, 4)
3757
(10, 4)
3758
(10, 1)
3759
(10, 1)
3760
(10, 4)
3761
(10, 4)
3762
(10, 1)
3763
(10, 1)
3764
(10, 4)
3765
(10, 4)
3766
(10, 1)
3767
(10, 1)
3768
(10, 1)
3769
(10, 1)
3770
(10, 1)
3771
(10, 1)
3772
(11, 2)
3773
(10, 1)
3774
(10, 1)
3775
(10, 1)
3776
(11, 2)
3777
(10, 1)
3778
(10, 1)
3779
(10, 1)
3780
(10, 1)
3781
(10, 1)
3782
(10, 1)
3783
(10, 1)
3784
(11, 2)
3785
(10, 1)
3786
(10, 1)
3787
(10, 1)
3788
(10, 1)
3789
(10, 1)
3790
(10, 2)
3791
(10, 2)
3792
(10, 2)
3793
(10, 1)
3794
(10, 2)
3795
(10, 2)
3796
(10, 1)
3797
(10, 1)
3798
(10, 2)
3799
(10, 1)
3800
(10, 1)
3801
(10, 2)
3802
(10, 1)
3803
(10, 2)
3804
(10, 1)
3805
(10, 2)
3806
(10, 1)
3807
(10, 1)
3808
(10, 1)
3809
(11, 2)
3810
(10, 1)
3811
(10, 1)
3812
(10, 1)
3813
(10, 1)
3814
(10, 1)
3815
(10, 1)
3816
(11, 2)
3817
(11, 2)
3818
(10, 1)
3819
(9, 4)
3820
(9, 4)
3821
(9, 4)
3822
(9, 4)
3823
(9, 4)
3824
(9, 4)
3825
(9, 4)
3826
(10, 1)
3827
(10, 1)
3828
(11, 2)
3829
(9, 4)
3830
(9, 4)
3831
(9, 4)
3832
(10, 1)
3833
(11, 2)
3834
(10, 1)
3835
(10, 1)
3836
(9, 4)
3837
(9, 4)
3838
(9, 4)
3839
(9, 4)
3840
(10, 1)
3841
(10, 1)
3842
(11, 2)
3843
(10, 1)
3844
(10, 1)
3845
(11, 2)
3846
(11, 2)
3847
(10, 1)
3848
(10, 1)
3849
(10, 1)
3850
(11, 2)
3851
(10, 4)
3852
(10, 4)
3853
(10, 4)
3854
(10, 4)
3855
(10, 4)
3856
(10, 4)
3857
(10, 4)
3858
(11, 2)
3859
(10, 1)
3860
(11, 2)
3861
(10, 1)
3862
(10, 1)
3863
(11, 2)
3864
(11, 2)
3865
(10, 1)
3866
(10, 1)
3867
(10, 1)
3868
(10, 1)
3869
(10, 1)
3870
(10, 1)
3871
(10, 1)
3872
(10, 1)
3873
(10, 1)
3874
(10, 1)
3875
(10, 1)
3876
(10, 1)
3877
(10, 1)
3878
(10, 1)
3879
(10, 1)
3880
(10, 1)
3881
(10, 1)
3882
(10, 1)
3883
(10, 1)
3884
(11, 2)
3885
(11, 2)
3886
(11, 2)
3887
(11, 2)
3888
(11, 2)
3889
(11, 1)
3890
(11, 2)
3891
(11, 2)
3892
(10, 4)
3893
(10, 4)
3894
(10, 4)
3895
(10, 4)
3896
(10, 4)
3897
(10, 4)
3898
(10, 4)
3899
(11, 2)
3900
(11, 1)
3901
(11, 1)
3902
(11, 2)
3903
(11, 2)
3904
(11, 2)
3905
(11, 1)
3906
(11, 2)
3907
(11, 1)
3908
(11, 2)
3909
(12, 3)
3910
(11, 2)
3911
(11, 2)
3912
(11, 2)
3913
(12, 3)
3914
(11, 2)
3915
(11, 2)
3916
(11, 2)
3917
(11, 3)
3918
(11, 2)
3919
(11, 2)
3920
(11, 2)
3921
(11, 2)
3922
(11, 2)
3923
(11, 2)
3924
(11, 2)
3925
(11, 2)
3926
(11, 2)
3927
(11, 2)
3928
(11, 2)
3929
(11, 2)
3930
(11, 2)
3931
(11, 2)
3932
(11, 2)
3933
(11, 2)
3934
(11, 2)
3935
(11, 2)
3936
(11, 2)
3937
(11, 2)
3938
(11, 2)
3939
(11, 2)
3940
(11, 2)
3941
(11, 2)
3942
(11, 2)
3943
(11, 2)
3944
(11, 2)
3945
(11, 2)
3946
(11, 2)
3947
(11, 2)
3948
(11, 2)
3949
(11, 2)
3950
(11, 2)
3951
(11, 2)
3952
(11, 2)
3953
(11, 2)
3954
(11, 2)
3955
(11, 2)
3956
(11, 2)
3957
(12, 3)
3958
(11, 1)
3959
(12, 2)
3960
(12, 2)
3961
(12, 3)
3962
(12, 2)
3963
(12, 2)
3964
(12, 2)
3965
(12, 3)
3966
(12, 2)
3967
(11, 2)
3968
(11, 2)
3969
(12, 2)
3970
(11, 2)
3971
(11, 2)
3972
(11, 2)
3973
(11, 2)
3974
(11, 2)
3975
(11, 2)
3976
(11, 2)
3977
(11, 2)
3978
(11, 2)
3979
(11, 2)
3980
(11, 2)
3981
(11, 2)
3982
(11, 1)
3983
(11, 1)
3984
(11, 1)
3985
(11, 1)
3986
(12, 3)
3987
(12, 3)
3988
(12, 2)
3989
(12, 3)
3990
(12, 3)
3991
(12, 3)
3992
(12, 2)
3993
(12, 2)
3994
(12, 3)
3995
(12, 3)
3996
(11, 2)
3997
(11, 2)
3998
(12, 3)
3999
(12, 2)
4000
(11, 2)
defaultdict(<function <lambda> at 0x2ac6f3953c80>, {(7, 3): 114, (1, 3): 64, (9, 1): 152, (11, 2): 136, (2, 1): 151, (6, 2): 103, (9, 4): 25, (5, 1): 153, (10, 3): 160, (7, 2): 122, (10, 4): 21, (1, 2): 150, (12, 2): 14, (3, 3): 111, (13, 3): 2, (8, 1): 152, (8, 5): 10, (6, 3): 102, (11, 1): 10, (2, 2): 130, (8, 6): 7, (4, 1): 153, (1, 1): 153, (12, 3): 36, (3, 2): 126, (8, 2): 61, (7, 1): 131, (9, 3): 49, (2, 3): 107, (10, 1): 152, (4, 2): 124, (5, 3): 101, (8, 3): 155, (9, 2): 18, (6, 1): 152, (3, 1): 151, (11, 3): 57, (4, 3): 117, (8, 4): 16, (5, 2): 101, (10, 2): 151})
4001
(11, 2)
4002
(11, 2)
4003
(11, 2)
4004
(11, 2)
4005
(11, 2)
4006
(11, 2)
4007
(11, 2)
4008
(11, 2)
4009
(11, 2)
4010
(11, 2)
4011
(11, 2)
4012
(11, 2)
4013
(11, 2)
4014
(11, 2)
4015
(11, 2)
4016
(11, 2)
4017
(11, 2)
4018
(11, 2)
4019
(11, 2)
4020
(11, 3)
4021
(11, 3)
4022
(11, 3)
4023
(11, 3)
4024
(11, 2)
4025
(11, 2)
4026
(11, 2)
4027
(11, 2)
4028
(11, 3)
4029
(11, 3)
4030
(11, 3)
4031
(11, 3)
4032
(11, 3)
4033
(11, 3)
4034
(11, 2)
4035
(11, 2)
4036
(11, 2)
4037
(12, 2)
4038
(12, 2)
4039
(12, 2)
4040
(12, 2)
4041
(12, 2)
4042
(12, 2)
4043
(12, 2)
4044
(12, 2)
4045
(12, 3)
4046
(12, 3)
4047
(12, 3)
4048
(12, 3)
4049
(12, 2)
4050
(12, 2)
4051
(12, 2)
4052
(12, 2)
4053
(12, 2)
4054
(12, 2)
4055
(12, 3)
4056
(12, 3)
4057
(12, 3)
4058
(12, 3)
4059
(12, 3)
4060
(12, 3)
4061
(12, 3)
4062
(12, 3)
4063
(12, 3)
4064
(12, 3)
4065
(12, 3)
4066
(12, 3)
4067
(12, 2)
4068
(12, 2)
4069
(12, 2)
4070
(12, 2)
4071
(12, 2)
4072
(12, 2)
4073
(12, 2)
4074
(12, 2)
4075
(12, 2)
4076
(12, 2)
4077
(12, 3)
4078
(12, 3)
4079
(12, 3)
4080
(12, 3)
4081
(12, 3)
4082
(12, 3)
4083
(12, 3)
4084
(12, 3)
4085
(12, 3)
4086
(12, 2)
4087
(12, 2)
4088
(12, 2)
4089
(12, 2)
4090
(12, 2)
4091
(12, 2)
4092
(12, 2)
4093
(12, 2)
4094
(12, 2)
4095
(12, 2)
4096
(12, 2)
4097
(12, 2)
4098
(12, 2)
4099
(12, 2)
4100
(12, 2)
4101
(12, 2)
4102
(12, 2)
4103
(12, 2)
4104
(12, 2)
4105
(12, 2)
4106
(12, 2)
4107
(12, 2)
4108
(12, 3)
4109
(12, 3)
4110
(12, 3)
4111
(12, 3)
4112
(12, 2)
4113
(12, 2)
4114
(12, 2)
4115
(12, 2)
4116
(12, 2)
4117
(12, 2)
4118
(12, 2)
4119
(12, 2)
4120
(12, 2)
4121
(12, 2)
4122
(12, 2)
4123
(12, 2)
4124
(12, 2)
4125
(12, 2)
4126
(12, 2)
4127
(12, 3)
4128
(12, 3)
4129
(12, 3)
4130
(12, 3)
4131
(12, 3)
4132
(12, 3)
4133
(12, 3)
4134
(12, 2)
4135
(12, 2)
4136
(12, 2)
4137
(12, 2)
4138
(12, 2)
4139
(12, 2)
4140
(12, 2)
4141
(12, 2)
4142
(12, 2)
4143
(12, 2)
4144
(12, 2)
4145
(12, 2)
4146
(12, 2)
4147
(12, 2)
4148
(12, 2)
4149
(12, 2)
4150
(12, 2)
4151
(12, 2)
4152
(12, 2)
4153
(12, 2)
4154
(12, 2)
4155
(12, 2)
4156
(12, 2)
4157
(12, 2)
4158
(12, 2)
4159
(12, 2)
4160
(12, 2)
4161
(12, 2)
4162
(12, 2)
4163
(12, 2)
4164
(12, 2)
4165
(12, 2)
4166
(12, 2)
4167
(12, 2)
4168
(12, 2)
4169
(12, 2)
4170
(12, 2)
4171
(12, 2)
4172
(12, 2)
4173
(12, 2)
4174
(12, 2)
4175
(12, 2)
4176
(12, 2)
4177
(12, 2)
4178
(12, 2)
4179
(12, 2)
4180
(12, 2)
4181
(12, 2)
4182
(12, 2)
4183
(12, 2)
4184
(12, 2)
4185
(12, 2)
4186
(12, 2)
4187
(12, 2)
4188
(12, 2)
4189
(12, 2)
4190
(12, 2)
4191
(12, 2)
4192
(12, 2)
4193
(12, 2)
4194
(12, 2)
4195
(12, 2)
4196
(12, 2)
4197
(12, 2)
4198
(12, 2)
4199
(12, 2)
4200
(12, 2)
4201
(12, 2)
4202
(12, 2)
4203
(12, 2)
4204
(12, 2)
4205
(12, 2)
4206
(12, 2)
4207
(12, 2)
4208
(12, 2)
4209
(13, 2)
4210
(13, 2)
4211
(13, 2)
4212
(13, 2)
4213
(13, 2)
4214
(13, 2)
4215
(13, 2)
4216
(13, 2)
4217
(13, 2)
4218
(13, 2)
4219
(13, 2)
4220
(13, 2)
4221
(13, 2)
4222
(13, 2)
4223
(13, 2)
4224
(13, 2)
4225
(12, 3)
4226
(12, 3)
4227
(12, 3)
4228
(12, 3)
4229
(12, 3)
4230
(12, 3)
4231
(12, 3)
4232
(12, 3)
4233
(12, 3)
4234
(12, 3)
4235
(12, 3)
4236
(12, 3)
4237
(12, 3)
4238
(12, 3)
4239
(12, 3)
4240
(12, 3)
4241
(12, 3)
4242
(12, 3)
4243
(12, 3)
4244
(12, 3)
4245
(12, 3)
4246
(12, 3)
4247
(12, 3)
4248
(12, 3)
4249
(12, 3)
4250
(12, 3)
4251
(12, 3)
4252
(12, 3)
4253
(12, 3)
4254
(12, 3)
4255
(12, 3)
4256
(12, 3)
4257
(12, 3)
4258
(12, 3)
4259
(12, 3)
4260
(12, 3)
4261
(12, 3)
4262
(12, 3)
4263
(12, 3)
4264
(12, 3)
4265
(12, 3)
4266
(12, 3)
4267
(12, 3)
4268
(12, 3)
4269
(12, 3)
4270
(12, 3)
4271
(12, 3)
4272
(12, 3)
4273
(12, 3)
4274
(12, 3)
4275
(12, 3)
4276
(12, 3)
4277
(12, 3)
4278
(12, 3)
4279
(12, 3)
4280
(12, 3)
4281
(12, 3)
4282
(12, 3)
4283
(12, 3)
4284
(12, 3)
4285
(12, 3)
4286
(12, 3)
4287
(12, 3)
4288
(12, 3)
4289
(12, 3)
4290
(12, 3)
4291
(12, 3)
4292
(12, 3)
4293
(12, 3)
4294
(12, 3)
4295
(12, 3)
4296
(12, 3)
4297
(12, 3)
4298
(12, 3)
4299
(12, 3)
4300
(12, 3)
4301
(12, 3)
4302
(12, 3)
4303
(11, 1)
4304
(12, 3)
4305
(12, 3)
4306
(12, 3)
4307
(11, 1)
4308
(11, 1)
4309
(8, 7)
4310
(8, 7)
4311
(8, 7)
4312
(8, 7)
4313
(8, 7)
4314
(8, 7)
4315
(8, 7)
4316
(9, 5)
4317
(9, 5)
4318
(9, 5)
4319
(11, 1)
4320
(9, 5)
4321
(9, 5)
4322
(9, 5)
4323
(9, 5)
4324
(10, 4)
4325
(10, 4)
4326
(10, 4)
4327
(10, 4)
4328
(10, 4)
4329
(10, 4)
4330
(10, 4)
4331
(13, 2)
4332
(13, 2)
4333
(13, 2)
4334
(9, 5)
4335
(9, 5)
4336
(9, 5)
4337
(11, 1)
4338
(9, 5)
4339
(9, 5)
4340
(9, 5)
4341
(9, 5)
4342
(11, 1)
4343
(11, 1)
4344
(11, 1)
4345
(11, 1)
4346
(11, 1)
4347
(11, 1)
4348
(11, 1)
4349
(11, 1)
4350
(11, 1)
4351
(11, 1)
4352
(11, 1)
4353
(11, 1)
4354
(11, 1)
4355
(11, 1)
4356
(11, 1)
4357
(11, 1)
4358
(11, 1)
4359
(11, 1)
4360
(11, 1)
4361
(11, 1)
4362
(11, 1)
4363
(11, 1)
4364
(11, 1)
4365
(11, 1)
4366
(11, 1)
4367
(11, 1)
4368
(11, 1)
4369
(11, 1)
4370
(10, 5)
4371
(11, 1)
4372
(11, 1)
4373
(11, 1)
4374
(10, 5)
4375
(11, 1)
4376
(11, 1)
4377
(11, 1)
4378
(10, 5)
4379
(11, 1)
4380
(11, 1)
4381
(10, 5)
4382
(10, 5)
4383
(10, 5)
4384
(10, 5)
4385
(11, 1)
4386
(11, 1)
4387
(11, 1)
4388
(11, 1)
4389
(11, 1)
4390
(11, 1)
4391
(12, 1)
4392
(11, 1)
4393
(11, 1)
4394
(11, 1)
4395
(11, 1)
4396
(11, 1)
4397
(11, 1)
4398
(11, 1)
4399
(13, 2)
4400
(11, 1)
4401
(11, 1)
4402
(11, 1)
4403
(11, 1)
4404
(11, 1)
4405
(11, 1)
4406
(11, 1)
4407
(11, 1)
4408
(11, 1)
4409
(11, 1)
4410
(11, 1)
4411
(11, 1)
4412
(11, 1)
4413
(11, 1)
4414
(11, 1)
4415
(11, 1)
4416
(11, 1)
4417
(11, 1)
4418
(11, 1)
4419
(11, 1)
4420
(11, 1)
4421
(11, 1)
4422
(11, 1)
4423
(11, 1)
4424
(10, 5)
4425
(11, 1)
4426
(10, 5)
4427
(11, 1)
4428
(10, 5)
4429
(10, 5)
4430
(10, 5)
4431
(10, 5)
4432
(10, 5)
4433
(9, 5)
4434
(9, 5)
4435
(9, 5)
4436
(9, 5)
4437
(9, 5)
4438
(9, 5)
4439
(9, 5)
4440
(9, 5)
4441
(9, 5)
4442
(9, 5)
4443
(9, 5)
4444
(9, 5)
4445
(9, 5)
4446
(9, 5)
4447
(12, 1)
4448
(12, 1)
4449
(12, 1)
4450
(13, 1)
4451
(8, 7)
4452
(8, 7)
4453
(8, 7)
4454
(12, 1)
4455
(8, 7)
4456
(8, 7)
4457
(8, 7)
4458
(8, 7)
4459
(10, 5)
4460
(10, 5)
4461
(10, 5)
4462
(10, 5)
4463
(10, 5)
4464
(10, 5)
4465
(10, 5)
4466
(13, 3)
4467
(12, 1)
4468
(12, 1)
4469
(12, 1)
4470
(13, 3)
4471
(12, 1)
4472
(12, 1)
4473
(13, 1)
4474
(13, 3)
4475
(13, 3)
4476
(10, 5)
4477
(10, 5)
4478
(13, 3)
4479
(13, 3)
4480
(13, 3)
4481
(13, 3)
4482
(13, 3)
4483
(13, 3)
4484
(13, 3)
4485
(13, 3)
4486
(13, 3)
4487
(13, 3)
4488
(13, 3)
4489
(13, 3)
4490
(13, 3)
4491
(13, 3)
4492
(10, 5)
4493
(13, 3)
4494
(13, 3)
4495
(13, 3)
4496
(13, 3)
4497
(13, 3)
4498
(13, 3)
4499
(13, 3)
4500
(13, 3)
defaultdict(<function <lambda> at 0x2ac6f3953c80>, {(7, 3): 114, (1, 3): 64, (12, 1): 10, (9, 1): 152, (11, 2): 162, (2, 1): 151, (6, 2): 103, (9, 4): 25, (5, 1): 153, (10, 3): 160, (7, 2): 122, (10, 4): 28, (1, 2): 150, (12, 2): 150, (8, 7): 14, (3, 3): 111, (13, 3): 28, (8, 1): 152, (8, 5): 10, (6, 3): 102, (11, 1): 90, (2, 2): 130, (8, 6): 7, (4, 1): 153, (1, 1): 153, (12, 3): 153, (3, 2): 126, (13, 2): 20, (8, 2): 61, (7, 1): 131, (9, 3): 49, (10, 5): 24, (2, 3): 107, (10, 1): 152, (4, 2): 124, (5, 3): 101, (13, 1): 2, (8, 3): 155, (9, 2): 18, (6, 1): 152, (3, 1): 151, (11, 3): 67, (4, 3): 117, (9, 5): 28, (8, 4): 16, (5, 2): 101, (10, 2): 151})
4501
(13, 3)
4502
(13, 3)
4503
(13, 2)
4504
(13, 2)
4505
(13, 2)
4506
(13, 2)
4507
(13, 2)
4508
(13, 3)
4509
(13, 3)
4510
(13, 3)
4511
(10, 5)
4512
(10, 5)
4513
(10, 5)
4514
(10, 5)
4515
(13, 2)
4516
(13, 2)
4517
(13, 3)
4518
(12, 1)
4519
(13, 3)
4520
(13, 3)
4521
(13, 3)
4522
(13, 3)
4523
(13, 3)
4524
(13, 3)
4525
(13, 3)
4526
(13, 3)
4527
(13, 3)
4528
(13, 3)
4529
(13, 3)
4530
(13, 2)
4531
(13, 2)
4532
(13, 2)
4533
(13, 2)
4534
(13, 2)
4535
(13, 2)
4536
(13, 2)
4537
(13, 2)
4538
(12, 1)
4539
(12, 1)
4540
(12, 1)
4541
(12, 1)
4542
(12, 1)
4543
(12, 1)
4544
(12, 1)
4545
(12, 1)
4546
(12, 1)
4547
(12, 1)
4548
(12, 1)
4549
(12, 1)
4550
(12, 1)
4551
(12, 1)
4552
(12, 1)
4553
(12, 1)
4554
(11, 1)
4555
(11, 1)
4556
(11, 1)
4557
(11, 1)
4558
(11, 1)
4559
(11, 1)
4560
(11, 1)
4561
(11, 1)
4562
(11, 1)
4563
(11, 1)
4564
(11, 1)
4565
(11, 1)
4566
(11, 1)
4567
(11, 1)
4568
(11, 1)
4569
(11, 1)
4570
(13, 3)
4571
(12, 1)
4572
(9, 6)
4573
(9, 6)
4574
(9, 6)
4575
(12, 1)
4576
(13, 2)
4577
(13, 2)
4578
(9, 6)
4579
(13, 2)
4580
(13, 2)
4581
(12, 1)
4582
(12, 1)
4583
(12, 1)
4584
(9, 6)
4585
(9, 6)
4586
(12, 1)
4587
(12, 1)
4588
(9, 6)
4589
(13, 1)
4590
(12, 1)
4591
(12, 1)
4592
(9, 6)
4593
(13, 1)
4594
(12, 1)
4595
(12, 1)
4596
(9, 6)
4597
(13, 1)
4598
(11, 1)
4599
(11, 1)
4600
(9, 6)
4601
(13, 2)
4602
(11, 1)
4603
(11, 1)
4604
(9, 6)
4605
(14, 2)
4606
(11, 1)
4607
(11, 1)
4608
(14, 3)
4609
(14, 3)
4610
(11, 1)
4611
(11, 1)
4612
(14, 3)
4613
(14, 3)
4614
(13, 2)
4615
(13, 2)
4616
(13, 3)
4617
(14, 3)
4618
(14, 3)
4619
(12, 1)
4620
(13, 2)
4621
(14, 3)
4622
(14, 3)
4623
(14, 3)
4624
(13, 2)
4625
(13, 2)
4626
(14, 3)
4627
(13, 1)
4628
(14, 3)
4629
(14, 3)
4630
(13, 2)
4631
(12, 1)
4632
(13, 2)
4633
(13, 2)
4634
(14, 3)
4635
(12, 1)
4636
(13, 2)
4637
(13, 2)
4638
(14, 3)
4639
(12, 1)
4640
(12, 1)
4641
(12, 1)
4642
(14, 3)
4643
(12, 1)
4644
(14, 3)
4645
(14, 3)
4646
(14, 3)
4647
(11, 1)
4648
(14, 3)
4649
(13, 1)
4650
(11, 1)
4651
(13, 1)
4652
(14, 3)
4653
(12, 1)
4654
(11, 1)
4655
(12, 1)
4656
(14, 3)
4657
(12, 1)
4658
(11, 1)
4659
(12, 1)
4660
(14, 3)
4661
(12, 1)
4662
(14, 3)
4663
(12, 1)
4664
(14, 3)
4665
(12, 1)
4666
(12, 1)
4667
(13, 1)
4668
(13, 2)
4669
(11, 1)
4670
(11, 1)
4671
(13, 1)
4672
(13, 1)
4673
(11, 1)
4674
(11, 1)
4675
(13, 1)
4676
(13, 1)
4677
(11, 1)
4678
(11, 1)
4679
(13, 1)
4680
(13, 1)
4681
(11, 1)
4682
(11, 1)
4683
(13, 1)
4684
(13, 1)
4685
(13, 1)
4686
(13, 2)
4687
(14, 2)
4688
(14, 2)
4689
(13, 1)
4690
(14, 3)
4691
(14, 2)
4692
(14, 2)
4693
(13, 1)
4694
(14, 3)
4695
(14, 3)
4696
(14, 3)
4697
(14, 2)
4698
(14, 3)
4699
(14, 3)
4700
(10, 6)
4701
(14, 2)
4702
(10, 6)
4703
(10, 6)
4704
(10, 6)
4705
(14, 3)
4706
(10, 6)
4707
(10, 6)
4708
(10, 6)
4709
(14, 3)
4710
(14, 3)
4711
(14, 3)
4712
(14, 3)
4713
(14, 3)
4714
(14, 3)
4715
(14, 3)
4716
(14, 2)
4717
(13, 2)
4718
(13, 2)
4719
(13, 2)
4720
(13, 2)
4721
(14, 2)
4722
(14, 2)
4723
(14, 3)
4724
(14, 2)
4725
(13, 2)
4726
(14, 3)
4727
(14, 3)
4728
(13, 2)
4729
(13, 2)
4730
(13, 2)
4731
(14, 2)
4732
(14, 2)
4733
(14, 3)
4734
(14, 3)
4735
(14, 3)
4736
(14, 3)
4737
(14, 3)
4738
(14, 3)
4739
(14, 3)
4740
(13, 2)
4741
(14, 3)
4742
(14, 3)
4743
(14, 3)
4744
(13, 2)
4745
(14, 2)
4746
(14, 2)
4747
(13, 2)
4748
(10, 6)
4749
(10, 6)
4750
(10, 6)
4751
(14, 3)
4752
(14, 3)
4753
(14, 3)
4754
(14, 3)
4755
(10, 6)
4756
(14, 3)
4757
(14, 3)
4758
(14, 3)
4759
(10, 6)
4760
(10, 6)
4761
(10, 6)
4762
(8, 8)
4763
(8, 8)
4764
(8, 8)
4765
(8, 8)
4766
(8, 8)
4767
(8, 8)
4768
(8, 8)
4769
(14, 2)
4770
(14, 2)
4771
(14, 2)
4772
(14, 2)
4773
(14, 2)
4774
(14, 2)
4775
(13, 1)
4776
(13, 1)
4777
(13, 1)
4778
(14, 3)
4779
(14, 3)
4780
(14, 3)
4781
(14, 3)
4782
(14, 3)
4783
(14, 3)
4784
(14, 3)
4785
(14, 3)
4786
(14, 3)
4787
(14, 3)
4788
(14, 3)
4789
(14, 3)
4790
(13, 1)
4791
(14, 2)
4792
(14, 2)
4793
(13, 1)
4794
(13, 1)
4795
(14, 1)
4796
(14, 2)
4797
(13, 1)
4798
(13, 1)
4799
(13, 1)
4800
(14, 3)
4801
(14, 3)
4802
(14, 3)
4803
(14, 1)
4804
(14, 1)
4805
(14, 2)
4806
(14, 2)
4807
(14, 3)
4808
(14, 3)
4809
(14, 3)
4810
(14, 3)
4811
(14, 3)
4812
(14, 3)
4813
(14, 3)
4814
(14, 3)
4815
(14, 3)
4816
(14, 3)
4817
(13, 1)
4818
(14, 2)
4819
(13, 1)
4820
(13, 1)
4821
(13, 1)
4822
(13, 1)
4823
(13, 1)
4824
(13, 1)
4825
(14, 1)
4826
(14, 1)
4827
(14, 1)
4828
(13, 1)
4829
(13, 1)
4830
(13, 1)
4831
(14, 3)
4832
(14, 3)
4833
(14, 3)
4834
(14, 3)
4835
(13, 1)
4836
(14, 2)
4837
(14, 2)
4838
(13, 1)
4839
(13, 1)
4840
(13, 1)
4841
(13, 1)
4842
(13, 1)
4843
(13, 1)
4844
(13, 1)
4845
(13, 1)
4846
(13, 1)
4847
(13, 1)
4848
(13, 1)
4849
(13, 1)
4850
(13, 1)
4851
(13, 1)
4852
(13, 1)
4853
(13, 1)
4854
(13, 1)
4855
(13, 1)
4856
(13, 1)
4857
(13, 1)
4858
(13, 1)
4859
(13, 1)
4860
(13, 1)
4861
(13, 1)
4862
(13, 1)
4863
(13, 1)
4864
(13, 1)
4865
(13, 1)
4866
(13, 2)
4867
(13, 2)
4868
(13, 1)
4869
(13, 2)
4870
(13, 2)
4871
(13, 2)
4872
(13, 2)
4873
(13, 2)
4874
(13, 3)
4875
(13, 3)
4876
(13, 2)
4877
(13, 3)
4878
(14, 1)
4879
(14, 1)
4880
(13, 3)
4881
(13, 1)
4882
(14, 1)
4883
(14, 1)
4884
(14, 1)
4885
(13, 1)
4886
(13, 1)
4887
(14, 1)
4888
(14, 1)
4889
(13, 1)
4890
(13, 1)
4891
(14, 3)
4892
(14, 3)
4893
(13, 1)
4894
(13, 1)
4895
(14, 3)
4896
(14, 3)
4897
(13, 1)
4898
(13, 1)
4899
(14, 1)
4900
(14, 1)
4901
(13, 1)
4902
(13, 1)
4903
(14, 1)
4904
(14, 1)
4905
(13, 1)
4906
(13, 1)
4907
(14, 1)
4908
(14, 4)
4909
(13, 1)
4910
(13, 1)
4911
(14, 1)
4912
(14, 4)
4913
(13, 2)
4914
(13, 1)
4915
(14, 1)
4916
(14, 4)
4917
(13, 2)
4918
(13, 2)
4919
(14, 1)
4920
(14, 1)
4921
(13, 3)
4922
(13, 2)
4923
(14, 1)
4924
(14, 1)
4925
(14, 1)
4926
(13, 3)
4927
(14, 1)
4928
(14, 1)
4929
(14, 1)
4930
(14, 4)
4931
(14, 1)
4932
(14, 1)
4933
(14, 1)
4934
(14, 4)
4935
(14, 2)
4936
(14, 1)
4937
(14, 1)
4938
(14, 1)
4939
(14, 2)
4940
(14, 1)
4941
(14, 1)
4942
(14, 4)
4943
(14, 3)
4944
(14, 1)
4945
(14, 1)
4946
(14, 4)
4947
(14, 3)
4948
(14, 2)
4949
(14, 1)
4950
(14, 4)
4951
(14, 4)
4952
(14, 2)
4953
(14, 2)
4954
(15, 1)
4955
(14, 4)
4956
(15, 1)
4957
(14, 2)
4958
(14, 4)
4959
(14, 4)
4960
(14, 4)
4961
(14, 4)
4962
(14, 1)
4963
(14, 1)
4964
(14, 1)
4965
(14, 1)
4966
(14, 1)
4967
(8, 9)
4968
(8, 9)
4969
(8, 9)
4970
(8, 9)
4971
(8, 9)
4972
(8, 9)
4973
(8, 9)
4974
(14, 4)
4975
(14, 4)
4976
(14, 4)
4977
(14, 4)
4978
(14, 4)
4979
(14, 4)
4980
(14, 4)
4981
(15, 1)
4982
(14, 1)
4983
(14, 1)
4984
(15, 4)
4985
(15, 4)
4986
(15, 4)
4987
(14, 4)
4988
(14, 4)
4989
(14, 4)
4990
(14, 4)
4991
(14, 4)
4992
(14, 4)
4993
(15, 1)
4994
(15, 1)
4995
(15, 1)
4996
(15, 1)
4997
(15, 1)
4998
(14, 4)
4999
(14, 4)
5000
(14, 4)
defaultdict(<function <lambda> at 0x2ac6f3953c80>, {(7, 3): 114, (1, 3): 64, (12, 1): 53, (9, 1): 152, (14, 4): 30, (11, 2): 162, (10, 6): 14, (2, 1): 151, (15, 1): 8, (8, 9): 7, (6, 2): 103, (9, 4): 25, (5, 1): 153, (10, 3): 160, (7, 2): 122, (10, 4): 28, (1, 2): 150, (12, 2): 150, (8, 7): 14, (3, 3): 111, (13, 3): 53, (8, 1): 152, (8, 5): 10, (6, 3): 102, (14, 1): 46, (11, 1): 126, (2, 2): 130, (15, 4): 3, (8, 6): 7, (4, 1): 153, (1, 1): 153, (12, 3): 153, (3, 2): 126, (13, 2): 75, (8, 2): 61, (7, 1): 131, (9, 3): 49, (10, 5): 28, (2, 3): 107, (10, 1): 152, (4, 2): 124, (14, 2): 35, (9, 6): 11, (5, 3): 101, (13, 1): 85, (8, 3): 155, (9, 2): 18, (6, 1): 152, (3, 1): 151, (11, 3): 67, (8, 8): 7, (4, 3): 117, (14, 3): 93, (9, 5): 28, (8, 4): 16, (5, 2): 101, (10, 2): 151})
5001
(14, 4)
5002
(14, 4)
5003
(14, 4)
5004
(14, 4)
5005
(14, 1)
5006
(14, 1)
5007
(14, 1)
5008
(15, 1)
5009
(15, 1)
5010
(15, 1)
5011
(15, 1)
5012
(15, 1)
5013
(15, 1)
5014
(15, 1)
5015
(15, 1)
5016
(14, 4)
5017
(14, 4)
5018
(14, 4)
5019
(14, 4)
5020
(14, 5)
5021
(15, 1)
5022
(15, 1)
5023
(15, 1)
5024
(15, 1)
5025
(15, 1)
5026
(15, 1)
5027
(15, 1)
5028
(15, 1)
5029
(15, 1)
5030
(15, 1)
5031
(15, 1)
5032
(15, 1)
5033
(15, 1)
5034
(15, 1)
5035
(15, 1)
5036
(14, 5)
5037
(16, 1)
5038
(16, 1)
5039
(16, 1)
5040
(14, 5)
5041
(16, 2)
5042
(16, 2)
5043
(16, 2)
5044
(14, 5)
5045
(16, 2)
5046
(16, 2)
5047
(16, 2)
5048
(14, 5)
5049
(16, 3)
5050
(16, 3)
5051
(16, 3)
5052
(14, 5)
5053
(16, 3)
5054
(16, 3)
5055
(16, 3)
5056
(14, 5)
5057
(17, 3)
5058
(17, 3)
5059
(17, 3)
5060
(15, 1)
5061
(17, 3)
5062
(17, 3)
5063
(15, 1)
5064
(15, 1)
5065
(15, 1)
5066
(15, 1)
5067
(15, 1)
5068
(16, 1)
5069
(16, 1)
5070
(15, 1)
5071
(16, 1)
5072
(16, 1)
5073
(16, 1)
5074
(14, 5)
5075
(16, 1)
5076
(16, 2)
5077
(16, 2)
5078
(14, 5)
5079
(16, 2)
5080
(16, 2)
5081
(16, 2)
5082
(16, 2)
5083
(14, 5)
5084
(17, 3)
5085
(17, 3)
5086
(17, 3)
5087
(14, 5)
5088
(14, 5)
5089
(14, 5)
5090
(14, 5)
5091
(16, 1)
5092
(16, 1)
5093
(14, 5)
5094
(14, 5)
5095
(16, 1)
5096
(16, 1)
5097
(14, 5)
5098
(14, 5)
5099
(16, 1)
5100
(16, 1)
5101
(14, 5)
5102
(14, 5)
5103
(16, 1)
5104
(16, 1)
5105
(14, 5)
5106
(17, 2)
5107
(15, 5)
5108
(17, 2)
5109
(15, 5)
5110
(17, 2)
5111
(15, 5)
5112
(17, 2)
5113
(8, 10)
5114
(17, 3)
5115
(8, 10)
5116
(17, 3)
5117
(8, 10)
5118
(17, 3)
5119
(8, 10)
5120
(17, 3)
5121
(8, 10)
5122
(17, 3)
5123
(8, 10)
5124
(17, 3)
5125
(8, 10)
5126
(17, 3)
5127
(14, 5)
5128
(17, 3)
5129
(14, 5)
5130
(14, 5)
5131
(14, 5)
5132
(14, 5)
5133
(14, 5)
5134
(14, 5)
5135
(14, 6)
5136
(14, 5)
5137
(14, 5)
5138
(14, 5)
5139
(14, 5)
5140
(14, 5)
5141
(14, 5)
5142
(14, 5)
5143
(14, 5)
5144
(14, 5)
5145
(14, 5)
5146
(14, 5)
5147
(14, 5)
5148
(14, 5)
5149
(14, 5)
5150
(14, 6)
5151
(14, 6)
5152
(14, 6)
5153
(14, 6)
5154
(15, 5)
5155
(15, 5)
5156
(15, 5)
5157
(14, 6)
5158
(14, 6)
5159
(14, 6)
5160
(14, 6)
5161
(14, 6)
5162
(14, 6)
5163
(14, 6)
5164
(14, 6)
5165
(14, 6)
5166
(14, 6)
5167
(14, 6)
5168
(14, 6)
5169
(14, 6)
5170
(14, 6)
5171
(15, 6)
5172
(15, 6)
5173
(15, 6)
5174
(16, 7)
5175
(16, 7)
5176
(16, 7)
5177
(16, 8)
5178
(16, 8)
5179
(16, 8)
5180
(16, 9)
5181
(16, 9)
5182
(16, 9)
5183
(16, 10)
5184
(16, 10)
5185
(16, 10)
quitting, no novel node found
defaultdict(<function <lambda> at 0x2ac6f3953c80>, {(7, 3): 114, (1, 3): 64, (12, 1): 53, (9, 1): 152, (16, 9): 3, (14, 4): 38, (11, 2): 162, (10, 6): 14, (17, 3): 16, (16, 2): 12, (2, 1): 151, (15, 1): 38, (8, 9): 7, (6, 2): 103, (9, 4): 25, (17, 2): 4, (5, 1): 153, (15, 5): 6, (10, 3): 160, (7, 2): 122, (10, 4): 28, (1, 2): 150, (12, 2): 150, (8, 7): 14, (3, 3): 111, (14, 5): 42, (13, 3): 53, (8, 1): 152, (8, 5): 10, (16, 3): 6, (16, 8): 3, (8, 10): 7, (6, 3): 102, (14, 1): 49, (11, 1): 126, (16, 7): 3, (2, 2): 130, (15, 4): 3, (8, 6): 7, (4, 1): 153, (1, 1): 153, (12, 3): 153, (16, 10): 3, (3, 2): 126, (13, 2): 75, (8, 2): 61, (7, 1): 131, (9, 3): 49, (10, 5): 28, (14, 6): 19, (2, 3): 107, (10, 1): 152, (4, 2): 124, (14, 2): 35, (9, 6): 11, (5, 3): 101, (13, 1): 85, (8, 3): 155, (9, 2): 18, (6, 1): 152, (3, 1): 151, (11, 3): 67, (16, 1): 17, (15, 6): 3, (8, 8): 7, (4, 3): 117, (14, 3): 93, (9, 5): 28, (8, 4): 16, (5, 2): 101, (10, 2): 151})
<__main__.Node instance at 0x2ac8541ae440>
144
5185
False
744.468116045
