STARTING!
step1
step2
step3
a
b
c
]0;IPython: eshnich/vgdl]0;IPython: eshnich/vgdladded self, <class 'ontology.Immovable'>
added self, <class 'ontology.Passive'>
added self, <class 'core.Resource'>
added parent, <class 'core.Resource'>
added self, <class 'ontology.ResourcePack'>
added self, <class 'ontology.Flicker'>
added self, <class 'ontology.Spreader'>
added self, <class 'ontology.SpriteProducer'>
added self, <class 'ontology.Portal'>
added self, <class 'ontology.SpawnPoint'>
added self, <class 'ontology.RandomNPC'>
added self, <class 'ontology.OrientedSprite'>
added self, <class 'ontology.Conveyor'>
added self, <class 'ontology.Missile'>
added self, <class 'ontology.OrientedFlicker'>
added self, <class 'ontology.Walker'>
added self, <class 'ontology.WalkJumper'>
added self, <class 'ontology.RandomInertial'>
added self, <class 'ontology.RandomMissile'>
added self, <class 'ontology.ErraticMissile'>
added self, <class 'ontology.Bomber'>
added self, <class 'ontology.Chaser'>
added self, <class 'ontology.Fleeing'>
added self, <class 'ontology.AStarChaser'>
added self, <class 'ontology.MovingAvatar'>
added self, <class 'ontology.HorizontalAvatar'>
added self, <class 'ontology.VerticalAvatar'>
added self, <class 'ontology.FlakAvatar'>
added self, <class 'ontology.OrientedAvatar'>
added parent, <class 'ontology.OrientedAvatar'>
added self, <class 'ontology.ShootAvatar'>
added parent, <class 'ontology.ShootAvatar'>
added self, <class 'ontology.AimedAvatar'>
added parent, <class 'ontology.AimedAvatar'>
added self, <class 'ontology.AimedFlakAvatar'>
<class 'ontology.OrientedAvatar'> already in tree.
added self, <class 'ontology.RotatingAvatar'>
added self, <class 'ontology.RotatingFlippingAvatar'>
added self, <class 'ontology.NoisyRotatingFlippingAvatar'>
<class 'ontology.ShootAvatar'> already in tree.
<class 'ontology.AimedAvatar'> already in tree.
<class 'ontology.AimedFlakAvatar'> already in tree.
added self, <class 'ontology.InertialAvatar'>
added self, <class 'ontology.MarioAvatar'>
step4
FINISHED IMPORTS
FINISHED SETTING VALUES
<module 'examples.continuousphysics.montezuma_3' from 'examples/continuousphysics/montezuma_3.pyc'>
max nodes 500
1
(13, 3)
2
(12, 3)
3
(12, 3)
4
(12, 3)
5
(12, 3)
6
(12, 3)
7
(12, 3)
8
(12, 3)
9
(12, 3)
10
(12, 3)
11
(12, 3)
12
(12, 3)
13
(12, 3)
14
(12, 2)
15
(11, 2)
16
(11, 2)
17
(11, 2)
18
(11, 2)
19
(11, 2)
20
(11, 2)
21
(11, 2)
22
(11, 2)
23
(11, 2)
24
(10, 2)
25
(10, 2)
26
(10, 2)
27
(10, 3)
28
(10, 3)
29
(10, 3)
30
(10, 3)
31
(10, 3)
32
(10, 2)
33
(10, 2)
34
(10, 3)
35
(10, 3)
36
(10, 3)
37
(10, 3)
38
(10, 3)
39
(10, 2)
40
(10, 2)
41
(9, 3)
42
(9, 3)
43
(9, 3)
44
(9, 3)
45
(9, 3)
46
(10, 3)
47
(9, 3)
48
(9, 3)
49
(9, 3)
50
(9, 3)
51
(9, 3)
52
(9, 3)
53
(9, 3)
54
(9, 2)
55
(9, 2)
56
(9, 1)
57
(9, 1)
58
(8, 1)
59
(8, 1)
60
(8, 1)
61
(8, 1)
62
(7, 1)
63
(7, 1)
64
(7, 1)
65
(7, 2)
66
(6, 2)
67
(6, 2)
68
(6, 2)
69
(6, 2)
70
(6, 2)
71
(6, 2)
72
(6, 2)
73
(6, 2)
74
(5, 2)
75
(5, 2)
76
(5, 2)
77
(5, 2)
78
(5, 2)
79
(5, 2)
80
(5, 2)
81
(5, 2)
82
(4, 2)
83
(4, 2)
84
(4, 2)
85
(4, 2)
86
(4, 2)
87
(4, 2)
88
(4, 2)
89
(4, 2)
90
(3, 2)
91
(3, 2)
92
(3, 2)
93
(3, 2)
94
(3, 2)
95
(3, 2)
96
(3, 2)
97
(3, 2)
98
(2, 2)
99
(2, 2)
100
(2, 2)
101
(2, 2)
102
(2, 2)
103
(2, 2)
104
(2, 2)
105
(2, 2)
106
(1, 2)
107
(1, 2)
108
(1, 2)
109
(1, 2)
110
(1, 2)
111
(1, 2)
112
(1, 2)
113
(1, 2)
114
(1, 2)
115
(1, 2)
116
(1, 2)
117
(1, 2)
118
(1, 2)
119
(1, 2)
120
(1, 2)
121
(1, 2)
122
(1, 2)
123
(1, 2)
124
(1, 2)
125
(2, 2)
126
(2, 2)
127
(1, 2)
128
(1, 2)
129
(1, 2)
130
(1, 2)
131
(1, 2)
132
(1, 2)
133
(1, 2)
134
(1, 2)
135
(1, 2)
136
(1, 2)
137
(1, 2)
138
(1, 2)
139
(1, 2)
140
(1, 2)
141
(1, 2)
142
(1, 2)
143
(1, 2)
144
(1, 2)
145
(1, 2)
146
(1, 2)
147
(1, 2)
148
(1, 2)
149
(1, 2)
150
(1, 2)
151
(1, 2)
152
(1, 2)
153
(1, 2)
154
(1, 2)
155
(1, 2)
156
(1, 2)
157
(1, 2)
158
(1, 2)
159
(1, 2)
160
(1, 2)
161
(1, 2)
162
(1, 2)
163
(1, 2)
164
(1, 2)
165
(1, 2)
166
(1, 2)
167
(1, 2)
168
(1, 2)
169
(1, 2)
170
(1, 2)
171
(1, 2)
172
(2, 2)
173
(2, 2)
174
(2, 2)
175
(2, 2)
176
(1, 2)
177
(1, 2)
178
(2, 2)
179
(2, 2)
180
(2, 2)
181
(2, 2)
182
(2, 2)
183
(2, 2)
184
(2, 2)
185
(2, 2)
186
(1, 2)
187
(1, 2)
188
(1, 1)
189
(1, 1)
190
(1, 1)
191
(1, 1)
192
(1, 1)
193
(1, 1)
194
(1, 1)
195
(1, 1)
196
(1, 1)
197
(1, 1)
198
(2, 2)
199
(2, 2)
200
(1, 2)
201
(1, 2)
202
(1, 1)
203
(1, 1)
204
(1, 1)
205
(1, 1)
206
(1, 1)
207
(1, 1)
208
(1, 1)
209
(1, 2)
210
(2, 2)
211
(2, 2)
212
(1, 1)
213
(1, 1)
214
(1, 1)
215
(1, 1)
216
(1, 1)
217
(1, 1)
218
(1, 1)
219
(1, 1)
220
(1, 2)
221
(1, 2)
222
(1, 2)
223
(1, 2)
224
(2, 2)
225
(2, 2)
226
(2, 2)
227
(2, 2)
228
(2, 2)
229
(1, 2)
230
(1, 1)
231
(1, 1)
232
(1, 1)
233
(1, 1)
234
(1, 1)
235
(1, 1)
236
(1, 1)
237
(1, 1)
238
(1, 1)
239
(1, 1)
240
(2, 2)
241
(1, 2)
242
(1, 1)
243
(1, 1)
244
(1, 1)
245
(1, 1)
246
(1, 1)
247
(1, 1)
248
(1, 1)
249
(1, 1)
250
(1, 1)
251
(1, 1)
252
(1, 1)
253
(1, 1)
254
(1, 1)
255
(2, 2)
256
(2, 2)
257
(2, 2)
258
(2, 2)
259
(1, 1)
260
(1, 1)
261
(1, 1)
262
(1, 1)
263
(1, 1)
264
(1, 1)
265
(1, 1)
266
(1, 1)
267
(1, 1)
268
(1, 1)
269
(1, 1)
270
(1, 1)
271
(1, 1)
272
(1, 1)
273
(1, 1)
274
(1, 1)
275
(1, 1)
276
(1, 1)
277
(1, 1)
278
(1, 1)
279
(1, 1)
280
(1, 1)
281
(1, 1)
282
(1, 1)
283
(1, 1)
284
(1, 2)
285
(1, 2)
286
(1, 2)
287
(1, 2)
288
(1, 2)
289
(1, 2)
290
(1, 2)
291
(1, 1)
292
(1, 1)
293
(1, 1)
294
(1, 1)
295
(1, 1)
296
(1, 1)
297
(1, 1)
298
(1, 1)
299
(1, 1)
300
(1, 1)
301
(1, 1)
302
(1, 1)
303
(1, 1)
304
(1, 1)
305
(1, 1)
306
(2, 2)
307
(2, 2)
308
(2, 2)
309
(2, 2)
310
(2, 2)
311
(2, 2)
312
(1, 1)
313
(1, 1)
314
(1, 1)
315
(1, 1)
316
(1, 1)
317
(1, 1)
318
(1, 1)
319
(1, 1)
320
(1, 1)
321
(1, 1)
322
(1, 1)
323
(2, 2)
324
(2, 2)
325
(2, 2)
326
(1, 2)
327
(1, 2)
328
(1, 1)
329
(1, 2)
330
(1, 2)
331
(2, 2)
332
(2, 2)
333
(1, 1)
334
(2, 2)
335
(3, 2)
336
(3, 2)
337
(2, 2)
338
(2, 2)
339
(2, 2)
340
(2, 1)
341
(1, 1)
342
(1, 1)
343
(1, 1)
344
(1, 1)
345
(1, 1)
346
(1, 1)
347
(1, 1)
348
(1, 1)
349
(1, 1)
350
(1, 1)
351
(3, 2)
352
(2, 2)
353
(2, 2)
354
(2, 2)
355
(2, 1)
356
(1, 1)
357
(1, 1)
358
(1, 1)
359
(1, 1)
360
(1, 1)
361
(1, 1)
362
(1, 1)
363
(2, 2)
364
(2, 2)
365
(2, 2)
366
(2, 2)
367
(2, 2)
368
(1, 1)
369
(1, 1)
370
(2, 2)
371
(2, 2)
372
(2, 2)
373
(3, 2)
374
(3, 2)
375
(3, 2)
376
(3, 2)
377
(2, 2)
378
(2, 2)
379
(2, 1)
380
(2, 1)
381
(1, 1)
382
(1, 1)
383
(1, 1)
384
(1, 1)
385
(1, 1)
386
(1, 1)
387
(1, 1)
388
(1, 1)
389
(1, 1)
390
(3, 2)
391
(3, 2)
392
(3, 2)
393
(3, 2)
394
(2, 2)
395
(2, 2)
396
(2, 1)
397
(2, 1)
398
(1, 1)
399
(1, 1)
400
(1, 1)
401
(1, 1)
402
(1, 1)
403
(1, 1)
404
(3, 2)
405
(3, 2)
406
(2, 2)
407
(2, 1)
408
(2, 1)
409
(2, 1)
410
(1, 1)
411
(1, 1)
412
(1, 1)
413
(1, 1)
414
(1, 1)
415
(1, 1)
416
(1, 1)
417
(1, 1)
418
(1, 1)
419
(1, 1)
420
(1, 1)
421
(3, 2)
422
(2, 1)
423
(2, 2)
424
(3, 2)
425
(3, 2)
426
(3, 2)
427
(3, 2)
428
(3, 2)
429
(2, 2)
430
(2, 1)
431
(2, 1)
432
(2, 1)
433
(1, 1)
434
(1, 1)
435
(1, 1)
436
(1, 1)
437
(3, 2)
438
(1, 2)
439
(1, 2)
440
(2, 2)
441
(1, 2)
442
(2, 2)
443
(2, 2)
444
(1, 2)
445
(1, 2)
446
(2, 1)
447
(2, 1)
448
(3, 2)
449
(1, 2)
450
(3, 2)
451
(1, 2)
452
(1, 2)
453
(3, 2)
454
(3, 2)
455
(3, 2)
456
(3, 2)
457
(3, 2)
458
(2, 1)
459
(2, 1)
460
(2, 1)
461
(2, 1)
462
(2, 1)
463
(3, 2)
464
(3, 2)
465
(3, 1)
466
(2, 1)
467
(2, 1)
468
(1, 2)
469
(3, 2)
470
(2, 2)
471
(2, 2)
472
(3, 2)
473
(3, 2)
474
(2, 1)
475
(2, 1)
476
(2, 1)
477
(2, 1)
478
(2, 1)
479
(3, 2)
480
(2, 1)
481
(2, 1)
482
(2, 1)
483
(2, 1)
484
(2, 1)
485
(2, 1)
486
(2, 1)
487
(2, 1)
488
(2, 2)
489
(2, 2)
490
(2, 2)
491
(2, 2)
492
(2, 2)
493
(2, 2)
494
(2, 2)
495
(2, 2)
496
(2, 3)
497
(2, 3)
498
(2, 3)
499
(2, 3)
500
(2, 3)
<__main__.Node instance at 0x2b2716331638>
159
500
False
58.3814899921
