STARTING!
step1
step2
step3
a
b
c
]0;IPython: eshnich/vgdl]0;IPython: eshnich/vgdladded self, <class 'ontology.Immovable'>
added self, <class 'ontology.Passive'>
added self, <class 'core.Resource'>
added parent, <class 'core.Resource'>
added self, <class 'ontology.ResourcePack'>
added self, <class 'ontology.Flicker'>
added self, <class 'ontology.Spreader'>
added self, <class 'ontology.SpriteProducer'>
added self, <class 'ontology.Portal'>
added self, <class 'ontology.SpawnPoint'>
added self, <class 'ontology.RandomNPC'>
added self, <class 'ontology.OrientedSprite'>
added self, <class 'ontology.Conveyor'>
added self, <class 'ontology.Missile'>
added self, <class 'ontology.OrientedFlicker'>
added self, <class 'ontology.Walker'>
added self, <class 'ontology.WalkJumper'>
added self, <class 'ontology.RandomInertial'>
added self, <class 'ontology.RandomMissile'>
added self, <class 'ontology.ErraticMissile'>
added self, <class 'ontology.Bomber'>
added self, <class 'ontology.Chaser'>
added self, <class 'ontology.Fleeing'>
added self, <class 'ontology.AStarChaser'>
added self, <class 'ontology.MovingAvatar'>
added self, <class 'ontology.HorizontalAvatar'>
added self, <class 'ontology.VerticalAvatar'>
added self, <class 'ontology.FlakAvatar'>
added self, <class 'ontology.OrientedAvatar'>
added parent, <class 'ontology.OrientedAvatar'>
added self, <class 'ontology.ShootAvatar'>
added parent, <class 'ontology.ShootAvatar'>
added self, <class 'ontology.AimedAvatar'>
added parent, <class 'ontology.AimedAvatar'>
added self, <class 'ontology.AimedFlakAvatar'>
<class 'ontology.OrientedAvatar'> already in tree.
added self, <class 'ontology.RotatingAvatar'>
added self, <class 'ontology.RotatingFlippingAvatar'>
added self, <class 'ontology.NoisyRotatingFlippingAvatar'>
<class 'ontology.ShootAvatar'> already in tree.
<class 'ontology.AimedAvatar'> already in tree.
<class 'ontology.AimedFlakAvatar'> already in tree.
added self, <class 'ontology.InertialAvatar'>
added self, <class 'ontology.MarioAvatar'>
step4
FINISHED IMPORTS
FINISHED SETTING VALUES
<module 'examples.continuousphysics.collect_resource' from 'examples/continuousphysics/collect_resource.pyc'>
max nodes 9223372036854775807
1
(1, 4)
2
(1, 4)
3
(1, 4)
4
(1, 4)
5
(1, 4)
6
(1, 4)
7
(1, 4)
8
(1, 4)
9
(1, 4)
10
(1, 4)
11
(1, 4)
12
(1, 4)
13
(1, 4)
14
(1, 4)
15
(1, 4)
16
(1, 4)
17
(1, 4)
18
(1, 4)
19
(1, 4)
20
(1, 4)
21
(2, 4)
22
(2, 4)
23
(2, 4)
24
(2, 4)
25
(2, 4)
26
(2, 4)
27
(2, 4)
28
(2, 4)
29
(2, 5)
30
(2, 5)
31
(2, 5)
32
(2, 5)
33
(2, 6)
34
(2, 6)
35
(2, 6)
36
(2, 6)
37
(2, 6)
38
(2, 6)
39
(2, 6)
40
(2, 6)
41
(1, 6)
42
(2, 6)
43
(2, 6)
44
(2, 6)
45
(2, 6)
46
(2, 6)
47
(2, 6)
48
(2, 6)
49
(2, 6)
50
(2, 6)
51
(2, 6)
52
(2, 6)
53
(2, 6)
54
(2, 6)
55
(2, 6)
56
(2, 6)
57
(2, 6)
58
(1, 6)
59
(2, 6)
60
(2, 6)
61
(2, 6)
62
(2, 6)
63
(2, 6)
64
(1, 6)
65
(2, 7)
66
(2, 7)
67
(2, 7)
68
(1, 7)
69
(1, 7)
70
(1, 7)
71
(1, 7)
72
(1, 7)
73
(1, 7)
74
(1, 6)
75
(1, 7)
76
(1, 6)
77
(1, 7)
78
(1, 6)
79
(1, 6)
80
(1, 6)
81
(1, 6)
82
(1, 6)
83
(1, 6)
84
(1, 6)
85
(1, 6)
86
(1, 6)
87
(1, 6)
88
(1, 6)
89
(1, 6)
90
(1, 7)
91
(1, 7)
92
(1, 7)
93
(1, 7)
94
(1, 7)
95
(1, 7)
96
(1, 7)
97
(1, 7)
98
(1, 7)
99
(1, 6)
100
(2, 6)
101
(2, 6)
102
(2, 6)
103
(2, 6)
104
(1, 6)
105
(1, 7)
106
(1, 6)
107
(1, 6)
108
(1, 6)
109
(1, 6)
110
(1, 6)
111
(1, 7)
112
(1, 6)
113
(1, 6)
114
(1, 6)
115
(2, 6)
116
(1, 7)
117
(1, 7)
118
(1, 7)
119
(1, 7)
120
(1, 7)
121
(1, 7)
122
(1, 7)
123
(1, 7)
124
(1, 7)
125
(1, 7)
126
(1, 6)
127
(1, 7)
128
(2, 6)
129
(1, 6)
130
(1, 7)
131
(1, 6)
132
(1, 7)
133
(1, 6)
134
(1, 6)
135
(1, 6)
136
(1, 6)
137
(1, 6)
138
(1, 6)
139
(1, 6)
140
(1, 6)
141
(1, 6)
142
(1, 6)
143
(1, 6)
144
(1, 6)
145
(1, 6)
146
(1, 6)
147
(1, 6)
148
(1, 6)
149
(1, 6)
150
(1, 6)
151
(1, 6)
152
(1, 6)
153
(1, 6)
154
(1, 6)
155
(1, 6)
156
(1, 6)
157
(1, 6)
158
(1, 6)
159
(1, 6)
160
(1, 7)
161
(1, 7)
162
(1, 7)
163
(1, 7)
164
(1, 7)
165
(1, 7)
166
(1, 7)
167
(1, 6)
168
(1, 6)
169
(1, 6)
170
(1, 6)
171
(1, 6)
172
(2, 6)
173
(1, 6)
174
(2, 6)
175
(2, 6)
176
(1, 6)
177
(1, 6)
178
(2, 6)
179
(1, 6)
180
(1, 6)
181
(1, 6)
182
(1, 6)
183
(1, 7)
184
(1, 7)
185
(1, 7)
186
(1, 7)
187
(1, 7)
188
(1, 7)
189
(1, 6)
190
(1, 6)
191
(1, 6)
192
(1, 6)
193
(1, 6)
194
(1, 6)
195
(1, 6)
196
(2, 6)
197
(1, 6)
198
(1, 6)
199
(1, 6)
200
(1, 7)
201
(1, 7)
202
(1, 7)
203
(1, 7)
204
(1, 7)
205
(1, 7)
206
(1, 7)
207
(1, 7)
208
(1, 6)
209
(1, 6)
210
(1, 6)
211
(1, 6)
212
(1, 6)
213
(1, 6)
214
(1, 6)
215
(2, 6)
216
(2, 6)
217
(2, 6)
218
(2, 6)
219
(2, 6)
220
(1, 6)
221
(1, 6)
222
(1, 6)
223
(1, 6)
224
(1, 6)
225
(1, 6)
226
(1, 6)
227
(1, 6)
228
(1, 6)
229
(1, 6)
230
(1, 6)
231
(1, 6)
232
(1, 7)
233
(1, 7)
234
(1, 7)
235
(1, 7)
236
(1, 7)
237
(1, 7)
238
(1, 7)
239
(1, 7)
240
(1, 6)
241
(1, 6)
242
(1, 6)
243
(1, 6)
244
(1, 6)
245
(1, 6)
246
(1, 6)
247
(1, 6)
248
(1, 6)
249
(1, 6)
250
(1, 6)
251
(1, 6)
252
(1, 6)
253
(2, 6)
254
(2, 6)
255
(2, 6)
256
(1, 7)
257
(1, 7)
258
(1, 7)
259
(1, 7)
260
(1, 7)
261
(1, 7)
262
(2, 6)
263
(2, 6)
264
(1, 7)
265
(1, 7)
266
(1, 7)
267
(1, 7)
268
(1, 6)
269
(1, 6)
270
(1, 6)
271
(1, 6)
272
(1, 6)
273
(1, 6)
274
(1, 6)
275
(1, 6)
276
(1, 6)
277
(1, 6)
278
(1, 6)
279
(1, 6)
280
(1, 6)
281
(1, 6)
282
(1, 6)
283
(1, 7)
284
(1, 7)
285
(1, 7)
286
(1, 7)
287
(1, 6)
288
(1, 6)
289
(1, 7)
290
(1, 7)
291
(1, 7)
292
(1, 7)
293
(1, 7)
294
(1, 7)
295
(2, 6)
296
(2, 6)
297
(2, 6)
298
(1, 6)
299
(2, 6)
300
(2, 6)
301
(1, 6)
302
(1, 6)
303
(1, 6)
304
(1, 6)
305
(1, 6)
306
(1, 6)
307
(1, 6)
308
(1, 6)
309
(1, 6)
310
(1, 6)
311
(1, 6)
312
(1, 6)
313
(1, 6)
314
(1, 6)
315
(1, 6)
316
(1, 7)
317
(1, 7)
318
(1, 7)
319
(1, 7)
320
(1, 7)
321
(1, 7)
322
(1, 7)
323
(1, 7)
324
(1, 7)
325
(1, 7)
326
(1, 6)
327
(2, 6)
328
(2, 6)
329
(2, 6)
330
(2, 6)
331
(2, 6)
332
(2, 6)
333
(2, 6)
334
(2, 6)
335
(2, 6)
336
(2, 6)
337
(2, 6)
338
(1, 6)
339
(2, 6)
340
(2, 6)
341
(1, 6)
342
(1, 6)
343
(1, 6)
344
(1, 6)
345
(1, 7)
346
(2, 6)
347
(1, 7)
348
(1, 7)
349
(2, 6)
350
(2, 6)
351
(1, 7)
352
(1, 7)
353
(1, 7)
354
(1, 7)
355
(1, 7)
356
(1, 7)
357
(2, 6)
358
(1, 7)
359
(1, 7)
360
(2, 6)
361
(1, 7)
362
(1, 7)
363
(1, 7)
364
(2, 5)
365
(2, 5)
366
(2, 5)
367
(2, 5)
368
(2, 5)
369
(2, 5)
370
(2, 5)
371
(2, 5)
372
(2, 5)
373
(2, 5)
374
(2, 5)
375
(2, 5)
376
(2, 5)
377
(2, 5)
378
(2, 6)
379
(2, 6)
380
(2, 6)
381
(2, 6)
382
(2, 6)
383
(2, 6)
384
(2, 6)
385
(2, 6)
386
(2, 6)
387
(2, 6)
388
(2, 6)
389
(2, 6)
390
(2, 6)
391
(2, 6)
392
(2, 6)
393
(2, 6)
394
(2, 6)
395
(2, 6)
396
(2, 6)
397
(2, 6)
398
(3, 6)
399
(3, 6)
400
(3, 6)
401
(3, 6)
402
(3, 6)
403
(3, 6)
404
(3, 6)
405
(2, 6)
406
(2, 6)
407
(2, 6)
408
(3, 6)
409
(2, 6)
410
(2, 6)
411
(2, 6)
412
(2, 6)
413
(3, 6)
414
(3, 6)
415
(3, 6)
416
(3, 6)
417
(3, 6)
418
(3, 6)
419
(3, 6)
420
(3, 6)
421
(3, 6)
422
(3, 6)
423
(2, 6)
424
(2, 6)
425
(3, 6)
426
(2, 6)
427
(2, 6)
428
(3, 6)
429
(2, 6)
430
(2, 6)
431
(2, 6)
432
(2, 6)
433
(3, 6)
434
(3, 6)
435
(3, 6)
436
(2, 6)
437
(3, 6)
438
(3, 6)
439
(3, 6)
440
(3, 6)
441
(2, 6)
442
(3, 6)
443
(3, 6)
444
(3, 6)
445
(3, 6)
446
(2, 6)
447
(2, 6)
448
(2, 6)
449
(3, 6)
450
(3, 6)
451
(3, 6)
452
(2, 6)
453
(3, 6)
454
(2, 5)
455
(3, 5)
456
(3, 5)
457
(3, 5)
458
(3, 5)
459
(2, 6)
460
(2, 6)
461
(2, 6)
462
(3, 6)
463
(3, 6)
464
(2, 6)
465
(3, 6)
466
(2, 6)
467
(2, 6)
468
(3, 6)
469
(2, 6)
470
(3, 6)
471
(3, 6)
472
(3, 6)
473
(3, 6)
474
(3, 6)
475
(3, 6)
476
(3, 6)
477
(2, 6)
478
(2, 6)
479
(2, 6)
480
(3, 6)
481
(2, 6)
482
(2, 5)
483
(2, 5)
484
(2, 5)
485
(2, 5)
486
(3, 5)
487
(2, 5)
488
(3, 5)
489
(2, 5)
490
(2, 5)
491
(3, 5)
492
(3, 5)
493
(3, 5)
494
(3, 6)
495
(2, 6)
496
(2, 6)
497
(2, 6)
498
(2, 6)
499
(2, 6)
500
(2, 6)
501
(2, 6)
502
(3, 6)
503
(3, 6)
504
(3, 6)
505
(3, 6)
506
(3, 6)
507
(3, 6)
508
(3, 6)
509
(2, 6)
510
(3, 6)
511
(3, 6)
512
(3, 6)
513
(2, 6)
514
(2, 6)
515
(3, 6)
516
(2, 6)
517
(2, 6)
518
(3, 6)
519
(3, 5)
520
(2, 5)
521
(3, 5)
522
(3, 5)
523
(2, 5)
524
(3, 5)
525
(2, 5)
526
(3, 5)
527
(3, 5)
528
(3, 5)
529
(2, 5)
530
(2, 5)
531
(3, 5)
532
(3, 5)
533
(3, 6)
534
(3, 6)
535
(2, 6)
536
(3, 6)
537
(2, 5)
538
(2, 6)
539
(2, 6)
540
(2, 6)
541
(2, 6)
542
(3, 6)
543
(2, 6)
544
(3, 6)
545
(2, 6)
546
(3, 6)
547
(3, 6)
548
(3, 6)
549
(3, 6)
550
(2, 6)
551
(2, 6)
552
(2, 6)
553
(2, 6)
554
(2, 6)
555
(3, 5)
556
(3, 5)
557
(3, 5)
558
(3, 5)
559
(3, 5)
560
(3, 5)
561
(2, 5)
562
(3, 5)
563
(3, 5)
564
(2, 5)
565
(2, 5)
566
(3, 5)
567
(2, 5)
568
(2, 5)
569
(2, 5)
570
(2, 5)
571
(2, 5)
572
(2, 5)
573
(3, 5)
574
(3, 5)
575
(3, 5)
576
(2, 5)
577
(2, 5)
578
(2, 6)
579
(3, 6)
580
(3, 6)
581
(3, 6)
582
(3, 6)
583
(3, 6)
584
(3, 6)
585
(3, 6)
586
(3, 6)
587
(3, 6)
588
(3, 6)
589
(3, 6)
590
(3, 6)
591
(3, 6)
592
(2, 6)
593
(3, 5)
594
(3, 5)
595
(3, 5)
596
(3, 5)
597
(3, 5)
598
(2, 5)
599
(2, 5)
600
(3, 5)
601
(3, 5)
602
(3, 5)
603
(2, 5)
604
(2, 5)
605
(2, 5)
606
(2, 5)
607
(2, 5)
608
(3, 5)
609
(3, 5)
610
(2, 5)
611
(2, 5)
612
(3, 5)
613
(3, 5)
614
(2, 5)
615
(3, 5)
616
(2, 5)
617
(3, 5)
618
(2, 5)
619
(3, 6)
620
(3, 6)
621
(3, 6)
622
(3, 6)
623
(3, 6)
624
(3, 6)
625
(3, 6)
626
(3, 6)
627
(3, 6)
628
(3, 6)
629
(3, 6)
630
(2, 5)
631
(3, 5)
632
(2, 5)
633
(3, 5)
634
(2, 5)
635
(3, 5)
636
(2, 5)
637
(2, 5)
638
(2, 5)
639
(3, 5)
640
(3, 5)
641
(3, 5)
642
(2, 5)
643
(3, 5)
644
(3, 5)
645
(3, 5)
646
(2, 5)
647
(3, 5)
648
(3, 5)
649
(3, 5)
650
(3, 5)
651
(3, 5)
652
(3, 5)
653
(3, 5)
654
(2, 5)
655
(3, 5)
656
(2, 5)
657
(3, 5)
658
(3, 5)
659
(2, 5)
660
(3, 5)
661
(3, 5)
662
(3, 6)
663
(3, 6)
664
(3, 6)
665
(3, 6)
666
(3, 6)
667
(3, 6)
668
(3, 6)
669
(3, 6)
670
(3, 6)
671
(3, 6)
672
(3, 6)
673
(3, 6)
674
(3, 6)
675
(3, 6)
676
(3, 5)
677
(3, 5)
678
(2, 5)
679
(2, 5)
680
(2, 5)
681
(3, 5)
682
(3, 5)
683
(2, 5)
684
(2, 5)
685
(2, 5)
686
(2, 5)
687
(2, 5)
688
(2, 5)
689
(3, 5)
690
(2, 5)
691
(3, 5)
692
(3, 5)
693
(2, 5)
694
(2, 5)
695
(2, 5)
696
(3, 5)
697
(3, 5)
698
(2, 5)
699
(3, 5)
700
(3, 5)
701
(2, 5)
702
(3, 5)
703
(3, 5)
704
(2, 5)
705
(3, 5)
706
(3, 5)
707
(3, 6)
708
(3, 6)
709
(3, 6)
710
(3, 6)
711
(3, 6)
712
(3, 6)
713
(3, 6)
714
(3, 6)
715
(3, 6)
716
(3, 6)
717
(2, 5)
718
(3, 5)
719
(3, 5)
720
(3, 5)
721
(2, 5)
722
(3, 5)
723
(2, 5)
724
(2, 5)
725
(3, 5)
726
(2, 5)
727
(2, 5)
728
(3, 5)
729
(2, 5)
730
(2, 5)
731
(3, 5)
732
(2, 5)
733
(3, 5)
734
(3, 5)
735
(2, 5)
736
(2, 5)
737
(2, 5)
738
(2, 5)
739
(3, 5)
740
(3, 5)
741
(2, 5)
742
(2, 5)
743
(2, 5)
744
(3, 5)
745
(2, 5)
746
(2, 5)
747
(3, 5)
748
(3, 5)
749
(3, 5)
750
(2, 5)
751
(3, 6)
752
(3, 6)
753
(3, 6)
754
(3, 6)
755
(3, 6)
756
(3, 6)
757
(3, 6)
758
(3, 6)
759
(3, 6)
760
(3, 6)
761
(3, 6)
762
(3, 6)
763
(3, 6)
764
(3, 6)
765
(3, 6)
766
(2, 5)
767
(3, 5)
768
(2, 5)
769
(3, 5)
770
(3, 5)
771
(2, 5)
772
(2, 5)
773
(2, 5)
774
(3, 5)
775
(3, 5)
776
(3, 5)
777
(3, 5)
778
(3, 5)
779
(3, 5)
780
(3, 5)
781
(3, 5)
782
(3, 5)
783
(3, 5)
784
(3, 5)
785
(2, 5)
786
(3, 5)
787
(2, 5)
788
(2, 5)
789
(3, 5)
790
(3, 5)
791
(3, 5)
792
(3, 5)
793
(3, 5)
794
(3, 5)
795
(3, 5)
796
(3, 5)
797
(3, 5)
798
(3, 5)
799
(3, 5)
800
(3, 5)
801
(3, 5)
802
(3, 5)
803
(3, 5)
804
(3, 5)
805
(3, 5)
806
(3, 5)
807
(3, 5)
808
(3, 5)
809
(3, 5)
810
(3, 5)
811
(3, 5)
812
(3, 5)
813
(3, 5)
814
(3, 5)
815
(3, 5)
816
(3, 5)
817
(3, 5)
818
(3, 5)
819
(3, 5)
820
(3, 5)
821
(3, 5)
822
(3, 5)
823
(4, 6)
824
(4, 6)
825
(4, 6)
826
(4, 6)
827
(4, 6)
828
(4, 6)
829
(4, 6)
830
(4, 6)
831
(4, 6)
832
(4, 6)
833
(4, 6)
834
(4, 6)
835
(4, 6)
836
(4, 6)
837
(4, 6)
838
(4, 6)
839
(4, 6)
840
(4, 6)
841
(4, 6)
842
(4, 6)
843
(4, 6)
844
(4, 6)
845
(4, 6)
846
(4, 6)
847
(4, 6)
848
(4, 6)
849
(4, 6)
850
(4, 6)
851
(4, 6)
852
(4, 6)
853
(4, 6)
854
(4, 6)
855
(4, 6)
856
(4, 6)
857
(4, 6)
858
(4, 6)
859
(4, 6)
860
(4, 6)
861
(4, 6)
862
(4, 6)
863
(4, 6)
864
(4, 6)
865
(4, 6)
866
(4, 6)
867
(4, 6)
868
(4, 6)
869
(4, 6)
870
(4, 6)
871
(4, 6)
872
(4, 6)
873
(4, 6)
874
(4, 6)
875
(4, 6)
876
(4, 6)
877
(4, 6)
878
(4, 6)
879
(4, 6)
880
(4, 7)
881
(4, 7)
882
(4, 7)
883
(4, 7)
884
(4, 7)
885
(4, 7)
886
(4, 7)
887
(4, 7)
888
(4, 7)
889
(4, 7)
890
(4, 7)
891
(4, 7)
892
(4, 7)
893
(4, 7)
894
(4, 7)
895
(4, 7)
896
(4, 7)
897
(4, 6)
898
(4, 6)
899
(4, 6)
900
(4, 6)
901
(4, 6)
902
(4, 6)
903
(4, 6)
904
(4, 7)
905
(4, 7)
906
(4, 7)
907
(4, 7)
908
(4, 7)
909
(4, 7)
910
(4, 7)
911
(4, 7)
912
(4, 6)
913
(4, 6)
914
(4, 7)
915
(4, 6)
916
(4, 7)
917
(4, 6)
918
(4, 6)
919
(4, 6)
920
(4, 7)
921
(4, 6)
922
(4, 6)
923
(4, 6)
924
(4, 6)
925
(4, 6)
926
(4, 6)
927
(4, 6)
928
(4, 6)
929
(4, 6)
930
(4, 6)
931
(4, 6)
932
(4, 6)
933
(4, 6)
934
(4, 6)
935
(4, 6)
936
(4, 6)
937
(4, 6)
938
(4, 6)
939
(4, 6)
940
(4, 6)
941
(4, 6)
942
(4, 6)
943
(4, 6)
944
(4, 6)
945
(4, 6)
946
(4, 7)
947
(4, 7)
948
(4, 7)
949
(4, 7)
950
(4, 7)
951
(4, 7)
952
(4, 6)
953
(4, 6)
954
(4, 7)
955
(4, 6)
956
(4, 6)
957
(4, 6)
958
(4, 6)
959
(4, 6)
960
(4, 6)
961
(4, 6)
962
(4, 6)
963
(4, 6)
964
(4, 6)
965
(4, 6)
966
(4, 6)
967
(4, 6)
968
(4, 6)
969
(4, 6)
970
(4, 6)
971
(4, 6)
972
(4, 6)
973
(4, 6)
974
(4, 6)
975
(4, 6)
976
(4, 6)
977
(4, 6)
978
(4, 6)
979
(4, 6)
980
(4, 6)
981
(4, 7)
982
(4, 6)
983
(4, 6)
984
(4, 6)
985
(4, 6)
986
(4, 6)
987
(4, 6)
988
(4, 6)
989
(4, 6)
990
(4, 6)
991
(4, 6)
992
(4, 6)
993
(4, 6)
994
(4, 6)
995
(4, 6)
996
(4, 7)
997
(4, 7)
998
(4, 7)
999
(4, 7)
1000
(4, 7)
1001
(4, 7)
1002
(4, 7)
1003
(4, 7)
1004
(4, 7)
1005
(4, 6)
1006
(4, 6)
1007
(4, 7)
1008
(4, 6)
1009
(4, 6)
1010
(4, 7)
1011
(4, 6)
1012
(4, 6)
1013
(4, 6)
1014
(4, 6)
1015
(4, 6)
1016
(4, 6)
1017
(4, 6)
1018
(4, 6)
1019
(4, 6)
1020
(4, 7)
1021
(4, 7)
1022
(4, 7)
1023
(4, 7)
1024
(4, 7)
1025
(4, 7)
1026
(4, 7)
1027
(4, 7)
1028
(4, 7)
1029
(4, 7)
1030
(4, 7)
1031
(4, 7)
1032
(4, 7)
1033
(4, 7)
1034
(4, 7)
1035
(4, 7)
1036
(4, 7)
1037
(4, 7)
1038
(4, 7)
1039
(4, 7)
1040
(4, 7)
1041
(4, 7)
1042
(4, 7)
1043
(4, 7)
1044
(4, 7)
1045
(4, 7)
1046
(4, 7)
1047
(4, 7)
1048
(4, 7)
1049
(4, 7)
1050
(4, 7)
1051
(4, 7)
1052
(4, 7)
1053
(4, 7)
1054
(4, 7)
1055
(4, 7)
1056
(4, 7)
1057
(4, 7)
1058
(4, 7)
1059
(4, 7)
1060
(4, 7)
1061
(4, 7)
1062
(4, 7)
1063
(4, 7)
1064
(4, 7)
1065
(4, 7)
1066
(3, 5)
1067
(2, 5)
1068
(3, 5)
1069
(3, 5)
1070
(2, 5)
1071
(2, 5)
1072
(3, 5)
1073
(3, 5)
1074
(3, 5)
1075
(2, 5)
1076
(2, 5)
1077
(2, 5)
1078
(2, 5)
1079
(2, 5)
1080
(2, 5)
1081
(2, 5)
1082
(2, 5)
1083
(2, 5)
1084
(2, 5)
1085
(5, 7)
1086
(5, 7)
1087
(5, 7)
1088
(5, 7)
1089
(5, 7)
1090
(5, 7)
1091
(5, 7)
1092
(5, 7)
1093
(2, 5)
1094
(2, 5)
1095
(2, 5)
1096
(2, 5)
1097
(2, 5)
1098
(2, 5)
1099
(2, 5)
1100
(2, 5)
1101
(2, 5)
1102
(2, 5)
1103
(2, 5)
1104
(2, 5)
1105
(2, 5)
1106
(2, 5)
1107
(2, 4)
1108
(2, 4)
1109
(2, 4)
1110
(2, 5)
1111
(2, 5)
1112
(2, 5)
1113
(2, 5)
1114
(2, 5)
1115
(2, 5)
1116
(2, 5)
1117
(2, 5)
1118
(2, 5)
1119
(2, 5)
1120
(2, 5)
1121
(2, 5)
1122
(2, 5)
1123
(2, 5)
1124
(2, 5)
1125
(5, 7)
1126
(5, 7)
1127
(5, 7)
1128
(5, 7)
1129
(5, 7)
1130
(5, 7)
1131
(5, 7)
1132
(2, 4)
1133
(2, 4)
1134
(2, 4)
1135
(5, 7)
1136
(5, 7)
1137
(5, 7)
1138
(5, 7)
1139
(5, 7)
1140
(5, 7)
1141
(5, 7)
1142
(5, 7)
1143
(5, 7)
1144
(2, 4)
1145
(2, 4)
1146
(2, 4)
1147
(2, 4)
1148
(5, 6)
1149
(5, 6)
1150
(5, 6)
1151
(5, 6)
1152
(5, 6)
1153
(2, 4)
1154
(5, 7)
1155
(5, 7)
1156
(5, 7)
1157
(5, 7)
1158
(5, 7)
1159
(5, 7)
1160
(5, 7)
1161
(5, 7)
1162
(5, 6)
1163
(5, 6)
1164
(5, 6)
1165
(5, 6)
1166
(2, 4)
1167
(5, 6)
1168
(5, 6)
1169
(2, 4)
1170
(2, 4)
1171
(2, 4)
1172
(2, 4)
1173
(5, 7)
1174
(5, 7)
1175
(5, 7)
1176
(5, 7)
1177
(5, 7)
1178
(5, 7)
1179
(5, 7)
1180
(5, 7)
1181
(2, 4)
1182
(2, 4)
1183
(2, 4)
1184
(2, 4)
1185
(2, 4)
1186
(2, 4)
1187
(2, 4)
1188
(2, 4)
1189
(2, 4)
1190
(2, 4)
1191
(2, 4)
1192
(5, 6)
1193
(5, 6)
1194
(5, 6)
1195
(5, 6)
1196
(5, 6)
1197
(2, 4)
1198
(5, 7)
1199
(5, 7)
1200
(5, 7)
1201
(5, 7)
1202
(5, 7)
1203
(5, 7)
1204
(5, 7)
1205
(5, 6)
1206
(5, 6)
1207
(5, 6)
1208
(5, 6)
1209
(5, 6)
1210
(5, 6)
1211
(5, 6)
1212
(5, 6)
1213
(5, 6)
1214
(5, 6)
1215
(5, 6)
1216
(5, 7)
1217
(5, 7)
1218
(5, 7)
1219
(5, 7)
1220
(5, 7)
1221
(5, 7)
1222
(5, 7)
1223
(5, 7)
1224
(5, 6)
1225
(5, 6)
1226
(5, 6)
1227
(5, 6)
1228
(5, 6)
1229
(5, 6)
1230
(5, 6)
1231
(5, 6)
1232
(5, 6)
1233
(2, 4)
1234
(5, 6)
1235
(5, 6)
1236
(5, 6)
1237
(5, 6)
1238
(5, 6)
1239
(5, 6)
1240
(5, 7)
1241
(5, 7)
1242
(5, 7)
1243
(5, 7)
1244
(5, 7)
1245
(5, 7)
1246
(5, 7)
1247
(5, 7)
1248
(5, 7)
1249
(5, 6)
1250
(5, 6)
1251
(5, 6)
1252
(5, 6)
1253
(5, 6)
1254
(5, 6)
1255
(5, 6)
1256
(5, 6)
1257
(5, 6)
1258
(5, 6)
1259
(5, 6)
1260
(5, 6)
1261
(5, 6)
1262
(5, 6)
1263
(5, 7)
1264
(5, 7)
1265
(5, 7)
1266
(5, 7)
1267
(5, 7)
1268
(5, 7)
1269
(5, 7)
1270
(5, 7)
1271
(5, 6)
1272
(5, 6)
1273
(5, 6)
1274
(5, 6)
1275
(5, 6)
1276
(5, 6)
1277
(5, 6)
1278
(5, 6)
1279
(5, 6)
1280
(2, 4)
1281
(5, 6)
1282
(5, 6)
1283
(5, 6)
1284
(5, 6)
1285
(5, 6)
1286
(5, 6)
1287
(5, 6)
1288
(5, 6)
1289
(5, 7)
1290
(5, 7)
1291
(5, 7)
1292
(5, 7)
1293
(5, 7)
1294
(5, 7)
1295
(5, 6)
1296
(5, 6)
1297
(5, 6)
1298
(5, 6)
1299
(5, 6)
1300
(5, 6)
1301
(5, 6)
1302
(5, 6)
1303
(5, 6)
1304
(5, 6)
1305
(5, 6)
1306
(5, 6)
1307
(5, 6)
1308
(5, 6)
1309
(5, 6)
1310
(5, 6)
1311
(5, 6)
1312
(5, 6)
1313
(5, 6)
1314
(5, 7)
1315
(5, 7)
1316
(5, 7)
1317
(5, 7)
1318
(5, 7)
1319
(5, 7)
1320
(5, 7)
1321
(5, 6)
1322
(5, 6)
1323
(5, 6)
1324
(5, 6)
1325
(5, 6)
1326
(2, 4)
1327
(5, 6)
1328
(5, 6)
1329
(5, 6)
1330
(5, 6)
1331
(4, 5)
1332
(4, 5)
1333
(4, 5)
1334
(4, 5)
1335
(4, 5)
1336
(5, 6)
1337
(5, 6)
1338
(5, 6)
1339
(5, 6)
1340
(5, 6)
1341
(5, 6)
1342
(6, 7)
1343
(6, 7)
1344
(5, 7)
1345
(6, 7)
1346
(6, 7)
1347
(6, 7)
1348
(6, 7)
1349
(6, 7)
1350
(6, 7)
1351
(6, 7)
1352
(6, 7)
1353
(6, 7)
1354
(4, 5)
1355
(4, 5)
1356
(4, 5)
1357
(5, 6)
1358
(5, 6)
1359
(5, 6)
1360
(5, 6)
1361
(5, 6)
1362
(4, 5)
1363
(4, 5)
1364
(4, 5)
1365
(4, 5)
1366
(4, 5)
1367
(4, 5)
1368
(4, 5)
1369
(4, 5)
1370
(4, 5)
1371
(4, 5)
1372
(4, 5)
1373
(4, 5)
1374
(4, 5)
1375
(4, 5)
1376
(4, 5)
1377
(4, 5)
1378
(4, 5)
1379
(4, 5)
1380
(4, 5)
1381
(4, 5)
1382
(4, 5)
1383
(4, 5)
1384
(4, 5)
1385
(4, 5)
1386
(4, 5)
1387
(4, 5)
1388
(4, 5)
1389
(4, 5)
1390
(4, 5)
1391
(5, 6)
1392
(5, 6)
1393
(5, 6)
1394
(5, 6)
1395
(5, 6)
1396
(5, 5)
1397
(5, 6)
1398
(5, 5)
1399
(5, 6)
1400
(5, 5)
1401
(5, 6)
1402
(5, 6)
1403
(5, 6)
1404
(5, 6)
1405
(2, 4)
1406
(4, 5)
1407
(4, 5)
1408
(4, 5)
1409
(5, 6)
1410
(5, 6)
1411
(5, 6)
1412
(5, 6)
1413
(4, 5)
1414
(5, 6)
1415
(5, 6)
1416
(4, 5)
1417
(4, 5)
1418
(4, 5)
1419
(4, 5)
1420
(4, 5)
1421
(4, 5)
1422
(4, 5)
1423
(4, 5)
1424
(4, 5)
1425
(4, 5)
1426
(4, 5)
1427
(4, 5)
1428
(4, 5)
1429
(4, 5)
1430
(5, 6)
1431
(5, 6)
1432
(5, 6)
1433
(5, 6)
1434
(5, 6)
1435
(5, 6)
1436
(5, 6)
1437
(5, 6)
1438
(5, 6)
1439
(5, 6)
1440
(5, 6)
1441
(5, 6)
1442
(5, 6)
1443
(5, 6)
1444
(5, 6)
1445
(5, 6)
1446
(2, 4)
1447
(5, 6)
1448
(5, 6)
1449
(5, 6)
1450
(2, 4)
1451
(5, 6)
1452
(5, 6)
1453
(5, 5)
1454
(6, 6)
1455
(6, 6)
1456
(6, 6)
1457
(6, 6)
1458
(6, 6)
1459
(2, 4)
1460
(5, 5)
1461
(5, 5)
1462
(5, 5)
1463
(5, 5)
1464
(5, 5)
1465
(4, 5)
1466
(4, 5)
1467
(4, 5)
1468
(4, 5)
1469
(4, 5)
1470
(4, 5)
1471
(4, 5)
1472
(4, 5)
1473
(4, 5)
1474
(4, 5)
1475
(4, 5)
1476
(4, 5)
1477
(4, 5)
1478
(2, 4)
1479
(2, 4)
1480
(2, 4)
1481
(2, 4)
1482
(2, 4)
1483
(2, 4)
1484
(2, 4)
1485
(2, 4)
1486
(2, 4)
1487
(2, 4)
1488
(2, 4)
1489
(5, 5)
1490
(5, 5)
1491
(5, 5)
1492
(6, 6)
1493
(6, 6)
1494
(6, 6)
1495
(2, 4)
1496
(2, 4)
1497
(5, 5)
1498
(5, 5)
1499
(5, 5)
1500
(5, 5)
1501
(5, 5)
1502
(5, 5)
1503
(2, 4)
1504
(2, 4)
1505
(2, 4)
1506
(6, 6)
1507
(6, 6)
1508
(6, 6)
1509
(5, 5)
1510
(5, 5)
1511
(5, 5)
1512
(5, 5)
1513
(5, 5)
1514
(5, 5)
1515
(2, 4)
1516
(5, 5)
1517
(2, 4)
1518
(5, 5)
1519
(5, 5)
1520
(5, 5)
1521
(5, 5)
1522
(5, 5)
1523
(5, 5)
1524
(5, 5)
1525
(5, 5)
1526
(5, 5)
1527
(5, 5)
1528
(5, 5)
1529
(5, 5)
1530
(5, 5)
1531
(5, 5)
1532
(5, 5)
1533
(5, 5)
1534
(5, 5)
1535
(5, 5)
1536
(5, 5)
1537
(5, 5)
1538
(5, 5)
1539
(5, 5)
1540
(5, 5)
1541
(5, 5)
1542
(6, 6)
1543
(6, 6)
1544
(6, 6)
1545
(6, 6)
1546
(2, 4)
1547
(2, 4)
1548
(2, 4)
1549
(2, 4)
1550
(2, 4)
1551
(6, 5)
1552
(6, 5)
1553
(6, 5)
1554
(6, 5)
1555
(1, 4)
1556
(2, 4)
1557
(2, 4)
1558
(2, 4)
1559
(2, 4)
1560
(2, 4)
1561
(2, 4)
1562
(2, 4)
1563
(2, 4)
1564
(2, 4)
1565
(2, 4)
1566
(2, 4)
1567
(2, 4)
1568
(2, 4)
1569
(2, 4)
1570
(2, 4)
1571
(2, 4)
1572
(2, 4)
1573
(2, 4)
1574
(2, 4)
1575
(2, 4)
1576
(2, 4)
1577
(2, 4)
1578
(2, 4)
1579
(2, 4)
1580
(2, 4)
1581
(2, 4)
1582
(2, 4)
1583
(2, 4)
1584
(2, 4)
1585
(2, 4)
1586
(2, 4)
1587
(2, 4)
1588
(2, 4)
1589
(2, 4)
1590
(2, 4)
1591
(2, 4)
1592
(2, 4)
1593
(2, 4)
1594
(2, 4)
1595
(2, 4)
1596
(2, 4)
1597
(2, 4)
1598
(2, 4)
1599
(2, 4)
1600
(2, 4)
1601
(2, 4)
1602
(2, 4)
1603
(2, 4)
1604
(2, 4)
1605
(2, 4)
1606
(2, 4)
1607
(2, 4)
1608
(2, 4)
1609
(2, 4)
1610
(2, 4)
1611
(2, 4)
1612
(2, 4)
1613
(2, 4)
1614
(2, 4)
1615
(2, 4)
1616
(2, 4)
1617
(2, 4)
1618
(2, 4)
1619
(2, 4)
1620
(2, 4)
1621
(2, 3)
1622
(2, 3)
1623
(2, 3)
1624
(1, 4)
1625
(2, 4)
1626
(1, 4)
1627
(2, 4)
1628
(1, 4)
1629
(1, 4)
1630
(1, 4)
1631
(1, 4)
1632
(2, 3)
1633
(6, 5)
1634
(6, 5)
1635
(6, 5)
1636
(2, 3)
1637
(2, 3)
1638
(1, 4)
1639
(1, 4)
1640
(1, 4)
1641
(1, 4)
1642
(2, 3)
1643
(1, 4)
1644
(1, 4)
1645
(1, 4)
1646
(1, 4)
1647
(1, 3)
1648
(2, 3)
1649
(2, 3)
1650
(1, 4)
1651
(2, 3)
1652
(6, 5)
1653
(1, 4)
1654
(1, 4)
1655
(6, 5)
1656
(6, 5)
1657
(1, 4)
1658
(2, 3)
1659
(2, 3)
1660
(1, 4)
1661
(1, 4)
1662
(1, 3)
1663
(1, 3)
1664
(1, 3)
1665
(2, 3)
1666
(2, 3)
1667
(2, 3)
1668
(2, 3)
1669
(2, 3)
1670
(1, 4)
1671
(1, 4)
1672
(1, 4)
1673
(6, 5)
1674
(6, 5)
1675
(1, 4)
1676
(6, 5)
1677
(1, 4)
1678
(1, 4)
1679
(2, 3)
1680
(2, 3)
1681
(2, 3)
1682
(1, 3)
1683
(1, 3)
1684
(1, 3)
1685
(2, 2)
1686
(2, 2)
1687
(2, 2)
1688
(2, 2)
1689
(2, 2)
1690
(2, 2)
1691
(2, 2)
1692
(3, 2)
1693
(3, 2)
1694
(2, 2)
1695
(2, 2)
1696
(2, 2)
1697
(2, 2)
1698
(3, 2)
1699
(3, 2)
1700
(2, 2)
1701
(2, 2)
1702
(2, 2)
1703
(2, 2)
1704
(3, 2)
1705
(3, 2)
1706
(1, 3)
1707
(1, 3)
1708
(1, 3)
1709
(6, 5)
1710
(1, 3)
1711
(6, 5)
1712
(6, 5)
1713
(1, 3)
1714
(6, 5)
1715
(1, 3)
1716
(6, 5)
1717
(1, 3)
1718
(3, 2)
1719
(1, 3)
1720
(3, 2)
1721
(1, 4)
1722
(1, 4)
1723
(3, 2)
1724
(1, 4)
1725
(1, 4)
1726
(3, 2)
1727
(3, 2)
1728
(1, 4)
1729
(1, 4)
1730
(2, 3)
1731
(6, 5)
1732
(6, 5)
1733
(6, 5)
1734
(6, 5)
1735
(6, 5)
1736
(3, 2)
1737
(1, 3)
1738
(3, 2)
1739
(3, 2)
1740
(3, 2)
1741
(3, 2)
1742
(3, 2)
1743
(6, 5)
1744
(3, 2)
1745
(3, 2)
1746
(3, 2)
1747
(6, 5)
1748
(6, 5)
1749
(6, 5)
1750
(6, 5)
1751
(6, 5)
1752
(6, 5)
1753
(6, 5)
1754
(6, 6)
1755
(6, 6)
1756
(6, 6)
1757
(6, 6)
1758
(6, 5)
1759
(6, 5)
1760
(6, 5)
1761
(6, 5)
1762
(6, 5)
1763
(6, 5)
1764
(6, 5)
1765
(6, 6)
1766
(6, 6)
1767
(6, 6)
1768
(6, 6)
1769
(3, 2)
1770
(3, 2)
1771
(1, 3)
1772
(1, 3)
1773
(1, 3)
1774
(1, 3)
1775
(1, 4)
1776
(2, 3)
1777
(1, 4)
1778
(1, 4)
1779
(1, 4)
1780
(2, 3)
1781
(2, 3)
1782
(1, 4)
1783
(1, 4)
1784
(1, 4)
1785
(1, 3)
1786
(1, 3)
1787
(1, 3)
1788
(1, 3)
1789
(3, 2)
1790
(3, 2)
1791
(3, 2)
1792
(1, 3)
1793
(1, 3)
1794
(1, 3)
1795
(2, 3)
1796
(2, 3)
1797
(2, 3)
1798
(1, 4)
1799
(1, 4)
1800
(1, 4)
1801
(1, 4)
1802
(1, 4)
1803
(1, 4)
1804
(1, 4)
1805
(2, 3)
1806
(2, 3)
1807
(2, 3)
1808
(3, 2)
1809
(3, 2)
1810
(3, 2)
1811
(2, 3)
1812
(2, 3)
1813
(1, 3)
1814
(1, 3)
1815
(1, 3)
1816
(1, 3)
1817
(2, 2)
1818
(2, 2)
1819
(2, 2)
1820
(2, 2)
1821
(2, 2)
1822
(2, 2)
1823
(2, 2)
1824
(2, 2)
1825
(2, 2)
1826
(2, 2)
1827
(3, 2)
1828
(3, 2)
1829
(3, 2)
1830
(3, 2)
1831
(3, 2)
1832
(3, 3)
1833
(3, 3)
1834
(3, 3)
1835
(3, 3)
1836
(3, 3)
1837
(3, 3)
1838
(3, 3)
1839
(3, 3)
1840
(3, 3)
1841
(3, 3)
1842
(3, 3)
1843
(3, 3)
1844
(3, 3)
1845
(3, 3)
1846
(2, 3)
1847
(2, 3)
1848
(2, 3)
1849
(2, 3)
1850
(2, 3)
1851
(2, 3)
1852
(2, 3)
1853
(2, 3)
1854
(2, 4)
1855
(2, 4)
1856
(2, 4)
1857
(2, 4)
1858
(2, 4)
1859
(2, 4)
1860
(2, 4)
1861
(2, 4)
1862
(2, 4)
1863
(2, 4)
1864
(2, 4)
1865
(2, 4)
1866
(2, 4)
1867
(2, 4)
1868
(2, 4)
1869
(2, 3)
1870
(2, 3)
1871
(2, 3)
1872
(2, 3)
1873
(2, 3)
1874
(2, 3)
1875
(2, 3)
1876
(2, 3)
1877
(2, 3)
1878
(2, 3)
1879
(2, 3)
1880
(2, 3)
1881
(2, 3)
1882
(2, 3)
1883
(2, 3)
1884
(2, 3)
1885
(2, 3)
1886
(2, 3)
1887
(3, 3)
1888
(2, 3)
1889
(2, 3)
1890
(2, 3)
1891
(2, 3)
1892
(2, 3)
1893
(2, 3)
1894
(3, 3)
1895
(2, 3)
1896
(2, 3)
1897
(2, 3)
1898
(3, 3)
1899
(2, 3)
1900
(3, 3)
1901
(2, 3)
1902
(2, 3)
1903
(2, 3)
1904
(3, 3)
1905
(2, 3)
1906
(2, 3)
1907
(2, 3)
1908
(2, 3)
1909
(2, 3)
1910
(2, 3)
1911
(2, 3)
1912
(2, 3)
1913
(2, 3)
1914
(2, 4)
1915
(2, 4)
1916
(2, 4)
1917
(2, 3)
1918
(2, 3)
1919
(2, 3)
1920
(2, 3)
1921
(2, 3)
1922
(2, 3)
1923
(2, 3)
1924
(2, 3)
1925
(2, 3)
1926
(2, 3)
1927
(2, 3)
1928
(2, 3)
1929
(2, 3)
1930
(2, 3)
1931
(2, 3)
1932
(2, 3)
1933
(2, 3)
1934
(2, 3)
1935
(2, 3)
1936
(2, 3)
1937
(2, 3)
1938
(2, 3)
1939
(2, 3)
1940
(2, 3)
1941
(2, 3)
1942
(2, 3)
1943
(2, 3)
1944
(2, 3)
1945
(2, 3)
1946
(2, 3)
1947
(2, 3)
1948
(3, 3)
1949
(3, 3)
1950
(3, 3)
1951
(3, 3)
1952
(3, 3)
1953
(3, 3)
1954
(3, 3)
1955
(3, 3)
1956
(3, 3)
1957
(2, 3)
1958
(2, 3)
1959
(2, 3)
1960
(2, 3)
1961
(2, 3)
1962
(2, 3)
1963
(2, 3)
1964
(2, 3)
1965
(2, 3)
1966
(2, 3)
1967
(2, 3)
1968
(2, 3)
1969
(2, 3)
1970
(2, 3)
1971
(2, 3)
1972
(2, 3)
1973
(2, 3)
1974
(2, 3)
1975
(2, 3)
1976
(2, 3)
1977
(2, 3)
1978
(2, 3)
1979
(2, 3)
1980
(2, 3)
1981
(2, 3)
1982
(2, 3)
1983
(2, 3)
1984
(2, 2)
1985
(2, 2)
1986
(2, 2)
1987
(3, 3)
1988
(3, 3)
1989
(3, 3)
1990
(3, 3)
1991
(3, 3)
1992
(3, 3)
1993
(3, 3)
1994
(3, 3)
1995
(2, 2)
1996
(2, 2)
1997
(2, 2)
1998
(2, 2)
1999
(2, 2)
2000
(3, 2)
2001
(3, 2)
2002
(3, 2)
2003
(3, 2)
2004
(3, 2)
2005
(2, 2)
2006
(2, 2)
2007
(2, 2)
2008
(3, 3)
2009
(3, 3)
2010
(3, 3)
2011
(3, 3)
2012
(3, 3)
2013
(3, 3)
2014
(3, 2)
2015
(3, 2)
2016
(3, 2)
2017
(3, 2)
2018
(3, 2)
2019
(3, 2)
2020
(2, 2)
2021
(2, 2)
2022
(2, 2)
2023
(2, 2)
2024
(2, 2)
2025
(3, 3)
2026
(3, 3)
2027
(3, 3)
2028
(3, 3)
2029
(3, 3)
2030
(3, 3)
2031
(3, 2)
2032
(3, 2)
2033
(3, 2)
2034
(3, 2)
2035
(2, 2)
2036
(2, 2)
2037
(3, 2)
2038
(3, 2)
2039
(2, 2)
2040
(3, 2)
2041
(3, 2)
2042
(2, 2)
2043
(2, 2)
2044
(3, 2)
2045
(3, 2)
2046
(3, 2)
2047
(3, 2)
2048
(3, 2)
2049
(3, 2)
2050
(3, 2)
2051
(3, 2)
2052
(3, 2)
2053
(3, 2)
2054
(3, 2)
2055
(3, 2)
2056
(2, 2)
2057
(2, 2)
2058
(3, 2)
2059
(2, 2)
2060
(3, 2)
2061
(3, 2)
2062
(3, 2)
2063
(3, 2)
2064
(3, 2)
2065
(3, 2)
2066
(3, 2)
2067
(3, 2)
2068
(3, 2)
2069
(2, 2)
2070
(2, 2)
2071
(2, 2)
2072
(2, 2)
2073
(2, 2)
2074
(2, 2)
2075
(2, 2)
2076
(3, 2)
2077
(3, 2)
2078
(3, 2)
2079
(3, 2)
2080
(3, 2)
2081
(2, 2)
2082
(2, 2)
2083
(2, 2)
2084
(2, 2)
2085
(2, 2)
2086
(2, 2)
2087
(2, 2)
2088
(3, 2)
2089
(3, 2)
2090
(3, 2)
2091
(3, 2)
2092
(3, 2)
2093
(3, 2)
2094
(2, 2)
2095
(2, 2)
2096
(1, 3)
2097
(1, 3)
2098
(2, 2)
2099
(1, 3)
2100
(1, 3)
2101
(3, 3)
2102
(3, 3)
2103
(2, 2)
2104
(1, 3)
2105
(3, 3)
2106
(2, 2)
2107
(2, 2)
2108
(3, 2)
2109
(3, 2)
2110
(2, 2)
2111
(2, 2)
2112
(1, 4)
2113
(1, 4)
2114
(1, 4)
2115
(1, 4)
2116
(3, 2)
2117
(3, 2)
2118
(3, 2)
2119
(1, 4)
2120
(1, 4)
2121
(1, 4)
2122
(3, 2)
2123
(3, 2)
2124
(3, 2)
2125
(3, 2)
2126
(3, 2)
2127
(3, 2)
2128
(3, 2)
2129
(3, 2)
2130
(1, 3)
2131
(1, 3)
2132
(3, 2)
2133
(3, 2)
2134
(3, 2)
2135
(3, 2)
2136
(1, 3)
2137
(2, 2)
2138
(2, 3)
2139
(2, 3)
2140
(2, 3)
2141
(1, 3)
2142
(3, 2)
2143
(3, 2)
2144
(2, 2)
2145
(3, 2)
2146
(2, 3)
2147
(3, 2)
2148
(3, 2)
2149
(3, 2)
2150
(1, 4)
2151
(3, 2)
2152
(1, 4)
2153
(1, 4)
2154
(1, 4)
2155
(1, 4)
2156
(1, 4)
2157
(1, 4)
2158
(1, 4)
2159
(1, 3)
2160
(3, 2)
2161
(1, 3)
2162
(1, 3)
2163
(3, 2)
2164
(3, 2)
2165
(3, 2)
2166
(1, 3)
2167
(1, 3)
2168
(3, 2)
2169
(3, 2)
2170
(3, 2)
2171
(3, 2)
2172
(3, 2)
2173
(3, 2)
2174
(2, 2)
2175
(3, 2)
2176
(3, 2)
2177
(3, 2)
2178
(2, 2)
2179
(3, 2)
2180
(3, 2)
2181
(3, 2)
2182
(3, 2)
2183
(1, 3)
2184
(2, 2)
2185
(2, 2)
2186
(2, 2)
2187
(2, 2)
2188
(2, 2)
2189
(1, 3)
2190
(1, 3)
2191
(1, 3)
2192
(2, 2)
2193
(2, 2)
2194
(2, 2)
2195
(2, 2)
2196
(1, 3)
2197
(1, 4)
2198
(1, 4)
2199
(1, 4)
2200
(3, 2)
2201
(1, 4)
2202
(3, 2)
2203
(3, 2)
2204
(3, 2)
2205
(1, 4)
2206
(3, 2)
2207
(1, 4)
2208
(1, 4)
2209
(2, 2)
2210
(2, 2)
2211
(2, 2)
2212
(1, 3)
2213
(3, 2)
2214
(3, 2)
2215
(3, 2)
2216
(3, 2)
2217
(1, 3)
2218
(1, 3)
2219
(2, 2)
2220
(2, 2)
2221
(2, 2)
2222
(2, 2)
2223
(2, 2)
2224
(2, 2)
2225
(2, 2)
2226
(2, 2)
2227
(2, 2)
2228
(3, 2)
2229
(3, 2)
2230
(3, 2)
2231
(3, 2)
2232
(3, 2)
2233
(3, 2)
2234
(3, 2)
2235
(3, 2)
2236
(3, 2)
2237
(3, 2)
2238
(3, 3)
2239
(3, 3)
2240
(3, 3)
2241
(3, 3)
2242
(3, 3)
2243
(3, 3)
2244
(3, 3)
2245
(3, 3)
2246
(3, 3)
2247
(3, 3)
2248
(3, 3)
2249
(3, 3)
2250
(3, 3)
2251
(3, 3)
2252
(3, 3)
2253
(3, 3)
2254
(3, 3)
2255
(3, 3)
2256
(3, 3)
2257
(3, 3)
2258
(3, 3)
2259
(3, 3)
2260
(2, 3)
2261
(2, 3)
2262
(2, 3)
2263
(2, 3)
2264
(2, 3)
2265
(2, 3)
2266
(2, 3)
2267
(2, 3)
2268
(2, 3)
2269
(3, 3)
2270
(3, 3)
2271
(3, 3)
2272
(3, 3)
2273
(3, 3)
2274
(3, 3)
2275
(3, 3)
2276
(3, 3)
2277
(3, 3)
2278
(3, 3)
2279
(3, 3)
2280
(3, 3)
2281
(3, 3)
2282
(3, 3)
2283
(3, 3)
2284
(3, 3)
2285
(3, 3)
2286
(3, 3)
2287
(2, 2)
2288
(2, 2)
2289
(2, 2)
2290
(3, 2)
2291
(3, 2)
2292
(3, 2)
2293
(3, 2)
2294
(3, 2)
2295
(3, 2)
2296
(3, 3)
2297
(3, 3)
2298
(3, 3)
2299
(3, 3)
2300
(3, 3)
2301
(3, 3)
2302
(3, 3)
2303
(3, 3)
2304
(3, 3)
2305
(3, 3)
2306
(3, 3)
2307
(3, 3)
2308
(2, 2)
2309
(3, 3)
2310
(3, 3)
2311
(3, 3)
2312
(2, 2)
2313
(2, 2)
2314
(3, 3)
2315
(3, 3)
2316
(3, 3)
2317
(2, 2)
2318
(2, 2)
2319
(2, 2)
2320
(3, 3)
2321
(3, 3)
2322
(3, 3)
2323
(3, 3)
2324
(3, 3)
2325
(3, 3)
2326
(3, 3)
2327
(3, 3)
2328
(3, 3)
2329
(3, 3)
2330
(3, 3)
2331
(3, 3)
2332
(3, 3)
2333
(2, 2)
2334
(3, 3)
2335
(3, 3)
2336
(3, 3)
2337
(3, 3)
2338
(2, 2)
2339
(2, 2)
2340
(2, 2)
2341
(2, 2)
2342
(2, 2)
2343
(2, 2)
2344
(2, 2)
2345
(2, 2)
2346
(2, 2)
2347
(2, 2)
2348
(2, 2)
2349
(2, 2)
2350
(2, 2)
2351
(2, 2)
2352
(2, 2)
2353
(2, 2)
2354
(2, 2)
2355
(2, 2)
2356
(2, 2)
2357
(1, 3)
2358
(1, 3)
2359
(1, 3)
2360
(1, 3)
2361
(3, 3)
2362
(3, 3)
2363
(3, 3)
2364
(3, 3)
2365
(3, 3)
2366
(3, 3)
2367
(3, 3)
2368
(3, 3)
2369
(3, 3)
2370
(2, 2)
2371
(3, 3)
2372
(3, 3)
2373
(3, 3)
2374
(1, 3)
2375
(1, 3)
2376
(2, 2)
2377
(1, 3)
2378
(2, 2)
2379
(2, 2)
2380
(1, 3)
2381
(1, 3)
2382
(1, 4)
2383
(1, 4)
2384
(1, 4)
2385
(1, 4)
2386
(1, 4)
2387
(1, 4)
2388
(1, 4)
2389
(1, 4)
2390
(1, 4)
2391
(1, 4)
2392
(1, 4)
2393
(1, 4)
2394
(1, 4)
2395
(1, 3)
2396
(1, 3)
2397
(1, 3)
2398
(1, 3)
2399
(1, 3)
2400
(1, 3)
2401
(2, 1)
2402
(2, 2)
2403
(2, 2)
2404
(2, 1)
2405
(2, 1)
2406
(2, 1)
2407
(4, 3)
2408
(2, 2)
2409
(2, 2)
2410
(4, 3)
2411
(4, 3)
2412
(4, 3)
2413
(4, 3)
2414
(4, 3)
2415
(4, 3)
2416
(4, 3)
2417
(1, 3)
2418
(1, 3)
2419
(1, 3)
2420
(1, 3)
2421
(2, 2)
2422
(2, 2)
2423
(2, 1)
2424
(2, 1)
2425
(2, 1)
2426
(1, 3)
2427
(2, 1)
2428
(2, 1)
2429
(1, 3)
2430
(1, 3)
2431
(2, 1)
2432
(1, 3)
2433
(1, 3)
2434
(1, 3)
2435
(1, 3)
2436
(1, 3)
2437
(2, 2)
2438
(2, 2)
2439
(2, 2)
2440
(4, 3)
2441
(4, 3)
2442
(4, 3)
2443
(4, 3)
2444
(4, 3)
2445
(4, 3)
2446
(4, 3)
2447
(4, 3)
2448
(1, 3)
2449
(1, 3)
2450
(1, 3)
2451
(1, 3)
2452
(2, 1)
2453
(2, 1)
2454
(2, 1)
2455
(2, 1)
2456
(2, 2)
2457
(1, 3)
2458
(1, 3)
2459
(1, 3)
2460
(1, 3)
2461
(1, 3)
2462
(1, 3)
2463
(1, 3)
2464
(1, 3)
2465
(1, 3)
2466
(1, 3)
2467
(1, 3)
2468
(1, 3)
2469
(2, 2)
2470
(2, 2)
2471
(2, 2)
2472
(1, 3)
2473
(4, 3)
2474
(4, 3)
2475
(1, 3)
2476
(4, 3)
2477
(4, 3)
2478
(4, 3)
2479
(4, 3)
2480
(4, 3)
2481
(4, 3)
2482
(1, 3)
2483
(1, 3)
2484
(1, 3)
2485
(1, 3)
2486
(1, 3)
2487
(4, 2)
2488
(2, 2)
2489
(2, 2)
2490
(2, 2)
2491
(2, 2)
2492
(2, 2)
2493
(1, 3)
2494
(1, 3)
2495
(2, 1)
2496
(2, 1)
2497
(1, 3)
2498
(2, 1)
2499
(2, 1)
2500
(2, 1)
2501
(2, 1)
2502
(2, 1)
2503
(2, 1)
2504
(1, 3)
2505
(4, 2)
2506
(4, 2)
2507
(4, 2)
2508
(4, 2)
2509
(4, 2)
2510
(1, 3)
2511
(1, 3)
2512
(1, 3)
2513
(4, 3)
2514
(2, 1)
2515
(4, 3)
2516
(4, 3)
2517
(1, 3)
2518
(4, 3)
2519
(4, 3)
2520
(4, 3)
2521
(4, 3)
2522
(4, 3)
2523
(4, 3)
2524
(1, 3)
2525
(1, 3)
2526
(2, 2)
2527
(4, 2)
2528
(2, 2)
2529
(2, 2)
2530
(2, 1)
2531
(2, 1)
2532
(2, 1)
2533
(2, 1)
2534
(4, 2)
2535
(4, 2)
2536
(1, 3)
2537
(1, 3)
2538
(4, 2)
2539
(1, 3)
2540
(4, 2)
2541
(4, 2)
2542
(1, 3)
2543
(1, 3)
2544
(1, 3)
2545
(1, 3)
2546
(4, 3)
2547
(1, 3)
2548
(4, 3)
2549
(1, 3)
2550
(4, 3)
2551
(4, 3)
2552
(4, 3)
2553
(1, 2)
2554
(4, 3)
2555
(4, 3)
2556
(4, 3)
2557
(4, 3)
2558
(4, 3)
2559
(1, 3)
2560
(1, 3)
2561
(2, 1)
2562
(2, 1)
2563
(2, 1)
2564
(2, 1)
2565
(2, 1)
2566
(2, 1)
2567
(2, 1)
2568
(1, 2)
2569
(1, 3)
2570
(2, 1)
2571
(2, 1)
2572
(1, 3)
2573
(2, 1)
2574
(2, 1)
2575
(2, 1)
2576
(2, 1)
2577
(2, 1)
2578
(2, 1)
2579
(1, 2)
2580
(2, 1)
2581
(1, 2)
2582
(1, 2)
2583
(1, 2)
2584
(4, 2)
2585
(4, 2)
2586
(1, 2)
2587
(1, 2)
2588
(1, 2)
2589
(1, 2)
2590
(1, 2)
2591
(2, 1)
2592
(2, 1)
2593
(2, 1)
2594
(2, 1)
2595
(2, 1)
2596
(4, 3)
2597
(4, 3)
2598
(1, 2)
2599
(4, 3)
2600
(4, 3)
2601
(4, 3)
2602
(4, 3)
2603
(4, 3)
2604
(4, 3)
2605
(2, 1)
2606
(2, 1)
2607
(2, 1)
2608
(2, 1)
2609
(2, 1)
2610
(2, 1)
2611
(2, 1)
2612
(2, 1)
2613
(2, 1)
2614
(2, 1)
2615
(2, 1)
2616
(2, 1)
2617
(2, 1)
2618
(2, 1)
2619
(2, 1)
2620
(2, 1)
2621
(2, 1)
2622
(2, 1)
2623
(2, 1)
2624
(2, 1)
2625
(2, 1)
2626
(2, 1)
2627
(2, 1)
2628
(2, 1)
2629
(2, 1)
2630
(2, 1)
2631
(4, 2)
2632
(4, 2)
2633
(4, 2)
2634
(4, 2)
2635
(4, 2)
2636
(4, 2)
2637
(1, 3)
2638
(1, 2)
2639
(1, 3)
2640
(1, 3)
2641
(1, 2)
2642
(2, 1)
2643
(2, 1)
2644
(1, 3)
2645
(1, 3)
2646
(1, 3)
2647
(4, 2)
2648
(4, 2)
2649
(4, 2)
2650
(1, 2)
2651
(1, 2)
2652
(1, 2)
2653
(1, 2)
2654
(1, 2)
2655
(1, 2)
2656
(1, 2)
2657
(4, 2)
2658
(2, 1)
2659
(2, 1)
2660
(1, 3)
2661
(1, 3)
2662
(1, 3)
2663
(1, 3)
2664
(4, 3)
2665
(4, 3)
2666
(4, 3)
2667
(4, 3)
2668
(4, 3)
2669
(4, 3)
2670
(4, 3)
2671
(4, 2)
2672
(4, 2)
2673
(4, 2)
2674
(4, 2)
2675
(2, 1)
2676
(2, 1)
2677
(2, 1)
2678
(4, 2)
2679
(2, 1)
2680
(2, 1)
2681
(2, 1)
2682
(2, 1)
2683
(2, 1)
2684
(4, 2)
2685
(4, 2)
2686
(4, 2)
2687
(4, 2)
2688
(1, 3)
2689
(1, 3)
2690
(1, 3)
2691
(1, 3)
2692
(4, 3)
2693
(4, 3)
2694
(4, 3)
2695
(4, 3)
2696
(4, 3)
2697
(4, 3)
2698
(4, 3)
2699
(4, 3)
2700
(4, 3)
2701
(1, 3)
2702
(2, 1)
2703
(2, 1)
2704
(2, 1)
2705
(2, 1)
2706
(4, 2)
2707
(4, 2)
2708
(4, 2)
2709
(4, 2)
2710
(1, 3)
2711
(1, 3)
2712
(1, 3)
2713
(1, 3)
2714
(4, 2)
2715
(4, 2)
2716
(4, 2)
2717
(4, 2)
2718
(4, 2)
2719
(4, 2)
2720
(4, 2)
2721
(4, 2)
2722
(4, 2)
2723
(2, 1)
2724
(2, 1)
2725
(2, 1)
2726
(4, 3)
2727
(4, 3)
2728
(4, 3)
2729
(4, 3)
2730
(4, 3)
2731
(4, 3)
2732
(2, 1)
2733
(2, 1)
2734
(2, 1)
2735
(4, 2)
2736
(4, 2)
2737
(1, 3)
2738
(1, 3)
2739
(1, 3)
2740
(1, 3)
2741
(4, 2)
2742
(2, 1)
2743
(2, 1)
2744
(2, 1)
2745
(1, 3)
2746
(2, 1)
2747
(2, 1)
2748
(2, 1)
2749
(4, 2)
2750
(2, 1)
2751
(2, 1)
2752
(4, 2)
2753
(4, 2)
2754
(4, 2)
2755
(4, 2)
2756
(4, 2)
2757
(4, 2)
2758
(4, 2)
2759
(2, 1)
2760
(4, 3)
2761
(2, 1)
2762
(4, 3)
2763
(4, 3)
2764
(4, 3)
2765
(2, 1)
2766
(4, 3)
2767
(4, 3)
2768
(4, 3)
2769
(2, 1)
2770
(2, 1)
2771
(2, 1)
2772
(4, 2)
2773
(4, 2)
2774
(4, 2)
2775
(4, 2)
2776
(4, 2)
2777
(4, 2)
2778
(4, 2)
2779
(2, 1)
2780
(2, 1)
2781
(2, 1)
2782
(2, 1)
2783
(4, 2)
2784
(4, 2)
2785
(4, 2)
2786
(4, 2)
2787
(4, 2)
2788
(4, 2)
2789
(4, 2)
2790
(4, 2)
2791
(2, 1)
2792
(2, 1)
2793
(2, 1)
2794
(2, 1)
2795
(2, 1)
2796
(2, 1)
2797
(2, 1)
2798
(4, 3)
2799
(4, 3)
2800
(4, 3)
2801
(2, 1)
2802
(4, 3)
2803
(4, 3)
2804
(2, 1)
2805
(2, 1)
2806
(4, 3)
2807
(4, 3)
2808
(2, 1)
2809
(2, 1)
2810
(2, 1)
2811
(2, 1)
2812
(2, 1)
2813
(4, 2)
2814
(4, 2)
2815
(4, 2)
2816
(4, 2)
2817
(4, 2)
2818
(4, 2)
2819
(4, 2)
2820
(4, 2)
2821
(4, 1)
2822
(4, 1)
2823
(4, 1)
2824
(4, 2)
2825
(4, 1)
2826
(4, 1)
2827
(4, 2)
2828
(4, 2)
2829
(4, 2)
2830
(5, 3)
2831
(2, 1)
2832
(5, 3)
2833
(5, 3)
2834
(4, 3)
2835
(4, 3)
2836
(5, 3)
2837
(5, 3)
2838
(5, 3)
2839
(5, 3)
2840
(5, 3)
2841
(3, 1)
2842
(2, 1)
2843
(2, 1)
2844
(3, 1)
2845
(3, 1)
2846
(3, 1)
2847
(3, 1)
2848
(4, 2)
2849
(4, 2)
2850
(2, 1)
2851
(2, 1)
2852
(3, 1)
2853
(3, 1)
2854
(3, 1)
2855
(3, 1)
2856
(3, 1)
2857
(3, 1)
2858
(3, 1)
2859
(3, 1)
2860
(3, 1)
2861
(3, 1)
2862
(3, 1)
2863
(2, 1)
2864
(2, 1)
2865
(3, 1)
2866
(3, 1)
2867
(3, 1)
2868
(3, 1)
2869
(3, 1)
2870
(3, 1)
2871
(3, 1)
2872
(3, 1)
2873
(3, 1)
2874
(2, 1)
2875
(2, 1)
2876
(3, 1)
2877
(3, 1)
2878
(3, 1)
2879
(3, 1)
2880
(3, 1)
2881
(3, 1)
2882
(3, 1)
2883
(3, 1)
2884
(3, 1)
2885
(2, 1)
2886
(2, 1)
2887
(3, 1)
2888
(3, 1)
2889
(3, 1)
2890
(4, 2)
2891
(4, 2)
2892
(4, 2)
2893
(4, 2)
2894
(2, 1)
2895
(2, 1)
2896
(4, 2)
2897
(2, 1)
2898
(4, 2)
2899
(4, 2)
2900
(4, 2)
2901
(4, 2)
2902
(4, 2)
2903
(5, 3)
2904
(5, 3)
2905
(5, 3)
2906
(5, 3)
2907
(2, 1)
2908
(2, 1)
2909
(2, 1)
2910
(5, 3)
2911
(5, 3)
2912
(5, 3)
2913
(5, 3)
2914
(5, 3)
2915
(5, 3)
2916
(2, 1)
2917
(1, 1)
2918
(1, 2)
2919
(1, 2)
2920
(1, 2)
2921
(1, 2)
2922
(1, 2)
2923
(1, 2)
2924
(1, 1)
2925
(1, 2)
2926
(1, 2)
2927
(1, 2)
2928
(1, 2)
2929
(1, 2)
2930
(1, 2)
2931
(1, 1)
2932
(1, 2)
2933
(1, 2)
2934
(1, 2)
2935
(1, 2)
2936
(1, 2)
2937
(1, 2)
2938
(1, 1)
2939
(2, 1)
2940
(4, 2)
2941
(4, 2)
2942
(4, 2)
2943
(2, 1)
2944
(2, 1)
2945
(4, 2)
2946
(4, 2)
2947
(4, 2)
2948
(4, 2)
2949
(4, 2)
2950
(4, 2)
2951
(4, 2)
2952
(4, 2)
2953
(4, 2)
2954
(4, 2)
2955
(4, 2)
2956
(4, 2)
2957
(4, 2)
2958
(5, 3)
2959
(5, 3)
2960
(5, 3)
2961
(5, 3)
2962
(5, 3)
2963
(5, 3)
2964
(5, 3)
2965
(5, 3)
2966
(5, 3)
2967
(1, 1)
2968
(1, 1)
2969
(1, 1)
2970
(4, 2)
2971
(4, 2)
2972
(4, 2)
2973
(5, 2)
2974
(4, 2)
2975
(4, 2)
2976
(4, 2)
2977
(4, 1)
2978
(4, 2)
2979
(4, 1)
2980
(4, 1)
2981
(5, 2)
2982
(4, 1)
2983
(5, 2)
2984
(5, 2)
2985
(5, 2)
2986
(1, 1)
2987
(1, 1)
2988
(1, 1)
2989
(1, 1)
2990
(5, 3)
2991
(5, 3)
2992
(5, 3)
2993
(5, 3)
2994
(5, 3)
2995
(5, 3)
2996
(5, 3)
2997
(5, 3)
2998
(4, 1)
2999
(4, 1)
3000
(4, 1)
3001
(1, 1)
3002
(1, 1)
3003
(1, 1)
3004
(1, 1)
3005
(1, 1)
3006
(1, 1)
3007
(1, 2)
3008
(1, 2)
3009
(1, 2)
3010
(1, 2)
3011
(1, 2)
3012
(1, 2)
3013
(1, 1)
3014
(1, 2)
3015
(1, 2)
3016
(1, 2)
3017
(1, 2)
3018
(1, 2)
3019
(1, 2)
3020
(1, 1)
3021
(1, 2)
3022
(1, 2)
3023
(1, 2)
3024
(1, 2)
3025
(1, 2)
3026
(1, 2)
3027
(1, 1)
3028
(5, 2)
3029
(4, 1)
3030
(4, 1)
3031
(4, 1)
3032
(4, 1)
3033
(3, 1)
3034
(3, 1)
3035
(3, 1)
3036
(3, 1)
3037
(3, 1)
3038
(3, 1)
3039
(3, 1)
3040
(3, 1)
3041
(3, 1)
3042
(3, 1)
3043
(4, 1)
3044
(3, 1)
3045
(3, 1)
3046
(3, 1)
3047
(3, 1)
3048
(3, 1)
3049
(3, 1)
3050
(3, 1)
3051
(3, 1)
3052
(3, 1)
3053
(3, 1)
3054
(4, 1)
3055
(3, 1)
3056
(3, 1)
3057
(3, 1)
3058
(3, 1)
3059
(3, 1)
3060
(3, 1)
3061
(3, 1)
3062
(3, 1)
3063
(3, 1)
3064
(3, 1)
3065
(4, 1)
3066
(4, 2)
3067
(4, 2)
3068
(4, 2)
3069
(4, 2)
3070
(4, 2)
3071
(5, 2)
3072
(5, 2)
3073
(5, 2)
3074
(4, 2)
3075
(5, 2)
3076
(4, 2)
3077
(5, 3)
3078
(5, 3)
3079
(5, 3)
3080
(5, 3)
3081
(5, 3)
3082
(4, 2)
3083
(4, 2)
3084
(4, 2)
3085
(5, 2)
3086
(5, 2)
3087
(4, 2)
3088
(4, 2)
3089
(4, 1)
3090
(4, 1)
3091
(5, 2)
3092
(5, 2)
3093
(5, 2)
3094
(4, 2)
3095
(4, 2)
3096
(4, 2)
3097
(5, 2)
3098
(5, 2)
3099
(5, 3)
3100
(5, 3)
3101
(5, 3)
3102
(5, 3)
3103
(5, 3)
3104
(5, 3)
3105
(5, 3)
3106
(4, 1)
3107
(4, 1)
3108
(5, 2)
3109
(5, 2)
3110
(5, 2)
3111
(5, 2)
3112
(5, 2)
3113
(4, 1)
3114
(4, 1)
3115
(4, 1)
3116
(4, 1)
3117
(4, 1)
3118
(3, 1)
3119
(3, 1)
3120
(3, 1)
3121
(3, 1)
3122
(3, 1)
3123
(3, 1)
3124
(3, 1)
3125
(3, 1)
3126
(4, 1)
3127
(4, 1)
3128
(4, 1)
3129
(3, 1)
3130
(3, 1)
3131
(3, 1)
3132
(3, 1)
3133
(3, 1)
3134
(3, 1)
3135
(3, 1)
3136
(3, 1)
3137
(4, 1)
3138
(4, 1)
3139
(4, 1)
3140
(3, 1)
3141
(3, 1)
3142
(3, 1)
3143
(3, 1)
3144
(3, 1)
3145
(3, 1)
3146
(3, 1)
3147
(3, 1)
3148
(4, 2)
3149
(4, 2)
3150
(4, 2)
3151
(4, 2)
3152
(4, 1)
3153
(5, 2)
3154
(4, 1)
3155
(5, 2)
3156
(5, 2)
3157
(5, 2)
3158
(5, 2)
3159
(5, 2)
3160
(5, 3)
3161
(5, 3)
3162
(5, 3)
3163
(5, 3)
3164
(5, 3)
3165
(5, 3)
3166
(4, 1)
3167
(4, 1)
3168
(4, 2)
3169
(5, 2)
3170
(5, 2)
3171
(5, 2)
3172
(5, 2)
3173
(5, 2)
3174
(5, 2)
3175
(4, 1)
3176
(4, 1)
3177
(4, 1)
3178
(4, 1)
3179
(4, 1)
3180
(4, 1)
3181
(4, 1)
3182
(4, 1)
3183
(4, 1)
3184
(4, 1)
3185
(4, 1)
3186
(4, 1)
3187
(4, 1)
3188
(4, 1)
3189
(4, 1)
3190
(5, 2)
3191
(4, 2)
3192
(4, 2)
3193
(4, 2)
3194
(5, 2)
3195
(5, 2)
3196
(5, 2)
3197
(4, 2)
3198
(5, 2)
3199
(5, 3)
3200
(5, 3)
3201
(5, 3)
3202
(5, 3)
3203
(5, 3)
3204
(5, 3)
3205
(5, 3)
3206
(5, 3)
3207
(5, 3)
3208
(5, 2)
3209
(5, 2)
3210
(5, 2)
3211
(5, 2)
3212
(5, 2)
3213
(5, 2)
3214
(5, 2)
3215
(4, 1)
3216
(4, 1)
3217
(5, 2)
3218
(4, 1)
3219
(5, 2)
3220
(4, 1)
3221
(4, 2)
3222
(4, 2)
3223
(4, 2)
3224
(4, 2)
3225
(4, 2)
3226
(5, 3)
3227
(5, 3)
3228
(5, 3)
3229
(5, 3)
3230
(5, 3)
3231
(5, 3)
3232
(5, 3)
3233
(4, 1)
3234
(4, 1)
3235
(4, 1)
3236
(4, 1)
3237
(5, 2)
3238
(5, 2)
3239
(5, 2)
3240
(5, 2)
3241
(5, 2)
3242
(5, 2)
3243
(4, 1)
3244
(5, 2)
3245
(4, 1)
3246
(4, 1)
3247
(4, 1)
3248
(4, 1)
3249
(4, 1)
3250
(4, 1)
3251
(4, 1)
3252
(4, 1)
3253
(3, 1)
3254
(3, 1)
3255
(3, 1)
3256
(3, 1)
3257
(3, 1)
3258
(4, 1)
3259
(4, 1)
3260
(4, 1)
3261
(4, 1)
3262
(4, 1)
3263
(4, 1)
3264
(3, 1)
3265
(3, 1)
3266
(3, 1)
3267
(3, 1)
3268
(3, 1)
3269
(4, 1)
3270
(4, 1)
3271
(4, 1)
3272
(4, 1)
3273
(4, 1)
3274
(4, 1)
3275
(3, 1)
3276
(3, 1)
3277
(3, 1)
3278
(3, 1)
3279
(3, 1)
3280
(5, 2)
3281
(5, 2)
3282
(5, 2)
3283
(5, 2)
3284
(4, 1)
3285
(4, 1)
3286
(4, 1)
3287
(5, 2)
3288
(5, 2)
3289
(5, 2)
3290
(4, 2)
3291
(5, 2)
3292
(5, 2)
3293
(5, 3)
3294
(5, 3)
3295
(5, 3)
3296
(5, 3)
3297
(5, 3)
3298
(5, 3)
3299
(5, 3)
3300
(5, 3)
3301
(5, 3)
3302
(4, 1)
3303
(4, 1)
3304
(4, 1)
3305
(5, 2)
3306
(5, 2)
3307
(4, 1)
3308
(4, 1)
3309
(4, 1)
3310
(4, 1)
3311
(4, 1)
3312
(4, 1)
3313
(4, 1)
3314
(4, 1)
3315
(4, 1)
3316
(4, 1)
3317
(4, 1)
3318
(4, 1)
3319
(4, 1)
3320
(4, 1)
3321
(5, 2)
3322
(5, 2)
3323
(5, 2)
3324
(5, 2)
3325
(4, 1)
3326
(5, 2)
3327
(4, 1)
3328
(5, 2)
3329
(5, 2)
3330
(5, 2)
3331
(5, 2)
3332
(5, 2)
3333
(5, 2)
3334
(5, 2)
3335
(5, 3)
3336
(5, 3)
3337
(5, 3)
3338
(5, 3)
3339
(5, 3)
3340
(5, 3)
3341
(5, 3)
3342
(5, 3)
3343
(5, 3)
3344
(5, 3)
3345
(5, 3)
3346
(5, 3)
3347
(5, 3)
3348
(5, 3)
3349
(4, 1)
3350
(4, 1)
3351
(5, 2)
3352
(5, 2)
3353
(5, 2)
3354
(5, 2)
3355
(4, 1)
3356
(5, 2)
3357
(4, 1)
3358
(4, 1)
3359
(4, 1)
3360
(4, 1)
3361
(4, 1)
3362
(4, 1)
3363
(4, 1)
3364
(4, 1)
3365
(4, 1)
3366
(4, 1)
3367
(4, 1)
3368
(4, 1)
3369
(4, 1)
3370
(4, 1)
3371
(4, 1)
3372
(5, 2)
3373
(5, 2)
3374
(5, 2)
3375
(5, 2)
3376
(5, 1)
3377
(5, 1)
3378
(5, 1)
3379
(5, 1)
3380
(5, 2)
3381
(5, 2)
3382
(5, 2)
3383
(5, 2)
3384
(5, 2)
3385
(5, 2)
3386
(5, 2)
3387
(5, 2)
3388
(5, 2)
3389
(5, 2)
3390
(4, 1)
3391
(4, 1)
3392
(4, 1)
3393
(4, 1)
3394
(5, 2)
3395
(5, 2)
3396
(4, 1)
3397
(4, 1)
3398
(4, 1)
3399
(4, 1)
3400
(4, 1)
3401
(4, 1)
3402
(4, 1)
3403
(4, 1)
3404
(4, 1)
3405
(4, 1)
3406
(4, 1)
3407
(4, 1)
3408
(4, 1)
3409
(4, 1)
3410
(4, 1)
3411
(4, 1)
3412
(5, 2)
3413
(5, 2)
3414
(5, 2)
3415
(5, 2)
3416
(5, 2)
3417
(5, 2)
3418
(5, 2)
3419
(5, 1)
3420
(5, 1)
3421
(5, 2)
3422
(5, 2)
3423
(5, 2)
3424
(5, 2)
3425
(5, 2)
3426
(5, 2)
3427
(5, 2)
3428
(5, 2)
3429
(5, 2)
3430
(5, 1)
3431
(5, 1)
3432
(5, 2)
3433
(5, 2)
3434
(5, 2)
3435
(5, 2)
3436
(5, 2)
3437
(5, 2)
3438
(5, 2)
3439
(5, 2)
3440
(5, 2)
3441
(4, 1)
3442
(4, 1)
3443
(4, 1)
3444
(4, 1)
3445
(4, 1)
3446
(4, 1)
3447
(4, 1)
3448
(4, 1)
3449
(4, 1)
3450
(4, 1)
3451
(4, 1)
3452
(3, 1)
3453
(3, 2)
3454
(3, 2)
3455
(3, 2)
3456
(3, 2)
3457
(3, 2)
3458
(3, 2)
3459
(3, 2)
3460
(3, 2)
3461
(3, 2)
3462
(3, 2)
3463
(3, 2)
3464
(3, 2)
3465
(2, 3)
3466
(2, 3)
3467
(2, 3)
3468
(2, 3)
3469
(2, 3)
3470
(2, 3)
3471
(2, 3)
3472
(2, 3)
3473
(2, 4)
3474
(2, 4)
3475
(2, 4)
3476
(2, 4)
3477
(2, 5)
3478
(2, 5)
3479
(2, 5)
3480
(2, 6)
3481
(2, 6)
3482
(2, 6)
3483
(2, 6)
3484
(2, 6)
3485
(2, 6)
3486
(2, 6)
     00000000
     0      0
     0      0
     0      0
     0   0000
     00     0
     0 $    0
     0      0
     00000000

WIN!
<__main__.Node instance at 0x2b8fed164c68>
82
3486
True
27.5883309841
