STARTING!
]0;IPython: eshnich/vgdl]0;IPython: eshnich/vgdlException in thread Thread-1:
Traceback (most recent call last):
  File "/home/eshnich/.conda/envs/planning/lib/python2.7/threading.py", line 801, in __bootstrap_inner
    self.run()
  File "/home/eshnich/.conda/envs/planning/lib/python2.7/threading.py", line 754, in run
    self.__target(*self.__args, **self.__kwargs)
  File "/home/slurm/slurmd/job9297152/slurm_script", line 697, in openNode
    child.eval()
  File "/home/slurm/slurmd/job9297152/slurm_script", line 1222, in eval
    self.heuristicVal = self.heuristics()
  File "/home/slurm/slurmd/job9297152/slurm_script", line 1130, in heuristics
    heuristicVal += self.objcollect_val(theory, rle)
  File "/home/slurm/slurmd/job9297152/slurm_script", line 1027, in objcollect_val
    pos = (avatar.rect.x,avatar.rect.y)
AttributeError: 'NoneType' object has no attribute 'rect'

added self, <class 'ontology.Immovable'>
added self, <class 'ontology.Passive'>
added self, <class 'core.Resource'>
added parent, <class 'core.Resource'>
added self, <class 'ontology.ResourcePack'>
added self, <class 'ontology.Flicker'>
added self, <class 'ontology.Spreader'>
added self, <class 'ontology.SpriteProducer'>
added self, <class 'ontology.Portal'>
added self, <class 'ontology.SpawnPoint'>
added self, <class 'ontology.RandomNPC'>
added self, <class 'ontology.OrientedSprite'>
added self, <class 'ontology.Conveyor'>
added self, <class 'ontology.Missile'>
added self, <class 'ontology.OrientedFlicker'>
added self, <class 'ontology.Walker'>
added self, <class 'ontology.WalkJumper'>
added self, <class 'ontology.RandomInertial'>
added self, <class 'ontology.RandomMissile'>
added self, <class 'ontology.ErraticMissile'>
added self, <class 'ontology.Bomber'>
added self, <class 'ontology.Chaser'>
added self, <class 'ontology.Fleeing'>
added self, <class 'ontology.AStarChaser'>
added self, <class 'ontology.MovingAvatar'>
added self, <class 'ontology.HorizontalAvatar'>
added self, <class 'ontology.VerticalAvatar'>
added self, <class 'ontology.FlakAvatar'>
added self, <class 'ontology.OrientedAvatar'>
added parent, <class 'ontology.OrientedAvatar'>
added self, <class 'ontology.ShootAvatar'>
added parent, <class 'ontology.ShootAvatar'>
added self, <class 'ontology.AimedAvatar'>
added parent, <class 'ontology.AimedAvatar'>
added self, <class 'ontology.AimedFlakAvatar'>
<class 'ontology.OrientedAvatar'> already in tree.
added self, <class 'ontology.RotatingAvatar'>
added self, <class 'ontology.RotatingFlippingAvatar'>
added self, <class 'ontology.NoisyRotatingFlippingAvatar'>
<class 'ontology.ShootAvatar'> already in tree.
<class 'ontology.AimedAvatar'> already in tree.
<class 'ontology.AimedFlakAvatar'> already in tree.
added self, <class 'ontology.InertialAvatar'>
added self, <class 'ontology.MarioAvatar'>
FINISHED IMPORTS
FINISHED SETTING VALUES
<module 'examples.continuousphysics.montezuma_3' from 'examples/continuousphysics/montezuma_3.pyc'>
max nodes 9223372036854775807
1
(13, 3)
2
(12, 3)
3
(12, 3)
4
(12, 3)
5
(12, 3)
6
(12, 3)
7
(12, 3)
8
(12, 3)
9
(12, 3)
10
(12, 3)
11
(12, 3)
12
(12, 3)
13
(12, 3)
14
(12, 2)
15
(11, 2)
16
(11, 2)
17
(11, 2)
18
(11, 2)
19
(11, 2)
20
(11, 2)
21
(11, 2)
22
(11, 2)
23
(11, 2)
24
(10, 2)
25
(10, 2)
26
(10, 2)
27
(10, 3)
28
(10, 3)
29
(10, 3)
30
(10, 3)
31
(10, 2)
32
(10, 2)
33
(10, 3)
34
(10, 3)
35
(10, 3)
36
(10, 3)
37
(10, 3)
38
(10, 2)
39
(10, 2)
40
(9, 3)
41
(9, 3)
42
(9, 3)
43
(9, 3)
44
(9, 3)
45
(10, 3)
46
(9, 3)
47
(9, 3)
48
(9, 3)
49
(9, 3)
50
(9, 3)
51
(9, 2)
52
(9, 2)
53
(9, 1)
54
(9, 1)
55
(8, 1)
56
(8, 1)
57
(8, 1)
58
(8, 1)
59
(7, 1)
60
(7, 1)
61
(7, 1)
62
(7, 2)
63
(6, 2)
64
(6, 2)
65
(6, 2)
66
(6, 2)
67
(6, 2)
68
(6, 2)
69
(6, 2)
70
(6, 2)
71
(5, 2)
72
(5, 2)
73
(5, 2)
74
(5, 2)
75
(5, 2)
76
(5, 2)
77
(5, 2)
78
(5, 2)
79
(4, 2)
80
(4, 2)
81
(4, 2)
82
(4, 2)
83
(4, 2)
84
(4, 2)
85
(4, 2)
86
(4, 2)
87
(3, 2)
88
(3, 2)
89
(3, 2)
90
(3, 2)
91
(3, 2)
92
(3, 2)
93
(3, 2)
94
(3, 2)
95
(2, 2)
96
(2, 2)
97
(2, 2)
98
(2, 2)
99
(2, 2)
100
(2, 2)
101
(2, 2)
102
(2, 2)
103
(1, 2)
104
(1, 2)
105
(1, 2)
106
(1, 2)
107
(1, 2)
108
(1, 2)
109
(1, 2)
110
(1, 2)
111
(1, 2)
112
(1, 2)
113
(1, 2)
114
(1, 2)
115
(1, 2)
116
(1, 2)
117
(1, 2)
118
(1, 2)
119
(1, 2)
120
(1, 2)
121
(1, 2)
122
(2, 2)
123
(2, 2)
124
(1, 2)
125
(1, 2)
126
(1, 2)
127
(1, 2)
128
(1, 2)
129
(1, 2)
130
(1, 2)
131
(1, 2)
132
(1, 2)
133
(1, 2)
134
(1, 2)
135
(1, 2)
136
(1, 2)
137
(1, 2)
138
(1, 2)
139
(1, 2)
140
(1, 2)
141
(1, 2)
142
(1, 2)
143
(1, 2)
144
(1, 2)
145
(1, 2)
146
(1, 2)
147
(1, 2)
148
(1, 2)
149
(1, 2)
150
(1, 2)
151
(1, 2)
152
(1, 2)
153
(1, 2)
154
(1, 2)
155
(1, 2)
156
(1, 2)
157
(1, 2)
158
(1, 2)
159
(1, 2)
160
(1, 2)
161
(1, 2)
162
(2, 2)
163
(2, 2)
164
(2, 2)
165
(2, 2)
166
(2, 2)
167
(2, 2)
168
(1, 2)
169
(1, 2)
170
(1, 2)
171
(1, 2)
172
(1, 2)
173
(1, 2)
174
(2, 2)
175
(2, 2)
176
(2, 2)
177
(1, 2)
178
(1, 2)
179
(1, 2)
180
(1, 1)
181
(1, 1)
182
(1, 1)
183
(1, 1)
184
(1, 1)
185
(1, 1)
186
(1, 1)
187
(1, 1)
188
(1, 1)
189
(1, 1)
190
(1, 1)
191
(1, 1)
192
(1, 1)
193
(1, 1)
194
(1, 1)
195
(1, 2)
196
(1, 2)
197
(1, 2)
198
(1, 2)
199
(1, 1)
200
(1, 1)
201
(1, 1)
202
(1, 1)
203
(1, 1)
204
(1, 2)
205
(1, 2)
206
(1, 2)
207
(1, 2)
208
(1, 2)
209
(1, 2)
210
(1, 1)
211
(1, 1)
212
(1, 1)
213
(1, 1)
214
(1, 1)
215
(1, 1)
216
(1, 1)
217
(1, 1)
218
(1, 1)
219
(1, 1)
220
(1, 1)
221
(1, 1)
222
(1, 1)
223
(1, 1)
224
(1, 1)
225
(1, 2)
226
(1, 2)
227
(1, 2)
228
(2, 2)
229
(2, 2)
230
(2, 2)
231
(1, 1)
232
(1, 1)
233
(1, 1)
234
(1, 1)
235
(1, 1)
236
(1, 1)
237
(1, 1)
238
(1, 1)
239
(1, 1)
240
(1, 1)
241
(1, 2)
242
(1, 2)
243
(1, 2)
244
(1, 2)
245
(1, 1)
246
(1, 1)
247
(1, 1)
248
(1, 1)
249
(1, 1)
250
(1, 1)
251
(1, 2)
252
(1, 2)
253
(1, 2)
254
(2, 2)
255
(2, 2)
256
(2, 2)
257
(1, 2)
258
(2, 2)
259
(2, 2)
260
(2, 2)
261
(1, 2)
262
(1, 2)
263
(1, 1)
264
(1, 1)
265
(1, 1)
266
(1, 1)
267
(1, 1)
268
(1, 1)
269
(1, 1)
270
(1, 1)
271
(1, 1)
272
(1, 1)
273
(2, 2)
274
(2, 2)
275
(1, 2)
276
(1, 2)
277
(1, 1)
278
(1, 1)
279
(1, 1)
280
(1, 1)
281
(1, 1)
282
(1, 1)
283
(1, 1)
284
(2, 2)
285
(1, 2)
286
(1, 1)
287
(1, 1)
288
(1, 1)
289
(1, 1)
290
(1, 1)
291
(1, 1)
292
(1, 1)
293
(1, 1)
294
(1, 1)
295
(1, 1)
296
(1, 1)
297
(1, 1)
298
(1, 1)
299
(1, 2)
300
(1, 2)
301
(1, 2)
302
(2, 2)
303
(2, 2)
304
(2, 2)
305
(2, 2)
306
(1, 2)
307
(1, 1)
308
(1, 1)
309
(1, 1)
310
(1, 1)
311
(1, 1)
312
(1, 1)
313
(1, 1)
314
(1, 1)
315
(1, 1)
316
(1, 1)
317
(2, 2)
318
(2, 2)
319
(1, 1)
320
(1, 1)
321
(1, 1)
322
(1, 2)
323
(1, 2)
324
(1, 1)
325
(1, 1)
326
(1, 1)
327
(1, 1)
328
(1, 1)
329
(2, 2)
330
(2, 2)
331
(2, 2)
332
(2, 2)
333
(2, 2)
334
(2, 2)
335
(1, 1)
336
(1, 1)
337
(1, 1)
338
(1, 1)
339
(1, 1)
340
(1, 1)
341
(1, 1)
342
(1, 1)
343
(1, 1)
344
(1, 1)
345
(1, 1)
346
(2, 2)
347
(2, 2)
348
(2, 2)
349
(1, 1)
350
(1, 1)
351
(1, 1)
352
(2, 2)
353
(1, 1)
354
(2, 1)
355
(2, 1)
356
(1, 1)
357
(1, 1)
358
(1, 1)
359
(3, 2)
360
(3, 2)
361
(2, 2)
362
(2, 2)
363
(2, 2)
364
(2, 2)
365
(2, 2)
366
(2, 1)
367
(1, 1)
368
(1, 1)
369
(1, 1)
370
(1, 1)
371
(1, 1)
372
(1, 1)
373
(1, 1)
374
(1, 1)
375
(1, 1)
376
(1, 1)
377
(3, 2)
378
(3, 2)
379
(2, 2)
380
(2, 2)
381
(2, 2)
382
(2, 1)
383
(1, 1)
384
(1, 1)
385
(1, 1)
386
(1, 1)
387
(1, 1)
388
(1, 1)
389
(1, 1)
390
(3, 2)
391
(2, 2)
392
(2, 2)
393
(1, 1)
394
(1, 1)
395
(1, 1)
396
(2, 2)
397
(3, 2)
398
(3, 2)
399
(3, 2)
400
(3, 2)
401
(2, 2)
402
(2, 2)
403
(2, 1)
404
(2, 1)
405
(1, 1)
406
(1, 1)
407
(1, 1)
408
(1, 1)
409
(1, 1)
410
(1, 1)
411
(1, 1)
412
(1, 1)
413
(1, 1)
414
(3, 2)
415
(3, 2)
416
(3, 2)
417
(2, 2)
418
(2, 2)
419
(2, 1)
420
(2, 1)
421
(1, 1)
422
(1, 1)
423
(1, 1)
424
(1, 1)
425
(3, 2)
426
(2, 2)
427
(2, 1)
428
(2, 1)
429
(2, 1)
430
(3, 2)
431
(3, 2)
432
(2, 2)
433
(2, 1)
434
(2, 1)
435
(2, 1)
436
(2, 2)
437
(2, 2)
438
(1, 2)
439
(3, 2)
440
(3, 2)
441
(3, 2)
442
(2, 2)
443
(2, 2)
444
(2, 2)
445
(2, 2)
446
(3, 2)
447
(3, 2)
448
(3, 2)
449
(3, 2)
450
(3, 2)
451
(3, 2)
452
(2, 1)
453
(2, 1)
454
(2, 1)
455
(2, 1)
456
(2, 1)
457
(3, 2)
458
(3, 2)
459
(3, 2)
460
(2, 1)
461
(2, 1)
462
(2, 2)
463
(2, 2)
464
(3, 2)
465
(3, 2)
466
(2, 2)
467
(2, 2)
468
(2, 1)
469
(3, 2)
470
(2, 1)
471
(2, 1)
472
(4, 2)
473
(4, 2)
474
(3, 2)
475
(3, 2)
476
(3, 2)
477
(3, 1)
478
(2, 1)
479
(2, 1)
480
(2, 1)
481
(2, 1)
482
(2, 1)
483
(4, 2)
484
(3, 2)
485
(3, 2)
486
(3, 2)
487
(3, 1)
488
(2, 1)
489
(2, 1)
490
(2, 1)
491
(2, 1)
492
(2, 1)
493
(3, 2)
494
(3, 2)
495
(3, 1)
496
(3, 2)
497
(2, 2)
498
(3, 2)
499
(3, 2)
500
(2, 1)
501
(3, 2)
502
(2, 1)
503
(4, 2)
504
(4, 2)
505
(4, 2)
506
(4, 2)
507
(3, 2)
508
(3, 2)
509
(3, 1)
510
(3, 1)
511
(2, 1)
512
(2, 1)
513
(2, 1)
514
(2, 1)
515
(2, 1)
516
(4, 2)
517
(4, 2)
518
(4, 2)
519
(4, 2)
520
(3, 2)
521
(3, 2)
522
(3, 1)
523
(3, 1)
524
(2, 1)
525
(2, 1)
526
(2, 1)
527
(2, 1)
528
(2, 1)
529
(4, 2)
530
(4, 2)
531
(3, 2)
532
(3, 1)
533
(3, 1)
534
(3, 1)
535
(2, 1)
536
(2, 1)
537
(2, 1)
538
(2, 1)
539
(2, 1)
540
(2, 1)
541
(4, 2)
542
(2, 1)
543
(3, 2)
544
(3, 1)
545
(3, 1)
546
(2, 2)
547
(4, 2)
548
(4, 2)
549
(3, 1)
550
(3, 1)
551
(4, 2)
552
(4, 2)
553
(4, 2)
554
(4, 2)
555
(3, 2)
556
(3, 1)
557
(3, 1)
558
(3, 1)
559
(2, 1)
560
(2, 1)
561
(2, 1)
562
(2, 1)
563
(2, 1)
564
(4, 2)
565
(4, 2)
566
(4, 2)
567
(3, 1)
568
(3, 1)
569
(3, 1)
570
(3, 1)
571
(2, 1)
572
(2, 1)
573
(2, 1)
574
(2, 1)
575
(2, 1)
576
(2, 1)
577
(2, 1)
578
(2, 1)
579
(2, 1)
580
(3, 1)
581
(3, 1)
582
(3, 2)
583
(2, 1)
584
(2, 1)
585
(2, 1)
586
(3, 2)
587
(2, 1)
588
(2, 1)
589
(2, 1)
590
(2, 1)
591
(2, 1)
592
(2, 1)
593
(2, 1)
594
(2, 1)
595
(2, 2)
596
(2, 2)
597
(2, 2)
598
(2, 2)
599
(2, 2)
600
(2, 2)
601
(2, 2)
602
(2, 2)
603
(2, 3)
604
(2, 3)
605
(2, 3)
606
(2, 3)
607
(2, 3)
608
(2, 3)
609
(2, 3)
610
(2, 3)
611
(2, 3)
612
(1, 3)
613
(1, 3)
614
(1, 3)
615
(1, 3)
616
(1, 3)
617
(1, 3)
618
(1, 3)
619
(1, 3)
620
(1, 3)
621
(1, 3)
622
(1, 3)
623
(1, 3)
624
(1, 3)
625
(1, 3)
626
(1, 3)
627
(1, 3)
628
(1, 2)
629
(1, 2)
630
(2, 3)
631
(2, 3)
632
(1, 3)
633
(1, 3)
634
(1, 3)
635
(1, 2)
636
(1, 2)
637
(1, 2)
638
(1, 2)
639
(1, 2)
640
(1, 2)
641
(1, 2)
642
(1, 2)
643
(2, 3)
644
(2, 3)
645
(1, 3)
646
(1, 2)
647
(2, 3)
648
(1, 2)
649
(1, 2)
650
(1, 2)
651
(1, 2)
652
(1, 2)
653
(2, 3)
654
(2, 3)
655
(2, 3)
656
(2, 3)
657
(1, 2)
658
(1, 2)
659
(2, 3)
660
(2, 3)
661
(2, 3)
662
(2, 3)
663
(1, 2)
664
(1, 2)
665
(2, 3)
666
(2, 2)
667
(2, 2)
668
(2, 2)
669
(1, 2)
670
(1, 2)
671
(2, 2)
672
(1, 2)
673
(2, 2)
674
(1, 2)
675
(1, 2)
676
(2, 2)
677
(2, 2)
678
(2, 1)
679
(2, 2)
680
(2, 2)
681
(2, 2)
682
(2, 2)
683
(2, 1)
684
(1, 2)
685
(1, 2)
686
(2, 1)
687
(2, 2)
688
(2, 2)
689
(2, 2)
690
(2, 1)
691
(2, 1)
692
(2, 1)
693
(2, 1)
694
(2, 1)
695
(2, 1)
696
(2, 1)
697
(2, 1)
698
(2, 1)
699
(2, 1)
700
(2, 1)
701
(2, 2)
702
(2, 2)
703
(2, 1)
704
(2, 2)
705
(2, 2)
706
(1, 2)
707
(2, 1)
708
(2, 1)
709
(2, 1)
710
(2, 1)
711
(2, 1)
712
(2, 1)
713
(2, 1)
714
(2, 1)
715
(2, 1)
716
(2, 2)
717
(2, 2)
718
(2, 2)
719
(2, 2)
720
(2, 2)
721
(2, 1)
722
(2, 2)
723
(2, 2)
724
(2, 1)
725
(2, 1)
726
(2, 1)
727
(2, 1)
728
(2, 1)
729
(2, 1)
730
(2, 1)
731
(2, 1)
732
(2, 2)
733
(2, 2)
734
(2, 3)
735
(2, 2)
736
(2, 2)
737
(3, 1)
738
(2, 1)
739
(2, 1)
740
(2, 3)
741
(2, 3)
742
(2, 3)
743
(2, 3)
744
(2, 2)
745
(2, 2)
746
(2, 3)
747
(2, 3)
748
(2, 3)
749
(2, 3)
750
(2, 3)
751
(3, 1)
752
(3, 3)
753
(3, 3)
754
(2, 3)
755
(3, 3)
756
(2, 3)
757
(2, 2)
758
(2, 2)
759
(2, 1)
760
(2, 2)
761
(2, 2)
762
(3, 1)
763
(2, 2)
764
(2, 1)
765
(3, 3)
766
(3, 3)
767
(3, 3)
768
(3, 3)
769
(2, 3)
770
(2, 2)
771
(2, 2)
772
(2, 1)
773
(2, 1)
774
(3, 3)
775
(3, 3)
776
(3, 3)
777
(3, 3)
778
(2, 2)
779
(3, 3)
780
(3, 3)
781
(3, 3)
782
(3, 3)
783
(2, 2)
784
(3, 2)
785
(3, 2)
786
(2, 2)
787
(2, 1)
788
(2, 1)
789
(2, 1)
790
(3, 2)
791
(3, 2)
792
(3, 3)
793
(3, 3)
794
(3, 3)
795
(3, 3)
796
(3, 2)
797
(3, 2)
798
(2, 1)
799
(2, 1)
800
(2, 1)
801
(2, 1)
802
(3, 1)
803
(3, 2)
804
(3, 3)
805
(3, 3)
806
(3, 3)
807
(3, 3)
808
(3, 2)
809
(3, 2)
810
(2, 1)
811
(2, 1)
812
(2, 1)
813
(2, 1)
814
(2, 1)
815
(3, 2)
816
(3, 3)
817
(3, 3)
818
(3, 3)
819
(3, 3)
820
(2, 2)
821
(2, 1)
822
(4, 3)
823
(4, 3)
824
(3, 3)
825
(3, 2)
826
(3, 2)
827
(3, 1)
828
(2, 1)
829
(2, 1)
830
(2, 1)
831
(2, 1)
832
(2, 1)
833
(4, 3)
834
(3, 3)
835
(3, 2)
836
(3, 2)
837
(3, 1)
838
(2, 1)
839
(2, 1)
840
(2, 1)
841
(2, 1)
842
(2, 1)
843
(3, 2)
844
(2, 2)
845
(2, 2)
846
(3, 2)
847
(3, 2)
848
(3, 1)
849
(3, 2)
850
(3, 2)
851
(3, 2)
852
(3, 1)
853
(3, 1)
854
(4, 3)
855
(4, 3)
856
(4, 3)
857
(4, 3)
858
(3, 3)
859
(3, 2)
860
(3, 2)
861
(3, 1)
862
(3, 1)
863
(2, 1)
864
(2, 1)
865
(2, 1)
866
(2, 1)
867
(2, 1)
868
(4, 3)
869
(4, 3)
870
(4, 3)
871
(4, 3)
872
(3, 2)
873
(3, 2)
874
(3, 1)
875
(3, 1)
876
(2, 1)
877
(2, 1)
878
(2, 1)
879
(2, 1)
880
(2, 1)
881
(4, 3)
882
(4, 3)
883
(4, 3)
884
(4, 3)
885
(3, 2)
886
(3, 2)
887
(3, 1)
888
(3, 1)
889
(4, 2)
890
(4, 2)
891
(3, 2)
892
(3, 1)
893
(3, 1)
894
(3, 1)
895
(4, 2)
896
(4, 2)
897
(4, 3)
898
(4, 3)
899
(4, 3)
900
(4, 2)
901
(3, 2)
902
(3, 1)
903
(3, 1)
904
(3, 1)
905
(4, 3)
906
(3, 2)
907
(3, 1)
908
(3, 2)
909
(4, 2)
910
(4, 2)
911
(3, 2)
912
(3, 2)
913
(3, 1)
914
(4, 3)
915
(4, 3)
916
(4, 3)
917
(4, 3)
918
(4, 2)
919
(4, 2)
920
(3, 1)
921
(3, 1)
922
(3, 1)
923
(3, 1)
924
(3, 1)
925
(4, 2)
926
(4, 3)
927
(4, 3)
928
(4, 3)
929
(4, 2)
930
(4, 2)
931
(3, 1)
932
(3, 1)
933
(3, 1)
934
(3, 1)
935
(3, 1)
936
(4, 3)
937
(4, 3)
938
(4, 3)
939
(3, 2)
940
(4, 2)
941
(3, 1)
942
(4, 1)
943
(4, 1)
944
(5, 3)
945
(5, 3)
946
(4, 3)
947
(4, 2)
948
(4, 2)
949
(4, 1)
950
(3, 1)
951
(3, 1)
952
(3, 1)
953
(3, 1)
954
(3, 1)
955
(5, 3)
956
(4, 3)
957
(4, 2)
958
(4, 2)
959
(4, 1)
960
(3, 1)
961
(3, 1)
962
(3, 1)
963
(3, 1)
964
(3, 1)
965
(4, 2)
966
(3, 2)
967
(3, 2)
968
(3, 1)
969
(4, 2)
970
(4, 2)
971
(4, 2)
972
(3, 1)
973
(3, 1)
974
(4, 2)
975
(4, 1)
976
(4, 1)
977
(4, 2)
978
(4, 1)
979
(4, 1)
980
(4, 1)
981
(5, 3)
982
(3, 1)
983
(3, 1)
984
(3, 1)
985
(3, 1)
986
(4, 2)
987
(3, 2)
988
(3, 1)
989
(3, 1)
990
(5, 3)
991
(5, 3)
992
(5, 3)
993
(4, 3)
994
(4, 2)
995
(4, 2)
996
(4, 1)
997
(4, 1)
998
(3, 1)
999
(3, 1)
1000
(3, 1)
1001
(3, 1)
1002
(3, 1)
1003
(3, 1)
1004
(3, 1)
1005
(3, 1)
1006
(3, 1)
1007
(3, 1)
1008
(3, 1)
1009
(3, 1)
1010
(3, 2)
1011
(3, 2)
1012
(3, 1)
1013
(3, 1)
1014
(3, 1)
1015
(3, 1)
1016
(3, 1)
1017
(3, 1)
1018
(3, 1)
1019
(3, 1)
1020
(3, 2)
1021
(3, 2)
1022
(3, 1)
1023
(3, 1)
1024
(3, 1)
1025
(3, 1)
1026
(3, 1)
1027
(3, 1)
1028
(3, 1)
1029
(3, 2)
1030
(3, 2)
1031
(5, 3)
1032
(5, 3)
1033
(5, 3)
1034
(4, 2)
1035
(4, 2)
1036
(4, 1)
1037
(4, 1)
1038
(3, 1)
1039
(3, 1)
1040
(3, 1)
1041
(3, 1)
1042
(3, 1)
1043
(5, 3)
1044
(5, 3)
1045
(5, 3)
1046
(4, 2)
1047
(4, 2)
1048
(4, 1)
1049
(4, 1)
1050
(3, 1)
1051
(3, 1)
1052
(3, 1)
1053
(3, 1)
1054
(3, 1)
1055
(3, 1)
1056
(3, 1)
1057
(4, 2)
1058
(5, 2)
1059
(4, 2)
1060
(4, 1)
1061
(4, 1)
1062
(4, 1)
1063
(3, 2)
1064
(3, 1)
1065
(4, 2)
1066
(4, 2)
1067
(5, 2)
1068
(4, 2)
1069
(4, 1)
1070
(4, 1)
1071
(4, 1)
1072
(3, 1)
1073
(3, 1)
1074
(3, 1)
1075
(4, 1)
1076
(4, 1)
1077
(4, 1)
1078
(4, 1)
1079
(4, 1)
1080
(4, 1)
1081
(4, 1)
1082
(4, 2)
1083
(4, 2)
1084
(4, 1)
1085
(4, 1)
1086
(4, 1)
1087
(4, 1)
1088
(4, 1)
1089
(4, 1)
1090
(4, 1)
1091
(4, 2)
1092
(4, 2)
1093
(4, 1)
1094
(4, 1)
1095
(4, 1)
1096
(4, 1)
1097
(4, 1)
1098
(4, 1)
1099
(4, 1)
1100
(4, 2)
1101
(4, 2)
1102
(4, 1)
1103
(5, 2)
1104
(5, 2)
1105
(5, 2)
1106
(3, 2)
1107
(4, 1)
1108
(4, 1)
1109
(4, 1)
1110
(5, 2)
1111
(3, 1)
1112
(3, 1)
1113
(4, 1)
1114
(4, 1)
1115
(4, 1)
1116
(3, 1)
1117
(3, 1)
1118
(4, 1)
1119
(5, 3)
1120
(4, 1)
1121
(5, 3)
1122
(4, 1)
1123
(5, 3)
1124
(5, 3)
1125
(5, 3)
1126
(5, 2)
1127
(4, 2)
1128
(4, 1)
1129
(4, 1)
1130
(4, 1)
1131
(3, 1)
1132
(3, 1)
1133
(3, 1)
1134
(3, 1)
1135
(3, 1)
1136
(5, 3)
1137
(5, 3)
1138
(5, 3)
1139
(3, 1)
1140
(3, 1)
1141
(4, 1)
1142
(5, 2)
1143
(5, 2)
1144
(5, 2)
1145
(3, 1)
1146
(3, 1)
1147
(3, 1)
1148
(3, 1)
1149
(3, 1)
1150
(3, 1)
1151
(3, 1)
1152
(3, 2)
1153
(3, 2)
1154
(3, 3)
1155
(3, 1)
1156
(3, 1)
1157
(3, 1)
1158
(3, 1)
1159
(3, 1)
1160
(3, 1)
1161
(3, 1)
1162
(3, 2)
1163
(3, 2)
1164
(3, 3)
1165
(3, 1)
1166
(3, 1)
1167
(3, 1)
1168
(3, 1)
1169
(3, 1)
1170
(3, 1)
1171
(4, 1)
1172
(4, 1)
1173
(4, 1)
1174
(4, 1)
1175
(5, 2)
1176
(4, 1)
1177
(4, 1)
1178
(5, 2)
1179
(5, 2)
1180
(5, 2)
1181
(4, 1)
1182
(4, 1)
1183
(4, 1)
1184
(4, 1)
1185
(4, 1)
1186
(4, 1)
1187
(4, 1)
1188
(4, 1)
1189
(4, 1)
1190
(4, 1)
1191
(4, 1)
1192
(5, 2)
1193
(4, 1)
1194
(4, 1)
1195
(4, 1)
1196
(4, 1)
1197
(4, 1)
1198
(4, 1)
1199
(4, 1)
1200
(4, 1)
1201
(4, 1)
1202
(4, 1)
1203
(4, 2)
1204
(4, 2)
1205
(4, 3)
1206
(5, 3)
1207
(4, 1)
1208
(4, 1)
1209
(4, 1)
1210
(4, 1)
1211
(4, 1)
1212
(4, 1)
1213
(4, 1)
1214
(4, 2)
1215
(4, 2)
1216
(4, 3)
1217
(4, 1)
1218
(4, 1)
1219
(4, 1)
1220
(4, 1)
1221
(4, 1)
1222
(4, 1)
1223
(4, 1)
1224
(4, 2)
1225
(4, 2)
1226
(4, 3)
1227
(4, 1)
1228
(4, 1)
1229
(4, 1)
1230
(4, 1)
1231
(4, 1)
1232
(4, 1)
1233
(4, 1)
1234
(4, 1)
1235
(4, 1)
1236
(4, 1)
1237
(4, 1)
1238
(4, 2)
1239
(4, 2)
1240
(4, 3)
1241
(4, 1)
1242
(4, 1)
1243
(4, 1)
1244
(4, 1)
1245
(4, 1)
1246
(4, 1)
1247
(4, 1)
1248
(4, 2)
1249
(4, 2)
1250
(4, 3)
1251
(4, 1)
1252
(4, 1)
1253
(4, 1)
1254
(4, 1)
1255
(4, 1)
1256
(4, 1)
1257
(4, 1)
1258
(4, 2)
1259
(4, 2)
1260
(4, 3)
1261
(5, 3)
1262
(5, 3)
1263
(5, 3)
1264
(5, 2)
1265
(5, 2)
1266
(4, 1)
1267
(4, 1)
1268
(4, 1)
1269
(4, 1)
1270
(4, 1)
1271
(4, 1)
1272
(4, 1)
1273
(4, 1)
1274
(4, 1)
1275
(4, 1)
1276
(4, 1)
1277
(5, 3)
1278
(5, 3)
1279
(5, 2)
1280
(5, 1)
1281
(5, 1)
1282
(4, 1)
1283
(4, 1)
1284
(4, 1)
1285
(4, 1)
1286
(5, 2)
1287
(5, 2)
1288
(4, 1)
1289
(4, 1)
1290
(4, 1)
1291
(4, 1)
1292
(5, 2)
1293
(6, 3)
1294
(4, 1)
1295
(4, 1)
1296
(4, 1)
1297
(6, 3)
1298
(5, 3)
1299
(5, 3)
1300
(5, 3)
1301
(5, 2)
1302
(5, 2)
1303
(5, 1)
1304
(4, 1)
1305
(4, 1)
1306
(4, 1)
1307
(4, 1)
1308
(4, 1)
1309
(5, 1)
1310
(4, 1)
1311
(4, 1)
1312
(6, 3)
1313
(5, 3)
1314
(5, 2)
1315
(5, 2)
1316
(5, 1)
1317
(6, 3)
1318
(5, 3)
1319
(6, 3)
1320
(4, 2)
1321
(4, 2)
1322
(4, 2)
1323
(4, 2)
1324
(4, 2)
1325
(4, 2)
1326
(4, 2)
1327
(4, 2)
1328
(5, 2)
1329
(2, 2)
1330
(3, 2)
1331
(5, 2)
1332
(4, 2)
1333
(4, 2)
1334
(5, 2)
1335
(3, 2)
1336
(3, 2)
1337
(4, 2)
1338
(2, 2)
1339
(5, 1)
1340
(4, 2)
1341
(5, 2)
1342
(5, 2)
1343
(4, 2)
1344
(4, 2)
1345
(4, 2)
1346
(4, 2)
1347
(4, 2)
1348
(5, 2)
1349
(5, 2)
1350
(4, 2)
1351
(4, 2)
1352
(4, 2)
1353
(5, 2)
1354
(4, 2)
1355
(4, 2)
1356
(5, 2)
1357
(5, 2)
1358
(5, 2)
1359
(4, 2)
1360
(4, 2)
1361
(5, 2)
1362
(5, 2)
1363
(4, 2)
1364
(4, 2)
1365
(6, 2)
1366
(6, 2)
1367
(4, 2)
1368
(3, 2)
1369
(5, 2)
1370
(6, 3)
1371
(6, 3)
1372
(6, 3)
1373
(5, 2)
1374
(5, 2)
1375
(6, 3)
1376
(6, 3)
1377
(6, 3)
1378
(5, 2)
1379
(5, 2)
1380
(5, 1)
1381
(5, 1)
1382
(6, 3)
1383
(6, 3)
1384
(6, 3)
1385
(6, 3)
1386
(6, 3)
1387
(4, 2)
1388
(4, 2)
1389
(5, 2)
1390
(6, 2)
1391
(6, 2)
1392
(2, 2)
1393
(4, 2)
1394
(4, 2)
1395
(4, 2)
1396
(5, 2)
1397
(5, 2)
1398
(5, 2)
1399
(5, 2)
1400
(5, 2)
1401
(4, 2)
1402
(5, 2)
1403
(5, 2)
1404
(5, 2)
1405
(5, 2)
1406
(5, 2)
1407
(5, 2)
1408
(6, 2)
1409
(6, 2)
1410
(6, 2)
1411
(6, 2)
1412
(3, 2)
1413
(5, 2)
1414
(5, 2)
1415
(5, 2)
1416
(5, 2)
1417
(5, 2)
1418
(4, 2)
1419
(5, 2)
1420
(5, 2)
1421
(5, 2)
1422
(5, 2)
1423
(5, 1)
1424
(5, 1)
1425
(5, 1)
1426
(5, 1)
1427
(5, 1)
1428
(5, 1)
1429
(5, 1)
1430
(5, 1)
1431
(5, 1)
1432
(3, 2)
1433
(5, 2)
1434
(5, 2)
1435
(6, 2)
1436
(6, 2)
1437
(5, 1)
1438
(5, 2)
1439
(6, 2)
1440
(6, 2)
1441
(5, 2)
1442
(5, 2)
1443
(5, 2)
1444
(5, 1)
1445
(6, 2)
1446
(5, 2)
1447
(5, 2)
1448
(5, 2)
1449
(5, 1)
1450
(6, 1)
1451
(3, 2)
1452
(3, 2)
1453
(4, 2)
1454
(6, 3)
1455
(6, 3)
1456
(6, 3)
1457
(5, 1)
1458
(5, 2)
1459
(5, 2)
1460
(6, 3)
1461
(6, 3)
1462
(6, 3)
1463
(5, 2)
1464
(6, 2)
1465
(6, 2)
1466
(3, 2)
1467
(5, 2)
1468
(5, 2)
1469
(5, 2)
1470
(6, 2)
1471
(6, 2)
1472
(6, 2)
1473
(6, 2)
1474
(5, 2)
1475
(5, 2)
1476
(5, 1)
1477
(5, 1)
1478
(6, 2)
1479
(6, 2)
1480
(6, 2)
1481
(6, 2)
1482
(5, 2)
1483
(5, 2)
1484
(5, 1)
1485
(5, 1)
1486
(6, 2)
1487
(6, 2)
1488
(5, 2)
1489
(5, 1)
1490
(5, 1)
1491
(5, 1)
1492
(6, 2)
1493
(5, 1)
1494
(6, 2)
1495
(6, 2)
1496
(6, 2)
1497
(6, 2)
1498
(6, 2)
1499
(5, 2)
1500
(6, 2)
1501
(4, 2)
1502
(6, 2)
1503
(6, 2)
1504
(6, 2)
1505
(6, 2)
1506
(6, 2)
1507
(5, 1)
1508
(5, 1)
1509
(5, 1)
1510
(5, 1)
1511
(5, 1)
1512
(5, 1)
1513
(5, 1)
1514
(5, 1)
1515
(3, 2)
1516
(5, 1)
1517
(6, 2)
1518
(6, 2)
1519
(6, 2)
1520
(6, 1)
1521
(5, 2)
1522
(5, 2)
1523
(5, 1)
1524
(6, 1)
1525
(6, 2)
1526
(5, 1)
1527
(5, 1)
1528
(6, 1)
1529
(6, 3)
1530
(6, 1)
1531
(6, 1)
1532
(6, 2)
1533
(6, 2)
1534
(6, 2)
1535
(6, 2)
1536
(6, 2)
1537
(6, 2)
1538
(6, 2)
1539
(5, 1)
1540
(5, 1)
1541
(5, 1)
1542
(5, 1)
1543
(5, 1)
1544
(6, 2)
1545
(6, 2)
1546
(5, 1)
1547
(5, 1)
1548
(5, 1)
1549
(5, 1)
1550
(6, 2)
1551
(6, 2)
1552
(6, 2)
1553
(6, 2)
1554
(6, 3)
1555
(6, 3)
1556
(6, 3)
1557
(6, 2)
1558
(6, 1)
1559
(7, 2)
1560
(7, 2)
1561
(6, 2)
1562
(6, 2)
1563
(6, 2)
1564
(6, 1)
1565
(5, 1)
1566
(5, 1)
1567
(5, 1)
1568
(5, 1)
1569
(5, 1)
1570
(7, 2)
1571
(6, 2)
1572
(6, 2)
1573
(6, 2)
1574
(6, 1)
1575
(5, 1)
1576
(5, 1)
1577
(5, 1)
1578
(5, 1)
1579
(5, 1)
1580
(6, 3)
1581
(6, 3)
1582
(4, 2)
1583
(5, 1)
1584
(5, 2)
1585
(4, 2)
1586
(6, 2)
1587
(5, 1)
1588
(5, 1)
1589
(6, 2)
1590
(6, 2)
1591
(4, 2)
1592
(6, 2)
1593
(6, 2)
1594
(6, 2)
1595
(5, 1)
1596
(5, 1)
1597
(5, 1)
1598
(6, 2)
1599
(5, 1)
1600
(6, 2)
1601
(6, 2)
1602
(6, 1)
1603
(5, 1)
1604
(5, 1)
1605
(5, 1)
1606
(5, 1)
1607
(5, 1)
1608
(5, 1)
1609
(5, 1)
1610
(5, 1)
1611
(5, 2)
1612
(5, 2)
1613
(5, 2)
1614
(5, 2)
1615
(5, 2)
1616
(5, 2)
1617
(5, 2)
1618
(5, 2)
1619
(6, 1)
1620
(4, 2)
1621
(7, 2)
1622
(7, 2)
1623
(7, 2)
1624
(7, 2)
1625
(6, 2)
1626
(6, 2)
1627
(6, 2)
1628
(6, 1)
1629
(6, 1)
1630
(5, 1)
1631
(5, 1)
1632
(5, 1)
1633
(5, 1)
1634
(5, 1)
1635
(7, 2)
1636
(7, 2)
1637
(7, 2)
1638
(6, 2)
1639
(6, 2)
1640
(6, 1)
1641
(6, 1)
1642
(5, 1)
1643
(5, 1)
1644
(5, 1)
1645
(5, 1)
1646
(5, 1)
1647
(6, 1)
1648
(5, 1)
1649
(5, 1)
1650
(6, 1)
1651
(6, 1)
1652
(6, 1)
1653
(6, 2)
1654
(6, 2)
1655
(6, 2)
1656
(7, 2)
1657
(5, 1)
1658
(5, 1)
1659
(6, 2)
1660
(7, 2)
1661
(7, 2)
1662
(6, 1)
1663
(6, 1)
1664
(6, 2)
1665
(5, 1)
1666
(5, 1)
1667
(7, 3)
1668
(5, 1)
1669
(5, 1)
1670
(6, 1)
1671
(6, 2)
1672
(5, 1)
1673
(5, 1)
1674
(6, 1)
1675
(7, 3)
1676
(7, 3)
1677
(6, 3)
1678
(6, 3)
1679
(7, 3)
1680
(6, 3)
1681
(7, 3)
1682
(6, 3)
1683
(6, 2)
1684
(6, 2)
1685
(6, 2)
1686
(5, 1)
1687
(5, 1)
1688
(5, 1)
1689
(5, 1)
1690
(5, 1)
1691
(5, 1)
1692
(5, 1)
1693
(5, 1)
1694
(5, 1)
1695
(5, 2)
1696
(5, 2)
1697
(5, 2)
1698
(5, 2)
1699
(5, 2)
1700
(5, 2)
1701
(5, 2)
1702
(5, 2)
1703
(5, 3)
1704
(5, 1)
1705
(5, 1)
1706
(5, 1)
1707
(5, 1)
1708
(5, 1)
1709
(5, 1)
1710
(5, 1)
1711
(5, 1)
1712
(5, 2)
1713
(5, 2)
1714
(5, 2)
1715
(5, 1)
1716
(5, 1)
1717
(5, 1)
1718
(5, 1)
1719
(5, 1)
1720
(5, 1)
1721
(5, 1)
1722
(5, 1)
1723
(5, 2)
1724
(5, 1)
1725
(6, 2)
1726
(6, 2)
1727
(5, 1)
1728
(5, 1)
1729
(5, 1)
1730
(5, 1)
1731
(5, 1)
1732
(5, 2)
1733
(5, 2)
1734
(5, 1)
1735
(5, 1)
1736
(5, 1)
1737
(5, 1)
1738
(5, 1)
1739
(5, 2)
1740
(5, 2)
1741
(7, 2)
1742
(6, 1)
1743
(7, 2)
1744
(7, 2)
1745
(7, 2)
1746
(7, 2)
1747
(7, 2)
1748
(7, 2)
1749
(6, 2)
1750
(6, 2)
1751
(6, 1)
1752
(6, 1)
1753
(5, 1)
1754
(5, 1)
1755
(5, 1)
1756
(5, 1)
1757
(5, 1)
1758
(7, 2)
1759
(6, 2)
1760
(6, 1)
1761
(6, 1)
1762
(6, 1)
1763
(5, 1)
1764
(5, 1)
1765
(5, 1)
1766
(5, 1)
1767
(5, 1)
1768
(6, 1)
1769
(7, 2)
1770
(7, 2)
1771
(7, 2)
1772
(6, 2)
1773
(6, 1)
1774
(6, 1)
1775
(6, 1)
1776
(5, 1)
1777
(5, 1)
1778
(5, 1)
1779
(5, 1)
1780
(5, 1)
1781
(7, 2)
1782
(7, 2)
1783
(6, 1)
1784
(6, 1)
1785
(6, 1)
1786
(6, 2)
1787
(5, 1)
1788
(6, 1)
1789
(6, 1)
1790
(6, 1)
1791
(6, 1)
1792
(6, 1)
1793
(6, 1)
1794
(6, 1)
1795
(6, 1)
1796
(6, 2)
1797
(6, 2)
1798
(6, 2)
1799
(6, 2)
1800
(6, 2)
1801
(6, 2)
1802
(6, 2)
1803
(6, 2)
1804
(6, 2)
1805
(6, 2)
1806
(6, 2)
1807
(6, 1)
1808
(7, 2)
1809
(7, 2)
1810
(7, 2)
1811
(5, 1)
1812
(6, 1)
1813
(6, 1)
1814
(6, 1)
1815
(5, 1)
1816
(5, 1)
1817
(4, 2)
1818
(6, 1)
1819
(6, 1)
1820
(6, 1)
1821
(7, 2)
1822
(7, 2)
1823
(4, 2)
1824
(7, 2)
1825
(6, 1)
1826
(6, 1)
1827
(6, 1)
1828
(6, 1)
1829
(6, 1)
1830
(6, 1)
1831
(6, 1)
1832
(6, 1)
1833
(6, 1)
1834
(6, 1)
1835
(6, 1)
1836
(6, 2)
1837
(6, 2)
1838
(6, 2)
1839
(7, 2)
1840
(7, 2)
1841
(6, 1)
1842
(6, 1)
1843
(6, 2)
1844
(7, 3)
1845
(7, 3)
1846
(6, 1)
1847
(6, 1)
1848
(6, 1)
1849
(6, 1)
1850
(6, 1)
1851
(7, 3)
1852
(7, 3)
1853
(7, 3)
1854
(7, 3)
1855
(7, 3)
1856
(7, 3)
1857
(7, 3)
1858
(7, 3)
1859
(6, 2)
1860
(6, 2)
1861
(6, 1)
1862
(7, 2)
1863
(7, 2)
1864
(7, 2)
1865
(6, 1)
1866
(6, 1)
1867
(6, 1)
1868
(6, 1)
1869
(6, 1)
1870
(6, 1)
1871
(6, 1)
1872
(6, 2)
1873
(6, 2)
1874
(6, 1)
1875
(6, 1)
1876
(6, 1)
1877
(6, 1)
1878
(6, 1)
1879
(6, 2)
1880
(6, 2)
1881
(6, 1)
1882
(6, 1)
1883
(6, 1)
1884
(6, 1)
1885
(6, 1)
1886
(6, 2)
1887
(6, 2)
1888
(6, 1)
1889
(7, 2)
1890
(6, 1)
1891
(7, 2)
1892
(7, 2)
1893
(7, 2)
1894
(7, 2)
1895
(7, 2)
1896
(6, 1)
1897
(6, 1)
1898
(6, 1)
1899
(6, 1)
1900
(6, 1)
1901
(7, 2)
1902
(7, 2)
1903
(6, 1)
1904
(6, 1)
1905
(7, 2)
1906
(7, 2)
1907
(7, 2)
1908
(7, 2)
1909
(7, 2)
1910
(7, 2)
1911
(7, 2)
1912
(7, 2)
1913
(7, 2)
1914
(7, 2)
1915
(7, 2)
1916
(7, 2)
1917
(7, 2)
1918
(7, 2)
1919
(7, 2)
1920
(6, 1)
1921
(7, 2)
1922
(6, 1)
1923
(6, 1)
1924
(6, 1)
1925
(5, 2)
1926
(6, 1)
1927
(4, 2)
1928
(6, 2)
1929
(4, 2)
1930
(6, 2)
1931
(7, 2)
1932
(6, 1)
1933
(6, 1)
1934
(6, 1)
1935
(6, 1)
1936
(6, 1)
1937
(6, 1)
1938
(6, 1)
1939
(6, 1)
1940
(6, 1)
1941
(6, 1)
1942
(6, 1)
1943
(6, 1)
1944
(7, 1)
1945
(6, 1)
1946
(6, 1)
1947
(7, 2)
1948
(6, 1)
1949
(6, 1)
1950
(6, 1)
1951
(6, 1)
1952
(6, 1)
1953
(6, 1)
1954
(6, 1)
1955
(6, 1)
1956
(6, 2)
1957
(6, 2)
1958
(6, 2)
1959
(6, 2)
1960
(6, 2)
1961
(6, 2)
1962
(6, 2)
1963
(6, 2)
1964
(6, 3)
1965
(6, 1)
1966
(6, 1)
1967
(6, 1)
1968
(6, 1)
1969
(6, 1)
1970
(6, 1)
1971
(6, 1)
1972
(6, 1)
1973
(6, 2)
1974
(6, 2)
1975
(6, 2)
1976
(6, 1)
1977
(6, 1)
1978
(6, 1)
1979
(6, 1)
1980
(6, 1)
1981
(6, 1)
1982
(6, 1)
1983
(6, 1)
1984
(6, 2)
1985
(6, 1)
1986
(6, 1)
1987
(7, 2)
1988
(7, 1)
1989
(7, 1)
1990
(7, 1)
1991
(7, 2)
1992
(6, 1)
1993
(7, 3)
1994
(7, 3)
1995
(6, 1)
1996
(6, 1)
1997
(6, 1)
1998
(6, 1)
1999
(6, 1)
2000
(6, 1)
2001
(7, 3)
2002
(7, 3)
2003
(7, 3)
2004
(7, 2)
2005
(7, 2)
2006
(7, 3)
2007
(7, 3)
2008
(7, 3)
2009
(8, 3)
2010
(8, 3)
2011
(8, 3)
2012
(8, 2)
2013
(8, 2)
2014
(6, 1)
2015
(6, 1)
2016
(8, 2)
2017
(6, 1)
2018
(6, 1)
2019
(6, 1)
2020
(6, 1)
2021
(5, 2)
2022
(7, 1)
2023
(7, 1)
2024
(8, 2)
2025
(7, 2)
2026
(7, 2)
2027
(7, 2)
2028
(7, 1)
2029
(8, 2)
2030
(7, 2)
2031
(7, 2)
2032
(7, 2)
2033
(7, 1)
2034
(8, 2)
2035
(7, 2)
2036
(8, 2)
2037
(8, 2)
2038
(7, 1)
2039
(7, 1)
2040
(8, 3)
2041
(8, 3)
2042
(5, 2)
2043
(5, 2)
2044
(7, 2)
2045
(7, 2)
2046
(7, 2)
2047
(7, 2)
2048
(7, 2)
2049
(7, 2)
2050
(7, 1)
2051
(8, 3)
2052
(8, 3)
2053
(7, 2)
2054
(7, 1)
2055
(7, 1)
2056
(5, 2)
2057
(7, 2)
2058
(7, 2)
2059
(8, 3)
2060
(8, 3)
2061
(8, 3)
2062
(8, 3)
2063
(8, 3)
2064
(8, 3)
2065
(7, 2)
2066
(7, 2)
2067
(7, 2)
2068
(7, 1)
2069
(7, 1)
2070
(7, 1)
2071
(5, 2)
2072
(7, 1)
2073
(8, 2)
2074
(8, 2)
2075
(8, 2)
2076
(7, 1)
2077
(7, 1)
2078
(7, 3)
2079
(7, 3)
2080
(7, 3)
2081
(7, 3)
2082
(7, 3)
2083
(5, 2)
2084
(7, 3)
2085
(7, 3)
2086
(7, 3)
2087
(7, 2)
2088
(7, 2)
2089
(7, 2)
2090
(7, 3)
2091
(7, 3)
2092
(7, 3)
2093
(7, 3)
2094
(8, 3)
2095
(8, 3)
2096
(8, 3)
2097
(7, 1)
2098
(7, 1)
2099
(7, 1)
2100
(7, 1)
2101
(7, 2)
2102
(7, 2)
2103
(7, 1)
2104
(7, 1)
2105
(7, 1)
2106
(8, 3)
2107
(8, 3)
2108
(8, 3)
2109
(8, 3)
2110
(8, 3)
2111
(8, 3)
2112
(8, 3)
2113
(7, 2)
2114
(7, 2)
2115
(7, 2)
2116
(8, 2)
2117
(8, 2)
2118
(7, 1)
2119
(7, 1)
2120
(7, 1)
2121
(7, 1)
2122
(7, 2)
2123
(7, 2)
2124
(7, 1)
2125
(7, 1)
2126
(7, 1)
2127
(7, 1)
2128
(7, 1)
2129
(8, 2)
2130
(8, 3)
2131
(8, 3)
2132
(8, 3)
2133
(8, 3)
2134
(8, 3)
2135
(8, 3)
2136
(8, 3)
2137
(7, 1)
2138
(7, 2)
2139
(7, 2)
2140
(7, 1)
2141
(7, 1)
2142
(7, 1)
2143
(7, 1)
2144
(7, 1)
2145
(7, 1)
2146
(7, 1)
2147
(7, 1)
2148
(7, 2)
2149
(7, 2)
2150
(7, 2)
2151
(7, 2)
2152
(7, 2)
2153
(7, 2)
2154
(7, 2)
2155
(7, 2)
2156
(7, 1)
2157
(7, 1)
2158
(7, 1)
2159
(7, 1)
2160
(7, 1)
2161
(7, 1)
2162
(7, 1)
2163
(7, 1)
2164
(7, 2)
2165
(7, 2)
2166
(7, 2)
2167
(8, 2)
2168
(8, 2)
2169
(8, 2)
2170
(7, 1)
2171
(7, 1)
2172
(7, 2)
2173
(8, 3)
2174
(8, 3)
2175
(8, 3)
2176
(8, 1)
2177
(8, 3)
2178
(8, 3)
2179
(8, 3)
2180
(7, 1)
2181
(8, 3)
2182
(7, 1)
2183
(7, 1)
2184
(8, 3)
2185
(7, 3)
2186
(7, 2)
2187
(7, 2)
2188
(7, 1)
2189
(8, 3)
2190
(7, 3)
2191
(8, 3)
2192
(7, 3)
2193
(7, 2)
2194
(7, 1)
2195
(7, 1)
2196
(7, 1)
2197
(7, 1)
2198
(8, 3)
2199
(8, 3)
2200
(8, 3)
2201
(8, 3)
2202
(8, 3)
2203
(8, 3)
2204
(8, 3)
2205
(7, 2)
2206
(7, 2)
2207
(7, 1)
2208
(7, 1)
2209
(7, 1)
2210
(7, 1)
2211
(7, 1)
2212
(8, 3)
2213
(8, 3)
2214
(8, 3)
2215
(8, 3)
2216
(8, 3)
2217
(8, 3)
2218
(8, 2)
2219
(8, 2)
2220
(7, 1)
2221
(7, 1)
2222
(7, 1)
2223
(7, 2)
2224
(7, 2)
2225
(7, 1)
2226
(7, 1)
2227
(7, 1)
2228
(7, 1)
2229
(7, 1)
2230
(7, 1)
2231
(7, 1)
2232
(7, 1)
2233
(7, 1)
2234
(7, 2)
2235
(7, 2)
2236
(7, 2)
2237
(7, 2)
2238
(7, 2)
2239
(7, 2)
2240
(7, 2)
2241
(7, 2)
2242
(7, 3)
2243
(7, 1)
2244
(7, 1)
2245
(7, 1)
2246
(7, 1)
2247
(7, 1)
2248
(7, 1)
2249
(7, 2)
2250
(7, 2)
2251
(7, 2)
2252
(7, 1)
2253
(7, 1)
2254
(7, 1)
2255
(7, 1)
2256
(7, 1)
2257
(7, 1)
2258
(7, 1)
2259
(7, 1)
2260
(7, 1)
2261
(7, 1)
2262
(8, 2)
2263
(8, 2)
2264
(8, 2)
2265
(8, 3)
2266
(8, 3)
2267
(8, 3)
2268
(8, 3)
2269
(8, 3)
2270
(8, 3)
2271
(8, 3)
2272
(7, 1)
2273
(7, 1)
2274
(7, 1)
2275
(6, 2)
2276
(8, 2)
2277
(8, 2)
2278
(8, 2)
2279
(8, 2)
2280
(8, 2)
2281
(7, 1)
2282
(7, 1)
2283
(7, 1)
2284
(7, 1)
2285
(7, 1)
2286
(7, 1)
2287
(7, 1)
2288
(7, 1)
2289
(8, 3)
2290
(8, 3)
2291
(8, 3)
2292
(8, 3)
2293
(8, 3)
2294
(8, 3)
2295
(7, 1)
2296
(8, 1)
2297
(7, 1)
2298
(8, 3)
2299
(8, 3)
2300
(8, 3)
2301
(7, 2)
2302
(7, 2)
2303
(8, 1)
2304
(8, 1)
2305
(7, 1)
2306
(8, 1)
2307
(7, 1)
2308
(7, 1)
2309
(8, 3)
2310
(8, 3)
2311
(8, 3)
2312
(8, 3)
2313
(8, 3)
2314
(8, 3)
2315
(8, 3)
2316
(7, 1)
2317
(7, 1)
2318
(7, 1)
2319
(8, 3)
2320
(8, 3)
2321
(8, 3)
2322
(8, 3)
2323
(8, 3)
2324
(8, 3)
2325
(8, 3)
2326
(8, 3)
2327
(8, 3)
2328
(8, 3)
2329
(8, 3)
2330
(8, 3)
2331
(8, 3)
2332
(8, 3)
2333
(8, 3)
2334
(8, 3)
2335
(8, 3)
2336
(7, 1)
2337
(7, 1)
2338
(7, 1)
2339
(7, 1)
2340
(7, 1)
2341
(7, 1)
2342
(7, 2)
2343
(7, 2)
2344
(7, 2)
2345
(7, 2)
2346
(7, 2)
2347
(7, 2)
2348
(7, 2)
2349
(7, 2)
2350
(7, 3)
2351
(7, 1)
2352
(7, 1)
2353
(7, 1)
2354
(7, 1)
2355
(7, 1)
2356
(7, 1)
2357
(7, 2)
2358
(7, 2)
2359
(7, 2)
2360
(7, 1)
2361
(7, 1)
2362
(7, 1)
2363
(7, 1)
2364
(7, 1)
2365
(7, 1)
2366
(7, 2)
2367
(7, 1)
2368
(7, 1)
2369
(8, 2)
2370
(7, 1)
2371
(7, 1)
2372
(7, 1)
2373
(7, 1)
2374
(7, 1)
2375
(7, 1)
2376
(7, 1)
2377
(8, 1)
2378
(7, 1)
2379
(8, 1)
2380
(8, 1)
2381
(7, 1)
2382
(7, 1)
2383
(7, 1)
2384
(7, 1)
2385
(8, 2)
2386
(8, 2)
2387
(7, 1)
2388
(7, 1)
2389
(8, 3)
2390
(8, 3)
2391
(8, 3)
2392
(8, 3)
2393
(8, 3)
2394
(8, 3)
2395
(8, 2)
2396
(8, 2)
2397
(8, 2)
2398
(8, 2)
2399
(8, 2)
2400
(8, 2)
2401
(8, 1)
2402
(8, 1)
2403
(8, 1)
2404
(8, 2)
2405
(8, 2)
2406
(8, 2)
2407
(9, 3)
2408
(9, 3)
2409
(9, 3)
2410
(8, 1)
2411
(8, 1)
2412
(8, 1)
2413
(6, 2)
2414
(8, 3)
2415
(8, 3)
2416
(8, 3)
2417
(8, 1)
2418
(8, 1)
2419
(8, 3)
2420
(8, 3)
2421
(8, 3)
2422
(8, 3)
2423
(8, 3)
2424
(8, 3)
2425
(8, 3)
2426
(8, 1)
2427
(8, 3)
2428
(8, 3)
2429
(8, 3)
2430
(8, 3)
2431
(8, 3)
2432
(8, 3)
2433
(8, 3)
2434
(8, 3)
2435
(8, 3)
2436
(8, 3)
2437
(8, 3)
2438
(8, 3)
2439
(8, 3)
2440
(8, 3)
2441
(8, 1)
2442
(8, 1)
2443
(8, 1)
2444
(8, 2)
2445
(8, 2)
2446
(8, 2)
2447
(8, 2)
2448
(8, 1)
2449
(8, 1)
2450
(8, 1)
2451
(8, 1)
2452
(8, 1)
2453
(8, 4)
2454
(8, 4)
2455
(8, 4)
2456
(8, 4)
2457
(8, 4)
2458
(8, 4)
2459
(8, 4)
2460
(8, 3)
2461
(8, 3)
2462
(8, 3)
2463
(8, 3)
2464
(8, 3)
2465
(8, 3)
2466
(8, 3)
2467
(8, 1)
2468
(8, 1)
2469
(8, 2)
2470
(8, 2)
2471
(8, 2)
2472
(8, 1)
2473
(8, 1)
2474
(8, 1)
2475
(8, 1)
2476
(8, 1)
2477
(8, 1)
2478
(8, 1)
2479
(8, 1)
2480
(8, 1)
2481
(8, 1)
2482
(8, 1)
2483
(8, 1)
2484
(8, 3)
2485
(8, 3)
2486
(8, 3)
2487
(8, 3)
2488
(8, 3)
2489
(8, 1)
2490
(8, 1)
2491
(8, 1)
2492
(8, 1)
2493
(8, 3)
2494
(8, 3)
2495
(8, 3)
2496
(8, 3)
2497
(8, 3)
2498
(8, 3)
2499
(8, 3)
2500
(8, 3)
2501
(8, 3)
2502
(8, 3)
2503
(8, 3)
2504
(8, 3)
2505
(8, 3)
2506
(8, 3)
2507
(8, 1)
2508
(8, 1)
2509
(8, 1)
2510
(8, 1)
2511
(8, 1)
2512
(8, 1)
2513
(8, 2)
2514
(8, 2)
2515
(8, 3)
2516
(8, 1)
2517
(8, 1)
2518
(8, 1)
2519
(8, 1)
2520
(8, 1)
2521
(8, 1)
2522
(8, 2)
2523
(8, 2)
2524
(8, 1)
2525
(8, 1)
2526
(8, 1)
2527
(8, 1)
2528
(8, 1)
2529
(8, 1)
2530
(8, 2)
2531
(8, 2)
2532
(8, 1)
2533
(8, 1)
2534
(8, 1)
2535
(8, 2)
2536
(8, 2)
2537
(8, 2)
2538
(8, 1)
2539
(8, 1)
2540
(8, 1)
2541
(8, 1)
2542
(8, 1)
2543
(8, 1)
2544
(8, 4)
2545
(8, 4)
2546
(8, 4)
2547
(8, 4)
2548
(8, 1)
2549
(8, 1)
2550
(8, 1)
2551
(9, 2)
2552
(9, 2)
2553
(8, 1)
2554
(8, 1)
2555
(8, 1)
2556
(8, 1)
2557
(9, 2)
2558
(9, 2)
2559
(9, 3)
2560
(9, 3)
2561
(8, 4)
2562
(8, 4)
2563
(8, 4)
2564
(8, 1)
2565
(8, 1)
2566
(8, 1)
2567
(8, 4)
2568
(8, 4)
2569
(8, 4)
2570
(8, 4)
2571
(8, 1)
2572
(8, 1)
2573
(8, 1)
2574
(8, 1)
2575
(9, 3)
2576
(9, 3)
2577
(9, 3)
2578
(8, 2)
2579
(8, 2)
2580
(8, 2)
2581
(9, 1)
2582
(9, 1)
2583
(8, 1)
2584
(8, 1)
2585
(9, 1)
2586
(9, 1)
2587
(9, 1)
2588
(8, 4)
2589
(8, 4)
2590
(8, 4)
2591
(8, 4)
2592
(8, 4)
2593
(8, 4)
2594
(8, 4)
2595
(9, 1)
2596
(9, 1)
2597
(9, 1)
2598
(8, 1)
2599
(8, 1)
2600
(8, 1)
2601
(9, 2)
2602
(9, 2)
2603
(9, 2)
2604
(8, 1)
2605
(8, 1)
2606
(8, 1)
2607
(9, 2)
2608
(9, 2)
2609
(9, 2)
2610
(9, 3)
2611
(9, 3)
2612
(9, 3)
2613
(8, 4)
2614
(8, 4)
2615
(8, 4)
2616
(8, 4)
2617
(8, 4)
2618
(9, 1)
2619
(9, 1)
2620
(9, 1)
2621
(8, 1)
2622
(8, 1)
2623
(8, 1)
2624
(8, 1)
2625
(8, 1)
2626
(9, 1)
2627
(9, 1)
2628
(9, 1)
2629
(8, 1)
2630
(9, 1)
2631
(9, 1)
2632
(9, 1)
2633
(9, 1)
2634
(9, 1)
2635
(9, 2)
2636
(9, 2)
2637
(9, 2)
2638
(8, 5)
2639
(8, 5)
2640
(8, 5)
2641
(8, 5)
2642
(8, 5)
2643
(8, 5)
2644
(8, 5)
2645
(9, 1)
2646
(9, 1)
2647
(9, 1)
2648
(9, 2)
2649
(9, 2)
2650
(9, 2)
2651
(10, 3)
2652
(10, 3)
2653
(10, 3)
2654
(8, 4)
2655
(8, 4)
2656
(8, 4)
2657
(9, 1)
2658
(9, 1)
2659
(8, 4)
2660
(8, 4)
2661
(8, 4)
2662
(8, 4)
2663
(9, 1)
2664
(9, 1)
2665
(9, 1)
2666
(9, 3)
2667
(9, 3)
2668
(9, 1)
2669
(9, 1)
2670
(9, 1)
2671
(9, 1)
2672
(9, 1)
2673
(9, 1)
2674
(9, 1)
2675
(9, 1)
2676
(9, 1)
2677
(9, 1)
2678
(9, 1)
2679
(8, 5)
2680
(8, 5)
2681
(8, 5)
2682
(8, 5)
2683
(8, 5)
2684
(8, 5)
2685
(8, 5)
2686
(9, 4)
2687
(9, 4)
2688
(9, 4)
2689
(9, 1)
2690
(9, 1)
2691
(9, 1)
2692
(9, 1)
2693
(9, 1)
2694
(9, 1)
2695
(9, 1)
2696
(9, 1)
2697
(9, 1)
2698
(10, 3)
2699
(10, 3)
2700
(10, 3)
2701
(9, 1)
2702
(9, 1)
2703
(9, 1)
2704
(9, 1)
2705
(9, 1)
2706
(9, 1)
2707
(9, 1)
2708
(9, 1)
2709
(8, 5)
2710
(8, 5)
2711
(8, 5)
2712
(8, 5)
2713
(8, 5)
2714
(8, 5)
2715
(8, 5)
2716
(10, 2)
2717
(10, 2)
2718
(8, 5)
2719
(8, 5)
2720
(8, 5)
2721
(8, 5)
2722
(8, 5)
2723
(8, 5)
2724
(8, 5)
2725
(10, 1)
2726
(10, 1)
2727
(10, 1)
2728
(10, 1)
2729
(10, 2)
2730
(10, 2)
2731
(10, 3)
2732
(10, 3)
2733
(10, 3)
2734
(10, 3)
2735
(9, 1)
2736
(9, 1)
2737
(9, 1)
2738
(10, 1)
2739
(10, 1)
2740
(10, 1)
2741
(10, 1)
2742
(10, 1)
2743
(9, 1)
2744
(9, 1)
2745
(9, 1)
2746
(10, 3)
2747
(10, 3)
2748
(10, 3)
2749
(10, 1)
2750
(10, 1)
2751
(10, 1)
2752
(8, 5)
2753
(8, 5)
2754
(8, 5)
2755
(9, 1)
2756
(9, 1)
2757
(9, 1)
2758
(8, 5)
2759
(8, 5)
2760
(8, 5)
2761
(8, 5)
2762
(10, 1)
2763
(10, 1)
2764
(10, 2)
2765
(10, 2)
2766
(10, 2)
2767
(10, 3)
2768
(10, 3)
2769
(10, 4)
2770
(10, 4)
2771
(9, 1)
2772
(9, 1)
2773
(9, 1)
2774
(10, 3)
2775
(11, 2)
2776
(11, 2)
2777
(11, 2)
2778
(11, 2)
2779
(10, 1)
2780
(11, 2)
2781
(11, 2)
2782
(11, 2)
2783
(11, 2)
2784
(11, 2)
2785
(11, 2)
2786
(10, 1)
2787
(10, 1)
2788
(10, 1)
2789
(10, 1)
2790
(10, 1)
2791
(8, 5)
2792
(8, 5)
2793
(10, 1)
2794
(8, 5)
2795
(10, 1)
2796
(10, 1)
2797
(8, 5)
2798
(8, 5)
2799
(8, 5)
2800
(8, 5)
2801
(10, 1)
2802
(8, 6)
2803
(8, 6)
2804
(8, 6)
2805
(10, 2)
2806
(8, 6)
2807
(8, 6)
2808
(8, 6)
2809
(8, 6)
2810
(10, 3)
2811
(11, 2)
2812
(10, 2)
2813
(10, 2)
2814
(10, 2)
2815
(10, 2)
2816
(9, 3)
2817
(10, 3)
2818
(9, 2)
2819
(9, 2)
2820
(9, 1)
2821
(9, 1)
2822
(8, 1)
2823
(8, 1)
2824
(8, 1)
2825
(8, 1)
2826
(10, 3)
2827
(10, 2)
2828
(10, 2)
2829
(9, 3)
2830
(10, 3)
2831
(9, 2)
2832
(9, 2)
2833
(9, 1)
2834
(9, 1)
2835
(8, 1)
2836
(8, 1)
2837
(8, 1)
2838
(8, 1)
2839
(10, 3)
2840
(10, 2)
2841
(11, 3)
2842
(10, 4)
2843
(10, 4)
2844
(11, 3)
2845
(11, 3)
2846
(11, 3)
2847
(11, 3)
2848
(11, 3)
2849
(10, 3)
2850
(11, 2)
2851
(10, 1)
2852
(10, 1)
2853
(10, 1)
2854
(11, 2)
2855
(10, 1)
2856
(10, 2)
2857
(10, 3)
2858
(10, 2)
2859
(10, 2)
2860
(10, 3)
2861
(10, 2)
2862
(10, 3)
2863
(10, 2)
2864
(9, 2)
2865
(9, 1)
2866
(9, 1)
2867
(9, 1)
2868
(8, 1)
2869
(8, 1)
2870
(8, 1)
2871
(8, 1)
2872
(10, 2)
2873
(10, 3)
2874
(11, 2)
2875
(10, 2)
2876
(9, 3)
2877
(9, 3)
2878
(9, 3)
2879
(9, 3)
2880
(9, 3)
2881
(9, 3)
2882
(9, 3)
2883
(10, 3)
2884
(10, 3)
2885
(10, 3)
2886
(10, 2)
2887
(10, 1)
2888
(10, 1)
2889
(10, 1)
2890
(9, 2)
2891
(9, 1)
2892
(9, 1)
2893
(9, 1)
2894
(8, 1)
2895
(8, 1)
2896
(8, 1)
2897
(8, 1)
2898
(10, 2)
2899
(10, 2)
2900
(10, 2)
2901
(10, 2)
2902
(10, 2)
2903
(9, 1)
2904
(9, 1)
2905
(9, 1)
2906
(9, 1)
2907
(8, 1)
2908
(8, 1)
2909
(8, 1)
2910
(8, 1)
2911
(10, 2)
2912
(10, 2)
2913
(10, 2)
2914
(10, 2)
2915
(9, 1)
2916
(9, 1)
2917
(9, 1)
2918
(9, 1)
2919
(8, 1)
2920
(8, 1)
2921
(8, 1)
2922
(8, 1)
2923
(10, 2)
2924
(8, 6)
2925
(8, 6)
2926
(8, 6)
2927
(8, 6)
2928
(8, 6)
2929
(8, 6)
2930
(8, 6)
2931
(10, 2)
2932
(11, 2)
2933
(11, 2)
2934
(10, 2)
2935
(10, 2)
2936
(10, 2)
2937
(10, 1)
2938
(9, 1)
2939
(9, 1)
2940
(9, 1)
2941
(9, 1)
2942
(8, 1)
2943
(8, 1)
2944
(8, 1)
2945
(11, 2)
2946
(10, 2)
2947
(10, 2)
2948
(10, 2)
2949
(11, 2)
2950
(11, 2)
2951
(11, 3)
2952
(11, 3)
2953
(11, 3)
2954
(11, 3)
2955
(11, 3)
2956
(10, 2)
2957
(10, 2)
2958
(10, 2)
2959
(11, 3)
2960
(10, 3)
2961
(10, 3)
2962
(11, 3)
2963
(10, 3)
2964
(11, 3)
2965
(11, 3)
2966
(11, 3)
2967
(11, 3)
2968
(10, 3)
2969
(10, 3)
2970
(10, 3)
2971
(10, 3)
2972
(10, 3)
2973
(10, 3)
2974
(10, 3)
2975
(10, 2)
2976
(10, 2)
2977
(11, 2)
2978
(10, 1)
2979
(9, 1)
2980
(9, 1)
2981
(9, 1)
2982
(9, 1)
2983
(9, 1)
2984
(8, 1)
2985
(8, 1)
2986
(8, 1)
2987
(8, 1)
2988
(9, 3)
2989
(9, 3)
2990
(9, 3)
2991
(10, 2)
2992
(9, 1)
2993
(9, 1)
2994
(9, 1)
2995
(9, 1)
2996
(8, 1)
2997
(8, 1)
2998
(8, 1)
2999
(8, 1)
3000
(10, 2)
3001
(9, 3)
3002
(9, 3)
3003
(9, 3)
3004
(9, 3)
3005
(10, 2)
3006
(10, 2)
3007
(11, 2)
3008
(10, 2)
3009
(11, 2)
3010
(10, 1)
3011
(8, 6)
3012
(8, 6)
3013
(8, 6)
3014
(8, 6)
3015
(8, 6)
3016
(8, 6)
3017
(8, 6)
3018
(10, 2)
3019
(10, 3)
3020
(10, 3)
3021
(10, 3)
3022
(10, 3)
3023
(10, 3)
3024
(10, 3)
3025
(10, 3)
3026
(11, 2)
3027
(10, 2)
3028
(11, 3)
3029
(11, 3)
3030
(11, 3)
3031
(10, 3)
3032
(10, 3)
3033
(10, 3)
3034
(10, 2)
3035
(10, 1)
3036
(9, 1)
3037
(9, 1)
3038
(9, 1)
3039
(9, 1)
3040
(8, 1)
3041
(8, 1)
3042
(8, 1)
3043
(11, 3)
3044
(10, 3)
3045
(11, 3)
3046
(11, 3)
3047
(11, 3)
3048
(10, 3)
3049
(10, 3)
3050
(8, 7)
3051
(8, 7)
3052
(8, 7)
3053
(12, 3)
3054
(8, 7)
3055
(11, 2)
3056
(10, 1)
3057
(12, 3)
3058
(12, 3)
3059
(11, 2)
3060
(10, 2)
3061
(12, 3)
3062
(12, 3)
3063
(12, 3)
3064
(12, 3)
3065
(11, 2)
3066
(9, 4)
3067
(9, 4)
3068
(9, 4)
3069
(9, 4)
3070
(9, 4)
3071
(9, 4)
3072
(9, 4)
3073
(12, 3)
3074
(12, 3)
3075
(10, 1)
3076
(10, 1)
3077
(10, 2)
3078
(12, 2)
3079
(11, 2)
3080
(11, 2)
3081
(11, 2)
3082
(11, 2)
3083
(11, 2)
3084
(11, 2)
3085
(11, 2)
3086
(11, 2)
3087
(11, 2)
3088
(11, 2)
3089
(11, 2)
3090
(11, 2)
3091
(11, 2)
3092
(11, 2)
3093
(11, 2)
3094
(11, 2)
3095
(11, 2)
3096
(11, 2)
3097
(11, 2)
3098
(11, 2)
3099
(11, 2)
3100
(11, 2)
3101
(11, 2)
3102
(11, 2)
3103
(11, 2)
3104
(11, 2)
3105
(11, 1)
3106
(10, 1)
3107
(10, 1)
3108
(10, 1)
3109
(10, 1)
3110
(9, 1)
3111
(9, 1)
3112
(9, 1)
3113
(9, 1)
3114
(8, 2)
3115
(8, 2)
3116
(8, 2)
3117
(12, 2)
3118
(12, 2)
3119
(12, 2)
3120
(12, 2)
3121
(12, 2)
3122
(10, 3)
3123
(10, 3)
3124
(10, 3)
3125
(12, 2)
3126
(11, 2)
3127
(11, 2)
3128
(11, 2)
3129
(11, 2)
3130
(11, 2)
3131
(11, 1)
3132
(10, 1)
3133
(10, 1)
3134
(10, 1)
3135
(10, 1)
3136
(9, 1)
3137
(9, 1)
3138
(9, 1)
3139
(9, 1)
3140
(8, 2)
3141
(8, 2)
3142
(8, 2)
3143
(12, 2)
3144
(11, 2)
3145
(11, 2)
3146
(11, 2)
3147
(11, 2)
3148
(11, 2)
3149
(11, 1)
3150
(10, 1)
3151
(10, 1)
3152
(10, 1)
3153
(10, 1)
3154
(9, 1)
3155
(9, 1)
3156
(9, 1)
3157
(9, 1)
3158
(8, 2)
3159
(8, 2)
3160
(8, 2)
3161
(10, 3)
3162
(10, 3)
3163
(10, 3)
3164
(10, 3)
3165
(12, 2)
3166
(10, 4)
3167
(12, 2)
3168
(12, 2)
3169
(11, 1)
3170
(12, 3)
3171
(12, 3)
3172
(12, 3)
3173
(12, 3)
3174
(12, 3)
3175
(12, 3)
3176
(12, 3)
3177
(12, 2)
3178
(11, 2)
3179
(11, 2)
3180
(11, 2)
3181
(11, 2)
3182
(11, 2)
3183
(11, 2)
3184
(11, 2)
3185
(11, 2)
3186
(11, 2)
3187
(11, 2)
3188
(11, 2)
3189
(11, 2)
3190
(11, 1)
3191
(10, 1)
3192
(10, 1)
3193
(10, 1)
3194
(10, 1)
3195
(9, 1)
3196
(9, 1)
3197
(9, 1)
3198
(9, 1)
3199
(8, 2)
3200
(8, 2)
3201
(8, 2)
3202
(12, 2)
3203
(11, 2)
3204
(11, 2)
3205
(11, 2)
3206
(11, 2)
3207
(11, 2)
3208
(11, 1)
3209
(10, 1)
3210
(10, 1)
3211
(10, 1)
3212
(10, 1)
3213
(9, 1)
3214
(9, 1)
3215
(9, 1)
3216
(9, 1)
3217
(8, 2)
3218
(8, 2)
3219
(8, 2)
3220
(12, 2)
3221
(11, 2)
3222
(11, 2)
3223
(11, 2)
3224
(11, 2)
3225
(11, 2)
3226
(11, 1)
3227
(10, 1)
3228
(10, 1)
3229
(10, 1)
3230
(10, 1)
3231
(9, 1)
3232
(9, 1)
3233
(9, 1)
3234
(9, 1)
3235
(8, 2)
3236
(8, 2)
3237
(8, 2)
3238
(12, 2)
3239
(12, 2)
3240
(12, 2)
3241
(12, 2)
3242
(10, 1)
3243
(10, 1)
3244
(12, 2)
3245
(12, 2)
3246
(12, 2)
3247
(12, 3)
3248
(12, 3)
3249
(12, 3)
3250
(12, 3)
3251
(11, 2)
3252
(11, 1)
3253
(11, 2)
3254
(10, 4)
3255
(10, 4)
3256
(8, 7)
3257
(8, 7)
3258
(10, 4)
3259
(12, 3)
3260
(12, 2)
3261
(12, 3)
3262
(12, 2)
3263
(8, 7)
3264
(12, 3)
3265
(12, 3)
3266
(12, 3)
3267
(10, 4)
3268
(10, 4)
3269
(8, 7)
3270
(8, 7)
3271
(10, 4)
3272
(12, 3)
3273
(12, 3)
3274
(12, 3)
3275
(12, 3)
3276
(12, 3)
3277
(12, 3)
3278
(12, 3)
3279
(10, 1)
3280
(12, 2)
3281
(12, 2)
3282
(11, 2)
3283
(12, 3)
3284
(12, 2)
3285
(12, 3)
3286
(12, 3)
3287
(10, 1)
3288
(10, 1)
3289
(10, 1)
3290
(10, 1)
3291
(10, 1)
3292
(10, 1)
3293
(10, 1)
3294
(10, 1)
3295
(10, 1)
3296
(10, 2)
3297
(10, 2)
3298
(10, 3)
3299
(10, 3)
3300
(10, 4)
3301
(11, 2)
3302
(12, 3)
3303
(12, 3)
3304
(12, 2)
3305
(10, 2)
3306
(10, 1)
3307
(10, 1)
3308
(10, 1)
3309
(9, 1)
3310
(9, 1)
3311
(9, 1)
3312
(9, 1)
3313
(8, 1)
3314
(8, 1)
3315
(8, 2)
3316
(8, 2)
3317
(11, 1)
3318
(12, 2)
3319
(12, 2)
3320
(12, 2)
3321
(10, 1)
3322
(10, 1)
3323
(11, 2)
3324
(12, 2)
3325
(12, 2)
3326
(11, 2)
3327
(12, 2)
3328
(11, 2)
3329
(11, 2)
3330
(11, 1)
3331
(11, 1)
3332
(10, 1)
3333
(10, 1)
3334
(10, 1)
3335
(10, 1)
3336
(9, 1)
3337
(9, 1)
3338
(9, 1)
3339
(9, 2)
3340
(8, 2)
3341
(8, 2)
3342
(12, 2)
3343
(12, 2)
3344
(11, 2)
3345
(12, 2)
3346
(11, 2)
3347
(11, 2)
3348
(11, 1)
3349
(11, 1)
3350
(10, 1)
3351
(10, 1)
3352
(10, 1)
3353
(10, 1)
3354
(9, 1)
3355
(9, 1)
3356
(9, 1)
3357
(9, 2)
3358
(8, 2)
3359
(8, 2)
3360
(12, 2)
3361
(12, 2)
3362
(11, 2)
3363
(12, 2)
3364
(11, 2)
3365
(11, 2)
3366
(11, 1)
3367
(11, 1)
3368
(10, 1)
3369
(10, 1)
3370
(10, 1)
3371
(10, 1)
3372
(9, 1)
3373
(9, 1)
3374
(9, 1)
3375
(9, 2)
3376
(8, 2)
3377
(8, 2)
3378
(10, 1)
3379
(10, 1)
3380
(10, 1)
3381
(10, 1)
3382
(10, 1)
3383
(10, 1)
3384
(10, 1)
3385
(10, 1)
3386
(10, 1)
3387
(10, 1)
3388
(10, 1)
3389
(10, 1)
3390
(10, 1)
3391
(10, 1)
3392
(12, 2)
3393
(9, 4)
3394
(9, 4)
3395
(9, 4)
3396
(9, 4)
3397
(9, 4)
3398
(9, 4)
3399
(9, 4)
3400
(12, 2)
3401
(12, 2)
3402
(12, 2)
3403
(12, 2)
3404
(12, 2)
3405
(12, 2)
3406
(12, 2)
3407
(12, 2)
3408
(12, 2)
3409
(12, 2)
3410
(12, 2)
3411
(10, 4)
3412
(10, 4)
3413
(10, 4)
3414
(12, 2)
3415
(12, 2)
3416
(12, 2)
3417
(12, 2)
3418
(12, 2)
3419
(12, 2)
3420
(10, 4)
3421
(12, 2)
3422
(12, 2)
3423
(12, 2)
3424
(12, 2)
3425
(11, 1)
3426
(12, 2)
3427
(12, 3)
3428
(12, 2)
3429
(12, 3)
3430
(12, 2)
3431
(12, 3)
3432
(12, 2)
3433
(12, 3)
3434
(12, 3)
3435
(12, 3)
3436
(12, 3)
3437
(11, 2)
3438
(12, 3)
3439
(12, 3)
3440
(12, 3)
3441
(12, 2)
3442
(12, 2)
3443
(12, 2)
3444
(12, 3)
3445
(12, 3)
3446
(12, 3)
3447
(12, 3)
3448
(12, 3)
3449
(12, 3)
3450
(12, 3)
3451
(12, 3)
3452
(11, 1)
3453
(8, 7)
3454
(8, 7)
3455
(8, 7)
3456
(12, 3)
3457
(12, 2)
3458
(12, 3)
3459
(12, 2)
3460
(12, 3)
3461
(12, 2)
3462
(8, 7)
3463
(8, 7)
3464
(11, 1)
3465
(12, 2)
3466
(12, 2)
3467
(12, 2)
3468
(12, 2)
3469
(12, 2)
3470
(12, 2)
3471
(12, 2)
3472
(12, 3)
3473
(12, 3)
3474
(12, 3)
3475
(12, 3)
3476
(12, 3)
3477
(12, 2)
3478
(11, 2)
3479
(11, 2)
3480
(11, 2)
3481
(11, 2)
3482
(11, 2)
3483
(11, 2)
3484
(11, 2)
3485
(11, 2)
3486
(11, 2)
3487
(11, 2)
3488
(11, 2)
3489
(11, 2)
3490
(11, 1)
3491
(10, 1)
3492
(10, 1)
3493
(10, 1)
3494
(10, 1)
3495
(12, 3)
3496
(12, 2)
3497
(12, 3)
3498
(12, 3)
3499
(12, 3)
3500
(12, 3)
3501
(12, 2)
3502
(11, 2)
3503
(11, 2)
3504
(11, 2)
3505
(11, 2)
3506
(11, 2)
3507
(11, 1)
3508
(10, 1)
3509
(10, 1)
3510
(10, 1)
3511
(10, 1)
3512
(12, 3)
3513
(12, 3)
3514
(12, 3)
3515
(12, 3)
3516
(12, 2)
3517
(12, 3)
3518
(12, 2)
3519
(12, 2)
3520
(11, 2)
3521
(11, 2)
3522
(11, 2)
3523
(11, 2)
3524
(11, 2)
3525
(11, 1)
3526
(10, 1)
3527
(10, 1)
3528
(10, 1)
3529
(10, 1)
3530
(12, 2)
3531
(12, 2)
3532
(12, 3)
3533
(12, 3)
3534
(12, 2)
3535
(11, 2)
3536
(11, 2)
3537
(11, 2)
3538
(11, 2)
3539
(11, 2)
3540
(11, 2)
3541
(11, 2)
3542
(11, 2)
3543
(11, 2)
3544
(11, 2)
3545
(11, 2)
3546
(11, 2)
3547
(11, 2)
3548
(11, 2)
3549
(11, 2)
3550
(11, 2)
3551
(11, 2)
3552
(11, 2)
3553
(11, 2)
3554
(11, 2)
3555
(11, 2)
3556
(11, 2)
3557
(12, 2)
3558
(12, 2)
3559
(12, 2)
3560
(12, 2)
3561
(12, 2)
3562
(12, 2)
3563
(12, 2)
3564
(12, 2)
3565
(12, 2)
3566
(12, 2)
3567
(12, 2)
3568
(12, 2)
3569
(12, 2)
3570
(12, 2)
3571
(12, 2)
3572
(12, 2)
3573
(12, 2)
3574
(12, 3)
3575
(12, 2)
3576
(12, 2)
3577
(12, 2)
3578
(12, 3)
3579
(12, 3)
3580
(12, 3)
3581
(12, 2)
3582
(12, 2)
3583
(12, 2)
3584
(12, 2)
3585
(12, 3)
3586
(12, 3)
3587
(12, 3)
3588
(12, 3)
3589
(12, 3)
3590
(12, 3)
3591
(12, 3)
3592
(12, 3)
3593
(12, 2)
3594
(12, 2)
3595
(12, 2)
3596
(12, 2)
3597
(12, 3)
3598
(12, 2)
3599
(12, 2)
3600
(12, 2)
3601
(12, 2)
3602
(12, 2)
3603
(12, 2)
3604
(12, 2)
3605
(12, 2)
3606
(12, 2)
3607
(12, 3)
3608
(12, 3)
3609
(12, 3)
3610
(12, 3)
3611
(12, 2)
3612
(12, 3)
3613
(12, 2)
3614
(12, 3)
3615
(12, 3)
3616
(12, 3)
3617
(12, 2)
3618
(12, 2)
3619
(12, 2)
3620
(12, 2)
3621
(12, 2)
3622
(12, 2)
3623
(12, 2)
3624
(12, 2)
3625
(12, 3)
3626
(12, 2)
3627
(12, 2)
3628
(12, 2)
3629
(12, 3)
3630
(12, 2)
3631
(12, 3)
3632
(12, 2)
3633
(12, 2)
3634
(12, 2)
3635
(12, 2)
3636
(12, 2)
3637
(12, 2)
3638
(12, 2)
3639
(12, 2)
3640
(12, 2)
3641
(12, 2)
3642
(12, 2)
3643
(11, 1)
3644
(12, 3)
3645
(12, 3)
3646
(12, 3)
3647
(12, 3)
3648
(12, 3)
3649
(12, 3)
3650
(10, 4)
3651
(10, 4)
3652
(10, 4)
3653
(10, 4)
3654
(10, 4)
3655
(10, 4)
3656
(10, 5)
3657
(8, 7)
3658
(8, 7)
3659
(8, 7)
3660
(8, 7)
3661
(12, 3)
3662
(12, 3)
3663
(12, 3)
3664
(12, 3)
3665
(12, 3)
3666
(12, 3)
3667
(11, 1)
3668
(12, 3)
3669
(12, 3)
3670
(12, 3)
3671
(12, 3)
3672
(12, 3)
3673
(12, 3)
3674
(12, 3)
3675
(12, 3)
3676
(12, 3)
3677
(11, 1)
3678
(12, 3)
3679
(12, 3)
3680
(12, 3)
3681
(12, 3)
3682
(12, 3)
3683
(12, 3)
3684
(12, 3)
3685
(12, 3)
3686
(12, 3)
3687
(12, 3)
3688
(12, 3)
3689
(12, 3)
3690
(12, 3)
3691
(12, 3)
3692
(12, 3)
3693
(12, 3)
3694
(12, 3)
3695
(12, 3)
3696
(12, 3)
3697
(12, 3)
3698
(10, 4)
3699
(10, 4)
3700
(10, 4)
3701
(10, 4)
3702
(10, 4)
3703
(10, 4)
3704
(10, 4)
3705
(9, 5)
3706
(9, 5)
3707
(9, 5)
3708
(12, 1)
3709
(12, 1)
3710
(12, 1)
3711
(12, 1)
3712
(8, 7)
3713
(8, 7)
3714
(8, 7)
3715
(8, 7)
3716
(8, 7)
3717
(8, 7)
3718
(8, 7)
3719
(12, 1)
3720
(11, 1)
3721
(10, 5)
3722
(10, 5)
3723
(10, 5)
3724
(10, 5)
3725
(10, 5)
3726
(10, 5)
3727
(10, 5)
3728
(10, 5)
3729
(12, 1)
3730
(12, 1)
3731
(12, 1)
3732
(12, 1)
3733
(12, 1)
3734
(12, 1)
3735
(8, 7)
3736
(8, 7)
3737
(8, 7)
3738
(8, 7)
3739
(8, 7)
3740
(8, 7)
3741
(8, 7)
3742
(10, 5)
3743
(10, 5)
3744
(10, 5)
3745
(10, 5)
3746
(10, 5)
3747
(10, 5)
3748
(10, 5)
3749
(11, 1)
3750
(12, 1)
3751
(10, 5)
3752
(9, 5)
3753
(9, 5)
3754
(9, 5)
3755
(9, 5)
3756
(9, 5)
3757
(9, 5)
3758
(12, 1)
3759
(12, 1)
3760
(12, 1)
3761
(12, 1)
3762
(12, 1)
3763
(12, 1)
3764
(13, 1)
3765
(13, 1)
3766
(13, 2)
3767
(13, 2)
3768
(14, 2)
3769
(12, 1)
3770
(8, 8)
3771
(8, 8)
3772
(8, 8)
3773
(8, 8)
3774
(8, 8)
3775
(8, 8)
3776
(8, 8)
3777
(13, 1)
3778
(13, 1)
3779
(13, 1)
3780
(13, 1)
3781
(13, 2)
3782
(14, 2)
3783
(14, 2)
3784
(13, 1)
3785
(13, 1)
3786
(13, 2)
3787
(14, 2)
3788
(14, 2)
3789
(10, 5)
3790
(10, 5)
3791
(10, 5)
3792
(10, 5)
3793
(10, 5)
3794
(10, 5)
3795
(10, 5)
3796
(12, 1)
3797
(12, 1)
3798
(12, 1)
3799
(12, 1)
3800
(12, 1)
3801
(12, 1)
3802
(12, 1)
3803
(12, 1)
3804
(12, 1)
3805
(12, 1)
3806
(12, 1)
3807
(12, 1)
3808
(12, 1)
3809
(12, 1)
3810
(12, 1)
3811
(12, 1)
3812
(12, 1)
3813
(12, 1)
3814
(12, 1)
3815
(12, 1)
3816
(12, 1)
3817
(14, 3)
3818
(14, 3)
3819
(14, 3)
3820
(8, 8)
3821
(8, 8)
3822
(8, 8)
3823
(8, 8)
3824
(8, 8)
3825
(8, 8)
3826
(8, 8)
3827
(10, 5)
3828
(10, 5)
3829
(10, 5)
3830
(10, 5)
3831
(10, 5)
3832
(13, 3)
3833
(13, 3)
3834
(13, 3)
3835
(13, 3)
3836
(13, 3)
3837
(13, 3)
3838
(13, 3)
3839
(13, 3)
3840
(13, 3)
3841
(13, 2)
3842
(13, 3)
3843
(13, 3)
3844
(13, 3)
3845
(13, 3)
3846
(13, 2)
3847
(13, 2)
3848
(13, 3)
3849
(13, 3)
3850
(13, 2)
3851
(13, 3)
3852
(13, 3)
3853
(13, 3)
3854
(13, 3)
3855
(13, 2)
3856
(13, 2)
3857
(13, 3)
3858
(13, 3)
3859
(13, 3)
3860
(13, 2)
3861
(12, 1)
3862
(12, 1)
3863
(12, 1)
3864
(12, 1)
3865
(11, 1)
3866
(11, 1)
3867
(11, 1)
3868
(11, 1)
3869
(10, 1)
3870
(10, 2)
3871
(10, 2)
3872
(10, 3)
3873
(9, 3)
3874
(9, 4)
3875
(9, 4)
3876
(9, 5)
3877
(8, 5)
3878
(8, 6)
3879
(13, 2)
3880
(14, 3)
3881
(14, 3)
3882
(13, 3)
3883
(13, 3)
3884
(13, 2)
3885
(13, 2)
3886
(14, 3)
3887
(14, 3)
3888
(14, 3)
3889
(13, 2)
3890
(13, 1)
3891
(12, 1)
3892
(12, 1)
3893
(12, 1)
3894
(12, 1)
3895
(11, 1)
3896
(11, 1)
3897
(11, 1)
3898
(11, 1)
3899
(10, 2)
3900
(10, 2)
3901
(10, 3)
3902
(10, 3)
3903
(9, 4)
3904
(9, 4)
3905
(9, 5)
3906
(9, 5)
3907
(8, 6)
3908
(14, 3)
3909
(13, 2)
3910
(14, 3)
3911
(14, 3)
3912
(14, 3)
3913
(14, 3)
3914
(14, 3)
3915
(14, 3)
3916
(13, 1)
3917
(12, 1)
3918
(12, 1)
3919
(12, 1)
3920
(12, 1)
3921
(11, 1)
3922
(11, 1)
3923
(11, 1)
3924
(11, 1)
3925
(10, 1)
3926
(10, 1)
3927
(10, 2)
3928
(10, 2)
3929
(9, 3)
3930
(9, 3)
3931
(9, 4)
3932
(9, 4)
3933
(8, 5)
3934
(8, 6)
3935
(8, 7)
3936
(14, 3)
3937
(14, 3)
3938
(14, 3)
3939
(14, 3)
3940
(12, 1)
3941
(12, 1)
3942
(12, 1)
3943
(12, 1)
3944
(11, 1)
3945
(11, 1)
3946
(11, 1)
3947
(11, 1)
3948
(10, 1)
3949
(10, 1)
3950
(10, 1)
3951
(10, 2)
3952
(9, 2)
3953
(9, 3)
3954
(9, 3)
3955
(9, 4)
3956
(8, 4)
3957
(8, 5)
3958
(8, 6)
3959
(14, 3)
3960
(14, 3)
3961
(14, 3)
3962
(14, 3)
3963
(14, 3)
3964
(14, 3)
3965
(14, 3)
3966
(14, 3)
3967
(14, 3)
3968
(14, 3)
3969
(14, 2)
3970
(14, 3)
3971
(14, 3)
3972
(13, 2)
3973
(14, 2)
3974
(14, 3)
3975
(13, 2)
3976
(9, 6)
477.080920219
