STARTING!
step1
step2
step3
a
b
c
]0;IPython: eshnich/vgdl]0;IPython: eshnich/vgdladded self, <class 'ontology.Immovable'>
added self, <class 'ontology.Passive'>
added self, <class 'core.Resource'>
added parent, <class 'core.Resource'>
added self, <class 'ontology.ResourcePack'>
added self, <class 'ontology.Flicker'>
added self, <class 'ontology.Spreader'>
added self, <class 'ontology.SpriteProducer'>
added self, <class 'ontology.Portal'>
added self, <class 'ontology.SpawnPoint'>
added self, <class 'ontology.RandomNPC'>
added self, <class 'ontology.OrientedSprite'>
added self, <class 'ontology.Conveyor'>
added self, <class 'ontology.Missile'>
added self, <class 'ontology.OrientedFlicker'>
added self, <class 'ontology.Walker'>
added self, <class 'ontology.WalkJumper'>
added self, <class 'ontology.RandomInertial'>
added self, <class 'ontology.RandomMissile'>
added self, <class 'ontology.ErraticMissile'>
added self, <class 'ontology.Bomber'>
added self, <class 'ontology.Chaser'>
added self, <class 'ontology.Fleeing'>
added self, <class 'ontology.AStarChaser'>
added self, <class 'ontology.MovingAvatar'>
added self, <class 'ontology.HorizontalAvatar'>
added self, <class 'ontology.VerticalAvatar'>
added self, <class 'ontology.FlakAvatar'>
added self, <class 'ontology.OrientedAvatar'>
added parent, <class 'ontology.OrientedAvatar'>
added self, <class 'ontology.ShootAvatar'>
added parent, <class 'ontology.ShootAvatar'>
added self, <class 'ontology.AimedAvatar'>
added parent, <class 'ontology.AimedAvatar'>
added self, <class 'ontology.AimedFlakAvatar'>
<class 'ontology.OrientedAvatar'> already in tree.
added self, <class 'ontology.RotatingAvatar'>
added self, <class 'ontology.RotatingFlippingAvatar'>
added self, <class 'ontology.NoisyRotatingFlippingAvatar'>
<class 'ontology.ShootAvatar'> already in tree.
<class 'ontology.AimedAvatar'> already in tree.
<class 'ontology.AimedFlakAvatar'> already in tree.
added self, <class 'ontology.InertialAvatar'>
added self, <class 'ontology.MarioAvatar'>
step4
FINISHED IMPORTS
FINISHED SETTING VALUES
<module 'examples.continuousphysics.collect_resource' from 'examples/continuousphysics/collect_resource.pyc'>
max nodes 100
1
(1, 4)
2
(1, 4)
3
(1, 4)
4
(1, 4)
5
(1, 4)
6
(1, 4)
7
(1, 4)
8
(1, 4)
9
(1, 4)
10
(1, 4)
11
(1, 4)
12
(1, 4)
13
(1, 4)
14
(1, 4)
15
(1, 4)
16
(1, 4)
17
(1, 4)
18
(1, 4)
19
(1, 4)
20
(1, 4)
21
(2, 4)
22
(2, 4)
23
(2, 4)
24
(2, 4)
25
(2, 4)
26
(2, 4)
27
(2, 4)
28
(2, 4)
29
(2, 5)
30
(2, 5)
31
(2, 5)
32
(2, 5)
33
(2, 6)
34
(2, 6)
35
(2, 6)
36
(2, 6)
37
(2, 6)
38
(2, 6)
39
(2, 6)
40
(2, 6)
41
(2, 6)
42
(2, 6)
43
(1, 6)
44
(2, 6)
45
(2, 6)
46
(2, 6)
47
(2, 6)
48
(2, 6)
49
(2, 6)
50
(2, 6)
51
(2, 6)
52
(2, 6)
53
(2, 6)
54
(1, 6)
55
(2, 6)
56
(2, 6)
57
(2, 6)
58
(1, 6)
59
(1, 6)
60
(1, 6)
61
(1, 6)
62
(1, 6)
63
(1, 6)
64
(1, 6)
65
(2, 6)
66
(2, 6)
67
(1, 6)
68
(1, 6)
69
(1, 6)
70
(1, 6)
71
(1, 6)
72
(1, 6)
73
(1, 6)
74
(1, 6)
75
(1, 6)
76
(1, 6)
77
(2, 6)
78
(1, 6)
79
(1, 7)
80
(1, 7)
81
(1, 7)
82
(1, 7)
83
(1, 7)
84
(1, 7)
85
(1, 7)
86
(1, 7)
87
(1, 7)
88
(1, 6)
89
(1, 7)
90
(1, 6)
91
(1, 7)
92
(1, 6)
93
(1, 6)
94
(1, 6)
95
(1, 6)
96
(1, 6)
97
(1, 6)
98
(1, 6)
99
(1, 6)
100
(1, 6)
<__main__.Node instance at 0x2b1a8b5052d8>
99
100
False
0.896800041199
