STARTING!
]0;IPython: eshnich/vgdl]0;IPython: eshnich/vgdlException in thread Thread-1:
Traceback (most recent call last):
  File "/home/eshnich/.conda/envs/planning/lib/python2.7/threading.py", line 801, in __bootstrap_inner
    self.run()
  File "/home/eshnich/.conda/envs/planning/lib/python2.7/threading.py", line 754, in run
    self.__target(*self.__args, **self.__kwargs)
  File "/home/slurm/slurmd/job9297622/slurm_script", line 697, in openNode
    child.eval()
  File "/home/slurm/slurmd/job9297622/slurm_script", line 1223, in eval
    self.predict = self.predictball_val(self.rle)
  File "/home/slurm/slurmd/job9297622/slurm_script", line 1049, in predictball_val
    y = self.WBP.getAliveAvatar(rle).rect.y
AttributeError: 'NoneType' object has no attribute 'rect'

added self, <class 'ontology.Immovable'>
added self, <class 'ontology.Passive'>
added self, <class 'core.Resource'>
added parent, <class 'core.Resource'>
added self, <class 'ontology.ResourcePack'>
added self, <class 'ontology.Flicker'>
added self, <class 'ontology.Spreader'>
added self, <class 'ontology.SpriteProducer'>
added self, <class 'ontology.Portal'>
added self, <class 'ontology.SpawnPoint'>
added self, <class 'ontology.RandomNPC'>
added self, <class 'ontology.OrientedSprite'>
added self, <class 'ontology.Conveyor'>
added self, <class 'ontology.Missile'>
added self, <class 'ontology.OrientedFlicker'>
added self, <class 'ontology.Walker'>
added self, <class 'ontology.WalkJumper'>
added self, <class 'ontology.RandomInertial'>
added self, <class 'ontology.RandomMissile'>
added self, <class 'ontology.ErraticMissile'>
added self, <class 'ontology.Bomber'>
added self, <class 'ontology.Chaser'>
added self, <class 'ontology.Fleeing'>
added self, <class 'ontology.AStarChaser'>
added self, <class 'ontology.MovingAvatar'>
added self, <class 'ontology.HorizontalAvatar'>
added self, <class 'ontology.VerticalAvatar'>
added self, <class 'ontology.FlakAvatar'>
added self, <class 'ontology.OrientedAvatar'>
added parent, <class 'ontology.OrientedAvatar'>
added self, <class 'ontology.ShootAvatar'>
added parent, <class 'ontology.ShootAvatar'>
added self, <class 'ontology.AimedAvatar'>
added parent, <class 'ontology.AimedAvatar'>
added self, <class 'ontology.AimedFlakAvatar'>
<class 'ontology.OrientedAvatar'> already in tree.
added self, <class 'ontology.RotatingAvatar'>
added self, <class 'ontology.RotatingFlippingAvatar'>
added self, <class 'ontology.NoisyRotatingFlippingAvatar'>
<class 'ontology.ShootAvatar'> already in tree.
<class 'ontology.AimedAvatar'> already in tree.
<class 'ontology.AimedFlakAvatar'> already in tree.
added self, <class 'ontology.InertialAvatar'>
added self, <class 'ontology.MarioAvatar'>
FINISHED IMPORTS
FINISHED SETTING VALUES
<module 'examples.continuousphysics.montezuma_3' from 'examples/continuousphysics/montezuma_3.pyc'>
max nodes 9223372036854775807
1
(13, 3)
2
(12, 3)
3
(12, 3)
4
(12, 3)
5
(12, 3)
6
(12, 3)
7
(12, 3)
8
(12, 3)
9
(12, 3)
10
(12, 3)
11
(12, 3)
12
(12, 3)
13
(12, 2)
14
(11, 2)
15
(11, 2)
16
(11, 2)
17
(11, 2)
18
(11, 2)
19
(11, 2)
20
(11, 2)
21
(11, 2)
22
(11, 2)
23
(10, 2)
24
(10, 2)
25
(10, 2)
26
(10, 3)
27
(10, 3)
28
(10, 3)
29
(10, 3)
30
(10, 2)
31
(10, 2)
32
(10, 3)
33
(10, 3)
34
(10, 3)
35
(10, 3)
36
(10, 3)
37
(10, 2)
38
(10, 2)
39
(9, 3)
40
(9, 3)
41
(9, 3)
42
(9, 3)
43
(10, 3)
44
(9, 3)
45
(9, 3)
46
(9, 3)
47
(9, 2)
48
(9, 2)
49
(9, 1)
50
(9, 1)
51
(8, 1)
52
(8, 1)
53
(8, 1)
54
(8, 1)
55
(7, 1)
56
(7, 1)
57
(7, 1)
58
(7, 2)
59
(6, 2)
60
(6, 2)
61
(6, 2)
62
(6, 2)
63
(6, 2)
64
(6, 2)
65
(6, 2)
66
(6, 2)
67
(5, 2)
68
(5, 2)
69
(5, 2)
70
(5, 2)
71
(5, 2)
72
(5, 2)
73
(5, 2)
74
(5, 2)
75
(4, 2)
76
(4, 2)
77
(4, 2)
78
(4, 2)
79
(4, 2)
80
(4, 2)
81
(4, 2)
82
(4, 2)
83
(3, 2)
84
(3, 2)
85
(3, 2)
86
(3, 2)
87
(3, 2)
88
(3, 2)
89
(3, 2)
90
(3, 2)
91
(2, 2)
92
(2, 2)
93
(2, 2)
94
(2, 2)
95
(2, 2)
96
(2, 2)
97
(2, 2)
98
(2, 2)
99
(1, 2)
100
(1, 2)
101
(1, 2)
102
(1, 2)
103
(1, 2)
104
(1, 2)
105
(1, 2)
106
(1, 2)
107
(1, 2)
108
(1, 2)
109
(1, 2)
110
(1, 2)
111
(1, 2)
112
(1, 2)
113
(1, 2)
114
(1, 2)
115
(1, 2)
116
(1, 2)
117
(1, 2)
118
(2, 2)
119
(2, 2)
120
(1, 2)
121
(1, 2)
122
(1, 2)
123
(1, 2)
124
(1, 2)
125
(1, 2)
126
(1, 2)
127
(1, 2)
128
(1, 2)
129
(1, 2)
130
(1, 2)
131
(1, 2)
132
(1, 2)
133
(1, 2)
134
(1, 2)
135
(1, 2)
136
(1, 2)
137
(1, 2)
138
(1, 2)
139
(1, 2)
140
(1, 2)
141
(1, 2)
142
(1, 2)
143
(1, 2)
144
(1, 2)
145
(1, 2)
146
(1, 2)
147
(1, 2)
148
(1, 2)
149
(1, 2)
150
(1, 2)
151
(1, 2)
152
(1, 2)
153
(1, 2)
154
(1, 2)
155
(1, 2)
156
(1, 2)
157
(1, 2)
158
(1, 2)
159
(1, 2)
160
(1, 2)
161
(1, 2)
162
(1, 2)
163
(2, 2)
164
(2, 2)
165
(2, 2)
166
(2, 2)
167
(1, 2)
168
(1, 2)
169
(2, 2)
170
(2, 2)
171
(2, 2)
172
(2, 2)
173
(2, 2)
174
(2, 2)
175
(2, 2)
176
(1, 2)
177
(1, 2)
178
(1, 1)
179
(1, 1)
180
(1, 1)
181
(1, 1)
182
(1, 1)
183
(1, 1)
184
(1, 1)
185
(1, 1)
186
(1, 1)
187
(1, 1)
188
(2, 2)
189
(2, 2)
190
(1, 2)
191
(1, 2)
192
(1, 1)
193
(1, 1)
194
(1, 1)
195
(1, 1)
196
(1, 1)
197
(1, 1)
198
(1, 1)
199
(2, 2)
200
(2, 2)
201
(1, 2)
202
(1, 1)
203
(1, 1)
204
(1, 1)
205
(1, 1)
206
(1, 1)
207
(1, 1)
208
(1, 1)
209
(1, 1)
210
(1, 1)
211
(1, 1)
212
(1, 1)
213
(1, 1)
214
(1, 1)
215
(2, 2)
216
(2, 2)
217
(1, 1)
218
(1, 1)
219
(1, 1)
220
(1, 1)
221
(1, 1)
222
(1, 1)
223
(1, 1)
224
(2, 2)
225
(2, 2)
226
(1, 2)
227
(1, 2)
228
(1, 1)
229
(2, 2)
230
(2, 2)
231
(2, 2)
232
(1, 1)
233
(1, 1)
234
(1, 1)
235
(1, 1)
236
(1, 1)
237
(1, 1)
238
(1, 1)
239
(1, 1)
240
(1, 1)
241
(1, 1)
242
(1, 1)
243
(1, 1)
244
(1, 2)
245
(1, 2)
246
(1, 2)
247
(1, 2)
248
(1, 2)
249
(1, 2)
250
(1, 2)
251
(1, 2)
252
(1, 1)
253
(1, 1)
254
(1, 1)
255
(1, 1)
256
(1, 1)
257
(1, 1)
258
(1, 1)
259
(1, 1)
260
(1, 1)
261
(1, 1)
262
(1, 1)
263
(1, 1)
264
(1, 1)
265
(1, 1)
266
(1, 1)
267
(1, 1)
268
(1, 1)
269
(1, 1)
270
(2, 2)
271
(2, 2)
272
(2, 2)
273
(2, 2)
274
(1, 2)
275
(1, 2)
276
(1, 2)
277
(1, 2)
278
(1, 2)
279
(1, 2)
280
(1, 2)
281
(2, 2)
282
(2, 2)
283
(2, 2)
284
(2, 2)
285
(2, 2)
286
(2, 2)
287
(1, 1)
288
(1, 1)
289
(1, 1)
290
(1, 1)
291
(1, 1)
292
(1, 1)
293
(1, 1)
294
(1, 1)
295
(1, 1)
296
(1, 1)
297
(1, 1)
298
(2, 2)
299
(2, 2)
300
(2, 2)
301
(2, 2)
302
(2, 2)
303
(2, 2)
304
(3, 2)
305
(3, 2)
306
(2, 2)
307
(2, 2)
308
(2, 2)
309
(2, 1)
310
(1, 1)
311
(1, 1)
312
(1, 1)
313
(1, 1)
314
(1, 1)
315
(1, 1)
316
(1, 1)
317
(1, 1)
318
(1, 1)
319
(1, 1)
320
(3, 2)
321
(2, 2)
322
(2, 2)
323
(2, 2)
324
(2, 1)
325
(1, 1)
326
(1, 1)
327
(1, 1)
328
(1, 1)
329
(1, 1)
330
(1, 1)
331
(1, 1)
332
(3, 2)
333
(1, 1)
334
(2, 2)
335
(2, 2)
336
(2, 2)
337
(2, 2)
338
(2, 2)
339
(2, 2)
340
(2, 2)
341
(2, 2)
342
(2, 2)
343
(2, 2)
344
(2, 2)
345
(3, 2)
346
(3, 2)
347
(3, 2)
348
(3, 2)
349
(2, 2)
350
(2, 2)
351
(2, 1)
352
(2, 1)
353
(1, 1)
354
(1, 1)
355
(1, 1)
356
(1, 1)
357
(1, 1)
358
(1, 1)
359
(1, 1)
360
(1, 1)
361
(1, 1)
362
(3, 2)
363
(3, 2)
364
(3, 2)
365
(2, 2)
366
(2, 2)
367
(2, 1)
368
(2, 1)
369
(1, 1)
370
(1, 1)
371
(1, 1)
372
(1, 1)
373
(1, 1)
374
(1, 1)
375
(3, 2)
376
(2, 2)
377
(2, 1)
378
(2, 1)
379
(2, 1)
380
(1, 1)
381
(1, 1)
382
(1, 1)
383
(1, 1)
384
(1, 1)
385
(1, 1)
386
(1, 1)
387
(1, 1)
388
(1, 1)
389
(1, 1)
390
(1, 1)
391
(3, 2)
392
(1, 1)
393
(2, 2)
394
(3, 2)
395
(3, 2)
396
(3, 2)
397
(3, 2)
398
(3, 2)
399
(3, 2)
400
(2, 1)
401
(2, 1)
402
(2, 1)
403
(2, 1)
404
(1, 1)
405
(1, 1)
406
(1, 1)
407
(1, 1)
408
(1, 1)
409
(1, 1)
410
(1, 1)
411
(1, 1)
412
(1, 1)
413
(1, 1)
414
(3, 2)
415
(2, 1)
416
(1, 1)
417
(1, 1)
418
(1, 1)
419
(1, 1)
420
(1, 1)
421
(1, 1)
422
(1, 1)
423
(1, 1)
424
(1, 1)
425
(1, 1)
426
(1, 1)
427
(1, 1)
428
(1, 2)
429
(2, 2)
430
(3, 2)
431
(3, 2)
432
(3, 2)
433
(1, 2)
434
(2, 1)
435
(2, 1)
436
(2, 1)
437
(2, 2)
438
(2, 2)
439
(1, 2)
440
(3, 2)
441
(3, 2)
442
(3, 2)
443
(3, 2)
444
(3, 2)
445
(2, 1)
446
(2, 1)
447
(2, 1)
448
(2, 1)
449
(2, 1)
450
(1, 1)
451
(1, 1)
452
(1, 1)
453
(1, 1)
454
(3, 2)
455
(3, 2)
456
(3, 2)
457
(3, 2)
458
(2, 1)
459
(1, 2)
460
(3, 2)
461
(1, 2)
462
(1, 2)
463
(3, 2)
464
(2, 1)
465
(2, 1)
466
(2, 1)
467
(4, 2)
468
(4, 2)
469
(3, 2)
470
(3, 2)
471
(3, 2)
472
(3, 1)
473
(2, 1)
474
(2, 1)
475
(2, 1)
476
(2, 1)
477
(2, 1)
478
(4, 2)
479
(3, 2)
480
(3, 2)
481
(3, 2)
482
(3, 1)
483
(2, 1)
484
(2, 1)
485
(2, 1)
486
(2, 1)
487
(2, 1)
488
(2, 1)
489
(3, 2)
490
(3, 2)
491
(2, 2)
492
(2, 1)
493
(3, 1)
494
(3, 1)
495
(3, 1)
496
(1, 2)
497
(2, 1)
498
(3, 2)
499
(1, 2)
500
(3, 2)
501
(2, 1)
502
(2, 1)
503
(2, 1)
504
(2, 1)
505
(1, 2)
506
(2, 1)
507
(2, 1)
508
(2, 1)
509
(2, 1)
510
(2, 1)
511
(2, 1)
512
(2, 1)
513
(2, 1)
514
(2, 2)
515
(2, 2)
516
(2, 2)
517
(2, 2)
518
(2, 2)
519
(2, 2)
520
(2, 2)
521
(2, 2)
522
(2, 3)
523
(2, 3)
524
(2, 3)
525
(2, 3)
526
(2, 3)
527
(1, 3)
528
(1, 3)
529
(1, 3)
530
(1, 3)
531
(1, 3)
532
(1, 3)
533
(1, 3)
534
(1, 3)
535
(1, 3)
536
(1, 3)
537
(1, 3)
538
(1, 3)
539
(1, 3)
540
(1, 3)
541
(1, 2)
542
(1, 2)
543
(1, 2)
544
(1, 2)
545
(1, 2)
546
(1, 2)
547
(1, 2)
548
(1, 2)
549
(1, 2)
550
(1, 2)
551
(1, 2)
552
(1, 2)
553
(1, 2)
554
(1, 2)
555
(1, 2)
556
(1, 2)
557
(1, 2)
558
(1, 2)
559
(1, 2)
560
(1, 2)
561
(1, 2)
562
(2, 2)
563
(2, 3)
564
(2, 3)
565
(2, 3)
566
(2, 3)
567
(1, 3)
568
(1, 3)
569
(1, 2)
570
(1, 2)
571
(1, 2)
572
(1, 2)
573
(1, 2)
574
(2, 3)
575
(2, 3)
576
(2, 3)
577
(1, 2)
578
(1, 2)
579
(2, 2)
580
(2, 2)
581
(2, 2)
582
(2, 3)
583
(2, 3)
584
(2, 3)
585
(2, 3)
586
(2, 3)
587
(1, 2)
588
(1, 2)
589
(2, 2)
590
(1, 2)
591
(2, 3)
592
(2, 3)
593
(2, 2)
594
(2, 2)
595
(2, 3)
596
(2, 3)
597
(2, 3)
598
(2, 3)
599
(2, 2)
600
(2, 2)
601
(2, 2)
602
(2, 2)
603
(2, 3)
604
(2, 3)
605
(2, 3)
606
(2, 3)
607
(2, 3)
608
(3, 3)
609
(3, 3)
610
(2, 3)
611
(2, 2)
612
(2, 2)
613
(2, 1)
614
(3, 3)
615
(2, 3)
616
(2, 2)
617
(2, 2)
618
(2, 1)
619
(2, 2)
620
(2, 2)
621
(2, 2)
622
(2, 2)
623
(2, 2)
624
(3, 3)
625
(3, 3)
626
(3, 3)
627
(3, 3)
628
(2, 3)
629
(2, 2)
630
(2, 2)
631
(2, 2)
632
(2, 1)
633
(2, 1)
634
(3, 3)
635
(3, 3)
636
(3, 3)
637
(3, 3)
638
(2, 2)
639
(2, 2)
640
(2, 1)
641
(2, 1)
642
(3, 3)
643
(3, 3)
644
(3, 3)
645
(3, 3)
646
(2, 2)
647
(2, 2)
648
(2, 1)
649
(2, 1)
650
(3, 2)
651
(3, 2)
652
(2, 2)
653
(2, 1)
654
(2, 1)
655
(2, 1)
656
(3, 2)
657
(3, 2)
658
(3, 3)
659
(3, 3)
660
(3, 3)
661
(3, 2)
662
(2, 2)
663
(2, 1)
664
(2, 1)
665
(2, 1)
666
(3, 3)
667
(3, 2)
668
(2, 2)
669
(2, 1)
670
(2, 2)
671
(3, 3)
672
(3, 3)
673
(3, 3)
674
(3, 3)
675
(3, 2)
676
(3, 2)
677
(2, 1)
678
(2, 1)
679
(2, 1)
680
(2, 1)
681
(2, 1)
682
(3, 2)
683
(3, 2)
684
(2, 1)
685
(2, 1)
686
(2, 1)
687
(2, 1)
688
(3, 3)
689
(3, 3)
690
(3, 3)
691
(3, 2)
692
(3, 2)
693
(2, 1)
694
(2, 1)
695
(2, 1)
696
(2, 1)
697
(2, 1)
698
(3, 3)
699
(3, 3)
700
(3, 2)
701
(3, 1)
702
(2, 2)
703
(3, 2)
704
(2, 2)
705
(2, 2)
706
(2, 2)
707
(2, 2)
708
(2, 1)
709
(3, 2)
710
(4, 3)
711
(4, 3)
712
(4, 3)
713
(4, 3)
714
(4, 3)
715
(3, 3)
716
(3, 2)
717
(3, 2)
718
(3, 1)
719
(2, 1)
720
(2, 1)
721
(2, 1)
722
(2, 1)
723
(2, 1)
724
(4, 3)
725
(3, 3)
726
(3, 2)
727
(3, 2)
728
(3, 1)
729
(2, 1)
730
(2, 1)
731
(2, 1)
732
(2, 1)
733
(2, 1)
734
(4, 3)
735
(3, 3)
736
(3, 1)
737
(3, 2)
738
(3, 2)
739
(3, 2)
740
(2, 1)
741
(3, 2)
742
(3, 2)
743
(2, 1)
744
(3, 2)
745
(3, 2)
746
(2, 1)
747
(2, 1)
748
(2, 1)
749
(2, 1)
750
(3, 2)
751
(3, 1)
752
(2, 1)
753
(3, 2)
754
(2, 1)
755
(2, 1)
756
(2, 1)
757
(2, 1)
758
(2, 1)
759
(2, 1)
760
(2, 1)
761
(2, 2)
762
(2, 2)
763
(3, 1)
764
(4, 2)
765
(2, 1)
766
(2, 1)
767
(2, 1)
768
(3, 1)
769
(3, 1)
770
(3, 1)
771
(4, 2)
772
(3, 1)
773
(4, 3)
774
(4, 3)
775
(4, 3)
776
(4, 2)
777
(3, 2)
778
(3, 2)
779
(3, 1)
780
(3, 1)
781
(3, 1)
782
(3, 1)
783
(3, 1)
784
(3, 1)
785
(3, 1)
786
(3, 1)
787
(3, 2)
788
(3, 2)
789
(4, 3)
790
(4, 3)
791
(3, 2)
792
(3, 2)
793
(3, 1)
794
(3, 1)
795
(2, 1)
796
(2, 1)
797
(2, 1)
798
(2, 1)
799
(2, 1)
800
(4, 3)
801
(4, 3)
802
(3, 2)
803
(3, 2)
804
(3, 1)
805
(3, 1)
806
(2, 1)
807
(2, 1)
808
(2, 1)
809
(2, 1)
810
(2, 1)
811
(3, 1)
812
(3, 1)
813
(3, 1)
814
(3, 1)
815
(3, 1)
816
(3, 2)
817
(3, 2)
818
(3, 1)
819
(3, 1)
820
(3, 1)
821
(3, 1)
822
(3, 1)
823
(3, 2)
824
(3, 2)
825
(3, 1)
826
(3, 1)
827
(2, 1)
828
(3, 2)
829
(4, 2)
830
(4, 2)
831
(2, 1)
832
(2, 1)
833
(2, 1)
834
(3, 2)
835
(2, 1)
836
(2, 1)
837
(3, 1)
838
(2, 1)
839
(2, 1)
840
(2, 1)
841
(2, 1)
842
(2, 1)
843
(2, 1)
844
(2, 1)
845
(2, 2)
846
(2, 2)
847
(2, 1)
848
(2, 1)
849
(2, 1)
850
(2, 1)
851
(2, 1)
852
(2, 1)
853
(2, 1)
854
(2, 2)
855
(2, 2)
856
(2, 3)
857
(2, 1)
858
(2, 1)
859
(2, 1)
860
(2, 1)
861
(2, 1)
862
(2, 1)
863
(2, 1)
864
(2, 2)
865
(2, 2)
866
(2, 3)
867
(2, 1)
868
(2, 1)
869
(2, 1)
870
(2, 1)
871
(2, 1)
872
(3, 1)
873
(3, 1)
874
(3, 1)
875
(4, 2)
876
(4, 2)
877
(4, 2)
878
(3, 1)
879
(4, 3)
880
(4, 3)
881
(4, 3)
882
(3, 1)
883
(4, 3)
884
(4, 3)
885
(4, 2)
886
(3, 2)
887
(3, 1)
888
(3, 1)
889
(3, 1)
890
(4, 3)
891
(4, 3)
892
(4, 2)
893
(4, 2)
894
(3, 1)
895
(3, 1)
896
(3, 1)
897
(3, 1)
898
(3, 1)
899
(3, 1)
900
(3, 1)
901
(3, 2)
902
(3, 2)
903
(3, 3)
904
(3, 1)
905
(3, 1)
906
(3, 1)
907
(4, 2)
908
(4, 2)
909
(4, 2)
910
(4, 2)
911
(4, 2)
912
(4, 2)
913
(4, 1)
914
(4, 2)
915
(4, 2)
916
(4, 2)
917
(3, 1)
918
(3, 1)
919
(3, 1)
920
(4, 3)
921
(4, 1)
922
(4, 1)
923
(4, 1)
924
(4, 3)
925
(4, 3)
926
(4, 3)
927
(4, 3)
928
(4, 3)
929
(3, 1)
930
(3, 1)
931
(3, 1)
932
(4, 2)
933
(4, 2)
934
(4, 2)
935
(3, 1)
936
(3, 1)
937
(3, 1)
938
(4, 1)
939
(4, 1)
940
(4, 1)
941
(3, 1)
942
(3, 1)
943
(3, 1)
944
(4, 2)
945
(4, 2)
946
(4, 2)
947
(3, 2)
948
(3, 2)
949
(3, 1)
950
(3, 1)
951
(3, 1)
952
(3, 1)
953
(3, 1)
954
(3, 2)
955
(3, 2)
956
(3, 1)
957
(3, 1)
958
(3, 1)
959
(3, 1)
960
(3, 1)
961
(3, 2)
962
(3, 2)
963
(3, 1)
964
(3, 1)
965
(3, 1)
966
(3, 1)
967
(3, 1)
968
(3, 2)
969
(3, 2)
970
(2, 2)
971
(3, 2)
972
(2, 2)
973
(4, 2)
974
(4, 2)
975
(4, 2)
976
(4, 2)
977
(3, 2)
978
(3, 2)
979
(3, 1)
980
(3, 1)
981
(4, 2)
982
(4, 2)
983
(4, 2)
984
(4, 2)
985
(3, 2)
986
(3, 2)
987
(3, 1)
988
(3, 1)
989
(4, 2)
990
(4, 2)
991
(3, 2)
992
(3, 1)
993
(3, 1)
994
(3, 1)
995
(4, 2)
996
(4, 1)
997
(3, 2)
998
(3, 1)
999
(3, 1)
1000
(3, 1)
1001
(5, 3)
1002
(5, 3)
1003
(5, 3)
1004
(4, 2)
1005
(4, 2)
1006
(4, 2)
1007
(4, 2)
1008
(4, 2)
1009
(4, 2)
1010
(3, 2)
1011
(3, 1)
1012
(3, 1)
1013
(3, 1)
1014
(4, 2)
1015
(5, 3)
1016
(4, 3)
1017
(4, 3)
1018
(4, 3)
1019
(5, 3)
1020
(4, 3)
1021
(5, 3)
1022
(4, 3)
1023
(1, 2)
1024
(1, 2)
1025
(4, 2)
1026
(4, 2)
1027
(2, 2)
1028
(4, 1)
1029
(4, 1)
1030
(4, 1)
1031
(4, 2)
1032
(3, 1)
1033
(3, 1)
1034
(3, 1)
1035
(3, 2)
1036
(4, 2)
1037
(4, 2)
1038
(4, 2)
1039
(4, 2)
1040
(4, 2)
1041
(3, 1)
1042
(4, 2)
1043
(3, 2)
1044
(3, 2)
1045
(4, 2)
1046
(4, 2)
1047
(4, 2)
1048
(4, 2)
1049
(4, 2)
1050
(4, 2)
1051
(3, 1)
1052
(3, 1)
1053
(3, 1)
1054
(3, 1)
1055
(3, 1)
1056
(4, 2)
1057
(4, 2)
1058
(4, 2)
1059
(4, 2)
1060
(4, 2)
1061
(3, 1)
1062
(3, 1)
1063
(3, 1)
1064
(3, 1)
1065
(4, 2)
1066
(3, 1)
1067
(3, 1)
1068
(3, 1)
1069
(3, 1)
1070
(3, 1)
1071
(3, 1)
1072
(3, 1)
1073
(3, 1)
1074
(3, 1)
1075
(4, 1)
1076
(4, 1)
1077
(4, 1)
1078
(5, 2)
1079
(4, 2)
1080
(5, 2)
1081
(5, 2)
1082
(4, 2)
1083
(4, 2)
1084
(4, 2)
1085
(4, 1)
1086
(3, 1)
1087
(3, 1)
1088
(3, 1)
1089
(3, 1)
1090
(3, 1)
1091
(5, 2)
1092
(4, 2)
1093
(4, 2)
1094
(4, 2)
1095
(4, 1)
1096
(3, 1)
1097
(3, 1)
1098
(3, 1)
1099
(3, 1)
1100
(3, 1)
1101
(4, 2)
1102
(3, 2)
1103
(4, 2)
1104
(4, 2)
1105
(4, 1)
1106
(4, 1)
1107
(4, 1)
1108
(4, 1)
1109
(4, 2)
1110
(3, 1)
1111
(3, 1)
1112
(3, 1)
1113
(4, 2)
1114
(4, 1)
1115
(5, 3)
1116
(5, 3)
1117
(4, 1)
1118
(4, 1)
1119
(4, 2)
1120
(4, 1)
1121
(4, 1)
1122
(3, 1)
1123
(5, 3)
1124
(5, 3)
1125
(5, 3)
1126
(5, 3)
1127
(5, 3)
1128
(5, 3)
1129
(5, 3)
1130
(5, 3)
1131
(2, 2)
1132
(1, 2)
1133
(4, 1)
1134
(4, 1)
1135
(4, 1)
1136
(4, 2)
1137
(4, 2)
1138
(3, 1)
1139
(3, 1)
1140
(3, 1)
1141
(4, 1)
1142
(4, 1)
1143
(4, 1)
1144
(4, 1)
1145
(4, 1)
1146
(4, 2)
1147
(4, 2)
1148
(4, 1)
1149
(4, 1)
1150
(4, 1)
1151
(4, 1)
1152
(4, 1)
1153
(4, 2)
1154
(4, 2)
1155
(4, 1)
1156
(4, 1)
1157
(4, 1)
1158
(4, 1)
1159
(4, 1)
1160
(4, 2)
1161
(4, 2)
1162
(4, 1)
1163
(4, 1)
1164
(4, 2)
1165
(4, 2)
1166
(5, 2)
1167
(5, 2)
1168
(5, 2)
1169
(5, 2)
1170
(4, 2)
1171
(4, 2)
1172
(4, 1)
1173
(4, 1)
1174
(3, 1)
1175
(3, 1)
1176
(3, 1)
1177
(3, 1)
1178
(3, 1)
1179
(5, 2)
1180
(5, 2)
1181
(5, 2)
1182
(5, 2)
1183
(4, 2)
1184
(4, 2)
1185
(4, 1)
1186
(4, 1)
1187
(3, 1)
1188
(3, 1)
1189
(3, 1)
1190
(3, 1)
1191
(3, 1)
1192
(5, 2)
1193
(5, 2)
1194
(4, 2)
1195
(4, 1)
1196
(4, 1)
1197
(4, 1)
1198
(3, 1)
1199
(3, 1)
1200
(3, 1)
1201
(5, 2)
1202
(4, 2)
1203
(5, 2)
1204
(5, 2)
1205
(5, 2)
1206
(5, 2)
1207
(5, 2)
1208
(5, 2)
1209
(4, 2)
1210
(5, 2)
1211
(5, 2)
1212
(5, 2)
1213
(5, 2)
1214
(4, 2)
1215
(4, 1)
1216
(4, 1)
1217
(4, 1)
1218
(5, 2)
1219
(5, 2)
1220
(5, 2)
1221
(4, 1)
1222
(4, 1)
1223
(4, 1)
1224
(4, 1)
1225
(4, 2)
1226
(4, 1)
1227
(4, 1)
1228
(4, 2)
1229
(4, 2)
1230
(4, 2)
1231
(4, 2)
1232
(2, 2)
1233
(4, 1)
1234
(4, 1)
1235
(5, 2)
1236
(5, 2)
1237
(5, 2)
1238
(5, 2)
1239
(5, 2)
1240
(5, 1)
1241
(5, 1)
1242
(5, 1)
1243
(4, 1)
1244
(4, 1)
1245
(5, 2)
1246
(5, 2)
1247
(5, 2)
1248
(5, 2)
1249
(5, 2)
1250
(4, 1)
1251
(4, 1)
1252
(4, 1)
1253
(4, 1)
1254
(4, 1)
1255
(5, 2)
1256
(5, 2)
1257
(5, 2)
1258
(4, 1)
1259
(4, 1)
1260
(5, 3)
1261
(4, 1)
1262
(5, 3)
1263
(4, 1)
1264
(4, 1)
1265
(5, 2)
1266
(4, 1)
1267
(4, 1)
1268
(5, 3)
1269
(5, 3)
1270
(5, 2)
1271
(5, 3)
1272
(5, 3)
1273
(5, 3)
1274
(5, 3)
1275
(5, 3)
1276
(5, 2)
1277
(5, 2)
1278
(4, 1)
1279
(4, 1)
1280
(4, 1)
1281
(4, 1)
1282
(5, 2)
1283
(4, 1)
1284
(4, 1)
1285
(4, 1)
1286
(4, 1)
1287
(4, 1)
1288
(4, 1)
1289
(4, 1)
1290
(4, 1)
1291
(4, 1)
1292
(4, 1)
1293
(4, 1)
1294
(4, 1)
1295
(5, 2)
1296
(4, 2)
1297
(6, 2)
1298
(6, 2)
1299
(5, 2)
1300
(5, 2)
1301
(5, 2)
1302
(5, 1)
1303
(4, 1)
1304
(4, 1)
1305
(4, 1)
1306
(4, 1)
1307
(4, 1)
1308
(6, 2)
1309
(5, 2)
1310
(5, 2)
1311
(5, 2)
1312
(5, 1)
1313
(4, 1)
1314
(4, 1)
1315
(4, 1)
1316
(4, 1)
1317
(4, 1)
1318
(6, 2)
1319
(6, 2)
1320
(6, 2)
1321
(5, 2)
1322
(5, 2)
1323
(5, 2)
1324
(5, 2)
1325
(5, 1)
1326
(5, 1)
1327
(4, 1)
1328
(4, 1)
1329
(4, 1)
1330
(5, 2)
1331
(5, 2)
1332
(5, 2)
1333
(5, 2)
1334
(4, 1)
1335
(4, 1)
1336
(4, 1)
1337
(4, 1)
1338
(4, 1)
1339
(4, 1)
1340
(4, 1)
1341
(4, 1)
1342
(4, 1)
1343
(4, 1)
1344
(4, 1)
1345
(4, 1)
1346
(5, 2)
1347
(5, 1)
1348
(5, 1)
1349
(4, 1)
1350
(4, 1)
1351
(4, 1)
1352
(2, 2)
1353
(5, 1)
1354
(5, 1)
1355
(5, 3)
1356
(5, 3)
1357
(5, 3)
1358
(5, 3)
1359
(5, 3)
1360
(5, 3)
1361
(5, 3)
1362
(5, 2)
1363
(5, 3)
1364
(5, 3)
1365
(5, 3)
1366
(5, 3)
1367
(5, 3)
1368
(5, 3)
1369
(4, 1)
1370
(4, 1)
1371
(4, 1)
1372
(4, 1)
1373
(4, 1)
1374
(4, 1)
1375
(4, 1)
1376
(5, 2)
1377
(4, 1)
1378
(4, 1)
1379
(4, 1)
1380
(5, 2)
1381
(5, 2)
1382
(4, 1)
1383
(6, 2)
1384
(4, 1)
1385
(4, 1)
1386
(4, 1)
1387
(4, 1)
1388
(4, 1)
1389
(4, 1)
1390
(4, 1)
1391
(4, 1)
1392
(4, 2)
1393
(4, 2)
1394
(4, 2)
1395
(4, 2)
1396
(4, 2)
1397
(4, 2)
1398
(4, 2)
1399
(4, 2)
1400
(4, 3)
1401
(6, 2)
1402
(4, 1)
1403
(4, 1)
1404
(4, 1)
1405
(4, 1)
1406
(4, 1)
1407
(4, 1)
1408
(4, 1)
1409
(4, 1)
1410
(4, 2)
1411
(4, 2)
1412
(4, 2)
1413
(4, 1)
1414
(4, 1)
1415
(6, 2)
1416
(6, 2)
1417
(6, 2)
1418
(5, 1)
1419
(5, 1)
1420
(6, 2)
1421
(6, 2)
1422
(6, 2)
1423
(5, 2)
1424
(5, 2)
1425
(5, 1)
1426
(5, 1)
1427
(5, 2)
1428
(5, 2)
1429
(5, 2)
1430
(5, 2)
1431
(6, 2)
1432
(6, 2)
1433
(6, 2)
1434
(5, 1)
1435
(6, 2)
1436
(6, 2)
1437
(5, 1)
1438
(5, 1)
1439
(3, 2)
1440
(5, 1)
1441
(5, 1)
1442
(5, 1)
1443
(5, 1)
1444
(5, 1)
1445
(5, 1)
1446
(5, 1)
1447
(5, 1)
1448
(5, 2)
1449
(5, 2)
1450
(5, 2)
1451
(5, 2)
1452
(5, 2)
1453
(5, 2)
1454
(5, 2)
1455
(5, 2)
1456
(5, 1)
1457
(5, 1)
1458
(5, 1)
1459
(5, 1)
1460
(5, 1)
1461
(5, 1)
1462
(5, 1)
1463
(5, 1)
1464
(5, 2)
1465
(5, 2)
1466
(5, 2)
1467
(2, 2)
1468
(5, 2)
1469
(5, 2)
1470
(5, 2)
1471
(5, 2)
1472
(2, 2)
1473
(3, 2)
1474
(5, 1)
1475
(6, 3)
1476
(6, 3)
1477
(6, 3)
1478
(6, 3)
1479
(6, 3)
1480
(6, 2)
1481
(6, 3)
1482
(5, 3)
1483
(5, 2)
1484
(5, 2)
1485
(5, 1)
1486
(6, 3)
1487
(5, 3)
1488
(5, 2)
1489
(5, 2)
1490
(5, 1)
1491
(6, 3)
1492
(5, 3)
1493
(5, 2)
1494
(5, 2)
1495
(5, 1)
1496
(6, 3)
1497
(5, 1)
1498
(5, 2)
1499
(5, 2)
1500
(5, 2)
1501
(5, 2)
1502
(5, 2)
1503
(5, 2)
1504
(5, 2)
1505
(5, 2)
1506
(3, 2)
1507
(5, 1)
1508
(5, 1)
1509
(6, 2)
1510
(5, 1)
1511
(6, 2)
1512
(6, 2)
1513
(6, 2)
1514
(6, 2)
1515
(6, 2)
1516
(6, 2)
1517
(5, 1)
1518
(5, 1)
1519
(5, 1)
1520
(5, 1)
1521
(5, 1)
1522
(5, 1)
1523
(5, 1)
1524
(5, 1)
1525
(5, 1)
1526
(5, 1)
1527
(5, 1)
1528
(5, 2)
1529
(5, 2)
1530
(5, 2)
1531
(5, 2)
1532
(5, 2)
1533
(5, 2)
1534
(5, 2)
1535
(5, 2)
1536
(5, 3)
1537
(6, 2)
1538
(6, 2)
1539
(6, 2)
1540
(6, 2)
1541
(6, 2)
1542
(6, 2)
1543
(5, 1)
1544
(5, 1)
1545
(5, 1)
1546
(5, 1)
1547
(5, 1)
1548
(6, 2)
1549
(6, 3)
1550
(5, 1)
1551
(6, 3)
1552
(5, 1)
1553
(5, 1)
1554
(5, 1)
1555
(6, 2)
1556
(6, 2)
1557
(6, 2)
1558
(5, 1)
1559
(6, 3)
1560
(6, 3)
1561
(5, 2)
1562
(6, 3)
1563
(6, 3)
1564
(6, 3)
1565
(6, 3)
1566
(6, 3)
1567
(6, 3)
1568
(5, 2)
1569
(5, 2)
1570
(5, 2)
1571
(5, 2)
1572
(5, 2)
1573
(5, 2)
1574
(6, 2)
1575
(6, 2)
1576
(6, 2)
1577
(6, 2)
1578
(6, 1)
1579
(6, 1)
1580
(6, 1)
1581
(6, 1)
1582
(6, 2)
1583
(6, 2)
1584
(6, 2)
1585
(6, 2)
1586
(6, 2)
1587
(5, 1)
1588
(5, 1)
1589
(5, 1)
1590
(5, 1)
1591
(5, 1)
1592
(6, 2)
1593
(6, 2)
1594
(6, 2)
1595
(6, 2)
1596
(6, 2)
1597
(5, 1)
1598
(5, 1)
1599
(5, 1)
1600
(5, 1)
1601
(5, 1)
1602
(5, 1)
1603
(6, 2)
1604
(5, 1)
1605
(5, 1)
1606
(5, 1)
1607
(6, 2)
1608
(6, 2)
1609
(6, 2)
1610
(6, 2)
1611
(5, 1)
1612
(6, 1)
1613
(6, 1)
1614
(6, 1)
1615
(6, 1)
1616
(5, 1)
1617
(5, 1)
1618
(6, 3)
1619
(6, 3)
1620
(5, 1)
1621
(6, 3)
1622
(5, 1)
1623
(5, 1)
1624
(6, 2)
1625
(6, 3)
1626
(6, 3)
1627
(6, 3)
1628
(5, 1)
1629
(6, 2)
1630
(6, 2)
1631
(6, 2)
1632
(6, 2)
1633
(6, 2)
1634
(6, 1)
1635
(5, 1)
1636
(5, 1)
1637
(5, 1)
1638
(5, 1)
1639
(6, 1)
1640
(7, 2)
1641
(7, 2)
1642
(7, 2)
1643
(6, 1)
1644
(5, 1)
1645
(7, 2)
1646
(7, 2)
1647
(7, 2)
1648
(6, 1)
1649
(5, 1)
1650
(5, 1)
1651
(5, 1)
1652
(5, 1)
1653
(5, 1)
1654
(5, 1)
1655
(5, 2)
1656
(5, 2)
1657
(5, 2)
1658
(5, 2)
1659
(5, 2)
1660
(5, 2)
1661
(5, 2)
1662
(5, 2)
1663
(7, 2)
1664
(6, 2)
1665
(6, 2)
1666
(6, 2)
1667
(5, 1)
1668
(5, 1)
1669
(5, 1)
1670
(5, 1)
1671
(5, 1)
1672
(5, 1)
1673
(5, 2)
1674
(5, 2)
1675
(5, 2)
1676
(7, 2)
1677
(6, 2)
1678
(5, 1)
1679
(5, 1)
1680
(5, 1)
1681
(5, 1)
1682
(5, 1)
1683
(5, 1)
1684
(5, 2)
1685
(7, 2)
1686
(6, 2)
1687
(5, 1)
1688
(6, 2)
1689
(6, 2)
1690
(6, 2)
1691
(6, 2)
1692
(6, 2)
1693
(6, 2)
1694
(6, 2)
1695
(6, 2)
1696
(6, 2)
1697
(6, 1)
1698
(6, 1)
1699
(6, 1)
1700
(6, 1)
1701
(6, 1)
1702
(6, 1)
1703
(6, 1)
1704
(6, 1)
1705
(6, 2)
1706
(6, 2)
1707
(6, 2)
1708
(5, 1)
1709
(5, 1)
1710
(5, 1)
1711
(5, 1)
1712
(5, 1)
1713
(5, 1)
1714
(6, 2)
1715
(6, 2)
1716
(6, 2)
1717
(6, 2)
1718
(6, 1)
1719
(6, 1)
1720
(6, 1)
1721
(6, 1)
1722
(6, 1)
1723
(6, 3)
1724
(6, 3)
1725
(6, 1)
1726
(6, 1)
1727
(6, 1)
1728
(5, 1)
1729
(5, 1)
1730
(5, 1)
1731
(6, 2)
1732
(7, 2)
1733
(6, 3)
1734
(6, 3)
1735
(6, 3)
1736
(6, 3)
1737
(6, 3)
1738
(6, 2)
1739
(6, 2)
1740
(6, 2)
1741
(5, 1)
1742
(5, 1)
1743
(5, 1)
1744
(5, 1)
1745
(5, 1)
1746
(5, 1)
1747
(5, 1)
1748
(5, 1)
1749
(5, 2)
1750
(5, 2)
1751
(5, 3)
1752
(5, 1)
1753
(5, 1)
1754
(5, 1)
1755
(5, 1)
1756
(5, 1)
1757
(5, 2)
1758
(5, 2)
1759
(5, 3)
1760
(5, 1)
1761
(5, 1)
1762
(5, 1)
1763
(5, 1)
1764
(5, 1)
1765
(5, 2)
1766
(5, 2)
1767
(5, 3)
1768
(6, 1)
1769
(7, 2)
1770
(5, 1)
1771
(7, 2)
1772
(5, 1)
1773
(5, 1)
1774
(5, 1)
1775
(6, 1)
1776
(6, 1)
1777
(6, 1)
1778
(6, 1)
1779
(7, 2)
1780
(7, 2)
1781
(6, 2)
1782
(6, 2)
1783
(6, 1)
1784
(6, 1)
1785
(5, 1)
1786
(5, 1)
1787
(5, 1)
1788
(5, 1)
1789
(5, 1)
1790
(7, 2)
1791
(7, 2)
1792
(6, 2)
1793
(6, 2)
1794
(6, 1)
1795
(6, 1)
1796
(5, 1)
1797
(5, 1)
1798
(5, 1)
1799
(5, 1)
1800
(5, 1)
1801
(7, 2)
1802
(7, 2)
1803
(7, 2)
1804
(7, 2)
1805
(7, 2)
1806
(6, 1)
1807
(6, 1)
1808
(6, 1)
1809
(6, 2)
1810
(6, 2)
1811
(6, 2)
1812
(6, 2)
1813
(6, 1)
1814
(6, 1)
1815
(6, 1)
1816
(6, 1)
1817
(6, 1)
1818
(6, 1)
1819
(6, 1)
1820
(6, 1)
1821
(6, 1)
1822
(6, 1)
1823
(6, 1)
1824
(6, 1)
1825
(6, 2)
1826
(6, 2)
1827
(6, 2)
1828
(6, 2)
1829
(6, 2)
1830
(6, 2)
1831
(6, 2)
1832
(6, 2)
1833
(6, 1)
1834
(6, 1)
1835
(6, 1)
1836
(6, 1)
1837
(6, 1)
1838
(6, 1)
1839
(6, 2)
1840
(6, 2)
1841
(6, 2)
1842
(6, 1)
1843
(6, 1)
1844
(6, 1)
1845
(6, 1)
1846
(6, 1)
1847
(6, 1)
1848
(6, 2)
1849
(6, 1)
1850
(6, 1)
1851
(7, 2)
1852
(7, 2)
1853
(7, 2)
1854
(5, 1)
1855
(5, 1)
1856
(5, 1)
1857
(5, 1)
1858
(6, 1)
1859
(6, 1)
1860
(6, 1)
1861
(6, 2)
1862
(6, 2)
1863
(6, 2)
1864
(4, 2)
1865
(6, 2)
1866
(6, 2)
1867
(6, 2)
1868
(6, 2)
1869
(6, 1)
1870
(6, 1)
1871
(6, 1)
1872
(6, 1)
1873
(6, 1)
1874
(6, 1)
1875
(6, 1)
1876
(6, 1)
1877
(6, 1)
1878
(6, 1)
1879
(6, 1)
1880
(6, 1)
1881
(6, 1)
1882
(6, 1)
1883
(6, 1)
1884
(7, 3)
1885
(7, 3)
1886
(6, 1)
1887
(6, 1)
1888
(6, 1)
1889
(6, 1)
1890
(7, 2)
1891
(7, 2)
1892
(7, 2)
1893
(7, 2)
1894
(7, 2)
1895
(6, 1)
1896
(6, 1)
1897
(7, 3)
1898
(6, 3)
1899
(6, 2)
1900
(7, 3)
1901
(6, 3)
1902
(7, 3)
1903
(6, 3)
1904
(7, 3)
1905
(7, 3)
1906
(6, 1)
1907
(6, 1)
1908
(6, 1)
1909
(7, 1)
1910
(7, 1)
1911
(7, 1)
1912
(6, 2)
1913
(6, 2)
1914
(6, 2)
1915
(6, 1)
1916
(6, 1)
1917
(7, 2)
1918
(7, 2)
1919
(7, 2)
1920
(6, 1)
1921
(7, 2)
1922
(7, 2)
1923
(6, 1)
1924
(6, 1)
1925
(6, 1)
1926
(7, 2)
1927
(7, 2)
1928
(7, 2)
1929
(7, 2)
1930
(7, 2)
1931
(7, 2)
1932
(6, 2)
1933
(6, 2)
1934
(7, 2)
1935
(6, 1)
1936
(6, 1)
1937
(7, 1)
1938
(7, 2)
1939
(7, 2)
1940
(6, 1)
1941
(7, 2)
1942
(7, 2)
1943
(7, 2)
1944
(7, 2)
1945
(6, 1)
1946
(6, 1)
1947
(6, 1)
1948
(6, 1)
1949
(6, 1)
1950
(6, 1)
1951
(6, 1)
1952
(6, 1)
1953
(6, 2)
1954
(6, 2)
1955
(6, 2)
1956
(7, 2)
1957
(7, 2)
1958
(7, 2)
1959
(7, 2)
1960
(6, 1)
1961
(6, 1)
1962
(6, 1)
1963
(6, 1)
1964
(6, 1)
1965
(6, 1)
1966
(6, 1)
1967
(6, 1)
1968
(6, 1)
1969
(6, 1)
1970
(6, 1)
1971
(7, 3)
1972
(7, 3)
1973
(7, 3)
1974
(7, 3)
1975
(7, 3)
1976
(7, 2)
1977
(7, 2)
1978
(7, 1)
1979
(7, 3)
1980
(7, 3)
1981
(7, 3)
1982
(7, 3)
1983
(7, 3)
1984
(7, 3)
1985
(7, 3)
1986
(7, 3)
1987
(7, 3)
1988
(5, 2)
1989
(7, 1)
1990
(7, 2)
1991
(7, 2)
1992
(7, 2)
1993
(6, 1)
1994
(6, 1)
1995
(6, 1)
1996
(7, 1)
1997
(7, 2)
1998
(7, 2)
1999
(7, 2)
2000
(7, 2)
2001
(6, 1)
2002
(6, 1)
2003
(7, 2)
2004
(7, 2)
2005
(7, 2)
2006
(7, 2)
2007
(7, 2)
2008
(7, 2)
2009
(5, 2)
2010
(7, 1)
2011
(6, 1)
2012
(6, 1)
2013
(7, 2)
2014
(7, 2)
2015
(7, 2)
2016
(7, 2)
2017
(7, 2)
2018
(7, 2)
2019
(7, 2)
2020
(5, 2)
2021
(7, 2)
2022
(7, 2)
2023
(7, 2)
2024
(7, 2)
2025
(7, 1)
2026
(6, 1)
2027
(6, 1)
2028
(7, 1)
2029
(7, 1)
2030
(7, 1)
2031
(6, 1)
2032
(7, 2)
2033
(8, 2)
2034
(8, 2)
2035
(7, 2)
2036
(8, 2)
2037
(8, 2)
2038
(7, 2)
2039
(7, 2)
2040
(7, 2)
2041
(7, 1)
2042
(7, 2)
2043
(6, 1)
2044
(6, 1)
2045
(6, 1)
2046
(7, 2)
2047
(7, 2)
2048
(5, 2)
2049
(7, 1)
2050
(5, 2)
2051
(5, 2)
2052
(7, 1)
2053
(6, 1)
2054
(7, 2)
2055
(6, 1)
2056
(7, 3)
2057
(7, 3)
2058
(6, 1)
2059
(6, 1)
2060
(6, 1)
2061
(6, 1)
2062
(6, 1)
2063
(7, 2)
2064
(7, 2)
2065
(7, 2)
2066
(7, 2)
2067
(7, 2)
2068
(7, 1)
2069
(7, 3)
2070
(7, 3)
2071
(7, 3)
2072
(7, 3)
2073
(7, 3)
2074
(7, 3)
2075
(7, 1)
2076
(7, 1)
2077
(7, 1)
2078
(6, 1)
2079
(6, 1)
2080
(7, 2)
2081
(6, 1)
2082
(8, 2)
2083
(8, 2)
2084
(8, 2)
2085
(6, 1)
2086
(6, 1)
2087
(6, 1)
2088
(6, 1)
2089
(6, 1)
2090
(6, 1)
2091
(8, 3)
2092
(8, 3)
2093
(8, 3)
2094
(8, 3)
2095
(8, 3)
2096
(8, 3)
2097
(7, 1)
2098
(7, 1)
2099
(8, 2)
2100
(8, 2)
2101
(8, 2)
2102
(7, 1)
2103
(8, 2)
2104
(7, 2)
2105
(7, 2)
2106
(7, 2)
2107
(7, 1)
2108
(8, 2)
2109
(7, 2)
2110
(8, 2)
2111
(7, 2)
2112
(7, 1)
2113
(7, 1)
2114
(7, 1)
2115
(8, 3)
2116
(8, 3)
2117
(8, 3)
2118
(7, 2)
2119
(7, 2)
2120
(7, 2)
2121
(7, 2)
2122
(7, 2)
2123
(7, 2)
2124
(7, 2)
2125
(7, 1)
2126
(7, 1)
2127
(7, 1)
2128
(7, 1)
2129
(7, 1)
2130
(7, 2)
2131
(5, 2)
2132
(5, 2)
2133
(7, 2)
2134
(7, 2)
2135
(8, 3)
2136
(7, 1)
2137
(8, 3)
2138
(8, 3)
2139
(8, 3)
2140
(8, 3)
2141
(8, 3)
2142
(8, 3)
2143
(7, 2)
2144
(7, 1)
2145
(7, 1)
2146
(7, 1)
2147
(7, 2)
2148
(7, 1)
2149
(7, 1)
2150
(7, 1)
2151
(7, 1)
2152
(7, 1)
2153
(7, 1)
2154
(7, 1)
2155
(7, 3)
2156
(7, 3)
2157
(7, 3)
2158
(8, 2)
2159
(8, 2)
2160
(8, 2)
2161
(8, 2)
2162
(8, 2)
2163
(8, 2)
2164
(8, 2)
2165
(7, 3)
2166
(7, 3)
2167
(7, 3)
2168
(7, 2)
2169
(7, 2)
2170
(7, 2)
2171
(7, 3)
2172
(7, 3)
2173
(7, 3)
2174
(7, 3)
2175
(7, 3)
2176
(7, 1)
2177
(7, 1)
2178
(7, 1)
2179
(7, 1)
2180
(7, 1)
2181
(7, 2)
2182
(7, 2)
2183
(7, 2)
2184
(8, 3)
2185
(8, 3)
2186
(8, 3)
2187
(8, 2)
2188
(8, 3)
2189
(8, 2)
2190
(8, 3)
2191
(8, 2)
2192
(8, 3)
2193
(7, 1)
2194
(7, 1)
2195
(8, 3)
2196
(8, 3)
2197
(8, 3)
2198
(8, 3)
2199
(8, 3)
2200
(8, 3)
2201
(8, 3)
2202
(8, 3)
2203
(8, 3)
2204
(8, 3)
2205
(7, 2)
2206
(7, 2)
2207
(7, 2)
2208
(8, 2)
2209
(8, 2)
2210
(8, 2)
2211
(7, 1)
2212
(7, 1)
2213
(7, 1)
2214
(7, 1)
2215
(7, 1)
2216
(7, 1)
2217
(7, 1)
2218
(7, 1)
2219
(8, 2)
2220
(8, 2)
2221
(8, 2)
2222
(8, 3)
2223
(8, 3)
2224
(8, 3)
2225
(8, 3)
2226
(8, 3)
2227
(8, 3)
2228
(8, 3)
2229
(7, 2)
2230
(7, 2)
2231
(7, 2)
2232
(7, 1)
2233
(7, 1)
2234
(7, 1)
2235
(7, 1)
2236
(8, 2)
2237
(8, 2)
2238
(8, 2)
2239
(6, 2)
2240
(7, 1)
2241
(7, 1)
2242
(7, 1)
2243
(7, 1)
2244
(7, 1)
2245
(8, 2)
2246
(8, 2)
2247
(8, 2)
2248
(7, 2)
2249
(7, 2)
2250
(8, 3)
2251
(8, 3)
2252
(8, 3)
2253
(8, 3)
2254
(8, 3)
2255
(8, 3)
2256
(8, 2)
2257
(8, 2)
2258
(8, 2)
2259
(6, 2)
2260
(8, 3)
2261
(8, 3)
2262
(7, 3)
2263
(7, 2)
2264
(7, 2)
2265
(7, 1)
2266
(8, 3)
2267
(7, 3)
2268
(8, 3)
2269
(7, 3)
2270
(7, 1)
2271
(7, 1)
2272
(7, 2)
2273
(7, 2)
2274
(7, 2)
2275
(7, 2)
2276
(7, 2)
2277
(7, 2)
2278
(7, 2)
2279
(7, 2)
2280
(7, 2)
2281
(8, 3)
2282
(8, 3)
2283
(8, 3)
2284
(7, 1)
2285
(7, 1)
2286
(7, 1)
2287
(7, 1)
2288
(7, 1)
2289
(7, 1)
2290
(7, 1)
2291
(8, 3)
2292
(8, 3)
2293
(8, 3)
2294
(8, 3)
2295
(8, 3)
2296
(8, 3)
2297
(8, 3)
2298
(8, 3)
2299
(8, 3)
2300
(8, 3)
2301
(7, 1)
2302
(7, 1)
2303
(7, 1)
2304
(7, 1)
2305
(8, 3)
2306
(8, 3)
2307
(8, 3)
2308
(8, 3)
2309
(8, 3)
2310
(8, 3)
2311
(8, 3)
2312
(8, 2)
2313
(8, 2)
2314
(8, 2)
2315
(7, 1)
2316
(7, 1)
2317
(7, 1)
2318
(7, 1)
2319
(7, 1)
2320
(7, 1)
2321
(7, 2)
2322
(7, 2)
2323
(7, 2)
2324
(7, 2)
2325
(7, 2)
2326
(7, 2)
2327
(7, 2)
2328
(7, 2)
2329
(7, 3)
2330
(7, 1)
2331
(7, 1)
2332
(7, 1)
2333
(7, 1)
2334
(7, 1)
2335
(7, 1)
2336
(7, 2)
2337
(7, 2)
2338
(7, 2)
2339
(7, 1)
2340
(7, 1)
2341
(7, 1)
2342
(7, 1)
2343
(7, 1)
2344
(8, 3)
2345
(8, 3)
2346
(8, 3)
2347
(8, 1)
2348
(8, 1)
2349
(8, 1)
2350
(8, 3)
2351
(8, 3)
2352
(8, 3)
2353
(8, 1)
2354
(8, 1)
2355
(8, 1)
2356
(8, 2)
2357
(8, 2)
2358
(8, 2)
2359
(7, 1)
2360
(7, 1)
2361
(8, 3)
2362
(8, 3)
2363
(8, 3)
2364
(8, 3)
2365
(8, 1)
2366
(8, 1)
2367
(8, 2)
2368
(8, 2)
2369
(8, 2)
2370
(6, 2)
2371
(7, 1)
2372
(7, 1)
2373
(7, 1)
2374
(7, 1)
2375
(7, 1)
2376
(7, 1)
2377
(7, 1)
2378
(8, 2)
2379
(8, 2)
2380
(8, 2)
2381
(7, 1)
2382
(8, 3)
2383
(8, 3)
2384
(8, 3)
2385
(8, 1)
2386
(7, 2)
2387
(7, 2)
2388
(8, 1)
2389
(7, 2)
2390
(8, 1)
2391
(8, 1)
2392
(7, 2)
2393
(6, 2)
2394
(8, 2)
2395
(8, 2)
2396
(8, 2)
2397
(8, 1)
2398
(7, 1)
2399
(7, 1)
2400
(8, 1)
2401
(8, 1)
2402
(8, 1)
2403
(8, 3)
2404
(8, 3)
2405
(8, 3)
2406
(8, 3)
2407
(8, 3)
2408
(8, 3)
2409
(8, 3)
2410
(8, 3)
2411
(8, 3)
2412
(8, 3)
2413
(8, 3)
2414
(8, 3)
2415
(8, 3)
2416
(8, 1)
2417
(8, 1)
2418
(8, 1)
2419
(8, 3)
2420
(8, 3)
2421
(8, 3)
2422
(8, 3)
2423
(8, 3)
2424
(8, 3)
2425
(8, 3)
2426
(8, 3)
2427
(8, 3)
2428
(8, 3)
2429
(8, 3)
2430
(8, 3)
2431
(8, 3)
2432
(8, 3)
2433
(8, 1)
2434
(8, 1)
2435
(8, 1)
2436
(7, 1)
2437
(7, 1)
2438
(7, 1)
2439
(7, 1)
2440
(8, 3)
2441
(8, 3)
2442
(8, 3)
2443
(8, 3)
2444
(8, 3)
2445
(8, 3)
2446
(8, 3)
2447
(8, 1)
2448
(8, 1)
2449
(8, 2)
2450
(8, 2)
2451
(8, 2)
2452
(7, 1)
2453
(8, 1)
2454
(7, 1)
2455
(7, 1)
2456
(8, 1)
2457
(8, 2)
2458
(8, 2)
2459
(8, 2)
2460
(8, 2)
2461
(8, 2)
2462
(8, 1)
2463
(8, 1)
2464
(8, 1)
2465
(8, 2)
2466
(8, 2)
2467
(8, 2)
2468
(8, 1)
2469
(8, 1)
2470
(8, 1)
2471
(8, 1)
2472
(8, 1)
2473
(8, 1)
2474
(7, 1)
2475
(8, 2)
2476
(8, 2)
2477
(8, 2)
2478
(9, 3)
2479
(9, 3)
2480
(7, 1)
2481
(9, 3)
2482
(9, 3)
2483
(8, 1)
2484
(8, 1)
2485
(8, 1)
2486
(8, 2)
2487
(8, 1)
2488
(8, 1)
2489
(8, 2)
2490
(8, 3)
2491
(8, 3)
2492
(8, 3)
2493
(8, 3)
2494
(8, 3)
2495
(8, 3)
2496
(8, 3)
2497
(7, 1)
2498
(7, 1)
2499
(7, 1)
2500
(7, 1)
2501
(8, 3)
2502
(8, 3)
2503
(8, 3)
2504
(8, 3)
2505
(8, 3)
2506
(8, 3)
2507
(8, 3)
2508
(8, 3)
2509
(8, 3)
2510
(8, 3)
2511
(8, 3)
2512
(8, 3)
2513
(8, 3)
2514
(8, 3)
2515
(8, 1)
2516
(7, 1)
2517
(7, 1)
2518
(8, 3)
2519
(8, 3)
2520
(8, 3)
2521
(8, 3)
2522
(8, 3)
2523
(8, 3)
2524
(8, 3)
2525
(8, 3)
2526
(8, 3)
2527
(8, 3)
2528
(8, 2)
2529
(8, 2)
2530
(8, 2)
2531
(8, 1)
2532
(8, 1)
2533
(8, 1)
2534
(7, 1)
2535
(7, 1)
2536
(7, 1)
2537
(7, 1)
2538
(7, 1)
2539
(7, 1)
2540
(7, 1)
2541
(7, 1)
2542
(7, 1)
2543
(7, 1)
2544
(7, 1)
2545
(7, 1)
2546
(8, 1)
2547
(8, 1)
2548
(8, 1)
2549
(8, 1)
2550
(8, 1)
2551
(8, 1)
2552
(8, 1)
2553
(8, 1)
2554
(8, 1)
2555
(8, 2)
2556
(8, 2)
2557
(8, 2)
2558
(8, 4)
2559
(8, 4)
2560
(8, 4)
2561
(8, 4)
2562
(8, 4)
2563
(8, 4)
2564
(8, 4)
2565
(7, 1)
2566
(7, 1)
2567
(7, 1)
2568
(7, 1)
2569
(8, 1)
2570
(8, 1)
2571
(8, 1)
2572
(9, 1)
2573
(9, 1)
2574
(9, 1)
2575
(8, 2)
2576
(8, 2)
2577
(8, 2)
2578
(8, 1)
2579
(9, 2)
2580
(9, 2)
2581
(9, 2)
2582
(9, 2)
2583
(9, 2)
2584
(8, 1)
2585
(9, 3)
2586
(9, 3)
2587
(9, 3)
2588
(9, 3)
2589
(9, 3)
2590
(8, 1)
2591
(7, 1)
2592
(7, 1)
2593
(7, 1)
2594
(9, 2)
2595
(9, 2)
2596
(9, 2)
2597
(8, 1)
2598
(8, 1)
2599
(8, 1)
2600
(7, 1)
2601
(7, 1)
2602
(7, 1)
2603
(7, 1)
2604
(8, 3)
2605
(8, 3)
2606
(8, 3)
2607
(8, 3)
2608
(8, 3)
2609
(8, 3)
2610
(8, 3)
2611
(9, 2)
2612
(9, 2)
2613
(9, 2)
2614
(8, 1)
2615
(9, 2)
2616
(9, 2)
2617
(9, 2)
2618
(8, 1)
2619
(8, 1)
2620
(8, 1)
2621
(8, 1)
2622
(8, 1)
2623
(8, 2)
2624
(8, 2)
2625
(8, 2)
2626
(9, 1)
2627
(8, 1)
2628
(8, 1)
2629
(8, 1)
2630
(8, 1)
2631
(8, 1)
2632
(8, 1)
2633
(8, 2)
2634
(8, 2)
2635
(8, 1)
2636
(8, 1)
2637
(8, 1)
2638
(8, 1)
2639
(8, 1)
2640
(8, 1)
2641
(8, 1)
2642
(8, 4)
2643
(8, 4)
2644
(8, 4)
2645
(8, 1)
2646
(8, 4)
2647
(8, 4)
2648
(8, 4)
2649
(8, 4)
2650
(9, 1)
2651
(8, 1)
2652
(8, 1)
2653
(8, 1)
2654
(9, 2)
2655
(8, 1)
2656
(8, 1)
2657
(8, 1)
2658
(9, 1)
2659
(9, 1)
2660
(9, 1)
2661
(8, 4)
2662
(8, 4)
2663
(8, 4)
2664
(9, 2)
2665
(10, 2)
2666
(8, 1)
2667
(8, 1)
2668
(9, 1)
2669
(9, 1)
2670
(9, 1)
2671
(9, 3)
2672
(9, 3)
2673
(9, 3)
2674
(9, 3)
2675
(9, 1)
2676
(9, 1)
2677
(9, 1)
2678
(8, 1)
2679
(8, 1)
2680
(8, 1)
2681
(8, 1)
2682
(8, 1)
2683
(9, 1)
2684
(9, 1)
2685
(9, 1)
2686
(8, 1)
2687
(8, 1)
2688
(8, 1)
2689
(8, 1)
2690
(9, 1)
2691
(9, 1)
2692
(9, 1)
2693
(9, 4)
2694
(9, 4)
2695
(9, 4)
2696
(8, 1)
2697
(8, 1)
2698
(9, 1)
2699
(9, 1)
2700
(9, 1)
2701
(8, 1)
2702
(8, 1)
2703
(8, 4)
2704
(8, 4)
2705
(8, 4)
2706
(8, 1)
2707
(8, 1)
2708
(8, 1)
2709
(8, 1)
2710
(8, 1)
2711
(8, 2)
2712
(8, 2)
2713
(8, 1)
2714
(8, 1)
2715
(8, 1)
2716
(8, 1)
2717
(8, 1)
2718
(8, 2)
2719
(8, 2)
2720
(8, 4)
2721
(8, 4)
2722
(8, 4)
2723
(8, 4)
2724
(8, 1)
2725
(8, 1)
2726
(8, 1)
2727
(9, 3)
2728
(9, 3)
2729
(9, 3)
2730
(9, 1)
2731
(9, 1)
2732
(9, 1)
2733
(10, 3)
2734
(10, 3)
2735
(10, 3)
2736
(9, 1)
2737
(9, 1)
2738
(9, 1)
2739
(9, 1)
2740
(9, 1)
2741
(9, 1)
2742
(9, 1)
2743
(9, 1)
2744
(9, 1)
2745
(9, 1)
2746
(9, 1)
2747
(9, 1)
2748
(9, 1)
2749
(9, 1)
2750
(9, 1)
2751
(9, 2)
2752
(9, 2)
2753
(9, 2)
2754
(8, 5)
2755
(8, 5)
2756
(8, 5)
2757
(8, 5)
2758
(8, 5)
2759
(8, 5)
2760
(8, 5)
2761
(9, 2)
2762
(9, 2)
2763
(9, 2)
2764
(10, 3)
2765
(10, 3)
2766
(10, 3)
2767
(10, 2)
2768
(10, 2)
2769
(10, 2)
2770
(10, 2)
2771
(10, 2)
2772
(10, 2)
2773
(10, 2)
2774
(10, 2)
2775
(10, 2)
2776
(10, 2)
2777
(8, 1)
2778
(9, 1)
2779
(10, 2)
2780
(10, 2)
2781
(10, 2)
2782
(10, 2)
2783
(10, 2)
2784
(10, 2)
2785
(10, 2)
2786
(10, 2)
2787
(10, 3)
2788
(9, 1)
2789
(9, 1)
2790
(9, 1)
2791
(10, 3)
2792
(9, 1)
2793
(9, 1)
2794
(9, 1)
2795
(9, 1)
2796
(9, 1)
2797
(9, 1)
2798
(9, 1)
2799
(8, 5)
2800
(8, 5)
2801
(8, 5)
2802
(8, 5)
2803
(8, 5)
2804
(8, 5)
2805
(8, 5)
2806
(9, 4)
2807
(9, 4)
2808
(9, 4)
2809
(9, 4)
2810
(10, 2)
2811
(10, 2)
2812
(10, 2)
2813
(10, 2)
2814
(9, 1)
2815
(9, 1)
2816
(9, 1)
2817
(9, 1)
2818
(9, 1)
2819
(9, 1)
2820
(9, 1)
2821
(9, 1)
2822
(9, 1)
2823
(9, 1)
2824
(9, 1)
2825
(8, 5)
2826
(8, 5)
2827
(8, 5)
2828
(8, 5)
2829
(8, 5)
2830
(8, 5)
2831
(8, 5)
2832
(9, 4)
2833
(9, 4)
2834
(9, 4)
2835
(10, 1)
2836
(10, 1)
2837
(10, 1)
2838
(9, 4)
2839
(9, 4)
2840
(9, 4)
2841
(10, 3)
2842
(10, 3)
2843
(10, 3)
2844
(9, 1)
2845
(9, 1)
2846
(9, 1)
2847
(10, 1)
2848
(9, 1)
2849
(10, 3)
2850
(10, 3)
2851
(10, 3)
2852
(10, 1)
2853
(10, 1)
2854
(10, 1)
2855
(10, 4)
2856
(10, 1)
2857
(10, 1)
2858
(10, 1)
2859
(10, 1)
2860
(10, 1)
2861
(10, 1)
2862
(8, 5)
2863
(8, 5)
2864
(8, 5)
2865
(8, 5)
2866
(8, 5)
2867
(8, 5)
2868
(8, 5)
2869
(10, 1)
2870
(10, 3)
2871
(10, 2)
2872
(10, 2)
2873
(10, 2)
2874
(9, 1)
2875
(9, 1)
2876
(9, 1)
2877
(10, 2)
2878
(10, 2)
2879
(9, 3)
2880
(10, 3)
2881
(9, 2)
2882
(9, 2)
2883
(9, 1)
2884
(9, 1)
2885
(8, 1)
2886
(8, 1)
2887
(8, 1)
2888
(8, 1)
2889
(10, 3)
2890
(10, 2)
2891
(10, 2)
2892
(9, 3)
2893
(10, 3)
2894
(9, 2)
2895
(9, 2)
2896
(9, 1)
2897
(9, 1)
2898
(8, 1)
2899
(8, 1)
2900
(8, 1)
2901
(8, 1)
2902
(10, 3)
2903
(10, 2)
2904
(11, 2)
2905
(11, 2)
2906
(11, 2)
2907
(11, 2)
2908
(11, 2)
2909
(11, 2)
2910
(11, 2)
2911
(11, 2)
2912
(11, 2)
2913
(11, 2)
2914
(10, 1)
2915
(10, 1)
2916
(10, 1)
2917
(10, 1)
2918
(9, 3)
2919
(9, 3)
2920
(9, 3)
2921
(10, 3)
2922
(10, 3)
2923
(10, 3)
2924
(10, 3)
2925
(10, 3)
2926
(10, 3)
2927
(10, 3)
2928
(10, 2)
2929
(9, 2)
2930
(9, 1)
2931
(9, 1)
2932
(9, 1)
2933
(8, 1)
2934
(8, 1)
2935
(8, 1)
2936
(8, 1)
2937
(10, 1)
2938
(10, 1)
2939
(10, 1)
2940
(10, 1)
2941
(9, 4)
2942
(9, 4)
2943
(9, 4)
2944
(10, 2)
2945
(8, 6)
2946
(8, 6)
2947
(8, 6)
2948
(8, 6)
2949
(10, 2)
2950
(10, 1)
2951
(10, 1)
2952
(10, 1)
2953
(10, 2)
2954
(11, 2)
2955
(10, 1)
2956
(10, 1)
2957
(10, 1)
2958
(10, 3)
2959
(10, 3)
2960
(10, 3)
2961
(10, 3)
2962
(10, 3)
2963
(10, 3)
2964
(10, 3)
2965
(11, 2)
2966
(10, 3)
2967
(10, 3)
2968
(10, 3)
2969
(10, 3)
2970
(10, 3)
2971
(10, 3)
2972
(10, 3)
2973
(11, 2)
2974
(11, 2)
2975
(11, 2)
2976
(9, 3)
2977
(9, 3)
2978
(9, 3)
2979
(9, 3)
2980
(9, 3)
2981
(9, 3)
2982
(9, 3)
2983
(10, 1)
2984
(10, 1)
2985
(10, 1)
2986
(10, 1)
2987
(10, 1)
2988
(10, 1)
2989
(10, 2)
2990
(10, 2)
2991
(10, 2)
2992
(11, 1)
2993
(11, 1)
2994
(11, 1)
2995
(10, 2)
2996
(10, 2)
2997
(9, 5)
2998
(10, 4)
2999
(10, 4)
3000
(10, 2)
3001
(10, 4)
3002
(10, 2)
3003
(10, 2)
3004
(10, 2)
3005
(10, 2)
3006
(8, 6)
3007
(8, 6)
3008
(8, 6)
3009
(8, 6)
3010
(8, 6)
3011
(8, 6)
3012
(8, 6)
3013
(10, 3)
3014
(10, 3)
3015
(10, 3)
3016
(10, 3)
3017
(10, 3)
3018
(10, 3)
3019
(10, 3)
3020
(11, 2)
3021
(11, 2)
3022
(11, 2)
3023
(11, 2)
3024
(10, 2)
3025
(11, 3)
3026
(11, 3)
3027
(11, 3)
3028
(10, 2)
3029
(11, 2)
3030
(11, 2)
3031
(11, 2)
3032
(10, 3)
3033
(10, 3)
3034
(10, 3)
3035
(10, 3)
3036
(10, 3)
3037
(10, 3)
3038
(10, 3)
3039
(11, 2)
3040
(11, 2)
3041
(10, 2)
3042
(10, 2)
3043
(10, 2)
3044
(10, 1)
3045
(9, 1)
3046
(9, 1)
3047
(9, 1)
3048
(9, 1)
3049
(8, 1)
3050
(8, 1)
3051
(8, 1)
3052
(8, 1)
3053
(11, 2)
3054
(10, 2)
3055
(10, 1)
3056
(9, 1)
3057
(9, 1)
3058
(9, 1)
3059
(9, 1)
3060
(8, 1)
3061
(8, 1)
3062
(8, 1)
3063
(8, 1)
3064
(11, 3)
3065
(11, 3)
3066
(11, 3)
3067
(10, 1)
3068
(11, 2)
3069
(11, 2)
3070
(11, 2)
3071
(11, 2)
3072
(11, 2)
3073
(11, 2)
3074
(10, 1)
3075
(10, 1)
3076
(9, 4)
3077
(9, 4)
3078
(9, 4)
3079
(9, 4)
3080
(9, 4)
3081
(9, 4)
3082
(9, 4)
3083
(10, 2)
3084
(10, 1)
3085
(10, 2)
3086
(10, 1)
3087
(11, 2)
3088
(10, 3)
3089
(10, 3)
3090
(10, 3)
3091
(10, 3)
3092
(10, 3)
3093
(10, 3)
3094
(10, 3)
3095
(10, 2)
3096
(10, 1)
3097
(10, 1)
3098
(9, 1)
3099
(9, 1)
3100
(9, 1)
3101
(9, 1)
3102
(8, 1)
3103
(8, 1)
3104
(8, 1)
3105
(8, 2)
3106
(11, 2)
3107
(10, 1)
3108
(11, 3)
3109
(11, 3)
3110
(11, 3)
3111
(10, 1)
3112
(10, 1)
3113
(10, 4)
3114
(10, 4)
3115
(10, 4)
3116
(8, 7)
3117
(8, 7)
3118
(8, 7)
3119
(10, 4)
3120
(10, 4)
3121
(10, 4)
3122
(8, 7)
3123
(10, 4)
3124
(8, 7)
3125
(8, 7)
3126
(10, 1)
3127
(10, 1)
3128
(11, 2)
3129
(10, 1)
3130
(10, 1)
3131
(10, 1)
3132
(10, 1)
3133
(10, 1)
3134
(10, 1)
3135
(10, 1)
3136
(10, 1)
3137
(10, 1)
3138
(10, 2)
3139
(10, 2)
3140
(10, 3)
3141
(10, 3)
3142
(10, 4)
3143
(10, 1)
3144
(10, 1)
3145
(11, 2)
3146
(10, 1)
3147
(10, 1)
3148
(10, 1)
3149
(10, 1)
3150
(10, 1)
3151
(10, 1)
3152
(10, 1)
3153
(10, 1)
3154
(10, 2)
3155
(10, 2)
3156
(10, 3)
3157
(10, 3)
3158
(10, 4)
3159
(10, 1)
3160
(10, 1)
3161
(10, 1)
3162
(10, 1)
3163
(10, 1)
3164
(10, 1)
3165
(10, 1)
3166
(10, 1)
3167
(10, 2)
3168
(10, 2)
3169
(10, 3)
3170
(10, 3)
3171
(10, 4)
3172
(11, 2)
3173
(10, 2)
3174
(10, 1)
3175
(10, 1)
3176
(10, 1)
3177
(9, 1)
3178
(9, 1)
3179
(9, 1)
3180
(9, 1)
3181
(8, 1)
3182
(8, 1)
3183
(8, 2)
3184
(8, 2)
3185
(11, 2)
3186
(10, 1)
3187
(9, 4)
3188
(9, 4)
3189
(9, 4)
3190
(9, 4)
3191
(9, 4)
3192
(9, 4)
3193
(9, 4)
3194
(10, 5)
3195
(10, 5)
3196
(10, 5)
3197
(10, 4)
3198
(10, 4)
3199
(10, 4)
3200
(10, 4)
3201
(10, 4)
3202
(10, 4)
3203
(10, 4)
3204
(11, 2)
3205
(11, 2)
3206
(10, 1)
3207
(8, 7)
3208
(8, 7)
3209
(11, 1)
3210
(8, 7)
3211
(11, 1)
3212
(8, 7)
3213
(8, 7)
3214
(8, 7)
3215
(8, 7)
3216
(10, 5)
3217
(11, 1)
3218
(11, 1)
3219
(10, 1)
3220
(10, 1)
3221
(10, 1)
3222
(10, 1)
3223
(10, 1)
3224
(10, 1)
3225
(10, 1)
3226
(10, 1)
3227
(12, 3)
3228
(12, 3)
3229
(12, 3)
3230
(12, 2)
3231
(11, 2)
3232
(11, 2)
3233
(11, 2)
3234
(11, 2)
3235
(11, 2)
3236
(11, 2)
3237
(11, 2)
3238
(11, 2)
3239
(11, 2)
3240
(11, 2)
3241
(11, 2)
3242
(11, 2)
3243
(11, 1)
3244
(10, 1)
3245
(10, 1)
3246
(10, 1)
3247
(10, 1)
3248
(9, 1)
3249
(9, 1)
3250
(9, 1)
3251
(9, 1)
3252
(8, 2)
3253
(8, 2)
3254
(8, 2)
3255
(12, 2)
3256
(12, 2)
3257
(11, 2)
3258
(11, 2)
3259
(11, 2)
3260
(11, 2)
3261
(11, 2)
3262
(11, 1)
3263
(10, 1)
3264
(10, 1)
3265
(10, 1)
3266
(10, 1)
3267
(9, 1)
3268
(9, 1)
3269
(9, 1)
3270
(9, 1)
3271
(8, 2)
3272
(8, 2)
3273
(8, 2)
3274
(12, 3)
3275
(12, 2)
3276
(11, 2)
3277
(11, 2)
3278
(11, 2)
3279
(11, 2)
3280
(11, 2)
3281
(11, 1)
3282
(10, 1)
3283
(10, 1)
3284
(10, 1)
3285
(10, 1)
3286
(9, 1)
3287
(9, 1)
3288
(9, 1)
3289
(9, 1)
3290
(8, 2)
3291
(8, 2)
3292
(8, 2)
3293
(12, 2)
3294
(12, 2)
3295
(12, 3)
3296
(12, 3)
3297
(12, 3)
3298
(12, 2)
3299
(12, 2)
3300
(12, 2)
3301
(12, 3)
3302
(12, 3)
3303
(10, 4)
3304
(10, 4)
3305
(10, 4)
3306
(10, 4)
3307
(10, 4)
3308
(10, 4)
3309
(10, 4)
3310
(12, 2)
3311
(12, 2)
3312
(12, 2)
3313
(12, 2)
3314
(12, 2)
3315
(12, 2)
3316
(12, 3)
3317
(12, 2)
3318
(12, 2)
3319
(12, 3)
3320
(12, 2)
3321
(12, 2)
3322
(12, 3)
3323
(12, 2)
3324
(12, 2)
3325
(12, 3)
3326
(10, 5)
3327
(12, 2)
3328
(12, 2)
3329
(12, 2)
3330
(12, 3)
3331
(12, 3)
3332
(12, 3)
3333
(12, 3)
3334
(12, 3)
3335
(12, 3)
3336
(10, 5)
3337
(10, 5)
3338
(11, 2)
3339
(12, 3)
3340
(12, 3)
3341
(11, 1)
3342
(11, 1)
3343
(12, 3)
3344
(12, 3)
3345
(12, 3)
3346
(12, 3)
3347
(11, 2)
3348
(12, 3)
3349
(12, 3)
3350
(12, 2)
3351
(12, 2)
3352
(12, 2)
3353
(12, 3)
3354
(12, 3)
3355
(11, 2)
3356
(9, 5)
3357
(12, 3)
3358
(12, 2)
3359
(12, 2)
3360
(11, 2)
3361
(12, 2)
3362
(12, 2)
3363
(12, 2)
3364
(12, 2)
3365
(11, 2)
3366
(11, 2)
3367
(11, 1)
3368
(11, 1)
3369
(10, 1)
3370
(10, 1)
3371
(10, 1)
3372
(10, 1)
3373
(9, 1)
3374
(9, 1)
3375
(9, 1)
3376
(9, 2)
3377
(8, 2)
3378
(8, 2)
3379
(12, 2)
3380
(12, 2)
3381
(11, 2)
3382
(12, 2)
3383
(11, 2)
3384
(11, 2)
3385
(11, 1)
3386
(11, 1)
3387
(10, 1)
3388
(10, 1)
3389
(10, 1)
3390
(10, 1)
3391
(9, 1)
3392
(9, 1)
3393
(9, 1)
3394
(9, 2)
3395
(8, 2)
3396
(8, 2)
3397
(12, 2)
3398
(12, 2)
3399
(11, 2)
3400
(12, 2)
3401
(11, 2)
3402
(11, 2)
3403
(11, 1)
3404
(11, 1)
3405
(10, 1)
3406
(10, 1)
3407
(10, 1)
3408
(10, 1)
3409
(9, 1)
3410
(9, 1)
3411
(9, 1)
3412
(9, 2)
3413
(8, 2)
3414
(8, 2)
3415
(12, 2)
3416
(12, 2)
3417
(12, 2)
3418
(12, 3)
3419
(12, 2)
3420
(12, 2)
3421
(12, 2)
3422
(12, 2)
3423
(12, 2)
3424
(12, 2)
3425
(11, 1)
3426
(11, 1)
3427
(10, 4)
3428
(10, 4)
3429
(10, 4)
3430
(10, 4)
3431
(10, 4)
3432
(10, 4)
3433
(10, 4)
3434
(12, 2)
3435
(12, 2)
3436
(9, 5)
3437
(9, 5)
3438
(9, 5)
3439
(9, 5)
3440
(9, 5)
3441
(9, 5)
3442
(9, 5)
3443
(12, 2)
3444
(12, 2)
3445
(12, 2)
3446
(12, 2)
3447
(11, 1)
3448
(11, 1)
3449
(11, 1)
3450
(11, 2)
3451
(12, 2)
3452
(12, 2)
3453
(12, 2)
3454
(12, 2)
3455
(12, 2)
3456
(12, 3)
3457
(12, 3)
3458
(12, 3)
3459
(12, 2)
3460
(11, 2)
3461
(11, 2)
3462
(11, 2)
3463
(11, 2)
3464
(11, 2)
3465
(11, 2)
3466
(11, 2)
3467
(11, 2)
3468
(10, 2)
3469
(10, 2)
3470
(10, 2)
3471
(10, 2)
3472
(10, 2)
3473
(10, 3)
3474
(10, 3)
3475
(10, 3)
3476
(10, 3)
3477
(10, 3)
3478
(10, 2)
3479
(10, 2)
3480
(9, 3)
3481
(9, 3)
3482
(9, 3)
3483
(9, 3)
3484
(9, 3)
3485
(10, 2)
3486
(9, 2)
3487
(9, 3)
3488
(9, 3)
3489
(9, 3)
3490
(9, 3)
3491
(9, 3)
3492
(9, 2)
3493
(9, 2)
3494
(9, 1)
3495
(8, 1)
3496
(8, 1)
3497
(8, 1)
3498
(8, 1)
3499
(9, 3)
3500
(9, 3)
3501
(9, 3)
3502
(9, 3)
3503
(9, 3)
3504
(9, 3)
3505
(10, 3)
3506
(9, 2)
3507
(9, 2)
3508
(9, 1)
3509
(9, 1)
3510
(9, 2)
3511
(9, 1)
3512
(9, 1)
3513
(10, 3)
3514
(9, 3)
3515
(9, 3)
3516
(9, 3)
3517
(9, 3)
3518
(9, 3)
3519
(9, 3)
3520
(9, 3)
3521
(10, 2)
3522
(10, 2)
3523
(9, 3)
3524
(10, 2)
3525
(9, 2)
3526
(9, 3)
3527
(9, 3)
3528
(9, 2)
3529
(9, 2)
3530
(9, 1)
3531
(10, 3)
3532
(9, 2)
3533
(9, 2)
3534
(9, 1)
3535
(9, 1)
3536
(9, 2)
3537
(10, 3)
3538
(10, 2)
3539
(10, 2)
3540
(10, 2)
3541
(9, 3)
3542
(10, 2)
3543
(9, 2)
3544
(9, 3)
3545
(9, 3)
3546
(9, 2)
3547
(9, 2)
3548
(9, 1)
3549
(10, 3)
3550
(9, 2)
3551
(10, 2)
3552
(10, 2)
3553
(10, 3)
3554
(10, 2)
3555
(9, 2)
3556
(9, 1)
3557
(9, 1)
3558
(9, 1)
3559
(9, 2)
3560
(9, 1)
3561
(9, 1)
3562
(9, 1)
3563
(9, 3)
3564
(9, 3)
3565
(9, 3)
3566
(9, 3)
3567
(9, 3)
3568
(9, 3)
3569
(9, 3)
3570
(10, 2)
3571
(10, 2)
3572
(10, 3)
3573
(10, 2)
3574
(10, 3)
3575
(10, 2)
3576
(10, 2)
3577
(10, 2)
3578
(10, 3)
3579
(10, 3)
3580
(10, 3)
3581
(10, 3)
3582
(10, 3)
3583
(10, 3)
3584
(10, 3)
3585
(10, 2)
3586
(10, 2)
3587
(10, 2)
3588
(10, 2)
3589
(10, 2)
3590
(10, 2)
3591
(9, 2)
3592
(9, 1)
3593
(9, 1)
3594
(9, 1)
3595
(10, 2)
3596
(10, 2)
3597
(10, 2)
3598
(10, 2)
3599
(10, 2)
3600
(10, 2)
3601
(9, 1)
3602
(9, 1)
3603
(9, 1)
3604
(9, 1)
3605
(9, 3)
3606
(9, 3)
3607
(9, 3)
3608
(9, 3)
3609
(9, 3)
3610
(9, 3)
3611
(9, 3)
3612
(10, 2)
3613
(10, 2)
3614
(10, 2)
3615
(10, 2)
3616
(10, 2)
3617
(10, 2)
3618
(10, 2)
3619
(10, 2)
3620
(9, 1)
3621
(9, 1)
3622
(9, 1)
3623
(9, 1)
3624
(10, 2)
3625
(10, 2)
3626
(9, 1)
3627
(9, 1)
3628
(9, 1)
3629
(9, 1)
3630
(9, 3)
3631
(9, 3)
3632
(9, 3)
3633
(9, 3)
3634
(9, 3)
3635
(10, 2)
3636
(10, 2)
3637
(10, 2)
3638
(10, 1)
3639
(9, 1)
3640
(9, 1)
3641
(9, 1)
3642
(9, 1)
3643
(10, 2)
3644
(10, 1)
3645
(10, 3)
3646
(10, 3)
3647
(10, 3)
3648
(10, 3)
3649
(10, 3)
3650
(10, 3)
3651
(10, 3)
3652
(10, 2)
3653
(10, 2)
3654
(10, 2)
3655
(10, 2)
3656
(10, 2)
3657
(10, 1)
3658
(10, 1)
3659
(11, 2)
3660
(10, 2)
3661
(10, 2)
3662
(10, 2)
3663
(10, 1)
3664
(10, 2)
3665
(10, 2)
3666
(9, 3)
3667
(9, 3)
3668
(9, 3)
3669
(9, 3)
3670
(9, 3)
3671
(10, 2)
3672
(11, 2)
3673
(11, 2)
3674
(10, 2)
3675
(10, 1)
3676
(10, 1)
3677
(10, 2)
3678
(10, 2)
3679
(10, 2)
3680
(10, 2)
3681
(10, 2)
3682
(10, 1)
3683
(10, 1)
3684
(10, 1)
3685
(10, 1)
3686
(10, 1)
3687
(10, 1)
3688
(10, 1)
3689
(11, 2)
3690
(11, 2)
3691
(10, 2)
3692
(10, 2)
3693
(10, 1)
3694
(10, 1)
3695
(11, 2)
3696
(10, 2)
3697
(10, 3)
3698
(10, 3)
3699
(10, 3)
3700
(10, 3)
3701
(10, 3)
3702
(10, 3)
3703
(10, 3)
3704
(11, 2)
3705
(10, 2)
3706
(10, 2)
3707
(10, 1)
3708
(10, 1)
3709
(10, 1)
3710
(10, 2)
3711
(9, 4)
3712
(9, 4)
3713
(9, 4)
3714
(9, 4)
3715
(9, 4)
3716
(9, 4)
3717
(9, 4)
3718
(10, 2)
3719
(10, 2)
3720
(10, 1)
3721
(11, 2)
3722
(11, 2)
3723
(10, 1)
3724
(10, 1)
3725
(11, 2)
3726
(11, 2)
3727
(10, 1)
3728
(10, 1)
3729
(10, 1)
3730
(10, 1)
3731
(11, 2)
3732
(10, 1)
3733
(10, 1)
3734
(10, 1)
3735
(10, 1)
3736
(9, 4)
3737
(9, 4)
3738
(9, 4)
3739
(9, 4)
3740
(9, 4)
3741
(9, 4)
3742
(9, 4)
3743
(11, 2)
3744
(11, 2)
3745
(11, 2)
3746
(11, 2)
3747
(10, 2)
3748
(11, 2)
3749
(11, 2)
3750
(11, 2)
3751
(11, 2)
3752
(10, 2)
3753
(10, 1)
3754
(10, 1)
3755
(10, 1)
3756
(11, 2)
3757
(10, 2)
3758
(10, 1)
3759
(10, 1)
3760
(10, 1)
3761
(11, 2)
3762
(11, 2)
3763
(10, 2)
3764
(10, 2)
3765
(11, 2)
3766
(11, 2)
3767
(10, 1)
3768
(10, 1)
3769
(11, 2)
3770
(11, 2)
3771
(11, 2)
3772
(10, 2)
3773
(11, 2)
3774
(11, 1)
3775
(11, 2)
3776
(11, 1)
3777
(11, 2)
3778
(11, 2)
3779
(11, 2)
3780
(10, 4)
3781
(10, 4)
3782
(10, 4)
3783
(10, 4)
3784
(10, 4)
3785
(10, 4)
3786
(10, 4)
3787
(11, 2)
3788
(11, 2)
3789
(11, 2)
3790
(11, 2)
3791
(11, 2)
3792
(11, 2)
3793
(11, 2)
3794
(9, 4)
3795
(9, 4)
3796
(9, 4)
3797
(9, 4)
3798
(11, 2)
3799
(11, 1)
3800
(11, 2)
3801
(11, 2)
3802
(11, 2)
3803
(12, 3)
3804
(11, 2)
3805
(11, 2)
3806
(11, 2)
3807
(11, 1)
3808
(11, 1)
3809
(11, 1)
3810
(11, 1)
3811
(12, 3)
3812
(9, 4)
3813
(9, 4)
3814
(9, 4)
3815
(12, 3)
3816
(12, 3)
3817
(9, 4)
3818
(9, 4)
3819
(9, 4)
3820
(9, 4)
3821
(11, 2)
3822
(12, 3)
3823
(12, 3)
3824
(12, 2)
3825
(12, 2)
3826
(12, 3)
3827
(12, 2)
3828
(12, 2)
3829
(11, 2)
3830
(11, 2)
3831
(11, 2)
3832
(11, 2)
3833
(11, 2)
3834
(11, 2)
3835
(11, 2)
3836
(11, 2)
3837
(11, 2)
3838
(11, 2)
3839
(11, 2)
3840
(11, 2)
3841
(12, 2)
3842
(12, 2)
3843
(12, 2)
3844
(12, 2)
3845
(12, 2)
3846
(12, 2)
3847
(12, 2)
3848
(12, 2)
3849
(12, 2)
3850
(12, 2)
3851
(12, 2)
3852
(12, 2)
3853
(12, 2)
3854
(12, 2)
3855
(12, 2)
3856
(11, 1)
3857
(12, 2)
3858
(12, 2)
3859
(12, 2)
3860
(12, 2)
3861
(12, 3)
3862
(12, 3)
3863
(12, 3)
3864
(12, 3)
3865
(10, 4)
3866
(10, 4)
3867
(10, 4)
3868
(10, 4)
3869
(10, 4)
3870
(10, 4)
3871
(10, 4)
3872
(12, 2)
3873
(12, 2)
3874
(12, 2)
3875
(12, 2)
3876
(12, 2)
3877
(12, 2)
3878
(12, 2)
3879
(12, 2)
3880
(12, 3)
3881
(12, 3)
3882
(12, 3)
3883
(12, 3)
3884
(12, 2)
3885
(12, 3)
3886
(12, 2)
3887
(12, 3)
3888
(12, 3)
3889
(12, 3)
3890
(12, 3)
3891
(12, 2)
3892
(12, 3)
3893
(12, 2)
3894
(12, 2)
3895
(9, 5)
3896
(9, 5)
3897
(9, 5)
3898
(9, 5)
3899
(9, 5)
3900
(12, 3)
3901
(12, 3)
3902
(12, 3)
3903
(12, 3)
3904
(12, 3)
3905
(12, 3)
3906
(12, 3)
3907
(12, 2)
3908
(12, 2)
3909
(12, 2)
3910
(12, 2)
3911
(12, 2)
3912
(12, 3)
3913
(12, 2)
3914
(12, 3)
3915
(12, 3)
3916
(12, 3)
3917
(12, 2)
3918
(12, 2)
3919
(12, 3)
3920
(12, 2)
3921
(12, 3)
3922
(12, 2)
3923
(12, 2)
3924
(12, 2)
3925
(12, 2)
3926
(12, 2)
3927
(12, 2)
3928
(12, 2)
3929
(12, 3)
3930
(12, 2)
3931
(12, 2)
3932
(12, 3)
3933
(12, 2)
3934
(12, 3)
3935
(12, 3)
3936
(12, 3)
3937
(12, 3)
3938
(12, 3)
3939
(12, 3)
3940
(12, 2)
3941
(12, 2)
3942
(12, 2)
3943
(12, 2)
3944
(12, 2)
3945
(12, 2)
3946
(12, 2)
3947
(12, 2)
3948
(12, 2)
3949
(12, 2)
3950
(12, 2)
3951
(12, 2)
3952
(12, 2)
3953
(12, 2)
3954
(12, 2)
3955
(12, 2)
3956
(12, 2)
3957
(12, 2)
3958
(12, 2)
3959
(12, 2)
3960
(12, 2)
3961
(12, 2)
3962
(12, 3)
3963
(12, 3)
3964
(12, 2)
3965
(12, 3)
3966
(12, 3)
3967
(12, 3)
3968
(12, 3)
3969
(12, 2)
3970
(12, 3)
3971
(12, 3)
3972
(12, 2)
3973
(12, 2)
3974
(12, 2)
3975
(12, 2)
3976
(12, 2)
3977
(12, 3)
3978
(12, 3)
3979
(12, 3)
3980
(12, 2)
3981
(12, 2)
3982
(12, 2)
3983
(12, 2)
3984
(12, 2)
3985
(12, 3)
3986
(12, 3)
3987
(11, 1)
3988
(11, 1)
3989
(11, 1)
3990
(11, 1)
3991
(11, 1)
3992
(11, 1)
3993
(11, 1)
3994
(11, 1)
3995
(11, 1)
3996
(11, 1)
3997
(11, 1)
3998
(11, 1)
3999
(11, 1)
4000
(11, 1)
4001
(12, 3)
4002
(12, 3)
4003
(12, 3)
4004
(12, 3)
4005
(12, 3)
4006
(12, 3)
4007
(12, 3)
4008
(12, 3)
4009
(12, 3)
4010
(12, 3)
4011
(12, 3)
4012
(12, 3)
4013
(12, 3)
4014
(8, 7)
4015
(8, 7)
4016
(8, 7)
4017
(8, 7)
4018
(8, 7)
4019
(12, 3)
4020
(12, 3)
4021
(12, 3)
4022
(12, 3)
4023
(12, 3)
4024
(12, 3)
4025
(12, 3)
4026
(12, 3)
4027
(12, 3)
4028
(12, 3)
4029
(12, 3)
4030
(9, 5)
4031
(9, 5)
4032
(9, 5)
4033
(12, 3)
4034
(12, 3)
4035
(12, 3)
4036
(12, 3)
4037
(9, 5)
4038
(12, 3)
4039
(9, 5)
4040
(12, 3)
4041
(9, 5)
4042
(12, 3)
4043
(9, 5)
4044
(12, 3)
4045
(12, 3)
4046
(12, 3)
4047
(12, 3)
4048
(12, 3)
4049
(12, 3)
4050
(12, 3)
4051
(12, 3)
4052
(12, 3)
4053
(12, 3)
4054
(12, 3)
4055
(12, 3)
4056
(12, 3)
4057
(12, 3)
4058
(12, 3)
4059
(12, 3)
4060
(12, 3)
4061
(12, 3)
4062
(12, 3)
4063
(12, 3)
4064
(11, 1)
4065
(11, 1)
4066
(10, 5)
4067
(10, 5)
4068
(10, 5)
4069
(10, 5)
4070
(10, 5)
4071
(10, 5)
4072
(10, 5)
4073
(12, 1)
4074
(12, 1)
4075
(12, 1)
4076
(12, 1)
4077
(10, 5)
4078
(10, 5)
4079
(10, 5)
4080
(10, 5)
4081
(10, 5)
4082
(10, 5)
4083
(10, 5)
4084
(8, 7)
4085
(8, 7)
4086
(8, 7)
4087
(8, 7)
4088
(8, 7)
4089
(8, 7)
4090
(8, 7)
4091
(10, 5)
4092
(10, 5)
4093
(10, 5)
4094
(10, 5)
4095
(10, 5)
4096
(10, 5)
4097
(10, 5)
4098
(10, 6)
<__main__.Node instance at 0x2ac08607b518>
4097
4098
False
397.354413033
