STARTING!
step1
step2
step3
a
b
c
]0;IPython: eshnich/vgdl]0;IPython: eshnich/vgdladded self, <class 'ontology.Immovable'>
added self, <class 'ontology.Passive'>
added self, <class 'core.Resource'>
added parent, <class 'core.Resource'>
added self, <class 'ontology.ResourcePack'>
added self, <class 'ontology.Flicker'>
added self, <class 'ontology.Spreader'>
added self, <class 'ontology.SpriteProducer'>
added self, <class 'ontology.Portal'>
added self, <class 'ontology.SpawnPoint'>
added self, <class 'ontology.RandomNPC'>
added self, <class 'ontology.OrientedSprite'>
added self, <class 'ontology.Conveyor'>
added self, <class 'ontology.Missile'>
added self, <class 'ontology.OrientedFlicker'>
added self, <class 'ontology.Walker'>
added self, <class 'ontology.WalkJumper'>
added self, <class 'ontology.RandomInertial'>
added self, <class 'ontology.RandomMissile'>
added self, <class 'ontology.ErraticMissile'>
added self, <class 'ontology.Bomber'>
added self, <class 'ontology.Chaser'>
added self, <class 'ontology.Fleeing'>
added self, <class 'ontology.AStarChaser'>
added self, <class 'ontology.MovingAvatar'>
added self, <class 'ontology.HorizontalAvatar'>
added self, <class 'ontology.VerticalAvatar'>
added self, <class 'ontology.FlakAvatar'>
added self, <class 'ontology.OrientedAvatar'>
added parent, <class 'ontology.OrientedAvatar'>
added self, <class 'ontology.ShootAvatar'>
added parent, <class 'ontology.ShootAvatar'>
added self, <class 'ontology.AimedAvatar'>
added parent, <class 'ontology.AimedAvatar'>
added self, <class 'ontology.AimedFlakAvatar'>
<class 'ontology.OrientedAvatar'> already in tree.
added self, <class 'ontology.RotatingAvatar'>
added self, <class 'ontology.RotatingFlippingAvatar'>
added self, <class 'ontology.NoisyRotatingFlippingAvatar'>
<class 'ontology.ShootAvatar'> already in tree.
<class 'ontology.AimedAvatar'> already in tree.
<class 'ontology.AimedFlakAvatar'> already in tree.
added self, <class 'ontology.InertialAvatar'>
added self, <class 'ontology.MarioAvatar'>
step4
FINISHED IMPORTS
FINISHED SETTING VALUES
<module 'examples.continuousphysics.montezuma_3' from 'examples/continuousphysics/montezuma_3.pyc'>
max nodes 9223372036854775807
1
(13, 3)
2
(12, 3)
3
(12, 3)
4
(12, 3)
5
(12, 3)
6
(12, 3)
7
(12, 3)
8
(12, 3)
9
(12, 3)
10
(12, 3)
11
(12, 3)
12
(12, 3)
13
(12, 2)
14
(11, 2)
15
(11, 2)
16
(11, 2)
17
(11, 2)
18
(11, 2)
19
(11, 2)
20
(11, 2)
21
(11, 2)
22
(11, 2)
23
(10, 2)
24
(10, 2)
25
(10, 2)
26
(10, 3)
27
(10, 3)
28
(10, 3)
29
(10, 3)
30
(10, 3)
31
(10, 2)
32
(10, 2)
33
(10, 3)
34
(10, 3)
35
(10, 3)
36
(10, 3)
37
(10, 3)
38
(10, 2)
39
(10, 2)
40
(9, 3)
41
(9, 3)
42
(9, 3)
43
(9, 3)
44
(10, 3)
45
(9, 3)
46
(9, 3)
47
(9, 3)
48
(9, 3)
49
(9, 3)
50
(9, 3)
51
(9, 3)
52
(9, 2)
53
(9, 2)
54
(9, 1)
55
(9, 1)
56
(8, 1)
57
(8, 1)
58
(8, 1)
59
(8, 1)
60
(7, 1)
61
(7, 1)
62
(7, 1)
63
(7, 2)
64
(6, 2)
65
(6, 2)
66
(6, 2)
67
(6, 2)
68
(6, 2)
69
(6, 2)
70
(6, 2)
71
(6, 2)
72
(5, 2)
73
(5, 2)
74
(5, 2)
75
(5, 2)
76
(5, 2)
77
(5, 2)
78
(5, 2)
79
(5, 2)
80
(4, 2)
81
(4, 2)
82
(4, 2)
83
(4, 2)
84
(4, 2)
85
(4, 2)
86
(4, 2)
87
(4, 2)
88
(3, 2)
89
(3, 2)
90
(3, 2)
91
(3, 2)
92
(3, 2)
93
(3, 2)
94
(3, 2)
95
(3, 2)
96
(2, 2)
97
(2, 2)
98
(2, 2)
99
(2, 2)
100
(2, 2)
101
(2, 2)
102
(2, 2)
103
(2, 2)
104
(1, 2)
105
(1, 2)
106
(1, 2)
107
(1, 2)
108
(1, 2)
109
(1, 2)
110
(1, 2)
111
(1, 2)
112
(1, 2)
113
(1, 2)
114
(1, 2)
115
(1, 2)
116
(1, 2)
117
(1, 2)
118
(1, 2)
119
(1, 2)
120
(1, 2)
121
(1, 2)
122
(1, 2)
123
(1, 2)
124
(1, 2)
125
(1, 2)
126
(2, 2)
127
(2, 2)
128
(1, 2)
129
(1, 2)
130
(1, 2)
131
(1, 2)
132
(1, 2)
133
(1, 2)
134
(1, 2)
135
(1, 2)
136
(1, 2)
137
(1, 2)
138
(1, 2)
139
(1, 2)
140
(1, 2)
141
(1, 2)
142
(1, 2)
143
(1, 2)
144
(1, 2)
145
(1, 2)
146
(1, 2)
147
(1, 2)
148
(1, 2)
149
(1, 2)
150
(1, 2)
151
(1, 2)
152
(1, 2)
153
(1, 2)
154
(1, 2)
155
(1, 2)
156
(1, 2)
157
(1, 2)
158
(1, 2)
159
(1, 2)
160
(1, 2)
161
(1, 2)
162
(1, 2)
163
(1, 2)
164
(1, 2)
165
(1, 2)
166
(1, 2)
167
(1, 2)
168
(1, 2)
169
(1, 2)
170
(1, 2)
171
(2, 2)
172
(2, 2)
173
(2, 2)
174
(2, 2)
175
(1, 2)
176
(1, 2)
177
(2, 2)
178
(2, 2)
179
(2, 2)
180
(2, 2)
181
(2, 2)
182
(2, 2)
183
(2, 2)
184
(1, 2)
185
(1, 2)
186
(1, 1)
187
(1, 1)
188
(1, 1)
189
(1, 1)
190
(1, 1)
191
(1, 1)
192
(1, 1)
193
(1, 1)
194
(1, 1)
195
(1, 1)
196
(2, 2)
197
(2, 2)
198
(1, 2)
199
(1, 2)
200
(1, 1)
201
(1, 1)
202
(1, 1)
203
(1, 1)
204
(1, 1)
205
(1, 1)
206
(1, 1)
207
(1, 2)
208
(1, 2)
209
(1, 2)
210
(1, 2)
211
(2, 2)
212
(1, 2)
213
(2, 2)
214
(2, 2)
215
(2, 2)
216
(2, 2)
217
(1, 1)
218
(1, 1)
219
(1, 1)
220
(1, 1)
221
(1, 1)
222
(1, 1)
223
(1, 1)
224
(1, 1)
225
(1, 1)
226
(2, 2)
227
(2, 2)
228
(2, 2)
229
(2, 2)
230
(1, 2)
231
(1, 1)
232
(1, 1)
233
(1, 1)
234
(1, 1)
235
(1, 1)
236
(1, 1)
237
(1, 1)
238
(1, 1)
239
(1, 1)
240
(1, 1)
241
(2, 2)
242
(1, 2)
243
(1, 2)
244
(1, 2)
245
(1, 2)
246
(1, 2)
247
(1, 1)
248
(1, 1)
249
(1, 1)
250
(1, 1)
251
(1, 1)
252
(1, 1)
253
(1, 1)
254
(2, 2)
255
(1, 1)
256
(1, 1)
257
(1, 1)
258
(1, 1)
259
(1, 1)
260
(1, 2)
261
(1, 2)
262
(1, 2)
263
(1, 2)
264
(1, 2)
265
(1, 2)
266
(1, 1)
267
(1, 1)
268
(1, 1)
269
(1, 1)
270
(1, 1)
271
(1, 1)
272
(1, 1)
273
(1, 1)
274
(1, 1)
275
(1, 1)
276
(1, 1)
277
(1, 1)
278
(1, 1)
279
(1, 1)
280
(2, 2)
281
(1, 2)
282
(1, 2)
283
(1, 2)
284
(1, 2)
285
(1, 2)
286
(2, 2)
287
(2, 2)
288
(1, 2)
289
(1, 1)
290
(1, 1)
291
(2, 2)
292
(2, 2)
293
(2, 2)
294
(2, 2)
295
(2, 2)
296
(1, 1)
297
(1, 1)
298
(1, 1)
299
(1, 1)
300
(1, 1)
301
(1, 1)
302
(1, 1)
303
(1, 1)
304
(1, 1)
305
(1, 1)
306
(1, 1)
307
(2, 2)
308
(2, 2)
309
(2, 2)
310
(2, 2)
311
(2, 2)
312
(2, 2)
313
(2, 2)
314
(3, 2)
315
(3, 2)
316
(2, 2)
317
(2, 2)
318
(2, 2)
319
(2, 1)
320
(1, 1)
321
(1, 1)
322
(1, 1)
323
(1, 1)
324
(1, 1)
325
(1, 1)
326
(1, 1)
327
(1, 1)
328
(1, 1)
329
(1, 1)
330
(3, 2)
331
(2, 2)
332
(2, 2)
333
(2, 2)
334
(2, 1)
335
(1, 1)
336
(1, 1)
337
(1, 1)
338
(1, 1)
339
(1, 1)
340
(1, 1)
341
(1, 1)
342
(2, 2)
343
(1, 1)
344
(1, 1)
345
(2, 2)
346
(2, 2)
347
(2, 2)
348
(2, 2)
349
(2, 2)
350
(2, 1)
351
(2, 1)
352
(1, 2)
353
(1, 2)
354
(1, 1)
355
(1, 1)
356
(1, 1)
357
(1, 1)
358
(1, 1)
359
(1, 1)
360
(3, 2)
361
(3, 2)
362
(3, 2)
363
(3, 2)
364
(2, 2)
365
(2, 2)
366
(2, 1)
367
(2, 1)
368
(3, 2)
369
(3, 2)
370
(3, 2)
371
(3, 2)
372
(2, 2)
373
(2, 2)
374
(2, 1)
375
(2, 1)
376
(3, 2)
377
(3, 2)
378
(2, 2)
379
(2, 1)
380
(2, 1)
381
(2, 1)
382
(3, 2)
383
(2, 2)
384
(2, 2)
385
(3, 2)
386
(1, 2)
387
(2, 1)
388
(3, 2)
389
(3, 2)
390
(3, 2)
391
(3, 2)
392
(3, 2)
393
(2, 1)
394
(2, 1)
395
(2, 1)
396
(2, 1)
397
(1, 2)
398
(2, 1)
399
(2, 1)
400
(2, 1)
401
(2, 1)
402
(1, 2)
403
(1, 2)
404
(1, 2)
405
(1, 2)
406
(1, 2)
407
(1, 2)
408
(2, 2)
409
(2, 2)
410
(3, 2)
411
(3, 2)
412
(2, 1)
413
(2, 1)
414
(2, 1)
415
(2, 1)
416
(2, 1)
417
(3, 2)
418
(3, 2)
419
(3, 2)
420
(3, 2)
421
(3, 2)
422
(2, 1)
423
(2, 1)
424
(2, 1)
425
(2, 1)
426
(2, 1)
427
(3, 2)
428
(3, 2)
429
(2, 2)
430
(3, 2)
431
(3, 1)
432
(2, 1)
433
(3, 2)
434
(2, 1)
435
(2, 1)
436
(2, 1)
437
(2, 1)
438
(2, 1)
439
(2, 1)
440
(2, 1)
441
(2, 1)
442
(2, 1)
443
(2, 1)
444
(2, 1)
445
(2, 1)
446
(2, 2)
447
(2, 2)
448
(2, 2)
449
(2, 2)
450
(2, 2)
451
(2, 2)
452
(2, 2)
453
(2, 2)
454
(2, 3)
455
(2, 3)
456
(2, 3)
457
(2, 3)
458
(2, 3)
459
(1, 3)
460
(1, 3)
461
(1, 3)
462
(1, 3)
463
(1, 3)
464
(1, 3)
465
(1, 3)
466
(1, 3)
467
(1, 3)
468
(1, 3)
469
(1, 3)
470
(1, 3)
471
(1, 3)
472
(1, 3)
473
(2, 2)
474
(2, 2)
475
(2, 3)
476
(2, 3)
477
(2, 3)
478
(2, 3)
479
(1, 3)
480
(2, 3)
481
(2, 3)
482
(2, 3)
483
(2, 2)
484
(2, 2)
485
(2, 3)
486
(2, 3)
487
(2, 3)
488
(2, 3)
489
(2, 3)
490
(2, 2)
491
(2, 3)
492
(2, 3)
493
(2, 3)
494
(2, 2)
495
(2, 2)
496
(2, 3)
497
(2, 3)
498
(2, 3)
499
(2, 3)
500
(2, 2)
defaultdict(<function <lambda> at 0x2b2a5535bc80>, {(1, 3): 15, (9, 1): 2, (11, 2): 9, (2, 1): 43, (6, 2): 8, (10, 3): 11, (7, 2): 1, (1, 2): 104, (12, 2): 1, (13, 3): 1, (8, 1): 4, (2, 2): 87, (1, 1): 100, (12, 3): 11, (3, 2): 39, (7, 1): 3, (9, 3): 11, (2, 3): 24, (4, 2): 8, (9, 2): 2, (3, 1): 1, (5, 2): 8, (10, 2): 7})
501
(2, 2)
502
(2, 2)
503
(2, 2)
504
(2, 3)
505
(2, 3)
506
(2, 3)
507
(2, 3)
508
(3, 3)
509
(3, 3)
510
(2, 3)
511
(2, 2)
512
(2, 2)
513
(2, 1)
514
(3, 3)
515
(2, 3)
516
(2, 2)
517
(2, 2)
518
(2, 1)
519
(3, 3)
520
(2, 3)
521
(2, 2)
522
(2, 2)
523
(2, 1)
524
(2, 2)
525
(2, 2)
526
(2, 2)
527
(2, 2)
528
(3, 3)
529
(3, 3)
530
(3, 3)
531
(3, 3)
532
(3, 3)
533
(3, 3)
534
(3, 3)
535
(3, 3)
536
(3, 3)
537
(3, 3)
538
(3, 3)
539
(3, 2)
540
(3, 2)
541
(3, 2)
542
(3, 3)
543
(3, 3)
544
(3, 3)
545
(3, 2)
546
(3, 3)
547
(3, 2)
548
(3, 3)
549
(3, 3)
550
(3, 3)
551
(3, 3)
552
(3, 2)
553
(3, 2)
554
(2, 1)
555
(2, 1)
556
(2, 1)
557
(2, 1)
558
(2, 1)
559
(3, 2)
560
(3, 2)
561
(2, 1)
562
(2, 1)
563
(2, 1)
564
(2, 1)
565
(3, 3)
566
(3, 3)
567
(3, 2)
568
(3, 2)
569
(2, 1)
570
(2, 1)
571
(2, 1)
572
(2, 1)
573
(2, 1)
574
(3, 3)
575
(3, 3)
576
(3, 3)
577
(2, 1)
578
(3, 2)
579
(3, 2)
580
(3, 2)
581
(3, 2)
582
(3, 2)
583
(3, 1)
584
(2, 1)
585
(4, 3)
586
(4, 3)
587
(3, 2)
588
(4, 3)
589
(4, 3)
590
(3, 3)
591
(3, 3)
592
(3, 3)
593
(3, 2)
594
(3, 2)
595
(3, 1)
596
(2, 1)
597
(2, 1)
598
(2, 1)
599
(2, 1)
600
(2, 1)
601
(4, 3)
602
(3, 3)
603
(3, 2)
604
(3, 2)
605
(3, 1)
606
(2, 1)
607
(2, 1)
608
(2, 1)
609
(2, 1)
610
(2, 1)
611
(4, 3)
612
(3, 3)
613
(4, 3)
614
(4, 3)
615
(3, 2)
616
(3, 2)
617
(3, 2)
618
(3, 2)
619
(3, 1)
620
(4, 3)
621
(3, 2)
622
(2, 1)
623
(3, 2)
624
(3, 1)
625
(2, 1)
626
(3, 2)
627
(2, 1)
628
(2, 1)
629
(2, 1)
630
(2, 1)
631
(2, 1)
632
(2, 1)
633
(2, 1)
634
(2, 1)
635
(3, 1)
636
(3, 1)
637
(3, 1)
638
(3, 1)
639
(4, 2)
640
(3, 1)
641
(3, 1)
642
(4, 3)
643
(4, 3)
644
(4, 3)
645
(3, 1)
646
(3, 1)
647
(4, 3)
648
(3, 1)
649
(3, 1)
650
(3, 1)
651
(3, 2)
652
(4, 3)
653
(4, 3)
654
(3, 2)
655
(3, 2)
656
(3, 1)
657
(3, 1)
658
(2, 1)
659
(2, 1)
660
(2, 1)
661
(2, 1)
662
(2, 1)
663
(3, 1)
664
(3, 1)
665
(3, 1)
666
(3, 1)
667
(3, 1)
668
(3, 2)
669
(3, 2)
670
(4, 3)
671
(4, 3)
672
(3, 2)
673
(3, 2)
674
(3, 1)
675
(3, 1)
676
(2, 1)
677
(2, 1)
678
(2, 1)
679
(2, 1)
680
(2, 1)
681
(4, 3)
682
(4, 3)
683
(3, 1)
684
(3, 1)
685
(3, 1)
686
(3, 1)
687
(3, 1)
688
(3, 2)
689
(3, 2)
690
(3, 1)
691
(3, 1)
692
(3, 1)
693
(3, 1)
694
(3, 1)
695
(3, 2)
696
(3, 2)
697
(3, 1)
698
(3, 2)
699
(3, 2)
700
(3, 2)
701
(4, 2)
702
(4, 2)
703
(3, 2)
704
(4, 2)
705
(3, 1)
706
(3, 1)
707
(2, 1)
708
(3, 1)
709
(3, 1)
710
(3, 1)
711
(4, 2)
712
(4, 2)
713
(4, 2)
714
(4, 2)
715
(3, 1)
716
(3, 1)
717
(4, 3)
718
(3, 1)
719
(4, 3)
720
(3, 1)
721
(3, 1)
722
(3, 1)
723
(3, 1)
724
(3, 1)
725
(3, 1)
726
(3, 1)
727
(3, 2)
728
(3, 2)
729
(3, 3)
730
(3, 1)
731
(4, 3)
732
(3, 1)
733
(3, 1)
734
(3, 1)
735
(3, 1)
736
(3, 1)
737
(3, 1)
738
(3, 1)
739
(3, 2)
740
(3, 2)
741
(3, 3)
742
(3, 1)
743
(3, 1)
744
(3, 1)
745
(3, 1)
746
(3, 1)
747
(3, 1)
748
(3, 1)
749
(3, 2)
750
(3, 2)
751
(3, 3)
752
(3, 1)
753
(3, 1)
754
(4, 3)
755
(4, 3)
756
(4, 3)
757
(4, 3)
758
(4, 2)
759
(4, 2)
760
(4, 2)
761
(3, 1)
762
(4, 2)
763
(3, 1)
764
(4, 2)
765
(4, 2)
766
(4, 2)
767
(4, 1)
768
(3, 1)
769
(3, 1)
770
(3, 1)
771
(4, 2)
772
(4, 2)
773
(4, 2)
774
(4, 2)
775
(3, 1)
776
(4, 3)
777
(4, 1)
778
(3, 1)
779
(4, 1)
780
(4, 1)
781
(3, 1)
782
(4, 1)
783
(4, 3)
784
(4, 3)
785
(4, 3)
786
(4, 3)
787
(3, 1)
788
(3, 1)
789
(3, 1)
790
(3, 1)
791
(3, 1)
792
(3, 1)
793
(3, 1)
794
(3, 2)
795
(3, 2)
796
(3, 3)
797
(3, 1)
798
(3, 1)
799
(3, 1)
800
(3, 1)
801
(3, 1)
802
(3, 2)
803
(3, 2)
804
(3, 3)
805
(3, 1)
806
(3, 1)
807
(4, 2)
808
(4, 2)
809
(4, 2)
810
(3, 1)
811
(4, 1)
812
(4, 1)
813
(4, 1)
814
(4, 1)
815
(4, 1)
816
(3, 1)
817
(3, 1)
818
(2, 1)
819
(2, 1)
820
(2, 1)
821
(2, 1)
822
(2, 1)
823
(2, 1)
824
(2, 1)
825
(4, 2)
826
(4, 2)
827
(4, 2)
828
(3, 1)
829
(3, 2)
830
(3, 2)
831
(3, 1)
832
(4, 2)
833
(4, 2)
834
(3, 2)
835
(3, 2)
836
(3, 2)
837
(3, 2)
838
(3, 2)
839
(3, 1)
840
(4, 2)
841
(4, 2)
842
(3, 2)
843
(3, 1)
844
(5, 3)
845
(5, 3)
846
(5, 3)
847
(3, 1)
848
(3, 1)
849
(5, 3)
850
(4, 3)
851
(4, 3)
852
(4, 3)
853
(5, 3)
854
(4, 3)
855
(5, 3)
856
(4, 3)
857
(4, 2)
858
(4, 2)
859
(4, 2)
860
(4, 2)
861
(4, 2)
862
(4, 2)
863
(4, 2)
864
(4, 2)
865
(4, 2)
866
(4, 2)
867
(4, 2)
868
(4, 2)
869
(4, 1)
870
(4, 1)
871
(4, 1)
872
(4, 2)
873
(4, 2)
874
(4, 2)
875
(4, 2)
876
(4, 2)
877
(4, 2)
878
(4, 2)
879
(4, 2)
880
(4, 2)
881
(4, 1)
882
(4, 2)
883
(4, 2)
884
(4, 1)
885
(4, 1)
886
(4, 1)
887
(4, 1)
888
(4, 2)
889
(5, 2)
890
(4, 2)
891
(4, 2)
892
(4, 2)
893
(4, 2)
894
(4, 2)
895
(4, 2)
896
(4, 2)
897
(4, 2)
898
(4, 2)
899
(4, 2)
900
(4, 2)
901
(4, 1)
902
(4, 1)
903
(4, 1)
904
(5, 2)
905
(4, 1)
906
(5, 3)
907
(4, 1)
908
(4, 1)
909
(4, 1)
910
(4, 1)
911
(4, 1)
912
(4, 2)
913
(5, 2)
914
(5, 2)
915
(4, 2)
916
(4, 2)
917
(4, 2)
918
(4, 1)
919
(5, 2)
920
(4, 2)
921
(4, 2)
922
(4, 2)
923
(4, 1)
924
(5, 3)
925
(5, 3)
926
(5, 3)
927
(5, 3)
928
(4, 2)
929
(4, 1)
930
(4, 1)
931
(4, 1)
932
(4, 1)
933
(4, 1)
934
(4, 2)
935
(4, 1)
936
(4, 1)
937
(4, 1)
938
(4, 1)
939
(4, 1)
940
(4, 2)
941
(4, 2)
942
(5, 2)
943
(4, 1)
944
(4, 1)
945
(4, 1)
946
(4, 1)
947
(4, 1)
948
(4, 2)
949
(4, 2)
950
(4, 1)
951
(4, 1)
952
(4, 1)
953
(4, 1)
954
(4, 1)
955
(4, 2)
956
(4, 2)
957
(4, 1)
958
(4, 2)
959
(4, 2)
960
(4, 2)
961
(4, 1)
962
(5, 2)
963
(4, 1)
964
(5, 2)
965
(4, 1)
966
(4, 1)
967
(4, 1)
968
(4, 2)
969
(4, 2)
970
(4, 2)
971
(5, 2)
972
(5, 2)
973
(5, 2)
974
(5, 2)
975
(4, 2)
976
(4, 2)
977
(4, 1)
978
(4, 1)
979
(5, 2)
980
(5, 2)
981
(5, 2)
982
(5, 2)
983
(4, 2)
984
(4, 2)
985
(4, 1)
986
(4, 1)
987
(5, 2)
988
(5, 2)
989
(4, 2)
990
(4, 1)
991
(4, 1)
992
(4, 1)
993
(5, 2)
994
(5, 2)
995
(4, 2)
996
(5, 2)
997
(5, 2)
998
(5, 2)
999
(5, 2)
1000
(5, 2)
defaultdict(<function <lambda> at 0x2b2a5535bc80>, {(1, 3): 15, (9, 1): 2, (11, 2): 9, (2, 1): 100, (6, 2): 8, (10, 3): 11, (7, 2): 1, (1, 2): 104, (12, 2): 1, (3, 3): 38, (13, 3): 1, (8, 1): 4, (2, 2): 100, (4, 1): 62, (1, 1): 100, (12, 3): 11, (3, 2): 100, (7, 1): 3, (9, 3): 11, (2, 3): 31, (4, 2): 99, (5, 3): 11, (9, 2): 2, (3, 1): 100, (4, 3): 36, (5, 2): 33, (10, 2): 7})
1001
(5, 2)
1002
(4, 1)
1003
(4, 1)
1004
(5, 1)
1005
(5, 1)
1006
(5, 1)
1007
(4, 2)
1008
(5, 3)
1009
(5, 3)
1010
(4, 1)
1011
(5, 2)
1012
(4, 1)
1013
(4, 1)
1014
(4, 1)
1015
(5, 3)
1016
(5, 3)
1017
(5, 3)
1018
(5, 3)
1019
(5, 2)
1020
(5, 2)
1021
(5, 3)
1022
(5, 3)
1023
(5, 2)
1024
(5, 3)
1025
(5, 2)
1026
(5, 2)
1027
(4, 1)
1028
(4, 1)
1029
(4, 1)
1030
(5, 1)
1031
(5, 1)
1032
(5, 2)
1033
(5, 2)
1034
(5, 2)
1035
(5, 2)
1036
(5, 2)
1037
(5, 2)
1038
(4, 1)
1039
(4, 1)
1040
(4, 1)
1041
(4, 1)
1042
(4, 1)
1043
(5, 2)
1044
(5, 2)
1045
(4, 1)
1046
(4, 1)
1047
(4, 1)
1048
(4, 1)
1049
(5, 2)
1050
(5, 2)
1051
(5, 2)
1052
(5, 2)
1053
(5, 1)
1054
(5, 1)
1055
(5, 2)
1056
(5, 2)
1057
(4, 1)
1058
(5, 2)
1059
(5, 2)
1060
(6, 2)
1061
(6, 2)
1062
(6, 2)
1063
(5, 2)
1064
(5, 2)
1065
(5, 2)
1066
(5, 1)
1067
(4, 1)
1068
(4, 1)
1069
(4, 1)
1070
(4, 1)
1071
(4, 1)
1072
(6, 2)
1073
(6, 2)
1074
(5, 2)
1075
(5, 2)
1076
(5, 2)
1077
(5, 1)
1078
(4, 1)
1079
(4, 1)
1080
(4, 1)
1081
(4, 1)
1082
(4, 1)
1083
(6, 2)
1084
(6, 2)
1085
(6, 2)
1086
(6, 2)
1087
(5, 2)
1088
(5, 2)
1089
(4, 1)
1090
(4, 1)
1091
(4, 1)
1092
(4, 1)
1093
(4, 1)
1094
(4, 1)
1095
(4, 1)
1096
(4, 1)
1097
(4, 1)
1098
(5, 2)
1099
(5, 2)
1100
(5, 2)
1101
(5, 2)
1102
(5, 2)
1103
(5, 2)
1104
(5, 1)
1105
(5, 1)
1106
(5, 1)
1107
(5, 1)
1108
(5, 1)
1109
(5, 3)
1110
(5, 3)
1111
(5, 1)
1112
(5, 1)
1113
(5, 1)
1114
(5, 1)
1115
(5, 1)
1116
(5, 1)
1117
(5, 2)
1118
(5, 3)
1119
(5, 3)
1120
(5, 3)
1121
(5, 3)
1122
(5, 3)
1123
(5, 3)
1124
(5, 3)
1125
(5, 1)
1126
(5, 1)
1127
(5, 1)
1128
(5, 1)
1129
(5, 1)
1130
(5, 1)
1131
(5, 1)
1132
(5, 1)
1133
(5, 1)
1134
(5, 2)
1135
(6, 2)
1136
(6, 2)
1137
(6, 2)
1138
(5, 2)
1139
(5, 2)
1140
(5, 2)
1141
(5, 1)
1142
(5, 1)
1143
(5, 1)
1144
(6, 2)
1145
(5, 2)
1146
(6, 2)
1147
(6, 2)
1148
(5, 2)
1149
(5, 2)
1150
(5, 1)
1151
(5, 1)
1152
(5, 1)
1153
(6, 2)
1154
(6, 2)
1155
(5, 2)
1156
(5, 2)
1157
(5, 1)
1158
(5, 1)
1159
(5, 2)
1160
(6, 2)
1161
(6, 3)
1162
(6, 3)
1163
(5, 2)
1164
(6, 2)
1165
(6, 3)
1166
(6, 3)
1167
(5, 2)
1168
(6, 2)
1169
(6, 3)
1170
(6, 3)
1171
(5, 1)
1172
(5, 2)
1173
(5, 1)
1174
(5, 1)
1175
(5, 1)
1176
(5, 1)
1177
(5, 1)
1178
(5, 1)
1179
(5, 1)
1180
(5, 1)
1181
(5, 2)
1182
(5, 2)
1183
(5, 2)
1184
(5, 2)
1185
(5, 2)
1186
(5, 2)
1187
(5, 2)
1188
(5, 2)
1189
(6, 2)
1190
(6, 2)
1191
(5, 1)
1192
(5, 1)
1193
(5, 2)
1194
(6, 2)
1195
(6, 2)
1196
(5, 1)
1197
(5, 1)
1198
(5, 2)
1199
(5, 2)
1200
(5, 2)
1201
(5, 2)
1202
(6, 3)
1203
(6, 3)
1204
(6, 3)
1205
(6, 3)
1206
(6, 3)
1207
(6, 3)
1208
(6, 3)
1209
(5, 3)
1210
(5, 3)
1211
(5, 3)
1212
(5, 3)
1213
(5, 3)
1214
(5, 3)
1215
(5, 3)
1216
(5, 3)
1217
(4, 3)
1218
(4, 3)
1219
(4, 3)
1220
(4, 3)
1221
(4, 3)
1222
(4, 3)
1223
(4, 3)
1224
(4, 3)
1225
(3, 3)
1226
(3, 3)
1227
(3, 3)
1228
(3, 3)
1229
(3, 3)
1230
(3, 3)
1231
(3, 3)
1232
(3, 3)
1233
(2, 3)
1234
(2, 3)
1235
(2, 3)
1236
(2, 3)
1237
(2, 3)
1238
(2, 3)
1239
(2, 3)
1240
(2, 3)
1241
(1, 3)
1242
(1, 3)
1243
(1, 3)
1244
(1, 3)
1245
(1, 3)
1246
(1, 3)
1247
(1, 3)
1248
(1, 3)
1249
(1, 3)
1250
(1, 3)
1251
(2, 3)
1252
(2, 3)
1253
(2, 3)
1254
(2, 3)
1255
(2, 3)
1256
(2, 3)
1257
(2, 3)
1258
(2, 3)
1259
(2, 3)
1260
(2, 3)
1261
(2, 3)
1262
(2, 3)
1263
(2, 3)
1264
(2, 3)
1265
(2, 3)
1266
(2, 3)
1267
(2, 3)
1268
(2, 3)
1269
(2, 3)
1270
(2, 3)
1271
(3, 3)
1272
(2, 3)
1273
(3, 3)
1274
(3, 3)
1275
(3, 3)
1276
(3, 3)
1277
(3, 3)
1278
(3, 3)
1279
(3, 3)
1280
(3, 3)
1281
(3, 3)
1282
(3, 3)
1283
(3, 3)
1284
(3, 3)
1285
(3, 3)
1286
(3, 3)
1287
(3, 3)
1288
(4, 3)
1289
(3, 3)
1290
(3, 3)
1291
(4, 3)
1292
(4, 3)
1293
(4, 3)
1294
(4, 3)
1295
(4, 3)
1296
(4, 3)
1297
(4, 3)
1298
(4, 3)
1299
(4, 3)
1300
(4, 3)
1301
(4, 3)
1302
(4, 3)
1303
(4, 3)
1304
(4, 3)
1305
(4, 3)
1306
(4, 3)
1307
(4, 3)
1308
(4, 3)
1309
(5, 3)
1310
(4, 3)
1311
(4, 3)
1312
(5, 3)
1313
(5, 3)
1314
(5, 3)
1315
(5, 3)
1316
(5, 3)
1317
(5, 3)
1318
(5, 3)
1319
(5, 2)
1320
(5, 2)
1321
(5, 2)
1322
(5, 3)
1323
(5, 3)
1324
(5, 3)
1325
(5, 3)
1326
(5, 3)
1327
(5, 3)
1328
(5, 3)
1329
(5, 3)
1330
(5, 3)
1331
(5, 3)
1332
(6, 3)
1333
(5, 3)
1334
(6, 3)
1335
(6, 3)
1336
(6, 3)
1337
(6, 2)
1338
(6, 2)
1339
(6, 2)
1340
(6, 2)
1341
(6, 2)
1342
(6, 2)
1343
(6, 2)
1344
(6, 3)
1345
(6, 3)
1346
(6, 3)
1347
(5, 1)
1348
(6, 3)
1349
(5, 3)
1350
(6, 3)
1351
(5, 3)
1352
(6, 3)
1353
(5, 3)
1354
(6, 2)
1355
(6, 2)
1356
(6, 2)
1357
(5, 1)
1358
(5, 1)
1359
(5, 1)
1360
(5, 1)
1361
(6, 2)
1362
(6, 2)
1363
(5, 1)
1364
(6, 2)
1365
(5, 1)
1366
(6, 1)
1367
(6, 3)
1368
(6, 3)
1369
(6, 3)
1370
(6, 3)
1371
(6, 3)
1372
(6, 2)
1373
(6, 2)
1374
(6, 2)
1375
(5, 1)
1376
(5, 1)
1377
(5, 1)
1378
(5, 1)
1379
(6, 2)
1380
(6, 2)
1381
(5, 1)
1382
(5, 1)
1383
(5, 1)
1384
(5, 1)
1385
(6, 3)
1386
(6, 3)
1387
(6, 2)
1388
(6, 2)
1389
(5, 1)
1390
(5, 1)
1391
(5, 1)
1392
(5, 1)
1393
(5, 1)
1394
(6, 2)
1395
(6, 2)
1396
(6, 2)
1397
(5, 1)
1398
(6, 2)
1399
(5, 1)
1400
(5, 1)
1401
(5, 1)
1402
(5, 1)
1403
(6, 2)
1404
(6, 2)
1405
(6, 2)
1406
(5, 1)
1407
(6, 2)
1408
(6, 2)
1409
(5, 1)
1410
(5, 1)
1411
(5, 1)
1412
(6, 2)
1413
(6, 1)
1414
(6, 2)
1415
(6, 2)
1416
(6, 2)
1417
(5, 1)
1418
(5, 1)
1419
(6, 2)
1420
(6, 2)
1421
(6, 2)
1422
(5, 1)
1423
(6, 3)
1424
(5, 1)
1425
(6, 3)
1426
(6, 3)
1427
(5, 1)
1428
(5, 1)
1429
(6, 3)
1430
(5, 1)
1431
(6, 3)
1432
(6, 3)
1433
(5, 1)
1434
(5, 1)
1435
(7, 3)
1436
(7, 3)
1437
(5, 1)
1438
(6, 3)
1439
(6, 3)
1440
(6, 3)
1441
(6, 3)
1442
(6, 3)
1443
(6, 3)
1444
(7, 3)
1445
(6, 3)
1446
(6, 3)
1447
(6, 2)
1448
(6, 2)
1449
(6, 1)
1450
(5, 1)
1451
(5, 1)
1452
(5, 1)
1453
(5, 1)
1454
(6, 2)
1455
(6, 2)
1456
(6, 1)
1457
(5, 1)
1458
(5, 1)
1459
(5, 1)
1460
(5, 1)
1461
(7, 3)
1462
(6, 3)
1463
(6, 2)
1464
(6, 2)
1465
(6, 1)
1466
(5, 1)
1467
(5, 1)
1468
(5, 1)
1469
(7, 3)
1470
(6, 2)
1471
(6, 2)
1472
(6, 2)
1473
(6, 2)
1474
(6, 2)
1475
(6, 2)
1476
(6, 2)
1477
(6, 2)
1478
(6, 2)
1479
(6, 1)
1480
(6, 1)
1481
(6, 1)
1482
(6, 1)
1483
(6, 1)
1484
(6, 2)
1485
(6, 2)
1486
(6, 1)
1487
(6, 2)
1488
(6, 2)
1489
(6, 2)
1490
(6, 2)
1491
(6, 2)
1492
(6, 2)
1493
(6, 2)
1494
(6, 2)
1495
(6, 2)
1496
(6, 2)
1497
(6, 2)
1498
(6, 2)
1499
(6, 2)
1500
(6, 2)
defaultdict(<function <lambda> at 0x2b2a5535bc80>, {(7, 3): 5, (1, 3): 25, (9, 1): 2, (11, 2): 9, (2, 1): 100, (6, 2): 99, (5, 1): 100, (10, 3): 11, (7, 2): 1, (1, 2): 104, (12, 2): 1, (3, 3): 64, (13, 3): 1, (8, 1): 4, (6, 3): 45, (2, 2): 100, (4, 1): 100, (1, 1): 100, (12, 3): 11, (3, 2): 100, (7, 1): 3, (9, 3): 11, (2, 3): 60, (4, 2): 100, (5, 3): 59, (9, 2): 2, (6, 1): 11, (3, 1): 100, (4, 3): 65, (5, 2): 100, (10, 2): 7})
1501
(6, 2)
1502
(7, 2)
1503
(6, 1)
1504
(7, 2)
1505
(6, 3)
1506
(6, 3)
1507
(6, 1)
1508
(7, 3)
1509
(7, 3)
1510
(6, 1)
1511
(6, 1)
1512
(6, 1)
1513
(6, 1)
1514
(6, 1)
1515
(6, 1)
1516
(6, 1)
1517
(6, 3)
1518
(6, 3)
1519
(6, 3)
1520
(6, 3)
1521
(6, 3)
1522
(7, 3)
1523
(7, 3)
1524
(7, 3)
1525
(7, 3)
1526
(7, 3)
1527
(7, 3)
1528
(7, 3)
1529
(7, 3)
1530
(7, 3)
1531
(7, 3)
1532
(7, 3)
1533
(7, 2)
1534
(6, 1)
1535
(6, 1)
1536
(6, 1)
1537
(7, 2)
1538
(7, 2)
1539
(7, 2)
1540
(6, 1)
1541
(7, 2)
1542
(7, 2)
1543
(7, 2)
1544
(7, 2)
1545
(6, 1)
1546
(6, 1)
1547
(6, 1)
1548
(6, 1)
1549
(6, 1)
1550
(6, 1)
1551
(6, 1)
1552
(7, 2)
1553
(7, 2)
1554
(6, 1)
1555
(6, 1)
1556
(6, 1)
1557
(6, 1)
1558
(6, 1)
1559
(6, 1)
1560
(6, 1)
1561
(6, 1)
1562
(6, 3)
1563
(6, 3)
1564
(6, 3)
1565
(6, 3)
1566
(6, 3)
1567
(7, 3)
1568
(7, 2)
1569
(7, 3)
1570
(7, 3)
1571
(7, 3)
1572
(6, 1)
1573
(6, 1)
1574
(6, 1)
1575
(6, 3)
1576
(6, 3)
1577
(6, 3)
1578
(6, 3)
1579
(6, 3)
1580
(6, 3)
1581
(6, 3)
1582
(6, 3)
1583
(7, 3)
1584
(7, 3)
1585
(7, 3)
1586
(7, 2)
1587
(7, 3)
1588
(7, 3)
1589
(7, 2)
1590
(7, 2)
1591
(6, 1)
1592
(6, 1)
1593
(6, 1)
1594
(7, 2)
1595
(7, 2)
1596
(6, 1)
1597
(7, 2)
1598
(7, 2)
1599
(7, 2)
1600
(7, 2)
1601
(6, 1)
1602
(6, 1)
1603
(6, 1)
1604
(7, 2)
1605
(7, 2)
1606
(7, 2)
1607
(7, 2)
1608
(7, 2)
1609
(7, 2)
1610
(7, 2)
1611
(7, 2)
1612
(6, 1)
1613
(6, 1)
1614
(6, 1)
1615
(6, 1)
1616
(6, 1)
1617
(7, 2)
1618
(7, 2)
1619
(7, 2)
1620
(6, 1)
1621
(6, 1)
1622
(6, 1)
1623
(6, 1)
1624
(6, 1)
1625
(6, 1)
1626
(6, 1)
1627
(6, 1)
1628
(6, 1)
1629
(6, 1)
1630
(6, 1)
1631
(6, 1)
1632
(6, 1)
1633
(6, 1)
1634
(6, 1)
1635
(6, 1)
1636
(6, 1)
1637
(6, 1)
1638
(6, 1)
1639
(6, 1)
1640
(6, 1)
1641
(6, 1)
1642
(7, 2)
1643
(7, 2)
1644
(7, 2)
1645
(6, 1)
1646
(6, 1)
1647
(6, 1)
1648
(7, 3)
1649
(7, 3)
1650
(7, 3)
1651
(7, 1)
1652
(7, 3)
1653
(7, 3)
1654
(7, 3)
1655
(7, 3)
1656
(7, 3)
1657
(7, 3)
1658
(6, 1)
1659
(6, 1)
1660
(6, 1)
1661
(7, 3)
1662
(6, 3)
1663
(7, 3)
1664
(6, 3)
1665
(7, 3)
1666
(6, 3)
1667
(7, 3)
1668
(6, 1)
1669
(6, 1)
1670
(6, 1)
1671
(6, 1)
1672
(6, 1)
1673
(6, 1)
1674
(6, 1)
1675
(6, 1)
1676
(6, 1)
1677
(6, 1)
1678
(7, 3)
1679
(6, 1)
1680
(6, 1)
1681
(6, 1)
1682
(6, 1)
1683
(6, 1)
1684
(7, 2)
1685
(7, 2)
1686
(7, 2)
1687
(7, 2)
1688
(7, 2)
1689
(6, 1)
1690
(6, 1)
1691
(7, 2)
1692
(7, 2)
1693
(7, 2)
1694
(7, 2)
1695
(7, 2)
1696
(7, 2)
1697
(7, 2)
1698
(7, 2)
1699
(7, 2)
1700
(7, 2)
1701
(7, 2)
1702
(7, 2)
1703
(6, 1)
1704
(6, 1)
1705
(7, 2)
1706
(7, 2)
1707
(7, 2)
1708
(7, 1)
1709
(7, 1)
1710
(7, 2)
1711
(7, 2)
1712
(7, 2)
1713
(7, 2)
1714
(7, 2)
1715
(7, 2)
1716
(7, 2)
1717
(7, 2)
1718
(7, 2)
1719
(7, 2)
1720
(7, 2)
1721
(7, 2)
1722
(7, 2)
1723
(7, 2)
1724
(7, 1)
1725
(7, 1)
1726
(7, 3)
1727
(7, 3)
1728
(7, 3)
1729
(7, 1)
1730
(8, 3)
1731
(7, 1)
1732
(7, 1)
1733
(8, 3)
1734
(8, 3)
1735
(8, 3)
1736
(8, 3)
1737
(7, 3)
1738
(7, 2)
1739
(7, 2)
1740
(7, 1)
1741
(7, 3)
1742
(7, 3)
1743
(7, 3)
1744
(7, 3)
1745
(7, 3)
1746
(7, 3)
1747
(7, 2)
1748
(7, 2)
1749
(7, 2)
1750
(8, 3)
1751
(7, 2)
1752
(7, 2)
1753
(7, 2)
1754
(7, 1)
1755
(8, 3)
1756
(8, 3)
1757
(8, 3)
1758
(7, 2)
1759
(7, 1)
1760
(7, 1)
1761
(7, 1)
1762
(7, 1)
1763
(7, 2)
1764
(7, 2)
1765
(7, 2)
1766
(7, 2)
1767
(7, 2)
1768
(7, 2)
1769
(8, 3)
1770
(8, 3)
1771
(8, 3)
1772
(7, 1)
1773
(7, 1)
1774
(7, 1)
1775
(7, 1)
1776
(8, 2)
1777
(8, 2)
1778
(8, 2)
1779
(7, 2)
1780
(7, 2)
1781
(7, 2)
1782
(7, 2)
1783
(7, 2)
1784
(7, 2)
1785
(7, 2)
1786
(7, 2)
1787
(7, 1)
1788
(7, 1)
1789
(7, 1)
1790
(7, 1)
1791
(7, 3)
1792
(7, 3)
1793
(7, 3)
1794
(7, 1)
1795
(7, 1)
1796
(7, 1)
1797
(7, 1)
1798
(8, 3)
1799
(7, 3)
1800
(7, 3)
1801
(7, 3)
1802
(8, 3)
1803
(8, 3)
1804
(7, 2)
1805
(7, 2)
1806
(7, 2)
1807
(7, 2)
1808
(7, 1)
1809
(7, 2)
1810
(7, 2)
1811
(7, 1)
1812
(7, 1)
1813
(7, 1)
1814
(7, 1)
1815
(7, 1)
1816
(7, 1)
1817
(7, 1)
1818
(7, 1)
1819
(7, 1)
1820
(7, 1)
1821
(7, 1)
1822
(7, 1)
1823
(7, 1)
1824
(7, 1)
1825
(7, 1)
1826
(7, 1)
1827
(7, 1)
1828
(7, 1)
1829
(7, 1)
1830
(7, 1)
1831
(7, 1)
1832
(7, 1)
1833
(8, 2)
1834
(8, 3)
1835
(8, 3)
1836
(8, 3)
1837
(8, 3)
1838
(8, 3)
1839
(8, 3)
1840
(8, 3)
1841
(8, 3)
1842
(8, 2)
1843
(8, 2)
1844
(8, 2)
1845
(8, 3)
1846
(8, 2)
1847
(8, 3)
1848
(8, 2)
1849
(8, 2)
1850
(8, 2)
1851
(8, 2)
1852
(8, 2)
1853
(8, 3)
1854
(8, 3)
1855
(8, 2)
1856
(8, 3)
1857
(8, 3)
1858
(8, 3)
1859
(8, 3)
1860
(8, 3)
1861
(8, 3)
1862
(7, 1)
1863
(7, 1)
1864
(7, 1)
1865
(7, 1)
1866
(7, 1)
1867
(7, 1)
1868
(7, 1)
1869
(8, 2)
1870
(8, 3)
1871
(8, 3)
1872
(8, 3)
1873
(8, 3)
1874
(7, 1)
1875
(8, 1)
1876
(8, 1)
1877
(7, 1)
1878
(7, 1)
1879
(7, 1)
1880
(7, 1)
1881
(7, 1)
1882
(7, 1)
1883
(7, 1)
1884
(7, 1)
1885
(7, 1)
1886
(7, 1)
1887
(7, 1)
1888
(7, 1)
1889
(8, 2)
1890
(7, 1)
1891
(7, 1)
1892
(7, 1)
1893
(7, 1)
1894
(7, 1)
1895
(7, 1)
1896
(7, 1)
1897
(7, 1)
1898
(7, 1)
1899
(7, 1)
1900
(7, 1)
1901
(7, 1)
1902
(7, 1)
1903
(7, 1)
1904
(7, 1)
1905
(7, 1)
1906
(7, 1)
1907
(7, 1)
1908
(8, 3)
1909
(8, 3)
1910
(8, 3)
1911
(8, 3)
1912
(8, 3)
1913
(8, 3)
1914
(8, 3)
1915
(7, 1)
1916
(7, 1)
1917
(7, 1)
1918
(8, 2)
1919
(8, 3)
1920
(8, 3)
1921
(8, 3)
1922
(8, 3)
1923
(8, 3)
1924
(8, 3)
1925
(8, 3)
1926
(8, 3)
1927
(8, 3)
1928
(8, 2)
1929
(8, 2)
1930
(8, 2)
1931
(8, 3)
1932
(7, 1)
1933
(7, 1)
1934
(7, 1)
1935
(7, 1)
1936
(8, 2)
1937
(8, 2)
1938
(8, 3)
1939
(8, 3)
1940
(7, 1)
1941
(7, 1)
1942
(7, 1)
1943
(7, 1)
1944
(7, 1)
1945
(7, 1)
1946
(8, 3)
1947
(8, 3)
1948
(8, 3)
1949
(8, 3)
1950
(8, 3)
1951
(8, 3)
1952
(8, 3)
1953
(8, 3)
1954
(8, 2)
1955
(8, 2)
1956
(8, 2)
1957
(8, 2)
1958
(8, 2)
1959
(8, 2)
1960
(8, 3)
1961
(8, 3)
1962
(8, 3)
1963
(8, 3)
1964
(8, 3)
1965
(8, 3)
1966
(8, 3)
1967
(8, 2)
1968
(8, 1)
1969
(8, 2)
1970
(8, 2)
1971
(8, 1)
1972
(8, 1)
1973
(8, 3)
1974
(8, 3)
1975
(8, 3)
1976
(8, 3)
1977
(8, 3)
1978
(8, 3)
1979
(8, 3)
1980
(8, 2)
1981
(8, 2)
1982
(8, 1)
1983
(8, 1)
1984
(8, 3)
1985
(8, 3)
1986
(8, 3)
1987
(8, 3)
1988
(8, 3)
1989
(8, 3)
1990
(8, 3)
1991
(8, 3)
1992
(8, 3)
1993
(8, 3)
1994
(8, 3)
1995
(8, 3)
1996
(8, 3)
1997
(8, 3)
1998
(8, 3)
1999
(8, 3)
2000
(8, 3)
defaultdict(<function <lambda> at 0x2b2a5535bc80>, {(7, 3): 57, (1, 3): 25, (9, 1): 2, (11, 2): 9, (2, 1): 100, (6, 2): 100, (5, 1): 100, (10, 3): 11, (7, 2): 100, (1, 2): 104, (12, 2): 1, (3, 3): 64, (13, 3): 1, (8, 1): 11, (6, 3): 68, (2, 2): 100, (4, 1): 100, (1, 1): 100, (12, 3): 11, (3, 2): 100, (8, 2): 33, (7, 1): 103, (9, 3): 11, (2, 3): 60, (4, 2): 100, (5, 3): 59, (8, 3): 95, (9, 2): 2, (6, 1): 101, (3, 1): 100, (4, 3): 65, (5, 2): 100, (10, 2): 7})
2001
(8, 3)
2002
(8, 3)
2003
(8, 3)
2004
(8, 3)
2005
(8, 3)
2006
(8, 2)
2007
(8, 2)
2008
(8, 1)
2009
(8, 1)
2010
(8, 1)
2011
(8, 2)
2012
(8, 2)
2013
(8, 1)
2014
(8, 3)
2015
(8, 1)
2016
(8, 1)
2017
(8, 1)
2018
(8, 1)
2019
(8, 2)
2020
(8, 1)
2021
(8, 1)
2022
(8, 1)
2023
(8, 1)
2024
(8, 1)
2025
(8, 1)
2026
(8, 1)
2027
(8, 1)
2028
(8, 1)
2029
(8, 1)
2030
(8, 4)
2031
(8, 4)
2032
(8, 4)
2033
(8, 4)
2034
(8, 4)
2035
(8, 4)
2036
(8, 4)
2037
(8, 2)
2038
(8, 2)
2039
(8, 1)
2040
(8, 1)
2041
(8, 1)
2042
(8, 1)
2043
(8, 2)
2044
(8, 1)
2045
(8, 1)
2046
(8, 1)
2047
(8, 1)
2048
(8, 1)
2049
(8, 1)
2050
(8, 1)
2051
(8, 1)
2052
(8, 1)
2053
(8, 1)
2054
(8, 1)
2055
(8, 1)
2056
(8, 1)
2057
(8, 1)
2058
(8, 1)
2059
(8, 1)
2060
(8, 2)
2061
(8, 2)
2062
(8, 1)
2063
(8, 1)
2064
(8, 1)
2065
(8, 1)
2066
(8, 1)
2067
(8, 2)
2068
(8, 2)
2069
(8, 1)
2070
(8, 1)
2071
(8, 1)
2072
(8, 1)
2073
(8, 1)
2074
(8, 2)
2075
(8, 2)
2076
(8, 1)
2077
(8, 1)
2078
(8, 1)
2079
(8, 1)
2080
(8, 1)
2081
(8, 1)
2082
(8, 1)
2083
(8, 2)
2084
(8, 1)
2085
(8, 1)
2086
(8, 1)
2087
(8, 4)
2088
(8, 4)
2089
(8, 4)
2090
(8, 4)
2091
(8, 4)
2092
(8, 4)
2093
(8, 4)
2094
(8, 1)
2095
(8, 1)
2096
(8, 1)
2097
(8, 1)
2098
(8, 1)
2099
(8, 1)
2100
(8, 1)
2101
(9, 1)
2102
(8, 1)
2103
(8, 1)
2104
(8, 1)
2105
(8, 1)
2106
(8, 1)
2107
(8, 1)
2108
(8, 1)
2109
(8, 1)
2110
(8, 2)
2111
(8, 2)
2112
(8, 1)
2113
(8, 1)
2114
(8, 1)
2115
(8, 1)
2116
(8, 1)
2117
(8, 1)
2118
(9, 1)
2119
(9, 1)
2120
(9, 1)
2121
(9, 1)
2122
(9, 1)
2123
(9, 1)
2124
(9, 1)
2125
(9, 1)
2126
(9, 1)
2127
(9, 1)
2128
(9, 1)
2129
(9, 1)
2130
(9, 1)
2131
(8, 5)
2132
(8, 5)
2133
(8, 5)
2134
(8, 5)
2135
(8, 5)
2136
(8, 5)
2137
(8, 5)
2138
(9, 1)
2139
(9, 1)
2140
(9, 1)
2141
(9, 1)
2142
(9, 1)
2143
(9, 1)
2144
(9, 1)
2145
(9, 1)
2146
(9, 1)
2147
(9, 1)
2148
(9, 1)
2149
(9, 1)
2150
(9, 1)
2151
(9, 1)
2152
(9, 1)
2153
(9, 1)
2154
(9, 1)
2155
(9, 1)
2156
(9, 1)
2157
(9, 1)
2158
(9, 1)
2159
(10, 2)
2160
(10, 2)
2161
(10, 2)
2162
(9, 1)
2163
(9, 1)
2164
(9, 1)
2165
(9, 1)
2166
(10, 2)
2167
(10, 2)
2168
(10, 2)
2169
(10, 3)
2170
(10, 3)
2171
(10, 3)
2172
(9, 1)
2173
(10, 3)
2174
(10, 3)
2175
(10, 3)
2176
(10, 2)
2177
(10, 2)
2178
(10, 2)
2179
(10, 2)
2180
(10, 2)
2181
(10, 2)
2182
(10, 2)
2183
(10, 2)
2184
(10, 2)
2185
(9, 1)
2186
(9, 1)
2187
(9, 1)
2188
(10, 2)
2189
(10, 2)
2190
(8, 5)
2191
(8, 5)
2192
(8, 5)
2193
(9, 1)
2194
(8, 5)
2195
(8, 5)
2196
(8, 5)
2197
(8, 5)
2198
(9, 1)
2199
(9, 1)
2200
(10, 3)
2201
(10, 3)
2202
(10, 3)
2203
(9, 1)
2204
(9, 1)
2205
(9, 1)
2206
(10, 1)
2207
(10, 2)
2208
(10, 2)
2209
(10, 2)
2210
(10, 2)
2211
(10, 1)
2212
(10, 1)
2213
(10, 1)
2214
(10, 1)
2215
(10, 2)
2216
(10, 1)
2217
(10, 1)
2218
(10, 1)
2219
(9, 1)
2220
(10, 2)
2221
(11, 3)
2222
(11, 3)
2223
(10, 2)
2224
(10, 2)
2225
(10, 2)
2226
(10, 2)
2227
(10, 2)
2228
(10, 2)
2229
(11, 2)
2230
(11, 2)
2231
(11, 2)
2232
(11, 2)
2233
(11, 2)
2234
(11, 2)
2235
(10, 1)
2236
(8, 6)
2237
(8, 6)
2238
(8, 6)
2239
(8, 6)
2240
(8, 6)
2241
(8, 6)
2242
(8, 6)
2243
(11, 3)
2244
(11, 3)
2245
(10, 3)
2246
(10, 2)
2247
(10, 2)
2248
(9, 3)
2249
(10, 3)
2250
(9, 2)
2251
(9, 2)
2252
(9, 1)
2253
(9, 1)
2254
(8, 1)
2255
(8, 1)
2256
(8, 1)
2257
(8, 1)
2258
(10, 3)
2259
(10, 2)
2260
(10, 2)
2261
(9, 3)
2262
(10, 3)
2263
(9, 2)
2264
(9, 2)
2265
(9, 1)
2266
(9, 1)
2267
(8, 1)
2268
(8, 1)
2269
(8, 1)
2270
(8, 1)
2271
(10, 3)
2272
(10, 2)
2273
(11, 3)
2274
(11, 3)
2275
(11, 3)
2276
(10, 3)
2277
(10, 3)
2278
(10, 3)
2279
(10, 3)
2280
(10, 3)
2281
(10, 3)
2282
(10, 3)
2283
(10, 3)
2284
(10, 3)
2285
(10, 3)
2286
(10, 3)
2287
(9, 3)
2288
(9, 3)
2289
(9, 3)
2290
(9, 3)
2291
(10, 3)
2292
(9, 3)
2293
(9, 3)
2294
(9, 3)
2295
(9, 3)
2296
(9, 3)
2297
(9, 2)
2298
(9, 2)
2299
(9, 1)
2300
(8, 1)
2301
(8, 1)
2302
(9, 3)
2303
(9, 3)
2304
(9, 3)
2305
(9, 3)
2306
(9, 3)
2307
(9, 3)
2308
(9, 2)
2309
(10, 3)
2310
(9, 3)
2311
(9, 3)
2312
(9, 2)
2313
(9, 2)
2314
(9, 1)
2315
(9, 3)
2316
(9, 2)
2317
(9, 1)
2318
(9, 1)
2319
(10, 3)
2320
(10, 3)
2321
(9, 3)
2322
(9, 3)
2323
(9, 2)
2324
(9, 2)
2325
(9, 1)
2326
(9, 3)
2327
(10, 3)
2328
(10, 3)
2329
(10, 3)
2330
(9, 3)
2331
(9, 3)
2332
(9, 3)
2333
(10, 3)
2334
(9, 3)
2335
(9, 3)
2336
(10, 2)
2337
(10, 3)
2338
(10, 3)
2339
(9, 3)
2340
(10, 3)
2341
(9, 2)
2342
(9, 2)
2343
(9, 1)
2344
(9, 1)
2345
(10, 3)
2346
(9, 2)
2347
(9, 1)
2348
(9, 1)
2349
(9, 1)
2350
(10, 3)
2351
(10, 3)
2352
(9, 3)
2353
(10, 3)
2354
(9, 2)
2355
(9, 2)
2356
(9, 1)
2357
(9, 1)
2358
(10, 3)
2359
(9, 3)
2360
(9, 3)
2361
(9, 3)
2362
(10, 3)
2363
(9, 3)
2364
(9, 3)
2365
(9, 3)
2366
(9, 3)
2367
(10, 2)
2368
(10, 3)
2369
(10, 3)
2370
(10, 3)
2371
(10, 2)
2372
(10, 2)
2373
(10, 3)
2374
(10, 3)
2375
(10, 3)
2376
(10, 3)
2377
(10, 2)
2378
(10, 2)
2379
(9, 1)
2380
(9, 1)
2381
(9, 1)
2382
(9, 1)
2383
(9, 3)
2384
(9, 3)
2385
(9, 3)
2386
(9, 3)
2387
(9, 3)
2388
(9, 3)
2389
(9, 3)
2390
(10, 2)
2391
(10, 2)
2392
(10, 2)
2393
(10, 2)
2394
(10, 2)
2395
(10, 1)
2396
(9, 1)
2397
(9, 1)
2398
(9, 1)
2399
(9, 1)
2400
(9, 3)
2401
(9, 3)
2402
(9, 3)
2403
(9, 3)
2404
(9, 3)
2405
(9, 3)
2406
(9, 3)
2407
(10, 2)
2408
(10, 3)
2409
(10, 3)
2410
(10, 3)
2411
(10, 3)
2412
(10, 3)
2413
(10, 3)
2414
(10, 3)
2415
(10, 2)
2416
(10, 2)
2417
(10, 2)
2418
(10, 2)
2419
(10, 1)
2420
(9, 1)
2421
(9, 1)
2422
(9, 1)
2423
(9, 1)
2424
(11, 3)
2425
(10, 3)
2426
(10, 2)
2427
(10, 2)
2428
(10, 1)
2429
(9, 1)
2430
(9, 1)
2431
(9, 1)
2432
(9, 1)
2433
(11, 3)
2434
(10, 2)
2435
(10, 2)
2436
(10, 1)
2437
(10, 1)
2438
(9, 1)
2439
(9, 1)
2440
(9, 1)
2441
(9, 1)
2442
(9, 3)
2443
(9, 3)
2444
(9, 3)
2445
(9, 3)
2446
(9, 3)
2447
(10, 2)
2448
(10, 2)
2449
(10, 1)
2450
(10, 1)
2451
(10, 3)
2452
(11, 2)
2453
(11, 2)
2454
(10, 3)
2455
(10, 3)
2456
(10, 3)
2457
(10, 3)
2458
(10, 3)
2459
(10, 3)
2460
(10, 3)
2461
(10, 1)
2462
(9, 4)
2463
(9, 4)
2464
(9, 4)
2465
(9, 3)
2466
(9, 3)
2467
(9, 3)
2468
(9, 3)
2469
(9, 3)
2470
(9, 3)
2471
(10, 3)
2472
(10, 3)
2473
(10, 3)
2474
(10, 3)
2475
(10, 3)
2476
(10, 3)
2477
(10, 2)
2478
(11, 2)
2479
(10, 1)
2480
(11, 2)
2481
(10, 1)
2482
(9, 2)
2483
(9, 1)
2484
(9, 1)
2485
(9, 1)
2486
(10, 1)
2487
(10, 1)
2488
(10, 1)
2489
(10, 2)
2490
(10, 2)
2491
(10, 1)
2492
(10, 2)
2493
(9, 4)
2494
(9, 4)
2495
(9, 4)
2496
(9, 4)
2497
(9, 4)
2498
(9, 4)
2499
(9, 4)
2500
(10, 3)
defaultdict(<function <lambda> at 0x2b2a5535bc80>, {(7, 3): 57, (1, 3): 25, (9, 1): 91, (11, 2): 19, (2, 1): 100, (6, 2): 100, (9, 4): 10, (5, 1): 100, (10, 3): 83, (7, 2): 100, (1, 2): 104, (12, 2): 1, (3, 3): 64, (13, 3): 1, (8, 1): 100, (8, 5): 14, (6, 3): 68, (2, 2): 100, (8, 6): 7, (4, 1): 100, (1, 1): 100, (12, 3): 11, (3, 2): 100, (8, 2): 50, (7, 1): 103, (9, 3): 73, (2, 3): 60, (10, 1): 23, (4, 2): 100, (5, 3): 59, (8, 3): 101, (9, 2): 20, (6, 1): 101, (3, 1): 100, (11, 3): 9, (4, 3): 65, (8, 4): 14, (5, 2): 100, (10, 2): 67})
2501
(10, 3)
2502
(10, 3)
2503
(10, 3)
2504
(10, 3)
2505
(10, 3)
2506
(10, 3)
2507
(10, 3)
2508
(10, 3)
2509
(10, 3)
2510
(10, 3)
2511
(10, 3)
2512
(10, 1)
2513
(10, 1)
2514
(10, 1)
2515
(10, 1)
2516
(9, 3)
2517
(9, 3)
2518
(9, 3)
2519
(10, 1)
2520
(9, 3)
2521
(9, 3)
2522
(9, 3)
2523
(10, 1)
2524
(10, 1)
2525
(10, 2)
2526
(11, 2)
2527
(11, 2)
2528
(10, 4)
2529
(10, 4)
2530
(10, 4)
2531
(10, 4)
2532
(10, 4)
2533
(10, 4)
2534
(10, 4)
2535
(10, 2)
2536
(10, 1)
2537
(10, 1)
2538
(11, 1)
2539
(11, 1)
2540
(10, 1)
2541
(10, 2)
2542
(10, 1)
2543
(10, 1)
2544
(9, 4)
2545
(9, 4)
2546
(9, 4)
2547
(9, 4)
2548
(9, 4)
2549
(9, 4)
2550
(9, 4)
2551
(10, 3)
2552
(10, 3)
2553
(10, 3)
2554
(10, 3)
2555
(10, 3)
2556
(10, 1)
2557
(10, 1)
2558
(10, 1)
2559
(8, 7)
2560
(8, 7)
2561
(8, 7)
2562
(8, 7)
2563
(8, 7)
2564
(8, 7)
2565
(8, 7)
2566
(10, 2)
2567
(11, 2)
2568
(11, 2)
2569
(10, 3)
2570
(10, 3)
2571
(10, 3)
2572
(10, 3)
2573
(10, 3)
2574
(10, 1)
2575
(10, 1)
2576
(10, 1)
2577
(10, 1)
2578
(10, 1)
2579
(10, 1)
2580
(10, 1)
2581
(10, 1)
2582
(10, 2)
2583
(10, 2)
2584
(10, 1)
2585
(10, 1)
2586
(10, 1)
2587
(10, 1)
2588
(10, 1)
2589
(10, 2)
2590
(10, 2)
2591
(10, 1)
2592
(10, 1)
2593
(10, 1)
2594
(10, 1)
2595
(10, 1)
2596
(10, 2)
2597
(10, 2)
2598
(11, 2)
2599
(11, 2)
2600
(10, 2)
2601
(11, 2)
2602
(11, 2)
2603
(11, 2)
2604
(10, 1)
2605
(10, 1)
2606
(10, 1)
2607
(10, 1)
2608
(9, 1)
2609
(9, 1)
2610
(9, 1)
2611
(9, 1)
2612
(9, 1)
2613
(11, 1)
2614
(10, 1)
2615
(10, 1)
2616
(9, 4)
2617
(9, 4)
2618
(9, 4)
2619
(9, 4)
2620
(9, 4)
2621
(9, 4)
2622
(9, 4)
2623
(9, 4)
2624
(9, 4)
2625
(9, 4)
2626
(10, 1)
2627
(10, 1)
2628
(10, 2)
2629
(10, 1)
2630
(10, 1)
2631
(10, 2)
2632
(10, 1)
2633
(10, 1)
2634
(10, 1)
2635
(10, 1)
2636
(10, 1)
2637
(10, 1)
2638
(10, 1)
2639
(10, 1)
2640
(10, 2)
2641
(10, 2)
2642
(10, 1)
2643
(10, 1)
2644
(10, 1)
2645
(10, 1)
2646
(10, 1)
2647
(10, 2)
2648
(10, 2)
2649
(10, 1)
2650
(10, 1)
2651
(10, 1)
2652
(10, 1)
2653
(10, 1)
2654
(10, 2)
2655
(10, 2)
2656
(10, 1)
2657
(10, 2)
2658
(10, 1)
2659
(10, 1)
2660
(9, 1)
2661
(9, 1)
2662
(9, 1)
2663
(9, 1)
2664
(10, 4)
2665
(10, 4)
2666
(10, 4)
2667
(11, 1)
2668
(10, 4)
2669
(10, 4)
2670
(10, 4)
2671
(10, 4)
2672
(10, 4)
2673
(10, 4)
2674
(10, 4)
2675
(10, 4)
2676
(10, 4)
2677
(10, 4)
2678
(10, 4)
2679
(10, 1)
2680
(11, 2)
2681
(10, 2)
2682
(10, 1)
2683
(10, 1)
2684
(10, 1)
2685
(10, 2)
2686
(10, 1)
2687
(10, 1)
2688
(10, 1)
2689
(9, 5)
2690
(9, 5)
2691
(9, 5)
2692
(9, 5)
2693
(9, 5)
2694
(9, 5)
2695
(9, 5)
2696
(11, 1)
2697
(10, 1)
2698
(11, 2)
2699
(11, 2)
2700
(11, 2)
2701
(11, 2)
2702
(10, 2)
2703
(10, 2)
2704
(10, 1)
2705
(10, 1)
2706
(11, 2)
2707
(11, 2)
2708
(10, 2)
2709
(10, 1)
2710
(10, 1)
2711
(10, 1)
2712
(10, 2)
2713
(9, 4)
2714
(9, 4)
2715
(9, 4)
2716
(9, 4)
2717
(9, 4)
2718
(11, 2)
2719
(11, 2)
2720
(11, 1)
2721
(9, 5)
2722
(9, 5)
2723
(9, 5)
2724
(11, 2)
2725
(11, 2)
2726
(11, 2)
2727
(11, 2)
2728
(11, 2)
2729
(11, 2)
2730
(11, 2)
2731
(11, 2)
2732
(11, 2)
2733
(11, 2)
2734
(11, 2)
2735
(11, 2)
2736
(11, 2)
2737
(9, 5)
2738
(9, 5)
2739
(9, 5)
2740
(9, 5)
2741
(11, 1)
2742
(12, 2)
2743
(12, 2)
2744
(11, 2)
2745
(11, 2)
2746
(11, 2)
2747
(11, 2)
2748
(11, 2)
2749
(11, 1)
2750
(11, 2)
2751
(11, 1)
2752
(12, 3)
2753
(12, 3)
2754
(12, 3)
2755
(12, 3)
2756
(12, 3)
2757
(12, 3)
2758
(12, 3)
2759
(12, 3)
2760
(12, 3)
2761
(12, 3)
2762
(12, 3)
2763
(12, 3)
2764
(12, 2)
2765
(12, 2)
2766
(11, 2)
2767
(11, 2)
2768
(11, 2)
2769
(11, 2)
2770
(11, 2)
2771
(11, 3)
2772
(11, 3)
2773
(11, 3)
2774
(11, 3)
2775
(11, 3)
2776
(11, 3)
2777
(11, 3)
2778
(11, 3)
2779
(11, 3)
2780
(11, 3)
2781
(11, 3)
2782
(10, 2)
2783
(10, 2)
2784
(10, 2)
2785
(10, 2)
2786
(11, 2)
2787
(10, 2)
2788
(11, 3)
2789
(11, 3)
2790
(11, 3)
2791
(11, 2)
2792
(10, 2)
2793
(11, 3)
2794
(10, 2)
2795
(11, 2)
2796
(11, 2)
2797
(11, 3)
2798
(11, 3)
2799
(11, 3)
2800
(11, 3)
2801
(11, 2)
2802
(11, 2)
2803
(11, 2)
2804
(11, 2)
2805
(11, 2)
2806
(11, 3)
2807
(11, 3)
2808
(11, 2)
2809
(11, 2)
2810
(12, 3)
2811
(12, 3)
2812
(11, 3)
2813
(11, 3)
2814
(11, 2)
2815
(11, 2)
2816
(11, 2)
2817
(11, 1)
2818
(11, 2)
2819
(11, 1)
2820
(11, 2)
2821
(12, 3)
2822
(11, 3)
2823
(11, 2)
2824
(11, 2)
2825
(11, 1)
2826
(12, 3)
2827
(11, 1)
2828
(12, 3)
2829
(12, 3)
2830
(12, 3)
2831
(12, 3)
2832
(11, 2)
2833
(12, 3)
2834
(12, 3)
2835
(12, 3)
2836
(11, 2)
2837
(12, 3)
2838
(12, 3)
2839
(11, 2)
2840
(11, 2)
2841
(11, 2)
2842
(11, 2)
2843
(11, 1)
2844
(12, 3)
2845
(12, 3)
2846
(12, 3)
2847
(11, 1)
2848
(12, 3)
2849
(11, 2)
2850
(11, 1)
2851
(11, 1)
2852
(11, 2)
2853
(11, 1)
2854
(11, 1)
2855
(12, 2)
2856
(12, 2)
2857
(11, 2)
2858
(12, 2)
2859
(12, 2)
2860
(12, 2)
2861
(12, 2)
2862
(12, 3)
2863
(12, 2)
2864
(11, 2)
2865
(11, 2)
2866
(11, 2)
2867
(11, 2)
2868
(11, 2)
2869
(11, 2)
2870
(11, 2)
2871
(11, 2)
2872
(11, 2)
2873
(12, 2)
2874
(12, 2)
2875
(11, 2)
2876
(11, 2)
2877
(11, 2)
2878
(12, 3)
2879
(12, 2)
2880
(12, 3)
2881
(12, 3)
2882
(12, 3)
2883
(12, 3)
2884
(12, 3)
2885
(12, 2)
2886
(12, 3)
2887
(12, 3)
2888
(12, 3)
2889
(12, 2)
2890
(12, 2)
2891
(12, 2)
2892
(12, 2)
2893
(12, 2)
2894
(12, 2)
2895
(12, 2)
2896
(12, 2)
2897
(12, 3)
2898
(12, 2)
2899
(12, 2)
2900
(12, 2)
2901
(12, 2)
2902
(12, 2)
2903
(12, 2)
2904
(11, 3)
2905
(12, 3)
2906
(12, 3)
2907
(12, 3)
2908
(12, 2)
2909
(12, 3)
2910
(12, 3)
2911
(12, 3)
2912
(12, 2)
2913
(12, 2)
2914
(12, 2)
2915
(12, 2)
2916
(12, 2)
2917
(12, 2)
2918
(12, 2)
2919
(12, 2)
2920
(12, 2)
2921
(12, 2)
2922
(12, 2)
2923
(12, 2)
2924
(12, 2)
2925
(12, 3)
2926
(12, 2)
2927
(12, 2)
2928
(12, 2)
2929
(12, 2)
2930
(12, 3)
2931
(12, 3)
2932
(12, 3)
2933
(12, 3)
2934
(12, 3)
2935
(12, 3)
2936
(12, 3)
2937
(12, 3)
2938
(12, 3)
2939
(12, 3)
2940
(12, 3)
2941
(12, 3)
2942
(12, 2)
2943
(12, 2)
2944
(12, 2)
2945
(12, 2)
2946
(12, 2)
2947
(12, 2)
2948
(12, 2)
2949
(12, 2)
2950
(12, 2)
2951
(12, 2)
2952
(12, 2)
2953
(12, 2)
2954
(12, 2)
2955
(12, 2)
2956
(12, 2)
2957
(12, 2)
2958
(12, 2)
2959
(12, 2)
2960
(12, 3)
2961
(12, 2)
2962
(12, 3)
2963
(12, 3)
2964
(12, 2)
2965
(12, 3)
2966
(12, 3)
2967
(12, 3)
2968
(12, 2)
2969
(12, 3)
2970
(12, 2)
2971
(12, 2)
2972
(12, 3)
2973
(12, 3)
2974
(12, 2)
2975
(12, 3)
2976
(12, 2)
2977
(12, 3)
2978
(12, 2)
2979
(12, 2)
2980
(12, 2)
2981
(12, 2)
2982
(12, 2)
2983
(12, 2)
2984
(12, 2)
2985
(12, 2)
2986
(12, 2)
2987
(12, 2)
2988
(12, 2)
2989
(12, 3)
2990
(12, 2)
2991
(12, 2)
2992
(12, 3)
2993
(12, 2)
2994
(12, 2)
2995
(12, 3)
2996
(12, 2)
2997
(12, 2)
2998
(12, 3)
2999
(12, 3)
3000
(12, 3)
defaultdict(<function <lambda> at 0x2b2a5535bc80>, {(7, 3): 57, (1, 3): 25, (9, 1): 100, (11, 2): 100, (2, 1): 100, (6, 2): 100, (9, 4): 32, (5, 1): 100, (10, 3): 104, (7, 2): 100, (10, 4): 21, (1, 2): 104, (12, 2): 90, (8, 7): 7, (3, 3): 64, (13, 3): 1, (8, 1): 100, (8, 5): 14, (6, 3): 68, (11, 1): 19, (2, 2): 100, (8, 6): 7, (4, 1): 100, (1, 1): 100, (12, 3): 87, (3, 2): 100, (8, 2): 50, (7, 1): 103, (9, 3): 79, (2, 3): 60, (10, 1): 100, (4, 2): 100, (5, 3): 59, (8, 3): 101, (9, 2): 20, (6, 1): 101, (3, 1): 100, (11, 3): 34, (4, 3): 65, (9, 5): 14, (8, 4): 14, (5, 2): 100, (10, 2): 100})
3001
(12, 3)
3002
(12, 2)
3003
(12, 2)
3004
(12, 2)
3005
(12, 2)
3006
(12, 3)
3007
(12, 3)
3008
(12, 2)
3009
(12, 2)
3010
(12, 3)
3011
(12, 3)
3012
(12, 3)
3013
(12, 3)
3014
(12, 3)
3015
(12, 2)
3016
(12, 2)
3017
(12, 2)
3018
(12, 2)
3019
(12, 3)
3020
(12, 3)
3021
(12, 3)
3022
(12, 3)
3023
(12, 3)
3024
(12, 3)
3025
(10, 4)
3026
(10, 4)
3027
(10, 4)
3028
(8, 7)
3029
(8, 7)
3030
(8, 7)
3031
(10, 4)
3032
(10, 4)
3033
(8, 7)
3034
(10, 4)
3035
(10, 4)
3036
(8, 7)
3037
(8, 7)
3038
(8, 7)
3039
(11, 1)
3040
(11, 1)
3041
(11, 1)
3042
(11, 1)
3043
(11, 1)
3044
(11, 1)
3045
(10, 5)
3046
(10, 5)
3047
(10, 5)
3048
(10, 5)
3049
(9, 5)
3050
(9, 5)
3051
(9, 5)
3052
(9, 5)
3053
(9, 5)
3054
(9, 5)
3055
(9, 5)
3056
(9, 5)
3057
(9, 5)
3058
(9, 5)
3059
(9, 5)
3060
(9, 5)
3061
(9, 5)
3062
(9, 5)
3063
(10, 5)
3064
(10, 5)
3065
(10, 5)
3066
(10, 5)
3067
(10, 5)
3068
(10, 5)
3069
(10, 5)
3070
(9, 5)
3071
(9, 5)
3072
(9, 5)
3073
(9, 5)
3074
(9, 5)
3075
(9, 5)
3076
(9, 5)
3077
(10, 5)
3078
(10, 5)
3079
(10, 5)
3080
(10, 5)
3081
(10, 5)
3082
(9, 5)
3083
(9, 5)
3084
(9, 5)
3085
(9, 5)
3086
(9, 5)
3087
(9, 5)
3088
(9, 5)
3089
(8, 8)
3090
(8, 8)
3091
(8, 8)
3092
(8, 8)
3093
(8, 8)
3094
(8, 8)
3095
(8, 8)
3096
(9, 6)
3097
(9, 6)
3098
(9, 6)
3099
(9, 6)
3100
(9, 6)
3101
(9, 6)
3102
(9, 6)
3103
(10, 5)
3104
(10, 5)
3105
(10, 5)
3106
(10, 5)
3107
(10, 5)
3108
(10, 5)
3109
(10, 5)
3110
(9, 6)
3111
(9, 6)
3112
(9, 6)
3113
(9, 6)
3114
(9, 6)
3115
(9, 6)
3116
(9, 6)
3117
(13, 3)
3118
(13, 3)
3119
(13, 3)
3120
(13, 3)
3121
(13, 3)
3122
(13, 3)
3123
(13, 3)
3124
(13, 3)
3125
(13, 3)
3126
(13, 3)
3127
(13, 2)
3128
(13, 3)
3129
(13, 3)
3130
(13, 3)
3131
(13, 3)
3132
(13, 2)
3133
(13, 2)
3134
(13, 3)
3135
(13, 3)
3136
(13, 3)
3137
(13, 3)
3138
(13, 3)
3139
(13, 3)
3140
(13, 3)
3141
(13, 2)
3142
(13, 2)
3143
(13, 3)
3144
(13, 3)
3145
(13, 2)
3146
(12, 1)
3147
(12, 1)
3148
(12, 1)
3149
(12, 1)
3150
(11, 1)
3151
(11, 1)
3152
(11, 1)
3153
(11, 1)
3154
(13, 2)
3155
(13, 2)
3156
(12, 1)
3157
(12, 1)
3158
(12, 1)
3159
(12, 1)
3160
(11, 1)
3161
(11, 1)
3162
(11, 1)
3163
(11, 1)
3164
(14, 3)
3165
(14, 3)
3166
(13, 3)
3167
(13, 3)
3168
(13, 2)
3169
(13, 2)
3170
(14, 3)
3171
(14, 3)
3172
(14, 3)
3173
(13, 2)
3174
(13, 1)
3175
(12, 1)
3176
(12, 1)
3177
(12, 1)
3178
(12, 1)
3179
(11, 1)
3180
(11, 1)
3181
(11, 1)
3182
(11, 1)
3183
(14, 3)
3184
(13, 2)
3185
(14, 3)
3186
(14, 3)
3187
(14, 3)
3188
(14, 3)
3189
(14, 3)
3190
(13, 1)
3191
(12, 1)
3192
(12, 1)
3193
(12, 1)
3194
(12, 1)
3195
(11, 1)
3196
(11, 1)
3197
(11, 1)
3198
(11, 1)
3199
(14, 3)
3200
(14, 3)
3201
(14, 3)
3202
(14, 3)
3203
(14, 3)
3204
(14, 3)
3205
(13, 2)
3206
(14, 3)
3207
(14, 3)
3208
(14, 3)
3209
(14, 3)
3210
(14, 3)
3211
(14, 3)
3212
(14, 3)
3213
(14, 3)
3214
(14, 3)
3215
(14, 3)
3216
(14, 3)
3217
(13, 1)
3218
(12, 1)
3219
(12, 1)
3220
(12, 1)
3221
(12, 1)
3222
(11, 1)
3223
(11, 1)
3224
(11, 1)
3225
(11, 1)
3226
(14, 2)
3227
(14, 3)
3228
(14, 3)
3229
(14, 3)
3230
(14, 2)
3231
(14, 3)
3232
(14, 3)
3233
(13, 2)
3234
(13, 2)
3235
(10, 6)
3236
(10, 6)
3237
(10, 6)
3238
(14, 3)
3239
(10, 6)
3240
(9, 6)
3241
(9, 6)
3242
(9, 6)
3243
(14, 3)
3244
(9, 6)
3245
(14, 3)
3246
(14, 3)
3247
(14, 3)
3248
(14, 3)
3249
(13, 2)
3250
(14, 3)
3251
(14, 3)
3252
(14, 3)
3253
(14, 3)
3254
(13, 2)
3255
(14, 3)
3256
(14, 3)
3257
(14, 3)
3258
(14, 2)
3259
(12, 1)
3260
(12, 1)
3261
(12, 1)
3262
(12, 1)
3263
(11, 1)
3264
(11, 1)
3265
(11, 1)
3266
(11, 1)
3267
(13, 2)
3268
(14, 3)
3269
(14, 3)
3270
(14, 3)
3271
(14, 3)
3272
(14, 3)
3273
(14, 3)
3274
(14, 3)
3275
(14, 2)
3276
(14, 3)
3277
(14, 2)
3278
(13, 2)
3279
(13, 2)
3280
(14, 2)
3281
(14, 2)
3282
(13, 2)
3283
(13, 2)
3284
(14, 2)
3285
(14, 3)
3286
(14, 3)
3287
(14, 3)
3288
(14, 3)
3289
(14, 3)
3290
(14, 3)
3291
(14, 3)
3292
(13, 2)
3293
(13, 2)
3294
(13, 2)
3295
(10, 6)
3296
(10, 6)
3297
(10, 6)
3298
(14, 2)
3299
(14, 2)
3300
(10, 6)
3301
(10, 6)
3302
(10, 6)
3303
(10, 6)
3304
(14, 3)
3305
(14, 3)
3306
(14, 3)
3307
(13, 2)
3308
(13, 2)
3309
(14, 2)
3310
(13, 2)
3311
(14, 2)
3312
(13, 2)
3313
(14, 1)
3314
(14, 3)
3315
(14, 3)
3316
(14, 3)
3317
(14, 3)
3318
(14, 3)
3319
(14, 3)
3320
(14, 3)
3321
(14, 1)
3322
(8, 9)
3323
(8, 9)
3324
(8, 9)
3325
(13, 2)
3326
(8, 9)
3327
(8, 9)
3328
(8, 9)
3329
(8, 9)
3330
(13, 1)
3331
(13, 1)
3332
(14, 3)
3333
(14, 3)
3334
(14, 3)
3335
(14, 3)
3336
(14, 3)
3337
(14, 3)
3338
(14, 3)
3339
(14, 2)
3340
(13, 2)
3341
(13, 1)
3342
(14, 1)
3343
(14, 1)
3344
(13, 1)
3345
(14, 2)
3346
(14, 2)
3347
(14, 1)
3348
(14, 3)
3349
(14, 3)
3350
(14, 3)
3351
(14, 3)
3352
(14, 3)
3353
(14, 3)
3354
(14, 3)
3355
(13, 2)
3356
(14, 2)
3357
(13, 1)
3358
(13, 1)
3359
(13, 1)
3360
(14, 2)
3361
(14, 2)
3362
(14, 1)
3363
(13, 1)
3364
(14, 1)
3365
(14, 1)
3366
(14, 1)
3367
(13, 2)
3368
(13, 1)
3369
(14, 2)
3370
(14, 1)
3371
(13, 1)
3372
(13, 1)
3373
(13, 1)
3374
(14, 3)
3375
(14, 3)
3376
(14, 3)
3377
(14, 3)
3378
(14, 3)
3379
(14, 3)
3380
(14, 3)
3381
(14, 1)
3382
(14, 4)
3383
(14, 4)
3384
(14, 4)
3385
(14, 1)
3386
(14, 1)
3387
(14, 1)
3388
(14, 1)
3389
(14, 1)
3390
(14, 1)
3391
(14, 1)
3392
(14, 2)
3393
(14, 2)
3394
(14, 3)
3395
(14, 3)
3396
(14, 4)
3397
(14, 4)
3398
(14, 4)
3399
(14, 4)
3400
(14, 4)
3401
(14, 1)
3402
(14, 1)
3403
(14, 1)
3404
(14, 1)
3405
(14, 1)
3406
(14, 1)
3407
(14, 1)
3408
(14, 2)
3409
(14, 2)
3410
(14, 1)
3411
(14, 1)
3412
(14, 1)
3413
(14, 1)
3414
(14, 1)
3415
(14, 1)
3416
(14, 1)
3417
(14, 2)
3418
(14, 2)
3419
(13, 1)
3420
(13, 1)
3421
(13, 1)
3422
(14, 1)
3423
(13, 1)
3424
(13, 1)
3425
(13, 1)
3426
(13, 1)
3427
(13, 1)
3428
(13, 1)
3429
(13, 1)
3430
(13, 2)
3431
(13, 2)
3432
(13, 3)
3433
(13, 1)
3434
(13, 1)
3435
(13, 1)
3436
(13, 1)
3437
(13, 1)
3438
(13, 1)
3439
(13, 1)
3440
(13, 2)
3441
(13, 2)
3442
(13, 3)
3443
(13, 1)
3444
(13, 1)
3445
(13, 1)
3446
(13, 1)
3447
(13, 1)
3448
(13, 1)
3449
(13, 1)
3450
(13, 2)
3451
(13, 2)
3452
(13, 3)
3453
(14, 1)
3454
(14, 4)
3455
(13, 1)
3456
(14, 1)
3457
(15, 1)
3458
(14, 1)
3459
(13, 1)
3460
(13, 1)
3461
(13, 1)
3462
(13, 1)
3463
(13, 1)
3464
(13, 1)
3465
(13, 1)
3466
(13, 2)
3467
(13, 2)
3468
(13, 3)
3469
(14, 1)
3470
(14, 4)
3471
(14, 4)
3472
(14, 4)
3473
(15, 1)
3474
(13, 1)
3475
(14, 4)
3476
(14, 4)
3477
(14, 4)
3478
(14, 4)
3479
(14, 1)
3480
(14, 1)
3481
(14, 1)
3482
(15, 1)
3483
(13, 1)
3484
(14, 4)
3485
(14, 4)
3486
(14, 4)
3487
(14, 4)
3488
(14, 4)
3489
(14, 4)
3490
(14, 4)
3491
(14, 1)
3492
(13, 1)
3493
(14, 4)
3494
(14, 4)
3495
(14, 4)
3496
(14, 4)
3497
(14, 4)
3498
(14, 4)
3499
(14, 4)
3500
(14, 1)
defaultdict(<function <lambda> at 0x2b2a5535bc80>, {(7, 3): 57, (1, 3): 25, (12, 1): 24, (9, 1): 100, (14, 4): 30, (11, 2): 100, (10, 6): 11, (2, 1): 100, (15, 1): 3, (8, 9): 7, (6, 2): 100, (9, 4): 32, (5, 1): 100, (10, 3): 104, (7, 2): 100, (10, 4): 28, (1, 2): 104, (12, 2): 100, (8, 7): 14, (3, 3): 64, (13, 3): 30, (8, 1): 100, (8, 5): 14, (6, 3): 68, (14, 1): 42, (11, 1): 49, (2, 2): 100, (8, 6): 7, (4, 1): 100, (1, 1): 100, (12, 3): 101, (3, 2): 100, (13, 2): 41, (8, 2): 50, (7, 1): 103, (9, 3): 79, (10, 5): 23, (2, 3): 60, (10, 1): 100, (4, 2): 100, (14, 2): 25, (9, 6): 18, (5, 3): 59, (13, 1): 50, (8, 3): 101, (9, 2): 20, (6, 1): 101, (3, 1): 100, (11, 3): 34, (8, 8): 7, (4, 3): 65, (14, 3): 94, (9, 5): 42, (8, 4): 14, (5, 2): 100, (10, 2): 100})
3501
(14, 1)
3502
(14, 1)
3503
(15, 1)
3504
(13, 1)
3505
(13, 1)
3506
(13, 1)
3507
(13, 1)
3508
(13, 1)
3509
(13, 1)
3510
(13, 1)
3511
(13, 1)
3512
(13, 2)
3513
(13, 2)
3514
(13, 2)
3515
(13, 2)
3516
(13, 2)
3517
(13, 2)
3518
(13, 2)
3519
(13, 2)
3520
(13, 3)
3521
(13, 3)
3522
(13, 3)
3523
(13, 3)
3524
(13, 3)
3525
(13, 3)
3526
(13, 3)
3527
(13, 3)
3528
(13, 3)
3529
(13, 3)
3530
(13, 3)
3531
(13, 3)
3532
(13, 3)
3533
(13, 3)
3534
(13, 3)
3535
(13, 3)
3536
(13, 3)
3537
(13, 3)
3538
(13, 3)
3539
(13, 2)
3540
(13, 2)
3541
(13, 2)
3542
(13, 3)
3543
(13, 3)
3544
(13, 3)
3545
(13, 3)
3546
(13, 2)
3547
(13, 2)
3548
(13, 3)
3549
(13, 3)
3550
(13, 3)
3551
(13, 3)
3552
(13, 2)
3553
(12, 1)
3554
(12, 1)
3555
(12, 1)
3556
(12, 1)
3557
(12, 1)
3558
(11, 1)
3559
(11, 1)
3560
(11, 1)
3561
(11, 1)
3562
(13, 2)
3563
(14, 3)
3564
(14, 3)
3565
(13, 3)
3566
(13, 2)
3567
(13, 2)
3568
(13, 1)
3569
(12, 1)
3570
(12, 1)
3571
(12, 1)
3572
(12, 1)
3573
(12, 1)
3574
(11, 1)
3575
(11, 1)
3576
(11, 1)
3577
(14, 3)
3578
(13, 3)
3579
(13, 2)
3580
(13, 2)
3581
(13, 1)
3582
(12, 1)
3583
(12, 1)
3584
(12, 1)
3585
(12, 1)
3586
(12, 1)
3587
(11, 1)
3588
(11, 1)
3589
(11, 1)
3590
(14, 3)
3591
(13, 3)
3592
(13, 2)
3593
(13, 2)
3594
(13, 1)
3595
(12, 1)
3596
(12, 1)
3597
(12, 1)
3598
(12, 1)
3599
(14, 3)
3600
(14, 3)
3601
(12, 1)
3602
(12, 1)
3603
(12, 1)
3604
(12, 1)
3605
(11, 1)
3606
(11, 1)
3607
(11, 1)
3608
(11, 1)
3609
(11, 1)
3610
(13, 2)
3611
(13, 2)
3612
(13, 2)
3613
(12, 1)
3614
(12, 1)
3615
(12, 1)
3616
(12, 1)
3617
(11, 1)
3618
(11, 1)
3619
(11, 1)
3620
(11, 1)
3621
(11, 1)
3622
(13, 2)
3623
(13, 2)
3624
(13, 2)
3625
(13, 2)
3626
(13, 2)
3627
(14, 2)
3628
(14, 2)
3629
(14, 2)
3630
(13, 2)
3631
(13, 2)
3632
(13, 2)
3633
(13, 2)
3634
(13, 2)
3635
(13, 2)
3636
(14, 2)
3637
(13, 2)
3638
(13, 2)
3639
(14, 2)
3640
(13, 1)
3641
(14, 2)
3642
(14, 2)
3643
(14, 2)
3644
(13, 1)
3645
(13, 1)
3646
(13, 2)
3647
(13, 1)
3648
(13, 1)
3649
(13, 1)
3650
(13, 1)
3651
(14, 1)
3652
(14, 1)
3653
(13, 1)
3654
(13, 1)
3655
(13, 1)
3656
(14, 2)
3657
(13, 1)
3658
(13, 1)
3659
(13, 1)
3660
(13, 1)
3661
(13, 1)
3662
(14, 1)
3663
(13, 1)
3664
(13, 1)
3665
(13, 1)
3666
(13, 1)
3667
(13, 1)
3668
(14, 1)
3669
(14, 1)
3670
(14, 2)
3671
(13, 1)
3672
(13, 1)
3673
(13, 1)
3674
(13, 1)
3675
(13, 1)
3676
(13, 1)
3677
(13, 1)
3678
(13, 2)
3679
(13, 2)
3680
(13, 3)
3681
(13, 1)
3682
(13, 1)
3683
(13, 1)
3684
(13, 1)
3685
(13, 1)
3686
(13, 1)
3687
(13, 1)
3688
(13, 2)
3689
(13, 2)
3690
(13, 3)
3691
(13, 1)
3692
(13, 1)
3693
(13, 1)
3694
(13, 1)
3695
(13, 1)
3696
(13, 1)
3697
(14, 1)
3698
(14, 1)
3699
(14, 1)
3700
(14, 1)
3701
(14, 1)
3702
(14, 1)
3703
(14, 1)
3704
(14, 1)
3705
(14, 1)
3706
(14, 1)
3707
(14, 1)
3708
(14, 1)
3709
(14, 1)
3710
(14, 2)
3711
(14, 2)
3712
(14, 1)
3713
(14, 1)
3714
(14, 1)
3715
(14, 1)
3716
(14, 1)
3717
(14, 1)
3718
(14, 1)
3719
(14, 2)
3720
(14, 2)
3721
(14, 1)
3722
(14, 1)
3723
(14, 1)
3724
(14, 1)
3725
(14, 1)
3726
(14, 1)
3727
(14, 1)
3728
(14, 2)
3729
(14, 2)
3730
(14, 1)
3731
(14, 1)
3732
(14, 1)
3733
(14, 1)
3734
(14, 1)
3735
(15, 1)
3736
(15, 1)
3737
(15, 1)
3738
(15, 1)
3739
(14, 1)
3740
(14, 1)
3741
(15, 1)
3742
(15, 1)
3743
(15, 1)
3744
(14, 1)
3745
(16, 1)
3746
(16, 1)
3747
(16, 2)
3748
(16, 2)
3749
(17, 3)
3750
(17, 3)
3751
(17, 3)
3752
(17, 3)
3753
(17, 3)
3754
(17, 3)
3755
(17, 3)
3756
(16, 3)
3757
(16, 3)
3758
(16, 3)
3759
(16, 3)
3760
(16, 3)
3761
(16, 3)
3762
(16, 3)
3763
(16, 3)
3764
(16, 3)
3765
(16, 3)
3766
(16, 3)
3767
(16, 3)
3768
(15, 3)
3769
(15, 3)
3770
(15, 3)
3771
(15, 3)
3772
(15, 3)
3773
(16, 3)
3774
(15, 2)
3775
(16, 3)
3776
(16, 3)
3777
(15, 3)
3778
(16, 3)
3779
(15, 2)
3780
(16, 3)
3781
(16, 3)
3782
(16, 3)
3783
(16, 3)
3784
(16, 3)
3785
(15, 3)
3786
(16, 3)
3787
(15, 2)
3788
(16, 3)
3789
(15, 2)
3790
(16, 3)
3791
(16, 3)
3792
(15, 2)
3793
(16, 2)
3794
(15, 1)
3795
(15, 1)
3796
(14, 1)
3797
(14, 1)
3798
(14, 1)
3799
(14, 1)
3800
(15, 1)
3801
(14, 1)
3802
(14, 1)
3803
(14, 1)
3804
(14, 1)
3805
(15, 1)
3806
(14, 1)
3807
(14, 1)
3808
(14, 1)
3809
(14, 1)
3810
(15, 3)
3811
(15, 3)
3812
(15, 3)
3813
(15, 3)
3814
(15, 3)
3815
(15, 3)
3816
(15, 3)
3817
(15, 1)
3818
(16, 3)
3819
(15, 2)
3820
(15, 2)
3821
(16, 3)
3822
(16, 3)
3823
(16, 3)
3824
(16, 3)
3825
(15, 1)
3826
(15, 1)
3827
(15, 1)
3828
(15, 1)
3829
(14, 1)
3830
(14, 1)
3831
(14, 1)
3832
(14, 1)
3833
(15, 1)
3834
(15, 1)
3835
(16, 3)
3836
(16, 3)
3837
(16, 3)
3838
(16, 3)
3839
(16, 3)
3840
(16, 3)
3841
(16, 3)
3842
(16, 2)
3843
(16, 2)
3844
(16, 2)
3845
(16, 3)
3846
(16, 3)
3847
(16, 3)
3848
(16, 2)
3849
(16, 3)
3850
(16, 3)
3851
(16, 2)
3852
(16, 3)
3853
(16, 3)
3854
(16, 2)
3855
(15, 1)
3856
(15, 1)
3857
(15, 1)
3858
(15, 1)
3859
(16, 3)
3860
(16, 3)
3861
(16, 3)
3862
(16, 2)
3863
(16, 3)
3864
(16, 3)
3865
(16, 3)
3866
(16, 3)
3867
(16, 2)
3868
(15, 3)
3869
(15, 3)
3870
(15, 3)
3871
(15, 3)
3872
(15, 3)
3873
(15, 3)
3874
(15, 3)
3875
(16, 2)
3876
(15, 1)
3877
(15, 1)
3878
(15, 1)
3879
(15, 1)
3880
(16, 2)
3881
(15, 1)
3882
(15, 1)
3883
(15, 1)
3884
(15, 1)
3885
(17, 3)
3886
(16, 2)
3887
(16, 3)
3888
(16, 3)
3889
(16, 3)
3890
(16, 3)
3891
(16, 3)
3892
(16, 3)
3893
(16, 3)
3894
(17, 3)
3895
(16, 3)
3896
(16, 2)
3897
(16, 2)
3898
(16, 2)
3899
(16, 1)
3900
(15, 1)
3901
(15, 1)
3902
(15, 1)
3903
(15, 1)
3904
(16, 2)
3905
(16, 2)
3906
(16, 2)
3907
(16, 3)
3908
(16, 3)
3909
(16, 3)
3910
(16, 3)
3911
(16, 3)
3912
(16, 3)
3913
(16, 3)
3914
(16, 2)
3915
(16, 2)
3916
(16, 2)
3917
(16, 2)
3918
(16, 2)
3919
(16, 2)
3920
(16, 1)
3921
(15, 1)
3922
(15, 1)
3923
(15, 1)
3924
(15, 1)
3925
(16, 1)
3926
(16, 1)
3927
(16, 2)
3928
(15, 1)
3929
(15, 1)
3930
(15, 3)
3931
(15, 3)
3932
(15, 3)
3933
(15, 3)
3934
(15, 3)
3935
(15, 3)
3936
(15, 3)
3937
(17, 2)
3938
(15, 1)
3939
(15, 1)
3940
(15, 1)
3941
(15, 1)
3942
(15, 1)
3943
(15, 1)
3944
(16, 2)
3945
(16, 2)
3946
(16, 1)
3947
(16, 1)
3948
(15, 1)
3949
(15, 1)
3950
(15, 1)
3951
(15, 1)
3952
(16, 3)
3953
(16, 3)
3954
(16, 3)
3955
(16, 3)
3956
(16, 3)
3957
(16, 3)
3958
(16, 3)
3959
(16, 1)
3960
(16, 1)
3961
(16, 3)
3962
(16, 3)
3963
(16, 3)
3964
(16, 3)
3965
(16, 3)
3966
(16, 3)
3967
(16, 3)
3968
(16, 2)
3969
(16, 2)
3970
(16, 2)
3971
(16, 1)
3972
(17, 3)
3973
(17, 3)
3974
(17, 3)
3975
(17, 3)
3976
(17, 3)
3977
(17, 2)
3978
(17, 2)
3979
(17, 3)
3980
(17, 3)
3981
(17, 3)
3982
(17, 2)
3983
(16, 2)
3984
(17, 3)
3985
(16, 1)
3986
(16, 1)
3987
(16, 1)
3988
(15, 1)
3989
(15, 1)
3990
(15, 1)
3991
(15, 1)
3992
(16, 2)
3993
(16, 1)
3994
(16, 1)
3995
(16, 1)
3996
(15, 1)
3997
(15, 1)
3998
(15, 1)
3999
(15, 1)
4000
(17, 3)
defaultdict(<function <lambda> at 0x2b2a5535bc80>, {(7, 3): 57, (1, 3): 25, (12, 1): 51, (9, 1): 100, (14, 4): 30, (11, 2): 100, (10, 6): 11, (17, 3): 19, (16, 2): 34, (2, 1): 100, (15, 1): 62, (8, 9): 7, (6, 2): 100, (9, 4): 32, (17, 2): 4, (5, 1): 100, (10, 3): 104, (7, 2): 100, (10, 4): 28, (1, 2): 104, (12, 2): 100, (8, 7): 14, (3, 3): 64, (13, 3): 62, (8, 1): 100, (8, 5): 14, (16, 3): 80, (6, 3): 68, (14, 1): 100, (11, 1): 69, (2, 2): 100, (8, 6): 7, (4, 1): 100, (1, 1): 100, (12, 3): 101, (3, 2): 100, (13, 2): 83, (8, 2): 50, (7, 1): 103, (15, 3): 28, (9, 3): 79, (10, 5): 23, (2, 3): 60, (10, 1): 100, (4, 2): 100, (14, 2): 41, (9, 6): 18, (5, 3): 59, (13, 1): 101, (8, 3): 101, (15, 2): 7, (9, 2): 20, (6, 1): 101, (3, 1): 100, (11, 3): 34, (16, 1): 17, (8, 8): 7, (4, 3): 65, (14, 3): 100, (9, 5): 42, (8, 4): 14, (5, 2): 100, (10, 2): 100})
4001
(17, 3)
4002
(17, 3)
4003
(17, 3)
4004
(17, 3)
4005
(17, 3)
4006
(17, 2)
4007
(17, 2)
4008
(17, 2)
4009
(17, 2)
4010
(17, 2)
4011
(16, 1)
4012
(16, 1)
4013
(17, 2)
4014
(17, 2)
4015
(16, 1)
4016
(16, 1)
4017
(16, 1)
4018
(16, 1)
4019
(16, 1)
4020
(15, 1)
4021
(15, 1)
4022
(15, 1)
4023
(15, 1)
4024
(16, 1)
4025
(16, 1)
4026
(16, 1)
4027
(15, 1)
4028
(15, 1)
4029
(15, 1)
4030
(15, 1)
4031
(15, 4)
4032
(15, 4)
4033
(15, 4)
4034
(17, 2)
4035
(15, 4)
4036
(15, 4)
4037
(15, 4)
4038
(15, 4)
4039
(17, 2)
4040
(17, 2)
4041
(15, 1)
4042
(18, 3)
4043
(18, 3)
4044
(18, 3)
4045
(14, 4)
4046
(14, 4)
4047
(14, 4)
4048
(14, 4)
4049
(14, 4)
4050
(14, 4)
4051
(17, 2)
4052
(17, 2)
4053
(18, 3)
4054
(17, 3)
4055
(17, 3)
4056
(18, 3)
4057
(18, 3)
4058
(15, 1)
4059
(15, 1)
4060
(17, 2)
4061
(16, 1)
4062
(16, 1)
4063
(16, 1)
4064
(16, 1)
4065
(15, 1)
4066
(15, 1)
4067
(15, 1)
4068
(15, 1)
4069
(16, 1)
4070
(16, 1)
4071
(16, 1)
4072
(16, 1)
4073
(16, 1)
4074
(15, 1)
4075
(15, 1)
4076
(15, 1)
4077
(15, 1)
4078
(16, 1)
4079
(16, 1)
4080
(16, 1)
4081
(16, 1)
4082
(15, 1)
4083
(15, 1)
4084
(15, 1)
4085
(15, 1)
4086
(16, 1)
4087
(16, 4)
4088
(16, 4)
4089
(16, 4)
4090
(16, 4)
4091
(16, 4)
4092
(16, 4)
4093
(16, 4)
4094
(8, 10)
4095
(8, 10)
4096
(8, 10)
4097
(8, 10)
4098
(8, 10)
4099
(8, 10)
4100
(8, 10)
4101
(16, 1)
4102
(16, 1)
4103
(16, 1)
4104
(16, 2)
4105
(17, 2)
4106
(17, 3)
4107
(16, 1)
4108
(17, 2)
4109
(17, 2)
4110
(17, 2)
4111
(17, 2)
4112
(15, 1)
4113
(17, 2)
4114
(17, 2)
4115
(17, 2)
4116
(17, 2)
4117
(15, 1)
4118
(15, 1)
4119
(14, 4)
4120
(14, 4)
4121
(14, 4)
4122
(14, 4)
4123
(14, 4)
4124
(14, 4)
4125
(14, 4)
4126
(16, 4)
4127
(16, 4)
4128
(16, 4)
4129
(17, 1)
4130
(16, 4)
4131
(16, 4)
4132
(16, 4)
4133
(16, 4)
4134
(16, 1)
4135
(16, 1)
4136
(16, 1)
4137
(16, 1)
4138
(15, 1)
4139
(15, 1)
4140
(15, 1)
4141
(15, 1)
4142
(14, 2)
4143
(14, 2)
4144
(17, 1)
4145
(17, 1)
4146
(15, 1)
4147
(15, 1)
4148
(18, 3)
4149
(18, 3)
4150
(18, 3)
4151
(17, 2)
4152
(16, 1)
4153
(16, 1)
4154
(17, 2)
4155
(17, 2)
4156
(18, 3)
4157
(18, 3)
4158
(16, 1)
4159
(18, 3)
4160
(18, 3)
4161
(18, 3)
4162
(18, 3)
4163
(18, 3)
4164
(18, 3)
4165
(17, 2)
4166
(17, 2)
4167
(17, 2)
4168
(17, 2)
4169
(16, 1)
4170
(16, 1)
4171
(16, 1)
4172
(15, 1)
4173
(15, 1)
4174
(15, 1)
4175
(15, 1)
4176
(17, 1)
4177
(17, 1)
4178
(15, 1)
4179
(14, 5)
4180
(14, 5)
4181
(14, 5)
4182
(14, 5)
4183
(14, 5)
4184
(14, 5)
4185
(15, 1)
4186
(15, 1)
4187
(16, 1)
4188
(17, 1)
4189
(16, 1)
4190
(17, 1)
4191
(17, 2)
4192
(17, 2)
4193
(17, 2)
4194
(17, 2)
4195
(17, 1)
4196
(18, 2)
4197
(18, 2)
4198
(18, 2)
4199
(16, 1)
4200
(16, 1)
4201
(16, 1)
4202
(16, 1)
4203
(16, 1)
4204
(16, 1)
4205
(16, 1)
4206
(16, 1)
4207
(16, 1)
4208
(16, 1)
4209
(16, 1)
4210
(16, 1)
4211
(16, 1)
4212
(16, 1)
4213
(16, 1)
4214
(16, 2)
4215
(16, 2)
4216
(16, 3)
4217
(16, 3)
4218
(16, 1)
4219
(17, 1)
4220
(17, 1)
4221
(17, 1)
4222
(17, 1)
4223
(16, 1)
4224
(16, 1)
4225
(16, 1)
4226
(16, 1)
4227
(17, 1)
4228
(16, 1)
4229
(16, 1)
4230
(16, 1)
4231
(16, 1)
4232
(17, 1)
4233
(16, 1)
4234
(16, 1)
4235
(16, 1)
4236
(16, 1)
4237
(15, 4)
4238
(15, 4)
4239
(15, 4)
4240
(15, 4)
4241
(15, 4)
4242
(15, 4)
4243
(15, 4)
4244
(17, 2)
4245
(17, 2)
4246
(18, 3)
4247
(18, 3)
4248
(18, 3)
4249
(18, 3)
4250
(18, 3)
4251
(14, 5)
4252
(14, 5)
4253
(14, 5)
4254
(14, 5)
4255
(14, 5)
4256
(14, 5)
4257
(14, 5)
4258
(18, 3)
4259
(18, 3)
4260
(18, 3)
4261
(18, 3)
4262
(18, 3)
4263
(18, 2)
4264
(16, 4)
4265
(16, 4)
4266
(16, 4)
4267
(16, 4)
4268
(16, 4)
4269
(16, 4)
4270
(16, 4)
4271
(17, 1)
4272
(17, 1)
4273
(14, 5)
4274
(14, 5)
4275
(14, 5)
4276
(14, 5)
4277
(14, 5)
4278
(14, 5)
4279
(14, 5)
4280
(16, 4)
4281
(16, 4)
4282
(16, 4)
4283
(16, 4)
4284
(16, 4)
4285
(16, 4)
4286
(16, 4)
4287
(18, 2)
4288
(18, 2)
4289
(18, 2)
4290
(18, 2)
4291
(18, 2)
4292
(18, 2)
4293
(18, 2)
4294
(18, 3)
4295
(18, 3)
4296
(18, 3)
4297
(18, 3)
4298
(18, 3)
4299
(17, 1)
4300
(18, 2)
4301
(18, 2)
4302
(18, 2)
4303
(17, 1)
4304
(17, 1)
4305
(17, 1)
4306
(18, 3)
4307
(18, 3)
4308
(18, 3)
4309
(18, 3)
4310
(18, 3)
4311
(18, 1)
4312
(14, 5)
4313
(14, 5)
4314
(14, 5)
4315
(14, 5)
4316
(14, 5)
4317
(14, 5)
4318
(14, 5)
4319
(18, 2)
4320
(18, 2)
4321
(18, 2)
4322
(18, 2)
4323
(19, 3)
4324
(19, 3)
4325
(19, 3)
4326
(18, 2)
4327
(18, 2)
4328
(18, 2)
4329
(17, 1)
4330
(17, 1)
4331
(18, 2)
4332
(18, 2)
4333
(17, 1)
4334
(17, 1)
4335
(17, 1)
4336
(18, 1)
4337
(18, 1)
4338
(18, 1)
4339
(19, 3)
4340
(19, 3)
4341
(19, 3)
4342
(15, 5)
4343
(15, 5)
4344
(15, 5)
4345
(15, 5)
4346
(15, 5)
4347
(15, 5)
4348
(15, 5)
4349
(14, 5)
4350
(14, 5)
4351
(14, 5)
4352
(18, 1)
4353
(14, 5)
4354
(14, 5)
4355
(14, 5)
4356
(14, 5)
4357
(18, 2)
4358
(18, 2)
4359
(18, 2)
4360
(16, 5)
4361
(16, 5)
4362
(16, 5)
4363
(16, 5)
4364
(16, 5)
4365
(16, 5)
4366
(16, 5)
4367
(17, 1)
4368
(17, 1)
4369
(17, 1)
4370
(18, 2)
4371
(18, 2)
4372
(18, 2)
4373
(18, 1)
4374
(19, 3)
4375
(19, 3)
4376
(19, 3)
4377
(19, 2)
4378
(19, 2)
4379
(19, 2)
4380
(19, 2)
4381
(19, 2)
4382
(18, 1)
4383
(18, 1)
4384
(18, 1)
4385
(14, 5)
4386
(14, 5)
4387
(14, 5)
4388
(14, 5)
4389
(14, 5)
4390
(14, 5)
4391
(14, 5)
4392
(17, 1)
4393
(17, 1)
4394
(16, 5)
4395
(16, 5)
4396
(16, 5)
4397
(19, 3)
4398
(19, 3)
4399
(19, 3)
4400
(19, 3)
4401
(19, 3)
4402
(19, 3)
4403
(16, 5)
4404
(16, 5)
4405
(16, 5)
4406
(16, 5)
4407
(17, 1)
4408
(17, 1)
4409
(17, 1)
4410
(18, 1)
4411
(19, 2)
4412
(19, 2)
4413
(19, 2)
4414
(17, 1)
4415
(18, 1)
4416
(17, 1)
4417
(17, 1)
4418
(17, 1)
4419
(17, 1)
4420
(19, 2)
4421
(19, 2)
4422
(19, 2)
4423
(19, 2)
4424
(19, 2)
4425
(18, 1)
4426
(18, 1)
4427
(19, 3)
4428
(19, 3)
4429
(19, 3)
4430
(19, 2)
4431
(19, 2)
4432
(19, 2)
4433
(17, 1)
4434
(17, 1)
4435
(17, 1)
4436
(17, 1)
4437
(17, 1)
4438
(17, 1)
4439
(17, 1)
4440
(17, 1)
4441
(17, 2)
4442
(17, 2)
4443
(17, 3)
4444
(17, 1)
4445
(17, 1)
4446
(17, 1)
4447
(17, 1)
4448
(17, 1)
4449
(17, 2)
4450
(17, 2)
4451
(17, 3)
4452
(17, 1)
4453
(17, 1)
4454
(17, 1)
4455
(17, 1)
4456
(17, 1)
4457
(17, 2)
4458
(17, 2)
4459
(17, 3)
4460
(19, 3)
4461
(19, 3)
4462
(19, 3)
4463
(14, 6)
4464
(14, 6)
4465
(14, 6)
4466
(14, 6)
4467
(14, 6)
4468
(14, 6)
4469
(14, 6)
4470
(18, 1)
4471
(18, 1)
4472
(18, 1)
4473
(19, 1)
4474
(19, 1)
4475
(19, 1)
4476
(18, 1)
4477
(18, 1)
4478
(15, 5)
4479
(15, 5)
4480
(15, 5)
4481
(18, 1)
4482
(15, 5)
4483
(15, 5)
4484
(15, 5)
4485
(15, 5)
4486
(19, 2)
4487
(19, 2)
4488
(19, 2)
4489
(19, 2)
4490
(19, 2)
4491
(19, 2)
4492
(19, 2)
4493
(19, 2)
4494
(19, 2)
4495
(14, 6)
4496
(18, 1)
4497
(14, 6)
4498
(14, 6)
4499
(18, 1)
4500
(18, 1)
defaultdict(<function <lambda> at 0x2b2a5535bc80>, {(7, 3): 57, (1, 3): 25, (12, 1): 51, (9, 1): 100, (14, 4): 43, (11, 2): 100, (10, 6): 11, (17, 3): 30, (16, 2): 37, (2, 1): 100, (15, 1): 101, (8, 9): 7, (6, 2): 100, (9, 4): 32, (17, 2): 45, (5, 1): 100, (15, 5): 14, (10, 3): 104, (7, 2): 100, (10, 4): 28, (1, 2): 104, (12, 2): 100, (8, 7): 14, (3, 3): 64, (14, 5): 41, (13, 3): 62, (8, 1): 100, (8, 5): 14, (16, 3): 82, (16, 4): 28, (8, 10): 7, (6, 3): 68, (14, 1): 100, (11, 1): 69, (18, 1): 22, (18, 2): 29, (2, 2): 100, (15, 4): 14, (8, 6): 7, (4, 1): 100, (1, 1): 100, (12, 3): 101, (19, 3): 21, (3, 2): 100, (13, 2): 83, (8, 2): 50, (7, 1): 103, (15, 3): 28, (9, 3): 79, (10, 5): 23, (17, 1): 56, (19, 2): 25, (2, 3): 60, (10, 1): 100, (4, 2): 100, (14, 2): 43, (9, 6): 18, (5, 3): 59, (13, 1): 101, (8, 3): 101, (19, 1): 3, (18, 3): 37, (15, 2): 7, (16, 5): 14, (9, 2): 20, (6, 1): 101, (3, 1): 100, (11, 3): 34, (14, 6): 10, (16, 1): 85, (8, 8): 7, (4, 3): 65, (14, 3): 100, (9, 5): 42, (8, 4): 14, (5, 2): 100, (10, 2): 100})
4501
(14, 6)
4502
(14, 6)
4503
(14, 6)
4504
(14, 6)
4505
(19, 3)
4506
(19, 3)
4507
(19, 3)
4508
(18, 1)
4509
(19, 2)
4510
(19, 2)
4511
(18, 1)
4512
(18, 1)
4513
(18, 1)
4514
(18, 1)
4515
(18, 1)
4516
(18, 1)
4517
(18, 2)
4518
(18, 2)
4519
(18, 1)
4520
(18, 1)
4521
(18, 1)
4522
(18, 1)
4523
(18, 1)
4524
(18, 2)
4525
(18, 2)
4526
(19, 3)
4527
(18, 1)
4528
(19, 3)
4529
(19, 3)
4530
(19, 3)
4531
(16, 5)
4532
(16, 5)
4533
(16, 5)
4534
(16, 5)
4535
(16, 5)
4536
(16, 5)
4537
(16, 5)
4538
(18, 1)
4539
(18, 1)
4540
(18, 1)
4541
(18, 1)
4542
(19, 1)
4543
(19, 1)
4544
(19, 1)
4545
(19, 1)
4546
(19, 1)
4547
(19, 2)
4548
(19, 2)
4549
(19, 3)
4550
(19, 3)
4551
(14, 6)
4552
(14, 6)
4553
(14, 6)
4554
(14, 6)
4555
(14, 6)
4556
(14, 6)
4557
(14, 6)
4558
(16, 5)
4559
(16, 5)
4560
(16, 5)
4561
(16, 5)
4562
(16, 5)
4563
(16, 5)
4564
(16, 5)
4565
(19, 1)
4566
(19, 1)
4567
(19, 1)
4568
(19, 2)
4569
(19, 2)
4570
(19, 2)
4571
(19, 2)
4572
(19, 2)
4573
(19, 2)
4574
(19, 1)
4575
(19, 1)
4576
(19, 1)
4577
(19, 2)
4578
(19, 2)
4579
(20, 3)
4580
(20, 3)
4581
(19, 2)
4582
(19, 2)
4583
(20, 3)
4584
(20, 3)
4585
(19, 2)
4586
(19, 2)
4587
(20, 3)
4588
(20, 3)
4589
(20, 3)
4590
(20, 3)
4591
(20, 3)
4592
(20, 3)
4593
(19, 2)
4594
(19, 2)
4595
(19, 2)
4596
(19, 1)
4597
(19, 1)
4598
(19, 1)
4599
(19, 1)
4600
(19, 1)
4601
(20, 3)
4602
(20, 3)
4603
(20, 3)
4604
(19, 2)
4605
(19, 2)
4606
(19, 2)
4607
(20, 3)
4608
(20, 3)
4609
(20, 3)
4610
(19, 2)
4611
(19, 2)
4612
(19, 1)
4613
(19, 1)
4614
(19, 1)
4615
(19, 2)
4616
(19, 2)
4617
(20, 3)
4618
(20, 3)
4619
(20, 3)
4620
(20, 2)
4621
(20, 2)
4622
(19, 1)
4623
(19, 1)
4624
(19, 1)
4625
(19, 1)
4626
(19, 1)
4627
(19, 1)
4628
(19, 1)
4629
(19, 1)
4630
(19, 1)
4631
(20, 3)
4632
(20, 3)
4633
(20, 3)
4634
(20, 3)
4635
(20, 3)
4636
(20, 3)
4637
(19, 1)
4638
(20, 2)
4639
(20, 2)
4640
(20, 2)
4641
(15, 6)
4642
(15, 6)
4643
(15, 6)
4644
(15, 6)
4645
(15, 6)
4646
(15, 6)
4647
(15, 6)
4648
(19, 1)
4649
(19, 1)
4650
(19, 1)
4651
(19, 1)
4652
(20, 2)
4653
(20, 2)
4654
(20, 2)
4655
(20, 3)
4656
(20, 3)
4657
(20, 3)
4658
(20, 2)
4659
(20, 2)
4660
(20, 2)
4661
(19, 1)
4662
(19, 1)
4663
(19, 1)
4664
(20, 3)
4665
(20, 3)
4666
(20, 3)
4667
(16, 6)
4668
(16, 6)
4669
(16, 6)
4670
(16, 6)
4671
(16, 6)
4672
(16, 6)
4673
(16, 6)
4674
(19, 1)
4675
(19, 1)
4676
(19, 1)
4677
(19, 1)
4678
(19, 1)
4679
(19, 1)
4680
(19, 1)
4681
(16, 6)
4682
(16, 6)
4683
(16, 6)
4684
(16, 6)
4685
(16, 6)
4686
(16, 6)
4687
(16, 6)
4688
(20, 1)
4689
(20, 1)
4690
(19, 1)
4691
(19, 1)
4692
(19, 1)
4693
(20, 2)
4694
(20, 2)
4695
(20, 2)
4696
(20, 2)
4697
(20, 2)
4698
(20, 2)
4699
(20, 2)
4700
(20, 3)
4701
(20, 3)
4702
(20, 3)
4703
(19, 1)
4704
(19, 1)
4705
(19, 1)
4706
(20, 2)
4707
(20, 2)
4708
(20, 2)
4709
(19, 1)
4710
(19, 1)
4711
(19, 1)
4712
(19, 1)
4713
(19, 1)
4714
(19, 2)
4715
(19, 2)
4716
(19, 1)
4717
(19, 1)
4718
(19, 1)
4719
(19, 1)
4720
(19, 1)
4721
(19, 2)
4722
(19, 2)
4723
(19, 1)
4724
(19, 1)
4725
(19, 1)
4726
(19, 1)
4727
(19, 1)
4728
(19, 2)
4729
(19, 2)
4730
(20, 1)
4731
(20, 3)
4732
(20, 3)
4733
(20, 3)
4734
(20, 1)
4735
(20, 1)
4736
(20, 1)
4737
(19, 1)
4738
(19, 1)
4739
(19, 1)
4740
(20, 1)
4741
(20, 1)
4742
(20, 1)
4743
(20, 2)
4744
(20, 2)
4745
(20, 2)
4746
(20, 2)
4747
(20, 2)
4748
(20, 2)
4749
(21, 3)
4750
(21, 3)
4751
(21, 3)
4752
(20, 2)
4753
(20, 2)
4754
(20, 2)
4755
(20, 1)
4756
(20, 1)
4757
(20, 1)
4758
(20, 1)
4759
(20, 1)
4760
(21, 3)
4761
(21, 3)
4762
(21, 3)
4763
(20, 1)
4764
(20, 1)
4765
(20, 1)
4766
(20, 1)
4767
(20, 1)
4768
(20, 1)
4769
(20, 1)
4770
(20, 2)
4771
(20, 2)
4772
(20, 2)
4773
(20, 1)
4774
(15, 7)
4775
(15, 7)
4776
(15, 7)
4777
(15, 7)
4778
(15, 7)
4779
(15, 7)
4780
(15, 7)
4781
(20, 2)
4782
(20, 2)
4783
(20, 2)
4784
(20, 1)
4785
(20, 1)
4786
(20, 1)
4787
(21, 3)
4788
(21, 3)
4789
(21, 3)
4790
(20, 1)
4791
(20, 1)
4792
(20, 1)
4793
(21, 2)
4794
(21, 2)
4795
(21, 2)
4796
(20, 1)
4797
(20, 1)
4798
(20, 1)
4799
(21, 3)
4800
(21, 3)
4801
(21, 3)
4802
(21, 3)
4803
(21, 3)
4804
(21, 3)
4805
(16, 7)
4806
(16, 7)
4807
(16, 7)
4808
(16, 7)
4809
(16, 7)
4810
(16, 7)
4811
(16, 7)
4812
(20, 1)
4813
(20, 1)
4814
(20, 1)
4815
(20, 1)
4816
(20, 1)
4817
(20, 1)
4818
(20, 1)
4819
(20, 1)
4820
(20, 1)
4821
(20, 1)
4822
(20, 1)
4823
(20, 1)
4824
(21, 2)
4825
(21, 2)
4826
(21, 2)
4827
(16, 7)
4828
(16, 7)
4829
(16, 7)
4830
(16, 7)
4831
(16, 7)
4832
(16, 7)
4833
(16, 7)
4834
(20, 1)
4835
(20, 1)
4836
(20, 1)
4837
(20, 1)
4838
(20, 1)
4839
(20, 1)
4840
(21, 2)
4841
(21, 2)
4842
(21, 2)
4843
(21, 1)
4844
(21, 1)
4845
(21, 1)
4846
(20, 1)
4847
(21, 2)
4848
(21, 2)
4849
(21, 3)
4850
(21, 3)
4851
(20, 1)
4852
(21, 2)
4853
(21, 2)
4854
(21, 3)
4855
(21, 3)
4856
(21, 2)
4857
(21, 2)
4858
(21, 3)
4859
(21, 3)
4860
(21, 3)
4861
(21, 3)
4862
(21, 3)
4863
(21, 2)
4864
(21, 2)
4865
(21, 2)
4866
(20, 1)
4867
(21, 3)
4868
(21, 3)
4869
(21, 3)
4870
(20, 1)
4871
(20, 1)
4872
(20, 1)
4873
(20, 1)
4874
(20, 1)
4875
(20, 1)
4876
(20, 1)
4877
(20, 1)
4878
(20, 1)
4879
(20, 1)
4880
(20, 1)
4881
(22, 3)
4882
(22, 3)
4883
(22, 3)
4884
(21, 1)
4885
(21, 1)
4886
(21, 1)
4887
(21, 1)
4888
(21, 1)
4889
(20, 1)
4890
(20, 1)
4891
(20, 1)
4892
(21, 2)
4893
(21, 2)
4894
(21, 2)
4895
(21, 2)
4896
(21, 2)
4897
(21, 2)
4898
(21, 2)
4899
(21, 2)
4900
(21, 1)
4901
(21, 1)
4902
(21, 1)
4903
(21, 2)
4904
(21, 2)
4905
(22, 3)
4906
(21, 2)
4907
(21, 2)
4908
(22, 3)
4909
(21, 2)
4910
(21, 2)
4911
(22, 3)
4912
(21, 2)
4913
(21, 3)
4914
(21, 3)
4915
(21, 3)
4916
(21, 2)
4917
(21, 2)
4918
(21, 2)
4919
(20, 1)
4920
(20, 1)
4921
(20, 1)
4922
(21, 1)
4923
(21, 1)
4924
(21, 1)
4925
(20, 1)
4926
(20, 1)
4927
(20, 1)
4928
(20, 1)
4929
(20, 1)
4930
(20, 2)
4931
(20, 2)
4932
(20, 1)
4933
(20, 1)
4934
(20, 1)
4935
(20, 1)
4936
(20, 1)
4937
(20, 2)
4938
(20, 2)
4939
(20, 1)
4940
(20, 1)
4941
(20, 1)
4942
(20, 1)
4943
(20, 1)
4944
(20, 2)
4945
(20, 2)
4946
(21, 3)
4947
(21, 3)
4948
(21, 3)
4949
(20, 1)
4950
(20, 1)
4951
(21, 1)
4952
(20, 1)
4953
(21, 2)
4954
(21, 2)
4955
(21, 2)
4956
(21, 1)
4957
(21, 1)
4958
(21, 1)
4959
(20, 1)
4960
(21, 2)
4961
(20, 1)
4962
(20, 1)
4963
(20, 1)
4964
(21, 2)
4965
(21, 2)
4966
(21, 2)
4967
(22, 3)
4968
(21, 1)
4969
(22, 3)
4970
(21, 1)
4971
(21, 1)
4972
(21, 2)
4973
(21, 2)
4974
(21, 2)
4975
(21, 1)
4976
(21, 1)
4977
(21, 1)
4978
(21, 1)
4979
(21, 1)
4980
(22, 3)
4981
(22, 3)
4982
(22, 3)
4983
(20, 1)
4984
(22, 3)
4985
(22, 3)
4986
(22, 3)
4987
(22, 3)
4988
(22, 3)
4989
(20, 1)
4990
(20, 1)
4991
(19, 1)
4992
(19, 1)
4993
(19, 1)
4994
(19, 1)
4995
(18, 1)
4996
(18, 1)
4997
(18, 1)
4998
(18, 2)
4999
(17, 2)
5000
(17, 3)
defaultdict(<function <lambda> at 0x2b2a5535bc80>, {(7, 3): 57, (12, 1): 51, (16, 6): 14, (14, 4): 43, (15, 1): 101, (8, 5): 14, (16, 3): 82, (17, 2): 46, (14, 1): 100, (19, 3): 30, (15, 4): 14, (1, 1): 100, (22, 3): 16, (3, 2): 100, (8, 2): 50, (9, 3): 79, (14, 2): 43, (3, 1): 100, (20, 3): 37, (21, 2): 46, (2, 1): 100, (8, 9): 7, (9, 4): 32, (5, 1): 100, (10, 3): 104, (7, 2): 100, (12, 2): 100, (14, 5): 41, (13, 3): 62, (7, 1): 103, (2, 2): 100, (8, 6): 7, (4, 1): 100, (10, 4): 28, (16, 4): 28, (17, 1): 56, (14, 6): 21, (19, 2): 57, (15, 7): 7, (8, 3): 101, (9, 2): 20, (6, 1): 101, (11, 3): 34, (16, 1): 85, (14, 3): 100, (19, 1): 74, (1, 3): 25, (6, 2): 100, (18, 1): 42, (21, 1): 26, (8, 10): 7, (12, 3): 101, (13, 2): 83, (18, 2): 34, (15, 3): 28, (20, 1): 94, (2, 3): 60, (8, 7): 14, (4, 2): 100, (9, 6): 18, (5, 3): 59, (10, 5): 23, (16, 5): 28, (15, 6): 7, (8, 4): 14, (9, 1): 100, (11, 2): 100, (10, 6): 11, (16, 2): 37, (17, 3): 31, (15, 5): 14, (1, 2): 104, (3, 3): 64, (8, 1): 100, (6, 3): 68, (11, 1): 69, (16, 7): 14, (10, 1): 100, (13, 1): 101, (18, 3): 37, (15, 2): 7, (20, 2): 42, (21, 3): 33, (8, 8): 7, (4, 3): 65, (9, 5): 42, (5, 2): 100, (10, 2): 100})
5001
(17, 3)
5002
(17, 3)
5003
(17, 3)
5004
(17, 3)
5005
(17, 3)
5006
(17, 3)
5007
(16, 3)
5008
(16, 3)
5009
(16, 3)
5010
(16, 3)
5011
(16, 3)
5012
(16, 3)
5013
(16, 3)
5014
(16, 3)
5015
(15, 3)
5016
(16, 3)
5017
(15, 3)
5018
(15, 3)
5019
(15, 3)
5020
(15, 3)
5021
(15, 3)
5022
(15, 3)
5023
(15, 2)
5024
(16, 3)
5025
(15, 3)
5026
(15, 3)
5027
(15, 3)
5028
(15, 2)
5029
(15, 3)
5030
(15, 3)
5031
(15, 3)
5032
(15, 3)
5033
(16, 3)
5034
(16, 3)
5035
(15, 3)
5036
(15, 3)
5037
(15, 3)
5038
(15, 2)
5039
(15, 2)
5040
(16, 3)
5041
(15, 2)
5042
(16, 3)
5043
(16, 3)
5044
(15, 3)
5045
(16, 3)
5046
(16, 3)
5047
(15, 2)
5048
(15, 2)
5049
(15, 2)
5050
(16, 3)
5051
(15, 3)
5052
(15, 3)
5053
(15, 3)
5054
(15, 3)
5055
(15, 3)
5056
(15, 3)
5057
(15, 3)
5058
(15, 2)
5059
(15, 2)
5060
(16, 2)
5061
(15, 3)
5062
(15, 3)
5063
(15, 3)
5064
(15, 3)
5065
(15, 3)
5066
(15, 2)
5067
(16, 2)
5068
(16, 2)
5069
(16, 2)
5070
(16, 2)
5071
(16, 2)
5072
(17, 3)
5073
(17, 3)
5074
(16, 2)
5075
(15, 3)
5076
(15, 3)
5077
(15, 3)
5078
(15, 3)
5079
(15, 3)
5080
(15, 3)
5081
(15, 3)
5082
(16, 2)
5083
(16, 2)
5084
(16, 2)
5085
(16, 2)
5086
(16, 2)
5087
(17, 3)
5088
(17, 3)
5089
(17, 3)
5090
(16, 2)
5091
(15, 3)
5092
(15, 3)
5093
(15, 3)
5094
(15, 3)
5095
(15, 3)
5096
(15, 3)
5097
(15, 3)
5098
(16, 1)
5099
(17, 3)
5100
(16, 2)
5101
(16, 2)
5102
(16, 2)
5103
(16, 2)
5104
(16, 2)
5105
(16, 1)
5106
(16, 2)
5107
(16, 1)
5108
(16, 1)
5109
(16, 1)
5110
(17, 3)
5111
(16, 2)
5112
(16, 2)
5113
(16, 2)
5114
(17, 3)
5115
(17, 3)
5116
(17, 3)
5117
(17, 2)
5118
(17, 3)
5119
(17, 2)
5120
(17, 2)
5121
(17, 2)
5122
(17, 2)
5123
(16, 2)
5124
(17, 3)
5125
(17, 3)
5126
(16, 2)
5127
(15, 3)
5128
(15, 3)
5129
(15, 3)
5130
(15, 3)
5131
(15, 3)
5132
(15, 3)
5133
(15, 3)
5134
(16, 2)
5135
(16, 2)
5136
(16, 1)
5137
(17, 2)
5138
(15, 3)
5139
(15, 3)
5140
(15, 3)
5141
(16, 1)
5142
(16, 1)
5143
(15, 3)
5144
(15, 3)
5145
(15, 3)
5146
(15, 3)
5147
(16, 1)
5148
(16, 1)
5149
(16, 1)
5150
(16, 1)
5151
(16, 1)
5152
(16, 1)
5153
(16, 1)
5154
(16, 1)
5155
(17, 2)
5156
(17, 2)
5157
(17, 2)
5158
(17, 3)
5159
(17, 3)
5160
(17, 3)
5161
(17, 3)
5162
(17, 3)
5163
(17, 3)
5164
(17, 3)
5165
(17, 2)
5166
(17, 2)
5167
(17, 2)
5168
(17, 2)
5169
(17, 2)
5170
(17, 2)
5171
(17, 2)
5172
(17, 2)
5173
(17, 2)
5174
(18, 3)
5175
(18, 3)
5176
(18, 3)
5177
(18, 3)
5178
(17, 2)
5179
(15, 4)
5180
(15, 4)
5181
(15, 4)
5182
(15, 4)
5183
(15, 4)
5184
(15, 4)
5185
(15, 4)
5186
(18, 3)
5187
(17, 3)
5188
(18, 3)
5189
(17, 3)
5190
(18, 3)
5191
(17, 3)
5192
(17, 2)
5193
(17, 2)
5194
(17, 2)
5195
(15, 4)
5196
(17, 2)
5197
(15, 4)
5198
(15, 4)
5199
(17, 2)
5200
(17, 2)
5201
(15, 4)
5202
(15, 4)
5203
(15, 4)
5204
(15, 4)
5205
(17, 2)
5206
(17, 2)
5207
(17, 1)
5208
(17, 1)
5209
(17, 1)
5210
(17, 1)
5211
(17, 1)
5212
(17, 1)
5213
(17, 2)
5214
(18, 3)
5215
(18, 3)
5216
(18, 3)
5217
(18, 2)
5218
(18, 2)
5219
(18, 2)
5220
(17, 2)
5221
(17, 2)
5222
(17, 1)
5223
(18, 3)
5224
(18, 3)
5225
(18, 3)
5226
(18, 3)
5227
(18, 3)
5228
(18, 3)
5229
(17, 2)
5230
(17, 2)
5231
(17, 2)
5232
(17, 2)
5233
(17, 1)
5234
(17, 1)
5235
(17, 1)
5236
(18, 2)
5237
(18, 2)
5238
(18, 2)
5239
(17, 1)
5240
(17, 1)
5241
(17, 1)
5242
(17, 1)
5243
(18, 2)
5244
(17, 2)
5245
(17, 2)
5246
(18, 3)
5247
(18, 3)
5248
(18, 3)
5249
(17, 1)
5250
(18, 2)
5251
(18, 2)
5252
(18, 2)
5253
(17, 1)
5254
(18, 3)
5255
(18, 3)
5256
(18, 3)
5257
(15, 4)
5258
(15, 4)
5259
(15, 4)
5260
(15, 4)
5261
(15, 4)
5262
(15, 4)
5263
(15, 4)
5264
(17, 1)
5265
(17, 1)
5266
(17, 1)
5267
(17, 1)
5268
(17, 1)
5269
(15, 4)
5270
(15, 4)
5271
(15, 4)
5272
(15, 4)
5273
(15, 4)
5274
(15, 4)
5275
(15, 4)
5276
(17, 1)
5277
(18, 2)
5278
(18, 2)
5279
(18, 2)
5280
(18, 2)
5281
(18, 2)
5282
(18, 2)
5283
(17, 1)
5284
(17, 1)
5285
(17, 1)
5286
(17, 1)
5287
(18, 3)
5288
(18, 3)
5289
(18, 3)
5290
(17, 1)
5291
(18, 2)
5292
(18, 2)
5293
(18, 2)
5294
(17, 1)
5295
(17, 1)
5296
(18, 3)
5297
(18, 3)
5298
(18, 3)
5299
(18, 3)
5300
(18, 3)
5301
(18, 3)
5302
(17, 1)
5303
(17, 1)
5304
(17, 1)
5305
(17, 1)
5306
(17, 1)
5307
(17, 1)
5308
(17, 1)
5309
(18, 2)
5310
(18, 2)
5311
(18, 2)
5312
(18, 1)
5313
(17, 1)
5314
(17, 1)
5315
(17, 1)
5316
(17, 1)
5317
(17, 1)
5318
(17, 1)
5319
(17, 1)
5320
(17, 1)
5321
(18, 2)
5322
(18, 2)
5323
(18, 2)
5324
(19, 3)
5325
(19, 3)
5326
(19, 3)
5327
(18, 2)
5328
(18, 2)
5329
(18, 2)
5330
(18, 1)
5331
(18, 1)
5332
(19, 3)
5333
(18, 3)
5334
(19, 3)
5335
(18, 3)
5336
(19, 3)
5337
(18, 3)
5338
(15, 5)
5339
(15, 5)
5340
(15, 5)
5341
(15, 5)
5342
(15, 5)
5343
(15, 5)
5344
(15, 5)
5345
(18, 1)
5346
(18, 2)
5347
(18, 2)
5348
(18, 2)
5349
(18, 2)
5350
(18, 2)
5351
(18, 2)
5352
(15, 5)
5353
(15, 5)
5354
(15, 5)
5355
(15, 5)
5356
(18, 2)
5357
(18, 2)
5358
(18, 2)
5359
(19, 3)
5360
(19, 3)
5361
(19, 3)
5362
(19, 2)
5363
(19, 2)
5364
(19, 2)
5365
(18, 1)
5366
(18, 1)
5367
(18, 1)
5368
(19, 3)
5369
(19, 3)
5370
(19, 3)
5371
(19, 3)
5372
(19, 3)
5373
(19, 3)
5374
(18, 1)
5375
(18, 1)
5376
(18, 1)
5377
(19, 2)
5378
(19, 2)
5379
(19, 2)
5380
(18, 1)
5381
(18, 1)
5382
(19, 2)
5383
(19, 2)
5384
(19, 2)
5385
(18, 2)
5386
(18, 2)
5387
(18, 2)
5388
(19, 3)
5389
(19, 3)
5390
(19, 3)
5391
(19, 2)
5392
(19, 2)
5393
(19, 2)
5394
(18, 1)
5395
(19, 3)
5396
(19, 3)
5397
(19, 3)
5398
(18, 1)
5399
(18, 1)
5400
(18, 1)
5401
(19, 1)
5402
(19, 1)
5403
(19, 1)
5404
(18, 1)
5405
(18, 1)
5406
(19, 2)
5407
(19, 2)
5408
(19, 2)
5409
(19, 2)
5410
(19, 2)
5411
(19, 2)
5412
(19, 2)
5413
(19, 2)
5414
(19, 2)
5415
(19, 3)
5416
(19, 3)
5417
(19, 3)
5418
(19, 2)
5419
(19, 2)
5420
(19, 2)
5421
(15, 5)
5422
(15, 5)
5423
(15, 5)
5424
(18, 1)
5425
(18, 1)
5426
(15, 5)
5427
(15, 5)
5428
(15, 5)
5429
(15, 5)
5430
(18, 1)
5431
(19, 1)
5432
(19, 1)
5433
(18, 1)
5434
(18, 1)
5435
(18, 1)
5436
(18, 1)
5437
(18, 1)
5438
(18, 1)
5439
(18, 1)
5440
(18, 2)
5441
(18, 2)
5442
(18, 1)
5443
(18, 1)
5444
(18, 1)
5445
(18, 1)
5446
(18, 1)
5447
(18, 2)
5448
(18, 2)
5449
(19, 3)
5450
(19, 3)
5451
(19, 3)
5452
(19, 3)
5453
(19, 3)
5454
(19, 1)
5455
(19, 1)
5456
(15, 5)
5457
(15, 5)
5458
(15, 5)
5459
(15, 5)
5460
(15, 5)
5461
(15, 5)
5462
(15, 5)
5463
(19, 1)
5464
(19, 1)
5465
(19, 1)
5466
(19, 2)
5467
(19, 2)
5468
(19, 2)
5469
(20, 3)
5470
(20, 3)
5471
(20, 3)
5472
(19, 2)
5473
(19, 2)
5474
(19, 2)
5475
(18, 1)
5476
(18, 1)
5477
(18, 1)
5478
(19, 1)
5479
(19, 1)
5480
(19, 1)
5481
(19, 1)
5482
(19, 1)
5483
(20, 3)
5484
(19, 3)
5485
(20, 3)
5486
(19, 3)
5487
(20, 3)
5488
(19, 3)
5489
(19, 1)
5490
(15, 7)
5491
(15, 7)
5492
(15, 7)
5493
(15, 7)
5494
(15, 7)
5495
(15, 7)
5496
(15, 7)
5497
(21, 1)
5498
(19, 1)
5499
(19, 1)
5500
(19, 1)
defaultdict(<function <lambda> at 0x2b2a5535bc80>, {(7, 3): 57, (12, 1): 51, (16, 6): 14, (14, 4): 43, (15, 1): 101, (8, 5): 14, (16, 3): 100, (17, 2): 82, (14, 1): 100, (19, 3): 62, (15, 4): 42, (1, 1): 100, (22, 3): 16, (3, 2): 100, (8, 2): 50, (9, 3): 79, (14, 2): 43, (3, 1): 100, (20, 3): 43, (21, 2): 46, (2, 1): 100, (8, 9): 7, (9, 4): 32, (5, 1): 100, (10, 3): 104, (7, 2): 100, (12, 2): 100, (14, 5): 41, (13, 3): 62, (7, 1): 103, (2, 2): 100, (8, 6): 7, (4, 1): 100, (10, 4): 28, (16, 4): 28, (17, 1): 100, (14, 6): 21, (19, 2): 87, (15, 7): 14, (8, 3): 101, (9, 2): 20, (6, 1): 101, (11, 3): 34, (16, 1): 101, (14, 3): 100, (19, 1): 93, (1, 3): 25, (6, 2): 100, (18, 1): 78, (21, 1): 27, (8, 10): 7, (12, 3): 101, (13, 2): 83, (18, 2): 78, (15, 3): 86, (20, 1): 94, (2, 3): 60, (8, 7): 14, (4, 2): 100, (9, 6): 18, (5, 3): 59, (10, 5): 23, (16, 5): 28, (15, 6): 7, (8, 4): 14, (9, 1): 100, (11, 2): 100, (10, 6): 11, (16, 2): 63, (17, 3): 60, (15, 5): 39, (1, 2): 104, (3, 3): 64, (8, 1): 100, (6, 3): 68, (11, 1): 69, (16, 7): 14, (10, 1): 100, (13, 1): 101, (18, 3): 71, (15, 2): 18, (20, 2): 42, (21, 3): 33, (8, 8): 7, (4, 3): 65, (9, 5): 42, (5, 2): 100, (10, 2): 100})
5501
(21, 1)
5502
(21, 1)
5503
(21, 1)
5504
(21, 1)
5505
(21, 2)
5506
(21, 1)
5507
(19, 1)
5508
(21, 1)
5509
(19, 1)
5510
(19, 1)
5511
(19, 1)
5512
(19, 2)
5513
(19, 2)
5514
(19, 2)
5515
(19, 2)
5516
(21, 1)
5517
(21, 1)
5518
(16, 7)
5519
(16, 7)
5520
(16, 7)
5521
(16, 7)
5522
(16, 7)
5523
(16, 7)
5524
(16, 7)
5525
(18, 1)
5526
(18, 1)
5527
(18, 1)
5528
(19, 2)
5529
(19, 2)
5530
(21, 1)
5531
(21, 1)
5532
(21, 1)
5533
(21, 2)
5534
(19, 1)
5535
(19, 1)
5536
(20, 3)
5537
(20, 3)
5538
(20, 3)
5539
(19, 1)
5540
(21, 1)
5541
(21, 1)
5542
(21, 1)
5543
(21, 1)
5544
(20, 2)
5545
(20, 2)
5546
(20, 2)
5547
(22, 3)
5548
(22, 3)
5549
(22, 3)
5550
(22, 2)
5551
(22, 2)
5552
(22, 3)
5553
(22, 3)
5554
(22, 2)
5555
(22, 2)
5556
(22, 3)
5557
(22, 3)
5558
(22, 2)
5559
(22, 2)
5560
(22, 3)
5561
(22, 3)
5562
(21, 1)
5563
(22, 2)
5564
(22, 2)
5565
(22, 2)
5566
(20, 3)
5567
(20, 3)
5568
(21, 1)
5569
(20, 3)
5570
(20, 3)
5571
(20, 3)
5572
(20, 3)
5573
(21, 1)
5574
(21, 1)
5575
(21, 1)
5576
(16, 7)
5577
(16, 7)
5578
(16, 7)
5579
(22, 3)
5580
(22, 3)
5581
(22, 3)
5582
(22, 3)
5583
(22, 3)
5584
(22, 3)
5585
(16, 7)
5586
(16, 7)
5587
(16, 7)
5588
(16, 7)
5589
(22, 3)
5590
(18, 1)
5591
(18, 1)
5592
(18, 1)
5593
(21, 1)
5594
(21, 1)
5595
(21, 1)
5596
(21, 1)
5597
(21, 1)
5598
(21, 1)
5599
(21, 1)
5600
(21, 1)
5601
(22, 3)
5602
(22, 3)
5603
(22, 3)
5604
(20, 2)
5605
(20, 2)
5606
(20, 2)
5607
(21, 1)
5608
(21, 1)
5609
(21, 1)
5610
(22, 2)
5611
(22, 2)
5612
(22, 2)
5613
(18, 1)
5614
(18, 1)
5615
(18, 1)
5616
(15, 6)
5617
(15, 6)
5618
(15, 6)
5619
(21, 1)
5620
(20, 2)
5621
(20, 2)
5622
(21, 1)
5623
(15, 6)
5624
(15, 6)
5625
(15, 6)
5626
(15, 6)
5627
(21, 1)
5628
(19, 2)
5629
(19, 2)
5630
(19, 2)
5631
(19, 2)
5632
(22, 2)
5633
(20, 3)
5634
(22, 2)
5635
(20, 3)
5636
(20, 3)
5637
(20, 3)
5638
(22, 1)
5639
(22, 1)
5640
(18, 1)
5641
(18, 1)
5642
(18, 1)
5643
(18, 1)
5644
(18, 1)
5645
(22, 3)
5646
(22, 2)
5647
(22, 2)
5648
(22, 3)
5649
(22, 2)
5650
(22, 2)
5651
(22, 3)
5652
(18, 1)
5653
(18, 1)
5654
(18, 1)
5655
(18, 1)
5656
(18, 1)
5657
(18, 2)
5658
(18, 2)
5659
(18, 1)
5660
(18, 1)
5661
(18, 1)
5662
(22, 2)
5663
(22, 2)
5664
(22, 3)
5665
(21, 1)
5666
(22, 2)
5667
(22, 2)
5668
(20, 3)
5669
(20, 3)
5670
(20, 3)
5671
(20, 3)
5672
(21, 1)
5673
(21, 1)
5674
(22, 3)
5675
(22, 3)
5676
(22, 3)
5677
(15, 6)
5678
(15, 6)
5679
(15, 6)
5680
(15, 6)
5681
(15, 6)
5682
(15, 6)
5683
(15, 6)
5684
(21, 1)
5685
(21, 1)
5686
(21, 1)
5687
(22, 2)
5688
(21, 1)
5689
(21, 1)
5690
(21, 1)
5691
(21, 1)
5692
(21, 1)
5693
(21, 1)
5694
(21, 1)
5695
(21, 1)
5696
(20, 1)
5697
(21, 1)
5698
(22, 1)
5699
(20, 2)
5700
(20, 2)
5701
(20, 2)
5702
(21, 1)
5703
(20, 2)
5704
(22, 1)
5705
(22, 1)
5706
(22, 1)
5707
(20, 2)
5708
(20, 2)
5709
(20, 2)
5710
(20, 2)
5711
(22, 2)
5712
(20, 3)
5713
(20, 3)
5714
(20, 3)
5715
(22, 2)
5716
(22, 2)
5717
(22, 1)
5718
(22, 1)
5719
(22, 1)
5720
(22, 1)
5721
(20, 2)
5722
(20, 2)
5723
(20, 2)
5724
(21, 1)
5725
(21, 1)
5726
(21, 1)
5727
(22, 2)
5728
(22, 2)
5729
(23, 3)
5730
(23, 3)
5731
(23, 3)
5732
(23, 3)
5733
(22, 2)
5734
(22, 2)
5735
(22, 2)
5736
(22, 2)
5737
(22, 2)
5738
(20, 3)
5739
(20, 3)
5740
(20, 3)
5741
(22, 2)
5742
(22, 2)
5743
(22, 2)
5744
(21, 1)
5745
(21, 1)
5746
(21, 1)
5747
(21, 1)
5748
(21, 1)
5749
(21, 1)
5750
(21, 2)
5751
(21, 2)
5752
(22, 1)
5753
(21, 1)
5754
(21, 1)
5755
(21, 1)
5756
(21, 1)
5757
(21, 1)
5758
(21, 2)
5759
(21, 2)
5760
(23, 3)
5761
(22, 3)
5762
(22, 2)
5763
(22, 2)
5764
(23, 3)
5765
(22, 3)
5766
(22, 2)
5767
(21, 1)
5768
(21, 1)
5769
(21, 1)
5770
(22, 1)
5771
(22, 1)
5772
(21, 1)
5773
(21, 1)
5774
(21, 1)
5775
(22, 2)
5776
(22, 2)
5777
(22, 2)
5778
(22, 2)
5779
(22, 2)
5780
(22, 2)
5781
(22, 2)
5782
(22, 2)
5783
(22, 2)
5784
(22, 1)
5785
(22, 1)
5786
(22, 2)
5787
(22, 1)
5788
(22, 1)
5789
(22, 1)
5790
(22, 1)
5791
(22, 1)
5792
(21, 1)
5793
(21, 1)
5794
(21, 1)
5795
(15, 8)
5796
(15, 8)
5797
(15, 8)
5798
(21, 3)
5799
(22, 2)
5800
(21, 3)
5801
(21, 3)
5802
(15, 8)
5803
(15, 8)
5804
(15, 8)
5805
(15, 8)
5806
(20, 2)
5807
(20, 2)
5808
(20, 2)
5809
(20, 2)
5810
(22, 1)
5811
(22, 1)
5812
(22, 1)
5813
(20, 1)
5814
(22, 1)
5815
(22, 1)
5816
(21, 3)
5817
(20, 3)
5818
(21, 3)
5819
(20, 3)
5820
(21, 3)
5821
(20, 3)
5822
(22, 2)
5823
(22, 1)
5824
(22, 1)
5825
(22, 1)
5826
(22, 1)
5827
(22, 1)
5828
(16, 8)
5829
(16, 8)
5830
(16, 8)
5831
(16, 8)
5832
(16, 8)
5833
(16, 8)
5834
(16, 8)
5835
(22, 2)
5836
(22, 1)
5837
(22, 2)
5838
(22, 1)
5839
(22, 1)
5840
(22, 1)
5841
(22, 1)
5842
(22, 1)
5843
(22, 1)
5844
(20, 1)
5845
(20, 2)
5846
(20, 2)
5847
(20, 2)
5848
(23, 2)
5849
(23, 2)
5850
(16, 8)
5851
(16, 8)
5852
(16, 8)
5853
(20, 2)
5854
(20, 2)
5855
(20, 2)
5856
(16, 8)
5857
(16, 8)
5858
(16, 8)
5859
(16, 8)
5860
(22, 1)
5861
(22, 1)
5862
(22, 1)
5863
(22, 1)
5864
(21, 3)
5865
(21, 3)
5866
(21, 3)
5867
(21, 3)
5868
(15, 7)
5869
(15, 7)
5870
(15, 7)
5871
(20, 1)
5872
(15, 7)
5873
(15, 7)
5874
(15, 7)
5875
(15, 7)
5876
(22, 1)
5877
(22, 1)
5878
(22, 1)
5879
(21, 2)
5880
(21, 2)
5881
(21, 2)
5882
(23, 2)
5883
(23, 2)
5884
(23, 2)
5885
(23, 2)
5886
(23, 2)
5887
(23, 2)
5888
(21, 3)
5889
(21, 3)
5890
(21, 3)
5891
(21, 3)
5892
(21, 3)
5893
(21, 3)
5894
(21, 3)
5895
(21, 3)
5896
(22, 1)
5897
(22, 1)
5898
(22, 1)
5899
(22, 1)
5900
(15, 7)
5901
(15, 7)
5902
(15, 7)
5903
(15, 7)
5904
(15, 7)
5905
(15, 7)
5906
(15, 7)
5907
(22, 1)
5908
(21, 2)
5909
(21, 2)
5910
(21, 2)
5911
(22, 1)
5912
(20, 1)
5913
(21, 2)
5914
(21, 2)
5915
(21, 2)
5916
(21, 2)
5917
(20, 2)
5918
(20, 2)
5919
(20, 2)
5920
(21, 3)
5921
(21, 3)
5922
(21, 3)
5923
(21, 3)
5924
(21, 3)
5925
(21, 3)
5926
(21, 3)
5927
(21, 2)
5928
(21, 2)
5929
(21, 2)
5930
(22, 1)
5931
(22, 1)
5932
(20, 1)
5933
(21, 3)
5934
(21, 3)
5935
(21, 3)
5936
(21, 3)
5937
(21, 3)
5938
(23, 2)
5939
(22, 1)
5940
(22, 1)
5941
(23, 2)
5942
(22, 1)
5943
(22, 1)
5944
(22, 1)
5945
(22, 1)
5946
(21, 2)
5947
(21, 2)
5948
(21, 2)
5949
(21, 2)
5950
(23, 1)
5951
(21, 2)
5952
(21, 2)
5953
(23, 1)
5954
(23, 1)
5955
(21, 2)
5956
(21, 2)
5957
(21, 2)
5958
(21, 3)
5959
(21, 3)
5960
(21, 3)
5961
(21, 3)
5962
(23, 1)
5963
(23, 2)
5964
(23, 2)
5965
(23, 2)
5966
(23, 2)
5967
(23, 2)
5968
(23, 2)
5969
(23, 2)
5970
(23, 2)
5971
(23, 2)
5972
(23, 2)
5973
(23, 2)
5974
(22, 2)
5975
(22, 2)
5976
(22, 2)
5977
(22, 2)
5978
(22, 2)
5979
(22, 2)
5980
(22, 2)
5981
(22, 2)
5982
(21, 2)
5983
(21, 2)
5984
(21, 2)
5985
(21, 2)
5986
(21, 2)
5987
(21, 2)
5988
(21, 2)
5989
(21, 2)
5990
(20, 2)
5991
(20, 2)
5992
(20, 2)
5993
(20, 2)
5994
(20, 2)
5995
(20, 2)
5996
(20, 2)
5997
(20, 2)
5998
(19, 2)
5999
(19, 2)
6000
(19, 2)
defaultdict(<function <lambda> at 0x2b2a5535bc80>, {(7, 3): 57, (12, 1): 51, (16, 6): 14, (14, 4): 43, (15, 1): 101, (8, 5): 14, (16, 3): 100, (17, 2): 82, (14, 1): 100, (19, 3): 62, (15, 4): 42, (1, 1): 100, (22, 3): 44, (3, 2): 100, (8, 2): 50, (9, 3): 79, (14, 2): 43, (3, 1): 100, (20, 3): 69, (21, 2): 82, (2, 1): 100, (8, 9): 7, (23, 3): 6, (9, 4): 32, (5, 1): 100, (10, 3): 104, (7, 2): 100, (12, 2): 100, (14, 5): 41, (13, 3): 62, (7, 1): 103, (2, 2): 100, (8, 6): 7, (4, 1): 100, (10, 4): 28, (16, 4): 28, (17, 1): 100, (14, 6): 21, (19, 2): 100, (15, 7): 28, (8, 3): 101, (9, 2): 20, (6, 1): 101, (11, 3): 34, (16, 1): 101, (14, 3): 100, (19, 1): 100, (1, 3): 25, (6, 2): 100, (18, 1): 100, (21, 1): 100, (8, 10): 7, (23, 2): 21, (12, 3): 101, (13, 2): 83, (18, 2): 80, (15, 3): 86, (20, 1): 100, (2, 3): 60, (8, 7): 14, (23, 1): 4, (4, 2): 100, (9, 6): 18, (5, 3): 59, (10, 5): 23, (16, 5): 28, (16, 8): 14, (15, 6): 21, (22, 1): 58, (8, 4): 14, (9, 1): 100, (11, 2): 100, (10, 6): 11, (16, 2): 63, (17, 3): 60, (15, 8): 7, (15, 5): 39, (1, 2): 104, (22, 2): 61, (3, 3): 64, (8, 1): 100, (6, 3): 68, (11, 1): 69, (16, 7): 28, (10, 1): 100, (13, 1): 101, (18, 3): 71, (15, 2): 18, (20, 2): 82, (21, 3): 67, (8, 8): 7, (4, 3): 65, (9, 5): 42, (5, 2): 100, (10, 2): 100})
6001
(20, 2)
6002
(20, 2)
6003
(20, 2)
6004
(20, 2)
6005
(20, 2)
6006
(20, 2)
6007
(20, 2)
6008
(20, 2)
6009
(20, 2)
6010
(20, 2)
6011
(20, 2)
6012
(20, 2)
6013
(20, 2)
6014
(20, 2)
6015
(20, 2)
6016
(20, 2)
6017
(20, 2)
6018
(20, 2)
6019
(21, 2)
6020
(21, 2)
6021
(21, 2)
6022
(21, 2)
6023
(21, 2)
6024
(21, 2)
6025
(21, 2)
6026
(21, 2)
6027
(21, 2)
6028
(21, 2)
6029
(21, 2)
6030
(21, 2)
6031
(21, 2)
6032
(21, 2)
6033
(21, 2)
6034
(21, 2)
6035
(21, 2)
6036
(21, 2)
6037
(22, 2)
6038
(22, 2)
6039
(22, 2)
6040
(22, 2)
6041
(22, 2)
6042
(22, 2)
6043
(22, 2)
6044
(22, 2)
6045
(22, 2)
6046
(22, 2)
6047
(22, 2)
6048
(22, 2)
6049
(22, 2)
6050
(22, 2)
6051
(22, 2)
6052
(22, 2)
6053
(22, 2)
6054
(22, 2)
6055
(22, 2)
6056
(22, 2)
6057
(22, 2)
6058
(22, 2)
6059
(22, 2)
6060
(22, 2)
6061
(22, 2)
6062
(22, 2)
6063
(22, 2)
6064
(22, 2)
6065
(22, 2)
6066
(22, 2)
6067
(22, 2)
6068
(22, 2)
6069
(22, 2)
6070
(22, 2)
6071
(22, 2)
6072
(22, 2)
6073
(22, 2)
6074
(22, 2)
6075
(22, 2)
6076
(23, 2)
6077
(23, 2)
6078
(23, 2)
6079
(23, 2)
6080
(23, 1)
6081
(23, 2)
6082
(23, 2)
6083
(23, 2)
6084
(23, 2)
6085
(23, 1)
6086
(23, 2)
6087
(23, 2)
6088
(22, 1)
6089
(21, 3)
6090
(21, 3)
6091
(21, 3)
6092
(23, 2)
6093
(21, 3)
6094
(21, 3)
6095
(21, 3)
6096
(23, 1)
6097
(23, 1)
6098
(22, 1)
6099
(22, 1)
6100
(23, 1)
6101
(23, 1)
6102
(23, 1)
6103
(23, 2)
6104
(23, 2)
6105
(23, 2)
6106
(23, 2)
6107
(23, 2)
6108
(23, 2)
6109
(23, 2)
6110
(23, 2)
6111
(23, 2)
6112
(23, 2)
6113
(23, 2)
6114
(23, 2)
6115
(23, 2)
6116
(23, 2)
6117
(23, 2)
6118
(23, 2)
6119
(23, 2)
6120
(23, 2)
6121
(15, 9)
6122
(15, 9)
6123
(15, 9)
6124
(15, 9)
6125
(15, 9)
6126
(15, 9)
6127
(15, 9)
6128
(22, 3)
6129
(22, 3)
6130
(22, 3)
6131
(22, 3)
6132
(23, 1)
6133
(23, 2)
6134
(22, 3)
6135
(21, 3)
6136
(22, 3)
6137
(21, 3)
6138
(22, 3)
6139
(21, 3)
6140
(22, 3)
6141
(23, 1)
6142
(23, 1)
6143
(16, 9)
6144
(16, 9)
6145
(16, 9)
6146
(23, 1)
6147
(23, 1)
6148
(16, 9)
6149
(16, 9)
6150
(16, 9)
6151
(16, 9)
6152
(23, 2)
6153
(15, 7)
6154
(15, 7)
6155
(15, 7)
6156
(15, 7)
6157
(15, 7)
6158
(15, 7)
6159
(15, 7)
6160
(23, 1)
6161
(23, 1)
6162
(23, 1)
6163
(23, 1)
6164
(23, 1)
6165
(23, 1)
6166
(23, 2)
6167
(23, 2)
6168
(23, 2)
6169
(23, 2)
6170
(23, 2)
6171
(23, 2)
6172
(23, 2)
6173
(23, 2)
6174
(23, 2)
6175
(23, 1)
6176
(23, 1)
6177
(23, 1)
6178
(23, 1)
6179
(23, 2)
6180
(23, 2)
6181
(23, 2)
6182
(23, 2)
6183
(23, 1)
6184
(23, 2)
6185
(16, 9)
6186
(16, 9)
6187
(16, 9)
6188
(23, 1)
6189
(16, 9)
6190
(16, 9)
6191
(16, 9)
6192
(16, 9)
6193
(23, 1)
6194
(23, 1)
6195
(23, 1)
6196
(23, 2)
6197
(23, 2)
6198
(23, 2)
6199
(23, 2)
6200
(23, 2)
6201
(23, 2)
6202
(23, 2)
6203
(23, 2)
6204
(23, 2)
6205
(23, 2)
6206
(23, 2)
6207
(23, 2)
6208
(23, 3)
6209
(23, 3)
6210
(23, 3)
6211
(23, 3)
6212
(23, 3)
6213
(23, 3)
6214
(23, 3)
6215
(22, 3)
6216
(22, 3)
6217
(22, 3)
6218
(22, 3)
6219
(22, 3)
6220
(22, 3)
6221
(23, 3)
6222
(22, 3)
6223
(22, 3)
6224
(23, 3)
6225
(23, 3)
6226
(23, 3)
6227
(23, 3)
6228
(23, 2)
6229
(23, 2)
6230
(23, 2)
6231
(23, 2)
6232
(15, 7)
6233
(15, 7)
6234
(15, 7)
6235
(15, 7)
6236
(15, 7)
6237
(15, 7)
6238
(15, 7)
6239
(23, 1)
6240
(22, 3)
6241
(23, 1)
6242
(22, 3)
6243
(22, 3)
6244
(23, 1)
6245
(23, 2)
6246
(23, 1)
6247
(22, 3)
6248
(22, 3)
6249
(22, 3)
6250
(22, 3)
6251
(22, 3)
6252
(22, 3)
6253
(23, 2)
6254
(23, 1)
6255
(23, 1)
6256
(23, 1)
6257
(23, 1)
6258
(23, 1)
6259
(23, 1)
6260
(23, 1)
6261
(23, 1)
6262
(23, 1)
6263
(23, 2)
6264
(23, 2)
6265
(23, 1)
6266
(23, 1)
6267
(23, 1)
6268
(22, 3)
6269
(23, 1)
6270
(22, 3)
6271
(23, 1)
6272
(23, 1)
6273
(23, 1)
6274
(23, 1)
6275
(23, 1)
6276
(23, 1)
6277
(23, 1)
6278
(23, 2)
6279
(23, 2)
6280
(23, 2)
6281
(23, 2)
6282
(23, 2)
6283
(23, 2)
6284
(22, 3)
6285
(22, 3)
6286
(22, 3)
6287
(23, 1)
6288
(23, 1)
6289
(23, 1)
6290
(23, 1)
6291
(23, 1)
6292
(23, 1)
6293
(23, 1)
6294
(23, 1)
6295
(23, 2)
6296
(23, 2)
6297
(23, 1)
6298
(23, 1)
6299
(23, 1)
6300
(23, 1)
6301
(23, 1)
6302
(23, 2)
6303
(23, 2)
6304
(23, 1)
6305
(23, 1)
6306
(23, 1)
6307
(23, 1)
6308
(23, 1)
6309
(23, 2)
6310
(23, 2)
6311
(23, 1)
6312
(23, 1)
6313
(23, 1)
6314
(23, 1)
6315
(23, 1)
6316
(23, 1)
6317
(23, 1)
6318
(23, 2)
6319
(23, 2)
6320
(23, 1)
6321
(23, 1)
6322
(23, 1)
6323
(23, 1)
6324
(23, 1)
6325
(23, 1)
6326
(23, 1)
6327
(23, 1)
6328
(23, 1)
6329
(23, 1)
6330
(23, 1)
6331
(23, 1)
6332
(23, 1)
6333
(23, 1)
6334
(23, 1)
6335
(23, 1)
6336
(22, 3)
6337
(22, 3)
6338
(22, 3)
6339
(22, 3)
6340
(22, 3)
6341
(22, 3)
6342
(22, 3)
6343
(22, 3)
6344
(22, 3)
6345
(22, 3)
6346
(22, 3)
6347
(23, 1)
6348
(23, 1)
6349
(23, 1)
6350
(23, 1)
6351
(23, 3)
6352
(23, 3)
6353
(23, 3)
6354
(23, 3)
6355
(23, 3)
6356
(15, 8)
6357
(15, 8)
6358
(15, 8)
6359
(15, 8)
6360
(15, 8)
6361
(15, 8)
6362
(15, 8)
6363
(23, 3)
6364
(22, 3)
6365
(23, 3)
6366
(22, 3)
6367
(23, 3)
6368
(22, 3)
6369
(15, 10)
6370
(15, 10)
6371
(15, 10)
6372
(15, 10)
6373
(15, 10)
6374
(15, 10)
6375
(15, 10)
6376
(15, 8)
6377
(15, 8)
6378
(15, 8)
6379
(15, 8)
6380
(15, 8)
6381
(15, 8)
6382
(15, 8)
6383
(16, 10)
6384
(16, 10)
6385
(16, 10)
6386
(16, 10)
6387
(16, 10)
6388
(16, 10)
6389
(16, 10)
6390
(16, 10)
6391
(16, 10)
6392
(16, 10)
6393
(16, 10)
6394
(15, 9)
6395
(15, 9)
6396
(15, 9)
6397
(15, 9)
6398
(15, 9)
6399
(15, 9)
6400
(15, 9)
6401
(15, 9)
6402
(15, 9)
6403
(15, 9)
6404
(15, 9)
6405
(15, 9)
6406
(15, 10)
6407
(15, 10)
6408
(15, 10)
6409
(15, 10)
6410
(15, 10)
6411
(15, 10)
6412
(15, 10)
quitting, no novel node found
defaultdict(<function <lambda> at 0x2b2a5535bc80>, {(7, 3): 57, (12, 1): 51, (16, 6): 14, (16, 9): 14, (14, 4): 43, (15, 1): 101, (8, 5): 14, (16, 3): 100, (17, 2): 82, (14, 1): 100, (19, 3): 62, (15, 4): 42, (1, 1): 100, (22, 3): 88, (3, 2): 100, (8, 2): 50, (9, 3): 79, (14, 2): 43, (3, 1): 100, (20, 3): 69, (21, 2): 100, (2, 1): 100, (8, 9): 7, (23, 3): 26, (9, 4): 32, (5, 1): 100, (10, 3): 104, (7, 2): 100, (12, 2): 100, (16, 10): 11, (14, 5): 41, (13, 3): 62, (7, 1): 103, (2, 2): 100, (8, 6): 7, (4, 1): 100, (10, 4): 28, (16, 4): 28, (17, 1): 100, (15, 10): 14, (14, 6): 21, (19, 2): 100, (15, 7): 42, (8, 3): 101, (9, 2): 20, (6, 1): 101, (11, 3): 34, (16, 1): 101, (15, 9): 19, (14, 3): 100, (19, 1): 100, (1, 3): 25, (6, 2): 100, (18, 1): 100, (21, 1): 100, (8, 10): 7, (23, 2): 100, (12, 3): 101, (13, 2): 83, (18, 2): 80, (15, 3): 86, (20, 1): 100, (2, 3): 60, (8, 7): 14, (23, 1): 100, (4, 2): 100, (9, 6): 18, (5, 3): 59, (10, 5): 23, (16, 5): 28, (16, 8): 14, (15, 6): 21, (22, 1): 61, (8, 4): 14, (9, 1): 100, (11, 2): 100, (10, 6): 11, (16, 2): 63, (17, 3): 60, (15, 8): 21, (15, 5): 39, (1, 2): 104, (22, 2): 100, (3, 3): 64, (8, 1): 100, (6, 3): 68, (11, 1): 69, (16, 7): 28, (10, 1): 100, (13, 1): 101, (18, 3): 71, (15, 2): 18, (20, 2): 100, (21, 3): 76, (8, 8): 7, (4, 3): 65, (9, 5): 42, (5, 2): 100, (10, 2): 100})
<__main__.Node instance at 0x2b2aad5637e8>
154
6412
False
670.464725018
