STARTING!
step1
step2
step3
a
b
c
]0;IPython: eshnich/vgdl]0;IPython: eshnich/vgdladded self, <class 'ontology.Immovable'>
added self, <class 'ontology.Passive'>
added self, <class 'core.Resource'>
added parent, <class 'core.Resource'>
added self, <class 'ontology.ResourcePack'>
added self, <class 'ontology.Flicker'>
added self, <class 'ontology.Spreader'>
added self, <class 'ontology.SpriteProducer'>
added self, <class 'ontology.Portal'>
added self, <class 'ontology.SpawnPoint'>
added self, <class 'ontology.RandomNPC'>
added self, <class 'ontology.OrientedSprite'>
added self, <class 'ontology.Conveyor'>
added self, <class 'ontology.Missile'>
added self, <class 'ontology.OrientedFlicker'>
added self, <class 'ontology.Walker'>
added self, <class 'ontology.WalkJumper'>
added self, <class 'ontology.RandomInertial'>
added self, <class 'ontology.RandomMissile'>
added self, <class 'ontology.ErraticMissile'>
added self, <class 'ontology.Bomber'>
added self, <class 'ontology.Chaser'>
added self, <class 'ontology.Fleeing'>
added self, <class 'ontology.AStarChaser'>
added self, <class 'ontology.MovingAvatar'>
added self, <class 'ontology.HorizontalAvatar'>
added self, <class 'ontology.VerticalAvatar'>
added self, <class 'ontology.FlakAvatar'>
added self, <class 'ontology.OrientedAvatar'>
added parent, <class 'ontology.OrientedAvatar'>
added self, <class 'ontology.ShootAvatar'>
added parent, <class 'ontology.ShootAvatar'>
added self, <class 'ontology.AimedAvatar'>
added parent, <class 'ontology.AimedAvatar'>
added self, <class 'ontology.AimedFlakAvatar'>
<class 'ontology.OrientedAvatar'> already in tree.
added self, <class 'ontology.RotatingAvatar'>
added self, <class 'ontology.RotatingFlippingAvatar'>
added self, <class 'ontology.NoisyRotatingFlippingAvatar'>
<class 'ontology.ShootAvatar'> already in tree.
<class 'ontology.AimedAvatar'> already in tree.
<class 'ontology.AimedFlakAvatar'> already in tree.
added self, <class 'ontology.InertialAvatar'>
added self, <class 'ontology.MarioAvatar'>
step4
FINISHED IMPORTS
FINISHED SETTING VALUES
<module 'examples.continuousphysics.montezuma_medium' from 'examples/continuousphysics/montezuma_medium.pyc'>
max nodes 9223372036854775807
1
(11, 3)
2
(10, 3)
3
(10, 3)
4
(10, 3)
5
(10, 3)
6
(10, 3)
7
(10, 3)
8
(10, 3)
9
(10, 3)
10
(10, 3)
11
(10, 3)
12
(9, 3)
13
(9, 3)
14
(9, 3)
15
(9, 3)
16
(9, 3)
17
(9, 3)
18
(9, 3)
19
(9, 3)
20
(9, 3)
21
(9, 3)
22
(9, 3)
23
(9, 3)
24
(9, 3)
25
(9, 2)
26
(8, 2)
27
(8, 2)
28
(8, 2)
29
(8, 2)
30
(8, 2)
31
(8, 2)
32
(8, 2)
33
(8, 2)
34
(8, 2)
35
(8, 2)
36
(7, 3)
37
(7, 3)
38
(7, 3)
39
(7, 3)
40
(7, 3)
41
(7, 3)
42
(7, 3)
43
(7, 3)
44
(7, 3)
45
(7, 3)
46
(7, 3)
47
(6, 3)
48
(6, 3)
49
(6, 3)
50
(6, 3)
51
(6, 3)
52
(6, 3)
53
(6, 3)
54
(6, 3)
55
(6, 3)
56
(6, 3)
57
(5, 3)
58
(6, 3)
59
(5, 3)
60
(5, 3)
61
(5, 3)
62
(5, 3)
63
(5, 3)
64
(5, 3)
65
(5, 2)
66
(6, 3)
67
(5, 3)
68
(5, 3)
69
(5, 3)
70
(5, 2)
71
(6, 3)
72
(5, 3)
73
(5, 3)
74
(5, 3)
75
(5, 3)
76
(6, 3)
77
(6, 3)
78
(5, 3)
79
(6, 3)
80
(5, 3)
81
(5, 3)
82
(5, 3)
83
(5, 2)
84
(6, 3)
85
(5, 2)
86
(5, 2)
87
(6, 3)
88
(6, 3)
89
(5, 3)
90
(6, 3)
91
(5, 2)
92
(5, 2)
93
(6, 3)
94
(6, 3)
95
(6, 3)
96
(5, 2)
97
(6, 3)
98
(6, 3)
99
(6, 3)
100
(5, 2)
101
(6, 3)
102
(6, 3)
103
(6, 3)
104
(6, 3)
105
(6, 3)
106
(6, 3)
107
(5, 2)
108
(6, 2)
109
(5, 2)
110
(6, 2)
111
(5, 2)
112
(6, 2)
113
(5, 3)
114
(5, 3)
115
(5, 3)
116
(5, 3)
117
(5, 3)
118
(6, 3)
119
(5, 2)
120
(4, 1)
121
(4, 1)
122
(4, 1)
123
(4, 1)
124
(4, 1)
125
(3, 2)
126
(3, 2)
127
(3, 2)
128
(3, 2)
129
(3, 3)
130
(3, 3)
131
(3, 3)
132
(3, 3)
133
(3, 3)
134
(2, 3)
135
(2, 3)
136
(2, 3)
137
(2, 3)
138
(2, 3)
139
(2, 3)
140
(2, 3)
141
(2, 3)
142
(2, 3)
143
(2, 3)
144
(2, 3)
145
(2, 3)
146
(2, 3)
147
(2, 3)
148
(2, 3)
149
(2, 3)
150
(2, 3)
151
(2, 3)
152
(2, 3)
153
(2, 3)
154
(2, 3)
155
(2, 3)
156
(2, 2)
157
(2, 2)
158
(2, 3)
159
(2, 3)
160
(2, 3)
161
(2, 2)
162
(2, 2)
163
(2, 2)
164
(2, 2)
165
(2, 2)
166
(2, 2)
167
(2, 2)
168
(2, 2)
169
(2, 2)
170
(2, 2)
171
(2, 2)
172
(2, 2)
173
(2, 2)
174
(2, 2)
175
(2, 2)
176
(2, 2)
177
(2, 2)
178
(2, 2)
179
(2, 2)
180
(2, 2)
181
(2, 2)
182
(2, 2)
183
(2, 2)
184
(2, 2)
185
(2, 3)
186
(2, 3)
187
(2, 2)
188
(2, 3)
189
(2, 3)
190
(2, 3)
191
(2, 2)
192
(2, 2)
193
(2, 2)
194
(2, 2)
195
(2, 2)
196
(2, 2)
197
(2, 2)
198
(2, 2)
199
(2, 2)
200
(2, 2)
201
(2, 2)
202
(2, 2)
203
(2, 2)
204
(2, 2)
205
(2, 3)
206
(2, 3)
207
(2, 3)
208
(2, 3)
209
(2, 3)
210
(2, 3)
211
(2, 3)
212
(2, 3)
213
(2, 3)
214
(2, 3)
215
(2, 2)
216
(2, 2)
217
(2, 2)
218
(2, 2)
219
(2, 2)
220
(2, 2)
221
(2, 2)
222
(2, 2)
223
(2, 2)
224
(2, 2)
225
(2, 2)
226
(2, 2)
227
(2, 2)
228
(2, 2)
229
(2, 2)
230
(2, 2)
231
(2, 2)
232
(2, 2)
233
(2, 2)
234
(2, 2)
235
(2, 2)
236
(2, 2)
237
(2, 2)
238
(2, 2)
239
(2, 2)
240
(2, 2)
241
(2, 2)
242
(2, 2)
243
(2, 2)
244
(2, 2)
245
(2, 2)
246
(2, 2)
247
(2, 3)
248
(2, 2)
249
(2, 2)
250
(2, 2)
251
(1, 1)
252
(1, 1)
253
(1, 1)
254
(1, 1)
255
(1, 1)
256
(1, 1)
257
(1, 1)
258
(1, 1)
259
(1, 1)
260
(1, 1)
261
(1, 1)
262
(1, 1)
263
(2, 2)
264
(2, 2)
265
(2, 2)
266
(2, 2)
267
(2, 2)
268
(2, 2)
269
(2, 2)
270
(2, 2)
271
(2, 2)
272
(2, 2)
273
(2, 3)
274
(2, 3)
275
(2, 3)
276
(2, 2)
277
(2, 2)
278
(2, 2)
279
(1, 2)
280
(1, 1)
281
(1, 1)
282
(1, 1)
283
(1, 1)
284
(1, 1)
285
(1, 1)
286
(1, 1)
287
(1, 1)
288
(2, 3)
289
(2, 2)
290
(2, 2)
291
(2, 2)
292
(2, 2)
293
(2, 2)
294
(2, 2)
295
(2, 2)
296
(2, 2)
297
(2, 1)
298
(2, 1)
299
(2, 1)
300
(2, 2)
301
(2, 2)
302
(2, 2)
303
(2, 2)
304
(2, 1)
305
(2, 1)
306
(2, 1)
307
(2, 1)
308
(2, 1)
309
(2, 1)
310
(2, 1)
311
(2, 1)
312
(2, 1)
313
(3, 3)
314
(2, 1)
315
(2, 1)
316
(2, 1)
317
(2, 1)
318
(2, 1)
319
(2, 1)
320
(2, 1)
321
(2, 1)
322
(2, 1)
323
(2, 1)
324
(2, 1)
325
(2, 1)
326
(2, 1)
327
(2, 1)
328
(2, 1)
329
(2, 1)
330
(2, 1)
331
(2, 1)
332
(2, 1)
333
(2, 1)
334
(3, 2)
335
(3, 2)
336
(3, 2)
337
(3, 2)
338
(4, 1)
339
(4, 1)
340
(3, 3)
341
(3, 3)
342
(3, 3)
343
(3, 3)
344
(3, 3)
345
(3, 2)
346
(4, 1)
347
(3, 3)
348
(3, 3)
349
(3, 3)
350
(3, 3)
351
(3, 3)
352
(3, 2)
353
(3, 2)
354
(3, 3)
355
(3, 3)
356
(3, 3)
357
(3, 2)
358
(3, 2)
359
(3, 2)
360
(3, 3)
361
(3, 3)
362
(3, 3)
363
(3, 3)
364
(3, 2)
365
(3, 2)
366
(3, 2)
367
(3, 2)
368
(3, 3)
369
(3, 3)
370
(3, 2)
371
(3, 2)
372
(3, 2)
373
(2, 1)
374
(2, 1)
375
(2, 1)
376
(2, 1)
377
(2, 1)
378
(2, 1)
379
(1, 1)
380
(1, 1)
381
(1, 1)
382
(1, 1)
383
(1, 1)
384
(3, 3)
385
(3, 3)
386
(3, 3)
387
(3, 3)
388
(3, 2)
389
(3, 2)
390
(3, 2)
391
(3, 2)
392
(3, 2)
393
(3, 2)
394
(2, 1)
395
(2, 1)
396
(2, 1)
397
(2, 1)
398
(2, 1)
399
(2, 1)
400
(1, 1)
401
(1, 1)
402
(3, 3)
403
(3, 3)
404
(3, 3)
405
(4, 3)
406
(4, 3)
407
(3, 3)
408
(3, 3)
409
(3, 2)
410
(3, 2)
411
(3, 2)
412
(3, 1)
413
(2, 1)
414
(2, 1)
415
(2, 1)
416
(2, 1)
417
(2, 1)
418
(2, 1)
419
(1, 1)
420
(1, 1)
421
(1, 1)
422
(1, 1)
423
(3, 2)
424
(3, 2)
425
(3, 2)
426
(3, 2)
427
(2, 1)
428
(2, 1)
429
(2, 1)
430
(2, 1)
431
(2, 1)
432
(4, 3)
433
(4, 3)
434
(4, 3)
435
(4, 3)
436
(4, 3)
437
(4, 3)
438
(4, 3)
439
(4, 3)
440
(4, 3)
441
(4, 3)
442
(4, 3)
443
(4, 3)
444
(4, 3)
445
(4, 3)
446
(3, 2)
447
(3, 2)
448
(3, 2)
449
(3, 1)
450
(2, 1)
451
(2, 1)
452
(2, 1)
453
(2, 1)
454
(2, 1)
455
(2, 1)
456
(1, 1)
457
(4, 2)
458
(4, 3)
459
(4, 3)
460
(4, 3)
461
(4, 3)
462
(4, 3)
463
(4, 3)
464
(3, 2)
465
(4, 2)
466
(4, 3)
467
(4, 3)
468
(4, 3)
469
(3, 2)
470
(3, 2)
471
(4, 3)
472
(4, 3)
473
(4, 3)
474
(4, 3)
475
(4, 3)
476
(4, 3)
477
(4, 3)
478
(4, 3)
479
(4, 3)
480
(3, 2)
481
(4, 3)
482
(4, 3)
483
(4, 1)
484
(4, 2)
485
(3, 2)
486
(4, 3)
487
(4, 3)
488
(4, 3)
489
(4, 3)
490
(4, 3)
491
(4, 3)
492
(4, 3)
493
(4, 3)
494
(4, 2)
495
(4, 3)
496
(4, 3)
497
(4, 3)
498
(4, 3)
499
(4, 3)
500
(3, 2)
defaultdict(<function <lambda> at 0x2adabb3462a8>, {(1, 2): 1, (7, 3): 11, (3, 2): 43, (4, 1): 9, (3, 1): 2, (8, 2): 10, (9, 2): 1, (5, 2): 13, (4, 2): 4, (9, 3): 13, (11, 3): 1, (2, 1): 61, (6, 3): 33, (6, 2): 3, (2, 3): 45, (4, 3): 49, (2, 2): 101, (3, 3): 34, (10, 3): 10, (1, 1): 32, (5, 3): 24})
501
(3, 2)
502
(3, 2)
503
(4, 2)
504
(3, 2)
505
(3, 2)
506
(3, 2)
507
(4, 3)
508
(4, 3)
509
(4, 3)
510
(4, 3)
511
(4, 3)
512
(4, 1)
513
(4, 2)
514
(4, 2)
515
(4, 3)
516
(4, 3)
517
(4, 3)
518
(4, 3)
519
(4, 3)
520
(4, 2)
521
(4, 2)
522
(3, 2)
523
(3, 2)
524
(4, 2)
525
(4, 2)
526
(3, 2)
527
(3, 2)
528
(3, 2)
529
(3, 1)
530
(4, 3)
531
(4, 3)
532
(4, 3)
533
(4, 3)
534
(4, 3)
535
(4, 1)
536
(5, 2)
537
(3, 1)
538
(3, 1)
539
(3, 1)
540
(3, 1)
541
(4, 3)
542
(4, 3)
543
(4, 3)
544
(3, 1)
545
(4, 3)
546
(4, 3)
547
(4, 3)
548
(4, 1)
549
(4, 3)
550
(4, 3)
551
(3, 2)
552
(3, 1)
553
(3, 1)
554
(3, 1)
555
(3, 1)
556
(3, 1)
557
(3, 1)
558
(3, 1)
559
(3, 1)
560
(3, 1)
561
(3, 2)
562
(3, 2)
563
(3, 2)
564
(3, 1)
565
(3, 1)
566
(3, 1)
567
(3, 1)
568
(3, 1)
569
(3, 1)
570
(3, 2)
571
(3, 2)
572
(3, 2)
573
(3, 1)
574
(3, 1)
575
(3, 1)
576
(3, 1)
577
(3, 1)
578
(3, 1)
579
(3, 2)
580
(3, 2)
581
(3, 2)
582
(4, 2)
583
(4, 1)
584
(3, 1)
585
(3, 1)
586
(4, 1)
587
(4, 1)
588
(4, 1)
589
(4, 1)
590
(4, 1)
591
(4, 1)
592
(4, 2)
593
(4, 2)
594
(4, 2)
595
(4, 3)
596
(4, 3)
597
(4, 3)
598
(4, 4)
599
(3, 1)
600
(3, 2)
601
(3, 2)
602
(3, 2)
603
(3, 1)
604
(3, 1)
605
(3, 1)
606
(3, 1)
607
(3, 1)
608
(3, 1)
609
(3, 1)
610
(3, 1)
611
(3, 1)
612
(3, 1)
613
(3, 1)
614
(3, 2)
615
(3, 2)
616
(3, 2)
617
(3, 3)
618
(3, 1)
619
(3, 1)
620
(3, 1)
621
(3, 1)
622
(3, 1)
623
(3, 1)
624
(3, 2)
625
(3, 2)
626
(3, 2)
627
(3, 3)
628
(3, 1)
629
(3, 1)
630
(3, 1)
631
(3, 1)
632
(3, 1)
633
(3, 1)
634
(3, 2)
635
(3, 2)
636
(3, 2)
637
(3, 3)
638
(4, 2)
639
(4, 4)
640
(4, 4)
641
(4, 4)
642
(4, 4)
643
(4, 4)
644
(4, 2)
645
(4, 2)
646
(3, 1)
647
(3, 1)
648
(4, 3)
649
(4, 3)
650
(4, 3)
651
(4, 3)
652
(4, 3)
653
(4, 2)
654
(4, 2)
655
(3, 1)
656
(3, 1)
657
(4, 4)
658
(4, 4)
659
(4, 4)
660
(3, 1)
661
(3, 1)
662
(3, 1)
663
(3, 1)
664
(3, 1)
665
(3, 1)
666
(3, 2)
667
(3, 2)
668
(3, 2)
669
(3, 3)
670
(3, 1)
671
(3, 1)
672
(3, 1)
673
(3, 1)
674
(3, 1)
675
(3, 1)
676
(3, 2)
677
(3, 2)
678
(3, 2)
679
(3, 3)
680
(4, 4)
681
(4, 4)
682
(4, 2)
683
(4, 2)
684
(4, 2)
685
(4, 2)
686
(4, 4)
687
(4, 4)
688
(4, 4)
689
(4, 4)
690
(4, 4)
691
(4, 4)
692
(4, 4)
693
(4, 4)
694
(4, 4)
695
(4, 2)
696
(4, 2)
697
(4, 2)
698
(4, 2)
699
(4, 5)
700
(4, 4)
701
(4, 4)
702
(4, 4)
703
(4, 4)
704
(4, 4)
705
(4, 2)
706
(4, 2)
707
(4, 2)
708
(4, 2)
709
(4, 4)
710
(4, 4)
711
(4, 4)
712
(4, 2)
713
(4, 2)
714
(4, 4)
715
(4, 4)
716
(4, 2)
717
(4, 2)
718
(4, 4)
719
(4, 4)
720
(4, 4)
721
(4, 4)
722
(4, 4)
723
(5, 1)
724
(4, 1)
725
(4, 1)
726
(4, 1)
727
(4, 4)
728
(4, 4)
729
(4, 4)
730
(4, 4)
731
(4, 4)
732
(5, 1)
733
(5, 1)
734
(4, 1)
735
(4, 1)
736
(5, 1)
737
(4, 1)
738
(4, 1)
739
(4, 1)
740
(4, 4)
741
(4, 4)
742
(4, 4)
743
(4, 4)
744
(4, 5)
745
(5, 1)
746
(5, 1)
747
(5, 1)
748
(5, 1)
749
(5, 1)
750
(4, 5)
751
(4, 5)
752
(4, 5)
753
(4, 5)
754
(4, 5)
755
(4, 1)
756
(4, 1)
757
(4, 1)
758
(4, 5)
759
(4, 5)
760
(4, 5)
761
(4, 5)
762
(4, 5)
763
(5, 1)
764
(5, 1)
765
(5, 1)
766
(5, 1)
767
(5, 1)
768
(5, 1)
769
(5, 1)
770
(5, 1)
771
(5, 1)
772
(5, 1)
773
(5, 1)
774
(5, 1)
775
(5, 1)
776
(5, 1)
777
(6, 2)
778
(5, 1)
779
(5, 1)
780
(6, 2)
781
(5, 2)
782
(5, 2)
783
(5, 2)
784
(4, 5)
785
(4, 5)
786
(4, 5)
787
(6, 2)
788
(6, 2)
789
(6, 3)
790
(6, 3)
791
(4, 5)
792
(4, 5)
793
(5, 2)
794
(5, 2)
795
(5, 2)
796
(5, 2)
797
(6, 2)
798
(6, 3)
799
(5, 1)
800
(5, 2)
801
(6, 2)
802
(6, 3)
803
(5, 2)
804
(6, 2)
805
(6, 3)
806
(5, 2)
807
(5, 1)
808
(5, 1)
809
(7, 3)
810
(7, 3)
811
(6, 2)
812
(6, 2)
813
(5, 2)
814
(5, 2)
815
(6, 2)
816
(6, 2)
817
(6, 3)
818
(6, 3)
819
(6, 2)
820
(6, 2)
821
(6, 2)
822
(6, 2)
823
(6, 3)
824
(6, 3)
825
(6, 2)
826
(6, 2)
827
(6, 3)
828
(6, 3)
829
(4, 5)
830
(4, 5)
831
(4, 5)
832
(4, 5)
833
(4, 5)
834
(5, 2)
835
(5, 2)
836
(4, 1)
837
(4, 1)
838
(4, 1)
839
(4, 1)
840
(4, 1)
841
(3, 2)
842
(3, 2)
843
(3, 2)
844
(3, 2)
845
(5, 2)
846
(5, 2)
847
(6, 3)
848
(6, 2)
849
(5, 2)
850
(5, 2)
851
(5, 2)
852
(6, 3)
853
(6, 3)
854
(5, 3)
855
(5, 3)
856
(5, 3)
857
(5, 3)
858
(5, 3)
859
(5, 2)
860
(5, 2)
861
(5, 2)
862
(4, 5)
863
(4, 5)
864
(4, 5)
865
(5, 2)
866
(5, 1)
867
(4, 1)
868
(4, 1)
869
(4, 1)
870
(4, 1)
871
(4, 2)
872
(3, 2)
873
(3, 2)
874
(3, 2)
875
(3, 3)
876
(5, 2)
877
(5, 1)
878
(4, 1)
879
(4, 1)
880
(4, 1)
881
(4, 1)
882
(4, 2)
883
(3, 2)
884
(3, 2)
885
(3, 2)
886
(5, 2)
887
(5, 1)
888
(4, 1)
889
(4, 1)
890
(4, 1)
891
(4, 1)
892
(4, 2)
893
(3, 2)
894
(3, 2)
895
(3, 2)
896
(4, 5)
897
(4, 5)
898
(6, 2)
899
(5, 2)
900
(5, 2)
901
(5, 2)
902
(6, 2)
903
(6, 3)
904
(6, 3)
905
(6, 3)
906
(6, 2)
907
(6, 3)
908
(6, 3)
909
(5, 2)
910
(5, 1)
911
(5, 1)
912
(4, 1)
913
(4, 1)
914
(4, 1)
915
(4, 2)
916
(4, 2)
917
(3, 2)
918
(3, 2)
919
(3, 3)
920
(5, 2)
921
(5, 1)
922
(5, 1)
923
(4, 1)
924
(4, 1)
925
(4, 1)
926
(4, 2)
927
(4, 2)
928
(3, 2)
929
(3, 2)
930
(5, 2)
931
(5, 1)
932
(5, 1)
933
(4, 1)
934
(4, 1)
935
(4, 1)
936
(4, 2)
937
(4, 2)
938
(3, 2)
939
(3, 2)
940
(6, 2)
941
(5, 2)
942
(6, 2)
943
(6, 2)
944
(5, 2)
945
(5, 1)
946
(5, 1)
947
(5, 1)
948
(4, 1)
949
(4, 1)
950
(4, 2)
951
(4, 2)
952
(4, 2)
953
(5, 2)
954
(5, 1)
955
(5, 1)
956
(5, 1)
957
(4, 1)
958
(4, 1)
959
(4, 2)
960
(4, 2)
961
(4, 2)
962
(6, 2)
963
(5, 3)
964
(5, 3)
965
(5, 3)
966
(5, 3)
967
(5, 3)
968
(6, 2)
969
(6, 2)
970
(6, 2)
971
(4, 5)
972
(5, 3)
973
(5, 3)
974
(5, 3)
975
(4, 5)
976
(4, 5)
977
(4, 5)
978
(4, 5)
979
(5, 3)
980
(5, 3)
981
(5, 2)
982
(5, 2)
983
(6, 2)
984
(6, 3)
985
(6, 3)
986
(6, 3)
987
(6, 3)
988
(6, 3)
989
(5, 1)
990
(5, 1)
991
(5, 1)
992
(6, 2)
993
(6, 2)
994
(5, 1)
995
(5, 1)
996
(5, 1)
997
(4, 1)
998
(4, 1)
999
(4, 1)
1000
(4, 1)
defaultdict(<function <lambda> at 0x2adabb3462a8>, {(7, 3): 13, (2, 1): 61, (6, 2): 34, (5, 1): 49, (10, 3): 10, (1, 2): 1, (3, 3): 41, (4, 4): 44, (6, 3): 57, (2, 2): 101, (4, 1): 64, (1, 1): 32, (3, 2): 100, (8, 2): 10, (4, 5): 32, (9, 3): 13, (2, 3): 45, (4, 2): 51, (5, 3): 39, (9, 2): 1, (3, 1): 71, (11, 3): 1, (4, 3): 80, (5, 2): 50})
1001
(4, 1)
1002
(5, 1)
1003
(5, 1)
1004
(5, 1)
1005
(4, 1)
1006
(4, 1)
1007
(4, 1)
1008
(4, 1)
1009
(4, 1)
1010
(5, 1)
1011
(5, 1)
1012
(5, 1)
1013
(4, 1)
1014
(4, 1)
1015
(4, 1)
1016
(4, 1)
1017
(6, 2)
1018
(6, 2)
1019
(6, 1)
1020
(5, 1)
1021
(5, 1)
1022
(5, 1)
1023
(5, 1)
1024
(5, 2)
1025
(4, 2)
1026
(4, 2)
1027
(4, 2)
1028
(4, 3)
1029
(4, 3)
1030
(4, 3)
1031
(4, 3)
1032
(4, 4)
1033
(7, 3)
1034
(7, 3)
1035
(7, 3)
1036
(6, 3)
1037
(6, 2)
1038
(6, 2)
1039
(6, 2)
1040
(6, 2)
1041
(6, 2)
1042
(7, 3)
1043
(6, 2)
1044
(6, 2)
1045
(5, 1)
1046
(5, 1)
1047
(5, 1)
1048
(5, 1)
1049
(5, 1)
1050
(4, 2)
1051
(4, 2)
1052
(4, 2)
1053
(4, 2)
1054
(7, 3)
1055
(6, 2)
1056
(6, 2)
1057
(6, 1)
1058
(5, 1)
1059
(5, 1)
1060
(5, 1)
1061
(5, 1)
1062
(5, 2)
1063
(4, 2)
1064
(4, 2)
1065
(4, 2)
1066
(4, 3)
1067
(4, 3)
1068
(6, 2)
1069
(6, 2)
1070
(6, 2)
1071
(6, 2)
1072
(6, 2)
1073
(5, 3)
1074
(4, 6)
1075
(4, 6)
1076
(5, 3)
1077
(5, 3)
1078
(4, 6)
1079
(4, 6)
1080
(4, 6)
1081
(5, 3)
1082
(5, 3)
1083
(6, 2)
1084
(7, 3)
1085
(7, 3)
1086
(7, 3)
1087
(7, 2)
1088
(7, 3)
1089
(6, 2)
1090
(6, 2)
1091
(6, 2)
1092
(6, 2)
1093
(5, 3)
1094
(5, 3)
1095
(5, 3)
1096
(5, 3)
1097
(5, 3)
1098
(6, 1)
1099
(6, 1)
1100
(6, 1)
1101
(6, 2)
1102
(6, 2)
1103
(6, 2)
1104
(4, 6)
1105
(6, 1)
1106
(5, 1)
1107
(5, 1)
1108
(5, 1)
1109
(5, 1)
1110
(5, 1)
1111
(4, 1)
1112
(4, 1)
1113
(4, 2)
1114
(4, 2)
1115
(4, 2)
1116
(3, 3)
1117
(4, 6)
1118
(6, 1)
1119
(5, 1)
1120
(5, 1)
1121
(5, 1)
1122
(5, 1)
1123
(5, 1)
1124
(4, 1)
1125
(4, 1)
1126
(4, 2)
1127
(4, 2)
1128
(4, 2)
1129
(3, 3)
1130
(6, 1)
1131
(5, 1)
1132
(5, 1)
1133
(5, 1)
1134
(5, 1)
1135
(5, 1)
1136
(4, 1)
1137
(4, 1)
1138
(4, 2)
1139
(4, 2)
1140
(4, 6)
1141
(6, 1)
1142
(6, 1)
1143
(7, 3)
1144
(6, 2)
1145
(6, 1)
1146
(6, 1)
1147
(5, 1)
1148
(5, 1)
1149
(5, 1)
1150
(5, 2)
1151
(5, 2)
1152
(4, 2)
1153
(4, 2)
1154
(4, 3)
1155
(4, 3)
1156
(4, 3)
1157
(4, 3)
1158
(4, 4)
1159
(6, 2)
1160
(6, 1)
1161
(6, 1)
1162
(5, 1)
1163
(5, 1)
1164
(5, 1)
1165
(5, 2)
1166
(5, 2)
1167
(4, 2)
1168
(4, 2)
1169
(4, 3)
1170
(4, 3)
1171
(4, 3)
1172
(6, 2)
1173
(6, 1)
1174
(6, 1)
1175
(5, 1)
1176
(5, 1)
1177
(5, 1)
1178
(5, 2)
1179
(5, 2)
1180
(4, 2)
1181
(4, 2)
1182
(4, 3)
1183
(4, 3)
1184
(4, 4)
1185
(6, 3)
1186
(6, 3)
1187
(6, 3)
1188
(6, 2)
1189
(6, 2)
1190
(6, 3)
1191
(6, 3)
1192
(7, 2)
1193
(7, 3)
1194
(7, 3)
1195
(7, 3)
1196
(7, 3)
1197
(7, 3)
1198
(7, 2)
1199
(7, 2)
1200
(7, 2)
1201
(7, 2)
1202
(4, 4)
1203
(7, 2)
1204
(6, 1)
1205
(4, 6)
1206
(4, 6)
1207
(4, 6)
1208
(6, 2)
1209
(6, 2)
1210
(4, 6)
1211
(4, 6)
1212
(6, 2)
1213
(6, 1)
1214
(6, 1)
1215
(6, 1)
1216
(5, 1)
1217
(5, 1)
1218
(5, 2)
1219
(5, 2)
1220
(5, 2)
1221
(4, 2)
1222
(4, 3)
1223
(4, 3)
1224
(4, 3)
1225
(4, 4)
1226
(4, 4)
1227
(4, 4)
1228
(7, 3)
1229
(6, 2)
1230
(6, 1)
1231
(6, 1)
1232
(6, 1)
1233
(5, 1)
1234
(5, 1)
1235
(5, 2)
1236
(5, 2)
1237
(5, 2)
1238
(4, 2)
1239
(4, 3)
1240
(4, 3)
1241
(6, 2)
1242
(6, 1)
1243
(6, 1)
1244
(6, 1)
1245
(5, 1)
1246
(5, 1)
1247
(5, 2)
1248
(5, 2)
1249
(5, 2)
1250
(4, 2)
1251
(7, 3)
1252
(7, 3)
1253
(7, 2)
1254
(7, 2)
1255
(5, 4)
1256
(5, 4)
1257
(5, 4)
1258
(5, 4)
1259
(5, 4)
1260
(7, 2)
1261
(7, 3)
1262
(7, 3)
1263
(7, 3)
1264
(7, 3)
1265
(7, 2)
1266
(7, 2)
1267
(7, 2)
1268
(7, 2)
1269
(5, 4)
1270
(5, 4)
1271
(5, 4)
1272
(5, 4)
1273
(5, 4)
1274
(6, 1)
1275
(7, 2)
1276
(6, 2)
1277
(7, 2)
1278
(6, 4)
1279
(6, 4)
1280
(6, 4)
1281
(6, 4)
1282
(6, 4)
1283
(6, 1)
1284
(7, 2)
1285
(7, 2)
1286
(6, 1)
1287
(6, 1)
1288
(6, 1)
1289
(5, 1)
1290
(5, 1)
1291
(7, 2)
1292
(8, 3)
1293
(8, 3)
1294
(6, 2)
1295
(6, 1)
1296
(6, 1)
1297
(6, 1)
1298
(6, 1)
1299
(6, 2)
1300
(6, 1)
1301
(6, 1)
1302
(6, 1)
1303
(6, 1)
1304
(7, 2)
1305
(6, 1)
1306
(8, 3)
1307
(8, 3)
1308
(8, 3)
1309
(8, 3)
1310
(4, 6)
1311
(4, 6)
1312
(4, 6)
1313
(4, 6)
1314
(4, 6)
1315
(7, 2)
1316
(7, 2)
1317
(4, 5)
1318
(6, 1)
1319
(7, 2)
1320
(4, 6)
1321
(4, 6)
1322
(4, 6)
1323
(4, 6)
1324
(4, 6)
1325
(7, 2)
1326
(7, 1)
1327
(7, 1)
1328
(6, 1)
1329
(7, 2)
1330
(8, 2)
1331
(6, 1)
1332
(6, 1)
1333
(6, 1)
1334
(6, 1)
1335
(6, 2)
1336
(6, 2)
1337
(6, 2)
1338
(6, 3)
1339
(6, 3)
1340
(7, 2)
1341
(7, 2)
1342
(6, 1)
1343
(6, 1)
1344
(6, 1)
1345
(6, 1)
1346
(6, 2)
1347
(6, 2)
1348
(6, 2)
1349
(6, 3)
1350
(6, 3)
1351
(6, 3)
1352
(6, 3)
1353
(5, 4)
1354
(8, 3)
1355
(5, 4)
1356
(5, 4)
1357
(8, 3)
1358
(8, 3)
1359
(5, 4)
1360
(5, 4)
1361
(8, 3)
1362
(8, 3)
1363
(4, 5)
1364
(8, 3)
1365
(8, 3)
1366
(8, 3)
1367
(8, 3)
1368
(8, 3)
1369
(7, 2)
1370
(7, 2)
1371
(7, 2)
1372
(7, 2)
1373
(7, 2)
1374
(5, 4)
1375
(5, 4)
1376
(5, 4)
1377
(5, 4)
1378
(5, 4)
1379
(7, 1)
1380
(7, 2)
1381
(7, 2)
1382
(7, 1)
1383
(7, 1)
1384
(7, 1)
1385
(7, 1)
1386
(4, 5)
1387
(6, 4)
1388
(6, 4)
1389
(6, 4)
1390
(6, 4)
1391
(6, 4)
1392
(7, 2)
1393
(4, 6)
1394
(4, 6)
1395
(4, 6)
1396
(4, 6)
1397
(4, 6)
1398
(7, 1)
1399
(7, 2)
1400
(7, 2)
1401
(8, 2)
1402
(8, 2)
1403
(7, 2)
1404
(7, 2)
1405
(7, 2)
1406
(7, 2)
1407
(8, 2)
1408
(8, 2)
1409
(7, 2)
1410
(7, 1)
1411
(6, 1)
1412
(6, 1)
1413
(6, 1)
1414
(6, 1)
1415
(6, 2)
1416
(5, 2)
1417
(5, 2)
1418
(5, 2)
1419
(5, 3)
1420
(5, 3)
1421
(7, 2)
1422
(7, 1)
1423
(6, 1)
1424
(6, 1)
1425
(6, 1)
1426
(6, 1)
1427
(6, 2)
1428
(5, 2)
1429
(5, 2)
1430
(5, 2)
1431
(5, 3)
1432
(5, 3)
1433
(7, 2)
1434
(7, 1)
1435
(6, 1)
1436
(6, 1)
1437
(6, 1)
1438
(6, 1)
1439
(6, 2)
1440
(5, 2)
1441
(5, 2)
1442
(5, 2)
1443
(5, 3)
1444
(5, 3)
1445
(7, 2)
1446
(7, 2)
1447
(8, 2)
1448
(8, 2)
1449
(8, 3)
1450
(7, 1)
1451
(7, 1)
1452
(7, 1)
1453
(7, 1)
1454
(7, 1)
1455
(7, 1)
1456
(7, 1)
1457
(7, 1)
1458
(6, 1)
1459
(6, 1)
1460
(6, 1)
1461
(6, 1)
1462
(6, 1)
1463
(7, 1)
1464
(6, 1)
1465
(6, 1)
1466
(6, 1)
1467
(6, 1)
1468
(6, 1)
1469
(7, 1)
1470
(6, 1)
1471
(6, 1)
1472
(6, 1)
1473
(6, 1)
1474
(6, 1)
1475
(8, 2)
1476
(8, 2)
1477
(7, 1)
1478
(7, 1)
1479
(7, 1)
1480
(7, 1)
1481
(7, 1)
1482
(8, 2)
1483
(8, 2)
1484
(8, 3)
1485
(8, 3)
1486
(8, 3)
1487
(8, 3)
1488
(8, 3)
1489
(8, 3)
1490
(8, 3)
1491
(8, 3)
1492
(8, 2)
1493
(8, 2)
1494
(8, 2)
1495
(7, 2)
1496
(7, 2)
1497
(7, 1)
1498
(7, 1)
1499
(7, 1)
1500
(6, 1)
defaultdict(<function <lambda> at 0x2adabb3462a8>, {(7, 3): 35, (5, 4): 20, (2, 1): 61, (6, 2): 80, (5, 1): 100, (10, 3): 10, (7, 2): 48, (1, 2): 1, (3, 3): 43, (4, 4): 51, (6, 3): 69, (2, 2): 101, (4, 1): 80, (1, 1): 32, (6, 4): 10, (3, 2): 100, (8, 2): 24, (7, 1): 29, (4, 5): 35, (9, 3): 13, (2, 3): 45, (4, 2): 78, (5, 3): 55, (8, 3): 25, (4, 6): 28, (9, 2): 1, (6, 1): 78, (3, 1): 71, (11, 3): 1, (4, 3): 100, (5, 2): 76})
1501
(6, 1)
1502
(6, 2)
1503
(6, 2)
1504
(6, 2)
1505
(5, 2)
1506
(5, 3)
1507
(5, 3)
1508
(5, 3)
1509
(5, 4)
1510
(4, 4)
1511
(8, 2)
1512
(7, 2)
1513
(7, 2)
1514
(7, 1)
1515
(7, 1)
1516
(7, 1)
1517
(6, 1)
1518
(6, 1)
1519
(6, 2)
1520
(6, 2)
1521
(6, 2)
1522
(5, 2)
1523
(5, 3)
1524
(5, 3)
1525
(5, 3)
1526
(5, 4)
1527
(4, 4)
1528
(8, 2)
1529
(7, 2)
1530
(7, 1)
1531
(7, 1)
1532
(7, 1)
1533
(7, 1)
1534
(7, 1)
1535
(6, 1)
1536
(6, 1)
1537
(6, 1)
1538
(6, 1)
1539
(6, 1)
1540
(5, 2)
1541
(5, 2)
1542
(5, 2)
1543
(7, 1)
1544
(7, 1)
1545
(7, 1)
1546
(6, 1)
1547
(6, 1)
1548
(6, 1)
1549
(6, 1)
1550
(6, 1)
1551
(5, 2)
1552
(5, 2)
1553
(5, 2)
1554
(8, 3)
1555
(8, 3)
1556
(8, 3)
1557
(8, 3)
1558
(8, 3)
1559
(8, 3)
1560
(8, 3)
1561
(8, 2)
1562
(8, 2)
1563
(8, 3)
1564
(8, 2)
1565
(8, 3)
1566
(8, 3)
1567
(8, 2)
1568
(8, 2)
1569
(7, 2)
1570
(7, 1)
1571
(7, 1)
1572
(7, 1)
1573
(7, 1)
1574
(6, 1)
1575
(6, 2)
1576
(6, 2)
1577
(6, 2)
1578
(6, 2)
1579
(5, 3)
1580
(5, 3)
1581
(5, 3)
1582
(5, 4)
1583
(5, 4)
1584
(8, 2)
1585
(8, 2)
1586
(4, 5)
1587
(4, 5)
1588
(7, 1)
1589
(9, 3)
1590
(9, 3)
1591
(8, 3)
1592
(8, 3)
1593
(8, 2)
1594
(9, 3)
1595
(9, 3)
1596
(7, 1)
1597
(7, 1)
1598
(7, 1)
1599
(8, 2)
1600
(8, 2)
1601
(8, 2)
1602
(7, 1)
1603
(7, 1)
1604
(7, 1)
1605
(7, 1)
1606
(7, 2)
1607
(7, 2)
1608
(7, 2)
1609
(7, 3)
1610
(8, 2)
1611
(8, 2)
1612
(8, 2)
1613
(7, 1)
1614
(7, 1)
1615
(7, 1)
1616
(7, 1)
1617
(7, 2)
1618
(7, 2)
1619
(7, 2)
1620
(7, 3)
1621
(7, 1)
1622
(7, 1)
1623
(7, 1)
1624
(7, 1)
1625
(7, 2)
1626
(7, 2)
1627
(7, 2)
1628
(7, 3)
1629
(8, 2)
1630
(8, 2)
1631
(8, 2)
1632
(7, 2)
1633
(7, 1)
1634
(7, 1)
1635
(7, 1)
1636
(7, 1)
1637
(6, 1)
1638
(6, 2)
1639
(6, 2)
1640
(6, 2)
1641
(6, 2)
1642
(5, 3)
1643
(5, 3)
1644
(5, 3)
1645
(5, 4)
1646
(5, 4)
1647
(8, 2)
1648
(8, 2)
1649
(8, 2)
1650
(5, 4)
1651
(5, 4)
1652
(5, 4)
1653
(5, 4)
1654
(5, 4)
1655
(8, 2)
1656
(8, 2)
1657
(8, 2)
1658
(4, 7)
1659
(4, 7)
1660
(4, 7)
1661
(8, 2)
1662
(7, 1)
1663
(7, 1)
1664
(7, 1)
1665
(7, 1)
1666
(7, 1)
1667
(6, 2)
1668
(6, 2)
1669
(6, 2)
1670
(6, 2)
1671
(6, 3)
1672
(5, 3)
1673
(5, 3)
1674
(5, 4)
1675
(5, 4)
1676
(8, 2)
1677
(7, 1)
1678
(7, 1)
1679
(7, 1)
1680
(7, 1)
1681
(7, 1)
1682
(6, 2)
1683
(6, 2)
1684
(8, 2)
1685
(7, 1)
1686
(7, 1)
1687
(7, 1)
1688
(7, 1)
1689
(7, 1)
1690
(4, 7)
1691
(4, 7)
1692
(8, 2)
1693
(8, 2)
1694
(8, 2)
1695
(8, 2)
1696
(8, 3)
1697
(8, 2)
1698
(7, 2)
1699
(7, 2)
1700
(7, 1)
1701
(7, 1)
1702
(7, 1)
1703
(6, 1)
1704
(6, 1)
1705
(6, 1)
1706
(6, 1)
1707
(8, 2)
1708
(8, 2)
1709
(8, 3)
1710
(8, 2)
1711
(8, 3)
1712
(8, 2)
1713
(8, 2)
1714
(6, 4)
1715
(6, 4)
1716
(8, 2)
1717
(8, 2)
1718
(8, 2)
1719
(8, 2)
1720
(5, 4)
1721
(5, 4)
1722
(5, 4)
1723
(9, 3)
1724
(9, 3)
1725
(8, 2)
1726
(8, 3)
1727
(5, 4)
1728
(5, 4)
1729
(4, 6)
1730
(9, 3)
1731
(9, 3)
1732
(9, 3)
1733
(8, 2)
1734
(8, 2)
1735
(9, 3)
1736
(9, 3)
1737
(9, 3)
1738
(8, 2)
1739
(8, 2)
1740
(4, 7)
1741
(4, 7)
1742
(4, 7)
1743
(6, 4)
1744
(6, 4)
1745
(6, 4)
1746
(4, 7)
1747
(4, 7)
1748
(4, 5)
1749
(8, 2)
1750
(8, 2)
1751
(8, 2)
1752
(8, 2)
1753
(8, 2)
1754
(9, 2)
1755
(9, 2)
1756
(8, 2)
1757
(8, 2)
1758
(9, 2)
1759
(8, 2)
1760
(9, 2)
1761
(8, 2)
1762
(4, 5)
1763
(8, 2)
1764
(8, 1)
1765
(8, 1)
1766
(8, 1)
1767
(8, 1)
1768
(8, 1)
1769
(8, 2)
1770
(7, 1)
1771
(7, 1)
1772
(7, 1)
1773
(7, 1)
1774
(7, 1)
1775
(6, 1)
1776
(6, 1)
1777
(6, 1)
1778
(7, 1)
1779
(7, 1)
1780
(7, 1)
1781
(7, 1)
1782
(7, 1)
1783
(7, 1)
1784
(7, 1)
1785
(7, 1)
1786
(7, 1)
1787
(7, 1)
1788
(4, 6)
1789
(8, 2)
1790
(8, 2)
1791
(8, 2)
1792
(8, 2)
1793
(8, 2)
1794
(8, 2)
1795
(8, 2)
1796
(8, 2)
1797
(7, 2)
1798
(7, 1)
1799
(7, 1)
1800
(7, 1)
1801
(8, 2)
1802
(9, 2)
1803
(8, 1)
1804
(9, 3)
1805
(9, 3)
1806
(8, 2)
1807
(8, 1)
1808
(9, 3)
1809
(9, 2)
1810
(8, 2)
1811
(8, 2)
1812
(8, 2)
1813
(8, 2)
1814
(9, 3)
1815
(9, 3)
1816
(9, 3)
1817
(9, 3)
1818
(8, 2)
1819
(8, 2)
1820
(8, 2)
1821
(8, 2)
1822
(4, 7)
1823
(4, 7)
1824
(4, 7)
1825
(4, 7)
1826
(4, 7)
1827
(5, 5)
1828
(4, 6)
1829
(8, 1)
1830
(8, 1)
1831
(8, 1)
1832
(8, 1)
1833
(8, 1)
1834
(9, 2)
1835
(4, 6)
1836
(4, 6)
1837
(9, 2)
1838
(9, 2)
1839
(9, 2)
1840
(9, 2)
1841
(9, 2)
1842
(9, 2)
1843
(8, 1)
1844
(8, 1)
1845
(9, 3)
1846
(9, 3)
1847
(5, 5)
1848
(5, 5)
1849
(5, 5)
1850
(5, 5)
1851
(5, 5)
1852
(8, 1)
1853
(9, 2)
1854
(8, 1)
1855
(8, 1)
1856
(9, 3)
1857
(9, 3)
1858
(9, 3)
1859
(9, 2)
1860
(5, 5)
1861
(5, 5)
1862
(5, 5)
1863
(8, 1)
1864
(8, 1)
1865
(5, 5)
1866
(8, 1)
1867
(8, 1)
1868
(9, 2)
1869
(9, 2)
1870
(9, 2)
1871
(8, 1)
1872
(8, 1)
1873
(8, 1)
1874
(8, 1)
1875
(8, 1)
1876
(6, 5)
1877
(6, 5)
1878
(8, 1)
1879
(8, 1)
1880
(8, 1)
1881
(8, 1)
1882
(8, 1)
1883
(8, 1)
1884
(8, 1)
1885
(8, 1)
1886
(8, 1)
1887
(8, 1)
1888
(8, 1)
1889
(8, 1)
1890
(8, 1)
1891
(8, 1)
1892
(8, 1)
1893
(8, 1)
1894
(8, 1)
1895
(8, 1)
1896
(8, 1)
1897
(8, 1)
1898
(8, 1)
1899
(6, 5)
1900
(6, 5)
1901
(6, 5)
1902
(6, 5)
1903
(6, 5)
1904
(8, 1)
1905
(8, 1)
1906
(8, 1)
1907
(9, 2)
1908
(9, 2)
1909
(9, 2)
1910
(9, 2)
1911
(9, 2)
1912
(9, 2)
1913
(9, 3)
1914
(9, 3)
1915
(9, 2)
1916
(9, 2)
1917
(9, 3)
1918
(9, 3)
1919
(9, 2)
1920
(9, 2)
1921
(9, 2)
1922
(9, 2)
1923
(4, 8)
1924
(4, 8)
1925
(4, 8)
1926
(8, 1)
1927
(9, 2)
1928
(9, 2)
1929
(9, 2)
1930
(4, 6)
1931
(4, 8)
1932
(4, 8)
1933
(4, 8)
1934
(8, 1)
1935
(9, 2)
1936
(9, 2)
1937
(9, 2)
1938
(9, 1)
1939
(9, 2)
1940
(9, 2)
1941
(9, 2)
1942
(9, 2)
1943
(9, 2)
1944
(8, 1)
1945
(8, 1)
1946
(4, 6)
1947
(10, 3)
1948
(10, 3)
1949
(9, 2)
1950
(9, 2)
1951
(9, 2)
1952
(9, 2)
1953
(10, 3)
1954
(10, 3)
1955
(8, 1)
1956
(8, 1)
1957
(10, 3)
1958
(10, 3)
1959
(10, 3)
1960
(10, 3)
1961
(4, 6)
1962
(8, 1)
1963
(8, 1)
1964
(8, 1)
1965
(8, 1)
1966
(8, 1)
1967
(8, 1)
1968
(8, 1)
1969
(8, 1)
1970
(8, 1)
1971
(8, 1)
1972
(8, 1)
1973
(8, 1)
1974
(9, 2)
1975
(9, 2)
1976
(9, 2)
1977
(9, 2)
1978
(9, 2)
1979
(9, 2)
1980
(9, 2)
1981
(9, 2)
1982
(9, 2)
1983
(9, 2)
1984
(9, 2)
1985
(9, 2)
1986
(9, 3)
1987
(9, 3)
1988
(9, 3)
1989
(9, 3)
1990
(9, 3)
1991
(9, 3)
1992
(9, 3)
1993
(9, 3)
1994
(9, 2)
1995
(9, 2)
1996
(9, 3)
1997
(9, 2)
1998
(9, 2)
1999
(9, 2)
2000
(9, 2)
defaultdict(<function <lambda> at 0x2adabb3462a8>, {(7, 3): 38, (4, 7): 15, (9, 1): 1, (4, 8): 6, (5, 4): 38, (2, 1): 61, (6, 2): 100, (5, 1): 100, (10, 3): 18, (7, 2): 65, (1, 2): 1, (3, 3): 43, (8, 1): 68, (4, 4): 53, (6, 3): 70, (2, 2): 101, (4, 1): 80, (1, 1): 32, (6, 4): 15, (3, 2): 100, (8, 2): 100, (7, 1): 100, (4, 5): 39, (9, 3): 50, (5, 5): 10, (2, 3): 45, (4, 2): 78, (6, 5): 7, (5, 3): 69, (8, 3): 41, (4, 6): 36, (9, 2): 64, (6, 1): 100, (3, 1): 71, (11, 3): 1, (4, 3): 100, (5, 2): 84})
2001
(9, 2)
2002
(9, 2)
2003
(9, 2)
2004
(9, 2)
2005
(9, 2)
2006
(9, 2)
2007
(9, 2)
2008
(9, 2)
2009
(9, 2)
2010
(9, 2)
2011
(9, 2)
2012
(9, 2)
2013
(9, 2)
2014
(9, 2)
2015
(9, 2)
2016
(9, 2)
2017
(9, 2)
2018
(9, 2)
2019
(9, 2)
2020
(9, 2)
2021
(9, 2)
2022
(9, 2)
2023
(9, 2)
2024
(9, 2)
2025
(9, 2)
2026
(9, 2)
2027
(9, 2)
2028
(9, 2)
2029
(9, 3)
2030
(9, 3)
2031
(9, 3)
2032
(9, 3)
2033
(9, 3)
2034
(9, 3)
2035
(9, 2)
2036
(9, 2)
2037
(9, 2)
2038
(9, 2)
2039
(9, 2)
2040
(9, 3)
2041
(9, 3)
2042
(9, 3)
2043
(9, 3)
2044
(9, 3)
2045
(9, 3)
2046
(9, 2)
2047
(9, 2)
2048
(9, 3)
2049
(9, 3)
2050
(9, 2)
2051
(9, 1)
2052
(9, 1)
2053
(9, 1)
2054
(9, 1)
2055
(9, 1)
2056
(9, 1)
2057
(9, 4)
2058
(9, 4)
2059
(9, 4)
2060
(9, 1)
2061
(9, 1)
2062
(9, 1)
2063
(4, 6)
2064
(4, 6)
2065
(9, 4)
2066
(9, 4)
2067
(9, 4)
2068
(9, 4)
2069
(9, 4)
2070
(9, 1)
2071
(9, 1)
2072
(9, 1)
2073
(4, 8)
2074
(4, 8)
2075
(4, 8)
2076
(8, 1)
2077
(4, 8)
2078
(4, 8)
2079
(9, 1)
2080
(5, 5)
2081
(5, 5)
2082
(5, 5)
2083
(5, 5)
2084
(5, 5)
2085
(9, 1)
2086
(4, 6)
2087
(9, 3)
2088
(9, 3)
2089
(9, 3)
2090
(9, 3)
2091
(9, 3)
2092
(9, 3)
2093
(9, 3)
2094
(10, 2)
2095
(10, 2)
2096
(9, 1)
2097
(10, 3)
2098
(10, 3)
2099
(9, 1)
2100
(10, 3)
2101
(10, 3)
2102
(5, 5)
2103
(5, 5)
2104
(5, 5)
2105
(5, 5)
2106
(5, 5)
2107
(9, 1)
2108
(9, 1)
2109
(9, 1)
2110
(10, 3)
2111
(10, 3)
2112
(10, 3)
2113
(9, 1)
2114
(9, 1)
2115
(9, 1)
2116
(9, 1)
2117
(9, 1)
2118
(9, 1)
2119
(9, 1)
2120
(9, 1)
2121
(6, 5)
2122
(6, 5)
2123
(6, 5)
2124
(9, 3)
2125
(9, 3)
2126
(9, 3)
2127
(9, 3)
2128
(9, 3)
2129
(9, 3)
2130
(6, 5)
2131
(6, 5)
2132
(8, 1)
2133
(9, 1)
2134
(10, 2)
2135
(10, 2)
2136
(10, 2)
2137
(9, 1)
2138
(9, 1)
2139
(9, 1)
2140
(6, 5)
2141
(6, 5)
2142
(10, 2)
2143
(9, 1)
2144
(9, 1)
2145
(9, 1)
2146
(9, 1)
2147
(9, 1)
2148
(9, 1)
2149
(9, 1)
2150
(9, 1)
2151
(9, 1)
2152
(9, 1)
2153
(9, 1)
2154
(9, 1)
2155
(9, 1)
2156
(9, 1)
2157
(9, 1)
2158
(9, 1)
2159
(9, 1)
2160
(9, 1)
2161
(9, 1)
2162
(9, 1)
2163
(10, 3)
2164
(10, 3)
2165
(9, 1)
2166
(4, 6)
2167
(10, 3)
2168
(10, 3)
2169
(9, 4)
2170
(9, 4)
2171
(9, 4)
2172
(9, 4)
2173
(9, 4)
2174
(9, 3)
2175
(9, 3)
2176
(9, 3)
2177
(9, 3)
2178
(9, 3)
2179
(9, 3)
2180
(9, 3)
2181
(9, 3)
2182
(9, 4)
2183
(9, 4)
2184
(9, 4)
2185
(9, 4)
2186
(9, 4)
2187
(10, 2)
2188
(10, 2)
2189
(4, 9)
2190
(4, 9)
2191
(4, 9)
2192
(9, 4)
2193
(9, 4)
2194
(9, 4)
2195
(9, 4)
2196
(9, 4)
2197
(9, 4)
2198
(9, 4)
2199
(9, 4)
2200
(4, 9)
2201
(4, 9)
2202
(10, 2)
2203
(10, 2)
2204
(10, 2)
2205
(10, 2)
2206
(10, 2)
2207
(10, 2)
2208
(10, 2)
2209
(10, 2)
2210
(10, 2)
2211
(10, 3)
2212
(10, 3)
2213
(10, 3)
2214
(10, 3)
2215
(4, 9)
2216
(4, 9)
2217
(4, 9)
2218
(9, 4)
2219
(9, 4)
2220
(9, 4)
2221
(9, 4)
2222
(9, 4)
2223
(9, 4)
2224
(9, 4)
2225
(9, 4)
2226
(9, 4)
2227
(4, 9)
2228
(4, 9)
2229
(4, 7)
2230
(4, 7)
2231
(4, 7)
2232
(5, 6)
2233
(5, 6)
2234
(5, 6)
2235
(5, 6)
2236
(5, 6)
2237
(10, 2)
2238
(10, 2)
2239
(10, 2)
2240
(10, 2)
2241
(10, 2)
2242
(10, 2)
2243
(10, 2)
2244
(10, 2)
2245
(9, 4)
2246
(9, 4)
2247
(9, 4)
2248
(10, 3)
2249
(10, 3)
2250
(9, 4)
2251
(5, 6)
2252
(5, 6)
2253
(5, 6)
2254
(5, 6)
2255
(5, 6)
2256
(9, 4)
2257
(9, 4)
2258
(9, 4)
2259
(10, 3)
2260
(10, 3)
2261
(10, 3)
2262
(10, 3)
2263
(4, 9)
2264
(4, 9)
2265
(4, 9)
2266
(4, 9)
2267
(4, 9)
2268
(10, 2)
2269
(10, 2)
2270
(6, 6)
2271
(6, 6)
2272
(6, 6)
2273
(6, 6)
2274
(6, 6)
2275
(9, 4)
2276
(9, 4)
2277
(9, 4)
2278
(9, 4)
2279
(9, 4)
2280
(10, 2)
2281
(10, 2)
2282
(4, 7)
2283
(9, 4)
2284
(9, 4)
2285
(9, 4)
2286
(9, 4)
2287
(4, 7)
2288
(10, 2)
2289
(10, 2)
2290
(10, 1)
2291
(10, 1)
2292
(10, 1)
2293
(10, 2)
2294
(10, 2)
2295
(10, 2)
2296
(10, 2)
2297
(11, 3)
2298
(11, 3)
2299
(11, 3)
2300
(11, 3)
2301
(11, 3)
2302
(11, 3)
2303
(10, 2)
2304
(10, 2)
2305
(10, 1)
2306
(10, 1)
2307
(10, 1)
2308
(10, 2)
2309
(10, 2)
2310
(10, 2)
2311
(10, 2)
2312
(10, 2)
2313
(10, 2)
2314
(9, 4)
2315
(9, 4)
2316
(9, 4)
2317
(10, 2)
2318
(11, 2)
2319
(10, 2)
2320
(10, 2)
2321
(10, 2)
2322
(10, 2)
2323
(9, 4)
2324
(9, 4)
2325
(9, 4)
2326
(9, 4)
2327
(9, 4)
2328
(11, 3)
2329
(11, 3)
2330
(11, 3)
2331
(9, 5)
2332
(8, 5)
2333
(8, 4)
2334
(8, 4)
2335
(8, 4)
2336
(8, 4)
2337
(8, 4)
2338
(8, 4)
2339
(8, 3)
2340
(8, 3)
2341
(8, 3)
2342
(8, 3)
2343
(8, 3)
2344
(8, 3)
2345
(8, 3)
2346
(8, 3)
2347
(8, 3)
2348
(8, 3)
2349
(8, 3)
2350
(8, 3)
2351
(8, 3)
2352
(8, 3)
2353
(8, 3)
2354
(8, 3)
2355
(8, 3)
2356
(8, 3)
2357
(8, 3)
2358
(8, 3)
2359
(8, 3)
2360
(8, 3)
2361
(8, 3)
2362
(8, 3)
2363
(8, 4)
2364
(8, 4)
2365
(8, 4)
2366
(8, 4)
2367
(8, 4)
2368
(8, 4)
2369
(8, 4)
2370
(8, 4)
2371
(8, 4)
2372
(8, 4)
2373
(8, 4)
2374
(8, 4)
2375
(8, 4)
2376
(8, 4)
2377
(8, 5)
2378
(8, 5)
2379
(8, 4)
2380
(8, 4)
2381
(8, 4)
2382
(8, 4)
2383
(8, 4)
2384
(8, 4)
2385
(8, 3)
2386
(8, 3)
2387
(8, 3)
2388
(8, 3)
2389
(8, 3)
2390
(8, 3)
2391
(8, 3)
2392
(8, 3)
2393
(8, 3)
2394
(8, 3)
2395
(8, 3)
2396
(8, 3)
2397
(8, 3)
2398
(8, 3)
2399
(8, 3)
2400
(8, 3)
2401
(8, 3)
2402
(8, 3)
2403
(8, 3)
2404
(8, 3)
2405
(8, 3)
2406
(8, 3)
2407
(8, 3)
2408
(8, 3)
2409
(8, 3)
2410
(8, 3)
2411
(8, 4)
2412
(8, 4)
2413
(8, 4)
2414
(8, 4)
2415
(8, 4)
2416
(8, 4)
2417
(8, 4)
2418
(8, 4)
2419
(8, 4)
2420
(8, 4)
2421
(8, 4)
2422
(8, 4)
2423
(8, 4)
2424
(8, 4)
2425
(8, 4)
2426
(8, 5)
2427
(8, 5)
2428
(8, 4)
2429
(8, 4)
2430
(8, 4)
2431
(8, 4)
2432
(8, 4)
2433
(8, 4)
2434
(8, 3)
2435
(8, 3)
2436
(8, 3)
2437
(8, 3)
2438
(8, 3)
2439
(8, 3)
2440
(8, 3)
2441
(8, 3)
2442
(8, 3)
2443
(8, 4)
2444
(8, 4)
2445
(8, 4)
2446
(8, 4)
2447
(8, 4)
2448
(8, 4)
2449
(8, 4)
2450
(8, 4)
2451
(8, 4)
2452
(8, 4)
2453
(8, 4)
2454
(8, 4)
2455
(8, 4)
2456
(8, 4)
2457
(8, 5)
2458
(8, 5)
2459
(8, 4)
2460
(8, 4)
2461
(8, 4)
2462
(8, 4)
2463
(8, 4)
2464
(8, 4)
2465
(8, 4)
2466
(8, 4)
2467
(8, 4)
2468
(8, 4)
2469
(8, 4)
2470
(8, 4)
2471
(8, 4)
2472
(8, 4)
2473
(8, 4)
2474
(8, 4)
2475
(8, 4)
2476
(8, 4)
2477
(8, 4)
2478
(8, 4)
2479
(8, 5)
2480
(8, 5)
2481
(7, 5)
2482
(8, 5)
2483
(7, 5)
2484
(7, 5)
2485
(7, 5)
2486
(7, 5)
2487
(7, 5)
2488
(7, 5)
2489
(8, 5)
2490
(8, 5)
2491
(8, 5)
2492
(8, 5)
2493
(8, 5)
2494
(7, 5)
2495
(8, 5)
2496
(8, 5)
2497
(8, 5)
2498
(8, 5)
2499
(8, 5)
2500
(8, 5)
defaultdict(<function <lambda> at 0x2adabb3462a8>, {(7, 3): 38, (4, 7): 20, (9, 1): 53, (4, 8): 11, (5, 6): 10, (11, 2): 1, (5, 4): 38, (2, 1): 61, (6, 2): 100, (9, 4): 59, (5, 1): 100, (10, 3): 39, (7, 2): 65, (1, 2): 1, (4, 9): 15, (3, 3): 43, (8, 1): 70, (8, 5): 21, (4, 4): 53, (6, 3): 70, (2, 2): 101, (4, 1): 80, (1, 1): 32, (6, 4): 15, (3, 2): 100, (6, 6): 5, (8, 2): 100, (7, 1): 100, (4, 5): 39, (9, 3): 85, (5, 5): 20, (7, 5): 8, (2, 3): 45, (10, 1): 6, (4, 2): 78, (6, 5): 14, (5, 3): 69, (8, 3): 100, (4, 6): 40, (9, 2): 100, (6, 1): 100, (3, 1): 71, (11, 3): 10, (4, 3): 100, (9, 5): 1, (8, 4): 81, (5, 2): 84, (10, 2): 48})
2501
(8, 5)
2502
(8, 4)
2503
(8, 4)
2504
(8, 4)
2505
(8, 4)
2506
(8, 4)
2507
(8, 4)
2508
(8, 4)
2509
(8, 4)
2510
(8, 4)
2511
(8, 4)
2512
(8, 4)
2513
(8, 4)
2514
(8, 4)
2515
(8, 4)
2516
(8, 4)
2517
(8, 4)
2518
(8, 4)
2519
(8, 4)
2520
(8, 4)
2521
(8, 4)
2522
(8, 5)
2523
(8, 5)
2524
(8, 5)
2525
(8, 5)
2526
(8, 5)
2527
(8, 5)
2528
(8, 5)
2529
(8, 5)
2530
(8, 5)
2531
(8, 5)
2532
(7, 5)
2533
(8, 5)
2534
(7, 5)
2535
(7, 5)
2536
(8, 5)
2537
(7, 5)
2538
(7, 5)
2539
(7, 5)
2540
(7, 5)
2541
(7, 5)
2542
(7, 5)
2543
(7, 5)
2544
(7, 5)
2545
(7, 5)
2546
(8, 5)
2547
(8, 5)
2548
(8, 5)
2549
(8, 5)
2550
(8, 5)
2551
(8, 5)
2552
(8, 5)
2553
(8, 5)
2554
(8, 5)
2555
(7, 5)
2556
(8, 5)
2557
(8, 5)
2558
(8, 5)
2559
(8, 5)
2560
(8, 5)
2561
(9, 5)
2562
(9, 5)
2563
(8, 5)
2564
(8, 5)
2565
(8, 5)
2566
(8, 5)
2567
(8, 5)
2568
(8, 5)
2569
(8, 5)
2570
(11, 3)
2571
(10, 1)
2572
(11, 3)
2573
(10, 1)
2574
(11, 3)
2575
(11, 3)
2576
(8, 5)
2577
(8, 5)
2578
(8, 5)
2579
(9, 5)
2580
(9, 5)
2581
(9, 5)
2582
(8, 5)
2583
(8, 5)
2584
(7, 5)
2585
(8, 5)
2586
(7, 5)
2587
(7, 5)
2588
(7, 5)
2589
(7, 5)
2590
(7, 5)
2591
(8, 5)
2592
(8, 5)
2593
(9, 5)
2594
(9, 5)
2595
(9, 1)
2596
(9, 1)
2597
(9, 1)
2598
(9, 1)
2599
(9, 1)
2600
(8, 1)
2601
(8, 1)
2602
(8, 1)
2603
(9, 1)
2604
(9, 1)
2605
(9, 1)
2606
(9, 1)
2607
(9, 1)
2608
(8, 1)
2609
(8, 1)
2610
(8, 1)
2611
(7, 5)
2612
(7, 5)
2613
(7, 5)
2614
(7, 5)
2615
(7, 5)
2616
(8, 5)
2617
(8, 5)
2618
(10, 2)
2619
(10, 2)
2620
(10, 2)
2621
(3, 8)
2622
(3, 7)
2623
(3, 7)
2624
(3, 7)
2625
(4, 6)
2626
(4, 6)
2627
(4, 6)
2628
(4, 6)
2629
(4, 5)
2630
(4, 5)
2631
(4, 5)
2632
(4, 5)
2633
(4, 5)
2634
(4, 5)
2635
(4, 5)
2636
(4, 5)
2637
(4, 6)
2638
(4, 6)
2639
(4, 6)
2640
(4, 7)
2641
(3, 7)
2642
(3, 6)
2643
(4, 6)
2644
(4, 6)
2645
(4, 5)
2646
(4, 5)
2647
(4, 5)
2648
(4, 5)
2649
(4, 5)
2650
(4, 5)
2651
(4, 5)
2652
(4, 5)
2653
(4, 5)
2654
(4, 5)
2655
(4, 5)
2656
(4, 6)
2657
(4, 6)
2658
(4, 6)
2659
(3, 6)
2660
(3, 6)
2661
(3, 6)
2662
(3, 5)
2663
(3, 5)
2664
(3, 5)
2665
(3, 5)
2666
(3, 5)
2667
(3, 5)
2668
(3, 5)
2669
(3, 5)
2670
(3, 5)
2671
(3, 5)
2672
(3, 5)
2673
(3, 6)
2674
(3, 6)
2675
(3, 6)
2676
(3, 7)
2677
(3, 7)
2678
(4, 6)
2679
(4, 6)
2680
(4, 6)
2681
(4, 5)
2682
(4, 5)
2683
(4, 5)
2684
(4, 5)
2685
(4, 5)
2686
(4, 5)
2687
(4, 5)
2688
(4, 5)
2689
(4, 5)
2690
(4, 5)
2691
(4, 6)
2692
(4, 6)
2693
(4, 6)
2694
(3, 7)
2695
(3, 6)
2696
(4, 6)
2697
(4, 6)
2698
(4, 5)
2699
(4, 5)
2700
(4, 5)
2701
(4, 5)
2702
(4, 5)
2703
(4, 5)
2704
(4, 5)
2705
(4, 5)
2706
(4, 5)
2707
(4, 5)
2708
(4, 5)
2709
(4, 5)
2710
(4, 6)
2711
(4, 6)
2712
(3, 6)
2713
(3, 6)
2714
(3, 6)
2715
(3, 5)
2716
(3, 5)
2717
(3, 5)
2718
(3, 5)
2719
(3, 5)
2720
(3, 5)
2721
(3, 5)
2722
(3, 5)
2723
(3, 5)
2724
(3, 5)
2725
(3, 5)
2726
(3, 6)
2727
(3, 6)
2728
(3, 6)
2729
(3, 7)
2730
(3, 6)
2731
(4, 6)
2732
(4, 6)
2733
(4, 5)
2734
(4, 5)
2735
(4, 5)
2736
(4, 5)
2737
(4, 5)
2738
(4, 5)
2739
(4, 5)
2740
(4, 5)
2741
(4, 5)
2742
(4, 5)
2743
(4, 5)
2744
(4, 6)
2745
(3, 6)
2746
(3, 6)
2747
(3, 6)
2748
(3, 5)
2749
(3, 5)
2750
(3, 5)
2751
(3, 5)
2752
(3, 5)
2753
(3, 5)
2754
(3, 5)
2755
(3, 5)
2756
(3, 5)
2757
(3, 5)
2758
(3, 5)
2759
(3, 6)
2760
(3, 6)
2761
(3, 6)
2762
(3, 7)
2763
(3, 6)
2764
(4, 6)
2765
(4, 6)
2766
(4, 6)
2767
(4, 5)
2768
(4, 5)
2769
(4, 5)
2770
(4, 5)
2771
(4, 5)
2772
(4, 5)
2773
(4, 5)
2774
(4, 5)
2775
(4, 5)
2776
(3, 6)
2777
(3, 6)
2778
(3, 6)
2779
(3, 6)
2780
(3, 5)
2781
(3, 5)
2782
(3, 5)
2783
(3, 5)
2784
(3, 5)
2785
(3, 5)
2786
(3, 5)
2787
(3, 5)
2788
(3, 5)
2789
(3, 6)
2790
(3, 6)
2791
(3, 6)
2792
(3, 6)
2793
(3, 6)
2794
(3, 6)
2795
(3, 6)
2796
(3, 5)
2797
(3, 5)
2798
(3, 5)
2799
(3, 5)
2800
(3, 5)
2801
(3, 5)
2802
(3, 5)
2803
(3, 5)
2804
(3, 5)
2805
(3, 6)
2806
(3, 6)
2807
(3, 6)
2808
(3, 6)
2809
(3, 6)
2810
(3, 6)
2811
(3, 6)
2812
(2, 5)
2813
(2, 5)
2814
(2, 5)
2815
(2, 5)
2816
(3, 7)
2817
(3, 6)
2818
(4, 6)
2819
(4, 6)
2820
(3, 6)
2821
(3, 6)
2822
(3, 6)
2823
(3, 5)
2824
(2, 5)
2825
(2, 5)
2826
(2, 5)
2827
(2, 5)
2828
(3, 6)
2829
(4, 6)
2830
(4, 6)
2831
(4, 6)
2832
(3, 6)
2833
(3, 6)
2834
(3, 6)
2835
(3, 6)
2836
(3, 6)
2837
(2, 5)
2838
(2, 5)
2839
(4, 6)
2840
(3, 7)
2841
(4, 6)
2842
(4, 6)
2843
(4, 6)
2844
(3, 7)
2845
(3, 7)
2846
(4, 6)
2847
(4, 6)
2848
(4, 6)
2849
(4, 6)
2850
(4, 6)
2851
(4, 6)
2852
(4, 6)
2853
(3, 6)
2854
(3, 6)
2855
(2, 5)
2856
(2, 5)
2857
(4, 6)
2858
(4, 6)
2859
(4, 6)
2860
(4, 6)
2861
(4, 6)
2862
(4, 6)
2863
(4, 6)
2864
(4, 6)
2865
(3, 6)
2866
(3, 6)
2867
(3, 6)
2868
(3, 6)
2869
(2, 5)
2870
(2, 5)
2871
(2, 5)
2872
(2, 5)
2873
(2, 5)
2874
(4, 7)
2875
(4, 7)
2876
(3, 7)
2877
(3, 6)
2878
(3, 6)
2879
(3, 6)
2880
(3, 5)
2881
(3, 5)
2882
(3, 5)
2883
(3, 5)
2884
(3, 5)
2885
(3, 5)
2886
(3, 6)
2887
(3, 6)
2888
(3, 6)
2889
(3, 5)
2890
(3, 5)
2891
(3, 5)
2892
(3, 5)
2893
(3, 5)
2894
(3, 5)
2895
(3, 5)
2896
(3, 5)
2897
(3, 5)
2898
(3, 5)
2899
(3, 5)
2900
(3, 6)
2901
(3, 6)
2902
(3, 6)
2903
(3, 6)
2904
(3, 5)
2905
(3, 5)
2906
(3, 5)
2907
(3, 5)
2908
(3, 5)
2909
(3, 5)
2910
(3, 5)
2911
(3, 5)
2912
(3, 5)
2913
(3, 5)
2914
(3, 5)
2915
(3, 6)
2916
(3, 6)
2917
(3, 6)
2918
(3, 6)
2919
(3, 6)
2920
(2, 5)
2921
(2, 5)
2922
(2, 5)
2923
(2, 5)
2924
(2, 5)
2925
(3, 6)
2926
(3, 6)
2927
(3, 6)
2928
(3, 6)
2929
(3, 6)
2930
(2, 5)
2931
(2, 5)
2932
(2, 5)
2933
(2, 5)
2934
(2, 5)
2935
(3, 6)
2936
(3, 6)
2937
(3, 6)
2938
(3, 6)
2939
(2, 5)
2940
(2, 5)
2941
(2, 5)
2942
(2, 5)
2943
(2, 5)
2944
(3, 6)
2945
(3, 6)
2946
(3, 6)
2947
(3, 6)
2948
(3, 6)
2949
(3, 6)
2950
(2, 5)
2951
(2, 5)
2952
(2, 5)
2953
(3, 6)
2954
(3, 7)
2955
(3, 6)
2956
(3, 6)
2957
(3, 6)
2958
(3, 5)
2959
(3, 5)
2960
(3, 5)
2961
(3, 5)
2962
(3, 5)
2963
(3, 7)
2964
(3, 7)
2965
(3, 6)
2966
(3, 6)
2967
(3, 6)
2968
(3, 5)
2969
(3, 5)
2970
(3, 5)
2971
(3, 5)
2972
(3, 5)
2973
(4, 6)
2974
(4, 6)
2975
(4, 6)
2976
(4, 6)
2977
(3, 6)
2978
(3, 6)
2979
(3, 6)
2980
(3, 6)
2981
(3, 6)
2982
(4, 7)
2983
(3, 7)
2984
(4, 6)
2985
(2, 5)
2986
(2, 5)
2987
(3, 6)
2988
(4, 7)
2989
(4, 6)
2990
(4, 6)
2991
(4, 6)
2992
(3, 7)
2993
(3, 6)
2994
(3, 7)
2995
(3, 7)
2996
(3, 7)
2997
(3, 7)
2998
(4, 7)
2999
(4, 7)
3000
(4, 7)
defaultdict(<function <lambda> at 0x2adabb3462a8>, {(7, 3): 38, (4, 7): 28, (9, 1): 63, (4, 8): 11, (5, 6): 10, (11, 2): 1, (5, 4): 38, (2, 1): 61, (6, 2): 100, (9, 4): 59, (3, 7): 23, (5, 1): 100, (2, 5): 37, (10, 3): 39, (7, 2): 65, (1, 2): 1, (4, 9): 15, (3, 3): 43, (8, 1): 76, (8, 5): 65, (4, 4): 53, (6, 3): 70, (3, 6): 100, (2, 2): 101, (3, 5): 90, (4, 1): 80, (1, 1): 32, (6, 4): 15, (3, 2): 100, (6, 6): 5, (8, 2): 100, (7, 1): 100, (4, 5): 100, (9, 3): 85, (5, 5): 20, (7, 5): 32, (2, 3): 45, (10, 1): 8, (4, 2): 78, (6, 5): 14, (5, 3): 69, (8, 3): 100, (4, 6): 100, (9, 2): 100, (6, 1): 100, (3, 1): 71, (11, 3): 14, (3, 8): 1, (4, 3): 100, (9, 5): 8, (8, 4): 101, (5, 2): 84, (10, 2): 51})
3001
(4, 7)
3002
(4, 7)
3003
(3, 7)
3004
(3, 7)
3005
(1, 5)
3006
(3, 7)
3007
(4, 7)
3008
(2, 5)
3009
(3, 7)
3010
(3, 7)
3011
(3, 7)
3012
(1, 5)
3013
(1, 5)
3014
(4, 7)
3015
(3, 7)
3016
(3, 7)
3017
(3, 7)
3018
(3, 7)
3019
(3, 7)
3020
(3, 7)
3021
(3, 7)
3022
(2, 5)
3023
(2, 5)
3024
(4, 7)
3025
(4, 7)
3026
(3, 7)
3027
(4, 7)
3028
(4, 7)
3029
(3, 7)
3030
(3, 7)
3031
(4, 7)
3032
(3, 7)
3033
(3, 7)
3034
(4, 7)
3035
(4, 7)
3036
(4, 7)
3037
(4, 7)
3038
(4, 7)
3039
(3, 7)
3040
(3, 7)
3041
(3, 7)
3042
(3, 7)
3043
(4, 7)
3044
(3, 7)
3045
(3, 7)
3046
(3, 7)
3047
(4, 7)
3048
(4, 7)
3049
(4, 7)
3050
(3, 7)
3051
(4, 7)
3052
(4, 7)
3053
(4, 7)
3054
(4, 7)
3055
(4, 7)
3056
(3, 7)
3057
(3, 7)
3058
(3, 7)
3059
(3, 7)
3060
(3, 7)
3061
(3, 7)
3062
(3, 7)
3063
(4, 7)
3064
(1, 5)
3065
(3, 7)
3066
(4, 7)
3067
(3, 7)
3068
(3, 7)
3069
(3, 7)
3070
(3, 7)
3071
(3, 7)
3072
(3, 7)
3073
(4, 7)
3074
(4, 7)
3075
(3, 7)
3076
(3, 7)
3077
(4, 7)
3078
(4, 7)
3079
(3, 7)
3080
(3, 7)
3081
(4, 7)
3082
(3, 7)
3083
(3, 7)
3084
(1, 5)
3085
(3, 7)
3086
(3, 7)
3087
(3, 7)
3088
(3, 7)
3089
(1, 5)
3090
(4, 7)
3091
(1, 5)
3092
(1, 5)
3093
(3, 7)
3094
(3, 7)
3095
(4, 7)
3096
(3, 7)
3097
(3, 7)
3098
(3, 7)
3099
(4, 7)
3100
(4, 7)
3101
(4, 7)
3102
(3, 7)
3103
(3, 7)
3104
(3, 7)
3105
(3, 7)
3106
(3, 7)
3107
(3, 7)
3108
(4, 7)
3109
(4, 7)
3110
(4, 7)
3111
(4, 7)
3112
(4, 7)
3113
(4, 7)
3114
(3, 7)
3115
(3, 7)
3116
(3, 7)
3117
(4, 7)
3118
(4, 7)
3119
(4, 7)
3120
(3, 7)
3121
(4, 7)
3122
(3, 7)
3123
(3, 7)
3124
(3, 7)
3125
(3, 7)
3126
(3, 7)
3127
(4, 7)
3128
(4, 7)
3129
(4, 7)
3130
(4, 7)
3131
(4, 7)
3132
(3, 7)
3133
(3, 7)
3134
(3, 7)
3135
(4, 7)
3136
(3, 7)
3137
(3, 7)
3138
(3, 7)
3139
(3, 7)
3140
(4, 7)
3141
(4, 7)
3142
(4, 7)
3143
(4, 7)
3144
(4, 7)
3145
(4, 7)
3146
(4, 7)
3147
(4, 7)
3148
(4, 7)
3149
(4, 7)
3150
(4, 7)
3151
(4, 7)
3152
(4, 7)
3153
(4, 7)
3154
(4, 7)
3155
(4, 7)
3156
(4, 7)
3157
(4, 7)
3158
(4, 7)
3159
(4, 7)
3160
(4, 7)
3161
(1, 5)
3162
(1, 5)
3163
(1, 6)
3164
(1, 5)
3165
(1, 5)
3166
(1, 6)
3167
(1, 6)
3168
(1, 6)
3169
(1, 6)
3170
(1, 6)
3171
(1, 6)
3172
(1, 6)
3173
(1, 6)
3174
(1, 6)
3175
(1, 6)
3176
(1, 6)
3177
(1, 6)
3178
(1, 6)
3179
(1, 6)
3180
(1, 6)
3181
(1, 6)
3182
(1, 6)
3183
(1, 6)
3184
(1, 6)
3185
(1, 6)
3186
(1, 6)
3187
(1, 6)
3188
(1, 6)
3189
(1, 6)
3190
(1, 6)
3191
(1, 6)
3192
(1, 6)
3193
(1, 6)
3194
(1, 6)
3195
(1, 5)
3196
(1, 5)
3197
(1, 5)
3198
(1, 5)
3199
(1, 5)
3200
(1, 5)
3201
(1, 5)
3202
(1, 5)
3203
(1, 5)
3204
(1, 6)
3205
(1, 6)
3206
(1, 6)
3207
(1, 6)
3208
(1, 6)
3209
(1, 6)
3210
(2, 5)
3211
(2, 5)
3212
(2, 5)
3213
(2, 5)
3214
(2, 5)
3215
(3, 5)
3216
(3, 5)
3217
(3, 6)
3218
(3, 6)
3219
(3, 6)
3220
(3, 6)
3221
(4, 7)
3222
(4, 7)
3223
(1, 6)
3224
(1, 6)
3225
(1, 6)
3226
(1, 6)
3227
(2, 5)
3228
(2, 5)
3229
(2, 5)
3230
(2, 5)
3231
(2, 5)
3232
(3, 5)
3233
(3, 5)
3234
(3, 5)
3235
(3, 5)
3236
(3, 6)
3237
(3, 6)
3238
(4, 6)
3239
(4, 6)
3240
(4, 7)
3241
(1, 6)
3242
(1, 6)
3243
(1, 6)
3244
(2, 6)
3245
(2, 5)
3246
(2, 5)
3247
(2, 5)
3248
(2, 5)
3249
(3, 5)
3250
(3, 5)
3251
(3, 5)
3252
(3, 6)
3253
(3, 6)
3254
(3, 6)
3255
(4, 6)
3256
(4, 7)
3257
(1, 6)
3258
(1, 6)
3259
(1, 6)
3260
(1, 6)
3261
(1, 5)
3262
(1, 5)
3263
(1, 5)
3264
(1, 5)
3265
(1, 5)
3266
(1, 5)
3267
(1, 5)
3268
(1, 5)
3269
(1, 5)
3270
(1, 6)
3271
(1, 6)
3272
(1, 6)
3273
(1, 6)
3274
(2, 6)
3275
(2, 6)
3276
(2, 5)
3277
(2, 5)
3278
(2, 5)
3279
(3, 5)
3280
(3, 5)
3281
(3, 5)
3282
(3, 5)
3283
(3, 6)
3284
(3, 6)
3285
(4, 6)
3286
(4, 6)
3287
(4, 7)
3288
(1, 6)
3289
(1, 6)
3290
(2, 6)
3291
(2, 6)
3292
(2, 5)
3293
(2, 5)
3294
(2, 5)
3295
(3, 5)
3296
(3, 5)
3297
(3, 5)
3298
(3, 5)
3299
(3, 5)
3300
(3, 5)
3301
(4, 6)
3302
(4, 6)
3303
(4, 6)
3304
(4, 6)
3305
(1, 6)
3306
(2, 6)
3307
(2, 6)
3308
(2, 6)
3309
(2, 5)
3310
(2, 5)
3311
(3, 5)
3312
(3, 5)
3313
(3, 5)
3314
(3, 5)
3315
(3, 5)
3316
(3, 6)
3317
(4, 6)
3318
(4, 6)
3319
(4, 6)
3320
(1, 6)
3321
(1, 6)
3322
(1, 6)
3323
(1, 6)
3324
(1, 5)
3325
(1, 5)
3326
(1, 5)
3327
(1, 5)
3328
(1, 5)
3329
(1, 5)
3330
(1, 5)
3331
(1, 5)
3332
(1, 5)
3333
(1, 6)
3334
(1, 6)
3335
(2, 6)
3336
(2, 6)
3337
(2, 6)
3338
(2, 6)
3339
(2, 5)
3340
(3, 5)
3341
(3, 5)
3342
(3, 5)
3343
(3, 5)
3344
(3, 5)
3345
(4, 5)
3346
(4, 6)
3347
(4, 6)
3348
(4, 6)
3349
(4, 6)
3350
(2, 6)
3351
(2, 6)
3352
(2, 6)
3353
(2, 6)
3354
(2, 5)
3355
(3, 5)
3356
(3, 5)
3357
(3, 5)
3358
(3, 5)
3359
(3, 5)
3360
(4, 5)
3361
(4, 5)
3362
(4, 5)
3363
(4, 6)
3364
(4, 6)
3365
(4, 6)
3366
(2, 6)
3367
(2, 6)
3368
(2, 6)
3369
(2, 6)
3370
(3, 5)
3371
(3, 5)
3372
(3, 5)
3373
(3, 5)
3374
(3, 5)
3375
(4, 5)
3376
(4, 5)
3377
(4, 6)
3378
(4, 6)
3379
(4, 6)
3380
(2, 6)
3381
(2, 6)
3382
(1, 6)
3383
(1, 6)
3384
(1, 5)
3385
(1, 5)
3386
(1, 5)
3387
(1, 5)
3388
(1, 5)
3389
(1, 5)
3390
(1, 5)
3391
(1, 5)
3392
(2, 6)
3393
(2, 6)
3394
(2, 6)
3395
(3, 6)
3396
(3, 5)
3397
(3, 5)
3398
(3, 5)
3399
(3, 5)
3400
(4, 5)
3401
(4, 5)
3402
(4, 5)
3403
(4, 6)
3404
(4, 6)
3405
(2, 6)
3406
(2, 6)
3407
(2, 6)
3408
(1, 6)
3409
(1, 5)
3410
(1, 5)
3411
(1, 5)
3412
(1, 5)
3413
(1, 5)
3414
(1, 5)
3415
(1, 5)
3416
(2, 6)
3417
(2, 6)
3418
(3, 6)
3419
(3, 6)
3420
(3, 5)
3421
(3, 5)
3422
(3, 5)
3423
(4, 5)
3424
(4, 5)
3425
(4, 5)
3426
(4, 5)
3427
(4, 6)
3428
(4, 6)
3429
(1, 5)
3430
(2, 6)
3431
(2, 6)
3432
(2, 6)
3433
(2, 6)
3434
(1, 5)
3435
(1, 5)
3436
(1, 5)
3437
(1, 5)
3438
(1, 5)
3439
(1, 5)
3440
(2, 6)
3441
(3, 6)
3442
(3, 6)
3443
(3, 6)
3444
(3, 5)
3445
(3, 5)
3446
(4, 5)
3447
(4, 5)
3448
(4, 5)
3449
(4, 5)
3450
(4, 5)
3451
(4, 6)
3452
(3, 7)
3453
(3, 6)
3454
(3, 6)
3455
(3, 6)
3456
(3, 5)
3457
(3, 5)
3458
(3, 5)
3459
(3, 5)
3460
(3, 5)
3461
(3, 5)
3462
(3, 5)
3463
(3, 5)
3464
(3, 5)
3465
(3, 5)
3466
(3, 5)
3467
(3, 5)
3468
(3, 6)
3469
(3, 6)
3470
(3, 6)
3471
(3, 6)
3472
(3, 5)
3473
(4, 5)
3474
(4, 5)
3475
(4, 5)
3476
(4, 5)
3477
(4, 5)
3478
(5, 5)
3479
(3, 6)
3480
(5, 5)
3481
(3, 6)
3482
(3, 6)
3483
(3, 6)
3484
(3, 6)
3485
(3, 6)
3486
(3, 6)
3487
(3, 6)
3488
(3, 5)
3489
(3, 5)
3490
(3, 5)
3491
(3, 5)
3492
(3, 5)
3493
(3, 5)
3494
(3, 5)
3495
(3, 5)
3496
(3, 5)
3497
(3, 5)
3498
(3, 5)
3499
(3, 6)
3500
(3, 6)
defaultdict(<function <lambda> at 0x2adabb3462a8>, {(7, 3): 38, (4, 7): 105, (9, 1): 63, (4, 8): 11, (5, 6): 10, (11, 2): 1, (5, 4): 38, (2, 1): 61, (6, 2): 100, (1, 6): 63, (9, 4): 59, (3, 7): 101, (5, 1): 100, (2, 5): 64, (10, 3): 39, (7, 2): 65, (1, 2): 1, (4, 9): 15, (3, 3): 43, (8, 1): 76, (8, 5): 65, (4, 4): 53, (6, 3): 70, (1, 5): 61, (3, 6): 135, (2, 2): 101, (3, 5): 162, (4, 1): 80, (1, 1): 32, (6, 4): 15, (3, 2): 100, (2, 6): 35, (6, 6): 5, (8, 2): 100, (7, 1): 100, (4, 5): 123, (9, 3): 85, (5, 5): 22, (7, 5): 32, (2, 3): 45, (10, 1): 8, (4, 2): 78, (6, 5): 14, (5, 3): 69, (8, 3): 100, (4, 6): 127, (9, 2): 100, (6, 1): 100, (3, 1): 71, (11, 3): 14, (3, 8): 1, (4, 3): 100, (9, 5): 8, (8, 4): 101, (5, 2): 84, (10, 2): 51})
3501
(3, 6)
3502
(3, 6)
3503
(3, 5)
3504
(4, 5)
3505
(4, 5)
3506
(4, 5)
3507
(4, 5)
3508
(4, 5)
3509
(5, 5)
3510
(3, 6)
3511
(5, 5)
3512
(3, 6)
3513
(3, 6)
3514
(3, 6)
3515
(3, 6)
3516
(3, 5)
3517
(3, 5)
3518
(3, 5)
3519
(3, 5)
3520
(3, 5)
3521
(3, 5)
3522
(3, 5)
3523
(3, 5)
3524
(3, 5)
3525
(3, 5)
3526
(3, 5)
3527
(3, 6)
3528
(3, 6)
3529
(3, 6)
3530
(3, 6)
3531
(3, 5)
3532
(4, 5)
3533
(4, 5)
3534
(4, 5)
3535
(4, 5)
3536
(4, 5)
3537
(5, 5)
3538
(3, 6)
3539
(5, 5)
3540
(3, 6)
3541
(3, 6)
3542
(3, 6)
3543
(3, 6)
3544
(3, 6)
3545
(3, 6)
3546
(3, 6)
3547
(3, 6)
3548
(3, 7)
3549
(3, 6)
3550
(3, 6)
3551
(3, 6)
3552
(3, 5)
3553
(3, 5)
3554
(3, 5)
3555
(3, 5)
3556
(3, 5)
3557
(3, 5)
3558
(3, 5)
3559
(3, 5)
3560
(3, 5)
3561
(3, 5)
3562
(3, 5)
3563
(3, 5)
3564
(3, 6)
3565
(3, 6)
3566
(3, 6)
3567
(4, 6)
3568
(4, 5)
3569
(4, 5)
3570
(4, 5)
3571
(4, 5)
3572
(5, 5)
3573
(3, 6)
3574
(3, 6)
3575
(3, 6)
3576
(3, 6)
3577
(3, 6)
3578
(3, 6)
3579
(5, 5)
3580
(3, 6)
3581
(3, 6)
3582
(3, 6)
3583
(3, 5)
3584
(3, 5)
3585
(3, 5)
3586
(3, 6)
3587
(3, 6)
3588
(4, 6)
3589
(4, 5)
3590
(4, 5)
3591
(4, 5)
3592
(4, 5)
3593
(5, 5)
3594
(3, 6)
3595
(3, 6)
3596
(3, 6)
3597
(5, 5)
3598
(3, 6)
3599
(3, 6)
3600
(3, 6)
3601
(3, 6)
3602
(3, 6)
3603
(4, 6)
3604
(4, 5)
3605
(4, 5)
3606
(4, 5)
3607
(4, 5)
3608
(5, 5)
3609
(3, 6)
3610
(3, 6)
3611
(5, 5)
3612
(3, 6)
3613
(3, 6)
3614
(3, 6)
3615
(3, 6)
3616
(3, 6)
3617
(3, 6)
3618
(3, 6)
3619
(2, 6)
3620
(2, 5)
3621
(2, 5)
3622
(2, 5)
3623
(2, 5)
3624
(1, 5)
3625
(3, 7)
3626
(3, 6)
3627
(3, 6)
3628
(3, 6)
3629
(4, 5)
3630
(4, 5)
3631
(4, 5)
3632
(4, 5)
3633
(4, 5)
3634
(4, 5)
3635
(4, 5)
3636
(4, 5)
3637
(4, 5)
3638
(4, 5)
3639
(4, 5)
3640
(4, 5)
3641
(3, 6)
3642
(3, 6)
3643
(3, 6)
3644
(3, 6)
3645
(3, 6)
3646
(3, 6)
3647
(4, 6)
3648
(4, 6)
3649
(4, 6)
3650
(4, 5)
3651
(4, 5)
3652
(3, 6)
3653
(4, 6)
3654
(4, 6)
3655
(4, 6)
3656
(4, 5)
3657
(4, 5)
3658
(3, 6)
3659
(5, 5)
3660
(4, 6)
3661
(4, 6)
3662
(4, 6)
3663
(4, 5)
3664
(4, 5)
3665
(5, 5)
3666
(4, 6)
3667
(4, 6)
3668
(5, 5)
3669
(4, 6)
3670
(4, 6)
3671
(3, 7)
3672
(3, 7)
3673
(3, 7)
3674
(3, 7)
3675
(5, 5)
3676
(3, 7)
3677
(3, 7)
3678
(3, 7)
3679
(3, 7)
3680
(3, 7)
3681
(5, 5)
3682
(4, 6)
3683
(4, 6)
3684
(4, 6)
3685
(4, 6)
3686
(1, 5)
3687
(5, 5)
3688
(3, 7)
3689
(3, 7)
3690
(3, 7)
3691
(3, 7)
3692
(2, 6)
3693
(2, 6)
3694
(2, 6)
3695
(2, 5)
3696
(2, 5)
3697
(1, 5)
3698
(1, 5)
3699
(1, 5)
3700
(4, 6)
3701
(3, 7)
3702
(3, 7)
3703
(3, 7)
3704
(3, 7)
3705
(3, 7)
3706
(3, 7)
3707
(3, 7)
3708
(3, 7)
3709
(2, 6)
3710
(2, 6)
3711
(2, 6)
3712
(2, 5)
3713
(2, 5)
3714
(1, 5)
3715
(1, 5)
3716
(1, 5)
3717
(4, 7)
3718
(4, 6)
3719
(4, 6)
3720
(4, 6)
3721
(4, 6)
3722
(4, 7)
3723
(4, 6)
3724
(4, 6)
3725
(4, 6)
3726
(4, 6)
3727
(4, 7)
3728
(4, 6)
3729
(4, 6)
3730
(4, 6)
3731
(4, 6)
3732
(4, 7)
3733
(4, 7)
3734
(5, 5)
3735
(3, 7)
3736
(3, 7)
3737
(3, 7)
3738
(3, 7)
3739
(3, 7)
3740
(4, 6)
3741
(2, 6)
3742
(2, 6)
3743
(2, 6)
3744
(2, 5)
3745
(2, 5)
3746
(1, 5)
3747
(1, 5)
3748
(1, 5)
3749
(3, 7)
3750
(5, 5)
3751
(5, 5)
3752
(5, 5)
3753
(5, 5)
3754
(1, 5)
3755
(1, 5)
3756
(3, 7)
3757
(3, 7)
3758
(3, 7)
3759
(3, 7)
3760
(4, 6)
3761
(5, 5)
3762
(1, 5)
3763
(2, 6)
3764
(1, 5)
3765
(4, 7)
3766
(4, 7)
3767
(4, 7)
3768
(3, 7)
3769
(3, 7)
3770
(3, 7)
3771
(3, 7)
3772
(3, 7)
3773
(5, 5)
3774
(4, 7)
3775
(4, 7)
3776
(4, 7)
3777
(4, 7)
3778
(2, 6)
3779
(4, 6)
3780
(4, 6)
3781
(4, 6)
3782
(4, 6)
3783
(1, 5)
3784
(3, 7)
3785
(3, 7)
3786
(3, 7)
3787
(3, 7)
3788
(3, 7)
3789
(5, 5)
3790
(2, 6)
3791
(2, 6)
3792
(2, 6)
3793
(2, 6)
3794
(2, 5)
3795
(2, 6)
3796
(2, 6)
3797
(2, 6)
3798
(2, 6)
3799
(2, 5)
3800
(2, 5)
3801
(2, 5)
3802
(2, 5)
3803
(2, 5)
3804
(2, 5)
3805
(2, 5)
3806
(2, 5)
3807
(2, 5)
3808
(2, 6)
3809
(2, 6)
3810
(4, 7)
3811
(4, 6)
3812
(4, 6)
3813
(4, 6)
3814
(4, 6)
3815
(4, 7)
3816
(4, 6)
3817
(4, 6)
3818
(4, 6)
3819
(4, 6)
3820
(4, 7)
3821
(4, 6)
3822
(4, 6)
3823
(4, 6)
3824
(4, 6)
3825
(3, 7)
3826
(3, 7)
3827
(3, 7)
3828
(5, 5)
3829
(1, 5)
3830
(5, 5)
3831
(5, 5)
3832
(5, 5)
3833
(2, 6)
3834
(2, 6)
3835
(2, 6)
3836
(2, 6)
3837
(2, 6)
3838
(2, 5)
3839
(2, 5)
3840
(2, 5)
3841
(2, 5)
3842
(2, 5)
3843
(2, 5)
3844
(2, 5)
3845
(2, 5)
3846
(2, 5)
3847
(2, 6)
3848
(2, 6)
3849
(3, 7)
3850
(3, 7)
3851
(3, 7)
3852
(3, 7)
3853
(3, 7)
3854
(3, 7)
3855
(3, 7)
3856
(5, 5)
3857
(5, 5)
3858
(5, 5)
3859
(4, 6)
3860
(2, 6)
3861
(2, 6)
3862
(2, 6)
3863
(2, 6)
3864
(2, 6)
3865
(2, 6)
3866
(2, 6)
3867
(3, 7)
3868
(3, 7)
3869
(3, 7)
3870
(4, 7)
3871
(4, 7)
3872
(4, 7)
3873
(4, 7)
3874
(4, 7)
3875
(3, 7)
3876
(3, 7)
3877
(3, 7)
3878
(5, 5)
3879
(4, 7)
3880
(4, 7)
3881
(4, 7)
3882
(2, 6)
3883
(2, 6)
3884
(2, 6)
3885
(2, 6)
3886
(2, 5)
3887
(2, 5)
3888
(2, 5)
3889
(2, 5)
3890
(2, 5)
3891
(2, 5)
3892
(2, 5)
3893
(2, 5)
3894
(2, 5)
3895
(2, 6)
3896
(2, 6)
3897
(3, 7)
3898
(3, 7)
3899
(3, 7)
3900
(3, 7)
3901
(2, 6)
3902
(2, 6)
3903
(2, 6)
3904
(2, 6)
3905
(2, 6)
3906
(3, 7)
3907
(3, 7)
3908
(1, 5)
3909
(1, 5)
3910
(2, 6)
3911
(2, 6)
3912
(2, 6)
3913
(2, 6)
3914
(2, 6)
3915
(2, 6)
3916
(2, 6)
3917
(2, 6)
3918
(2, 6)
3919
(2, 6)
3920
(1, 5)
3921
(1, 5)
3922
(1, 5)
3923
(1, 5)
3924
(1, 5)
3925
(1, 5)
3926
(1, 5)
3927
(2, 6)
3928
(2, 6)
3929
(2, 6)
3930
(2, 6)
3931
(2, 5)
3932
(2, 5)
3933
(2, 5)
3934
(2, 5)
3935
(2, 5)
3936
(2, 5)
3937
(2, 5)
3938
(2, 5)
3939
(2, 5)
3940
(2, 6)
3941
(2, 6)
3942
(1, 5)
3943
(1, 5)
3944
(4, 7)
3945
(4, 7)
3946
(4, 7)
3947
(4, 7)
3948
(3, 7)
3949
(3, 7)
3950
(3, 7)
3951
(3, 7)
3952
(5, 5)
3953
(3, 7)
3954
(3, 7)
3955
(3, 7)
3956
(3, 7)
3957
(3, 7)
3958
(3, 7)
3959
(3, 7)
3960
(3, 7)
3961
(3, 7)
3962
(3, 7)
3963
(3, 7)
3964
(2, 6)
3965
(2, 6)
3966
(4, 7)
3967
(4, 6)
3968
(4, 6)
3969
(4, 6)
3970
(4, 6)
3971
(4, 7)
3972
(4, 6)
3973
(4, 6)
3974
(4, 6)
3975
(4, 6)
3976
(4, 7)
3977
(4, 6)
3978
(4, 6)
3979
(4, 6)
3980
(4, 6)
3981
(4, 7)
3982
(4, 7)
3983
(4, 7)
3984
(4, 7)
3985
(4, 7)
3986
(4, 7)
3987
(4, 7)
3988
(4, 7)
3989
(4, 6)
3990
(4, 6)
3991
(4, 6)
3992
(4, 7)
3993
(4, 7)
3994
(4, 6)
3995
(4, 6)
3996
(4, 6)
3997
(3, 7)
3998
(2, 6)
3999
(3, 7)
4000
(3, 7)
defaultdict(<function <lambda> at 0x2adabb3462a8>, {(7, 3): 38, (4, 7): 145, (9, 1): 63, (4, 8): 11, (5, 6): 10, (11, 2): 1, (5, 4): 38, (2, 1): 61, (6, 2): 100, (1, 6): 63, (9, 4): 59, (3, 7): 184, (5, 1): 100, (2, 5): 111, (10, 3): 39, (7, 2): 65, (1, 2): 1, (4, 9): 15, (3, 3): 43, (8, 1): 76, (8, 5): 65, (4, 4): 53, (6, 3): 70, (1, 5): 89, (3, 6): 200, (2, 2): 101, (3, 5): 190, (4, 1): 80, (1, 1): 32, (6, 4): 15, (3, 2): 100, (2, 6): 101, (6, 6): 5, (8, 2): 100, (7, 1): 100, (4, 5): 163, (9, 3): 85, (5, 5): 55, (7, 5): 32, (2, 3): 45, (10, 1): 8, (4, 2): 78, (6, 5): 14, (5, 3): 69, (8, 3): 100, (4, 6): 197, (9, 2): 100, (6, 1): 100, (3, 1): 71, (11, 3): 14, (3, 8): 1, (4, 3): 100, (9, 5): 8, (8, 4): 101, (5, 2): 84, (10, 2): 51})
4001
(3, 7)
4002
(3, 7)
4003
(3, 7)
4004
(5, 5)
4005
(5, 5)
4006
(5, 5)
4007
(3, 7)
4008
(3, 7)
4009
(3, 7)
4010
(3, 7)
4011
(3, 7)
4012
(3, 7)
4013
(4, 7)
4014
(4, 7)
4015
(4, 7)
4016
(4, 7)
4017
(4, 7)
4018
(5, 6)
4019
(5, 6)
4020
(5, 6)
4021
(5, 6)
4022
(5, 6)
4023
(5, 6)
4024
(3, 7)
4025
(3, 7)
4026
(3, 7)
4027
(3, 7)
4028
(3, 7)
4029
(3, 7)
4030
(3, 7)
4031
(4, 6)
4032
(5, 5)
4033
(5, 5)
4034
(5, 5)
4035
(5, 5)
4036
(5, 6)
4037
(4, 7)
4038
(4, 7)
4039
(4, 6)
4040
(4, 6)
4041
(5, 5)
4042
(4, 7)
4043
(4, 7)
4044
(4, 7)
4045
(4, 7)
4046
(4, 7)
4047
(4, 7)
4048
(4, 7)
4049
(1, 5)
4050
(1, 5)
4051
(4, 7)
4052
(4, 7)
4053
(4, 7)
4054
(4, 7)
4055
(4, 7)
4056
(4, 7)
4057
(4, 7)
4058
(4, 7)
4059
(1, 5)
4060
(4, 7)
4061
(4, 7)
4062
(4, 7)
4063
(4, 7)
4064
(4, 7)
4065
(4, 7)
4066
(4, 7)
4067
(4, 7)
4068
(1, 6)
4069
(1, 6)
4070
(1, 6)
4071
(1, 6)
4072
(5, 5)
4073
(5, 5)
4074
(5, 6)
4075
(5, 5)
4076
(5, 6)
4077
(5, 6)
4078
(1, 5)
4079
(1, 5)
4080
(5, 5)
4081
(5, 5)
4082
(5, 5)
4083
(4, 7)
4084
(4, 7)
4085
(4, 7)
4086
(4, 7)
4087
(4, 7)
4088
(4, 7)
4089
(4, 7)
4090
(4, 7)
4091
(4, 7)
4092
(4, 7)
4093
(4, 7)
4094
(4, 7)
4095
(4, 7)
4096
(1, 5)
4097
(1, 5)
4098
(1, 5)
4099
(1, 5)
4100
(5, 5)
4101
(5, 5)
4102
(1, 5)
4103
(1, 5)
4104
(1, 5)
4105
(1, 6)
4106
(1, 6)
4107
(1, 6)
4108
(1, 6)
4109
(4, 7)
4110
(4, 7)
4111
(4, 7)
4112
(4, 7)
4113
(4, 7)
4114
(4, 7)
4115
(5, 5)
4116
(5, 5)
4117
(5, 5)
4118
(1, 6)
4119
(4, 7)
4120
(4, 7)
4121
(4, 7)
4122
(4, 7)
4123
(5, 6)
4124
(1, 6)
4125
(1, 6)
4126
(1, 6)
4127
(1, 6)
4128
(1, 6)
4129
(1, 6)
4130
(1, 6)
4131
(1, 6)
4132
(1, 6)
4133
(1, 6)
4134
(1, 6)
4135
(1, 6)
4136
(5, 6)
4137
(4, 7)
4138
(4, 7)
4139
(1, 6)
4140
(1, 6)
4141
(1, 6)
4142
(1, 6)
4143
(1, 6)
4144
(1, 6)
4145
(1, 6)
4146
(1, 6)
4147
(1, 6)
4148
(1, 6)
4149
(1, 6)
4150
(1, 6)
4151
(5, 5)
4152
(5, 5)
4153
(5, 5)
4154
(5, 5)
4155
(5, 6)
4156
(5, 6)
4157
(5, 5)
4158
(1, 6)
4159
(1, 6)
4160
(1, 6)
4161
(5, 6)
4162
(1, 6)
4163
(5, 5)
4164
(5, 5)
4165
(5, 5)
4166
(5, 5)
4167
(5, 6)
4168
(5, 6)
4169
(5, 5)
4170
(5, 5)
4171
(5, 5)
4172
(5, 5)
4173
(5, 6)
4174
(5, 5)
4175
(5, 5)
4176
(5, 6)
4177
(5, 5)
4178
(5, 6)
4179
(5, 6)
4180
(6, 5)
4181
(6, 5)
4182
(5, 6)
4183
(6, 5)
4184
(5, 5)
4185
(5, 5)
4186
(5, 5)
4187
(5, 6)
4188
(5, 6)
4189
(5, 6)
4190
(5, 6)
4191
(5, 6)
4192
(5, 6)
4193
(5, 6)
4194
(5, 6)
4195
(5, 6)
4196
(5, 6)
4197
(5, 6)
4198
(5, 6)
4199
(6, 6)
4200
(6, 6)
4201
(6, 6)
4202
(5, 6)
4203
(4, 8)
4204
(6, 5)
4205
(6, 5)
4206
(6, 5)
4207
(5, 6)
4208
(5, 6)
4209
(5, 6)
4210
(5, 6)
4211
(6, 5)
4212
(6, 5)
4213
(6, 5)
4214
(5, 7)
4215
(6, 5)
4216
(5, 7)
4217
(5, 7)
4218
(5, 7)
4219
(5, 7)
4220
(5, 6)
4221
(5, 6)
4222
(5, 6)
4223
(5, 6)
4224
(6, 5)
4225
(6, 5)
4226
(6, 5)
4227
(5, 7)
4228
(6, 5)
4229
(6, 6)
4230
(6, 6)
4231
(6, 6)
4232
(6, 5)
4233
(6, 5)
4234
(5, 7)
4235
(5, 6)
4236
(5, 6)
4237
(5, 6)
4238
(5, 6)
4239
(6, 5)
4240
(6, 5)
4241
(6, 5)
4242
(5, 7)
4243
(5, 6)
4244
(5, 6)
4245
(5, 6)
4246
(5, 6)
4247
(6, 5)
4248
(6, 5)
4249
(6, 5)
4250
(5, 7)
4251
(5, 6)
4252
(5, 6)
4253
(5, 6)
4254
(5, 6)
4255
(6, 5)
4256
(6, 5)
4257
(6, 5)
4258
(5, 7)
4259
(5, 7)
4260
(5, 7)
4261
(5, 7)
4262
(6, 5)
4263
(6, 5)
4264
(6, 5)
4265
(5, 7)
4266
(5, 6)
4267
(5, 6)
4268
(5, 7)
4269
(5, 6)
4270
(5, 6)
4271
(5, 6)
4272
(5, 6)
4273
(4, 5)
4274
(4, 5)
4275
(4, 5)
4276
(4, 5)
4277
(4, 5)
4278
(4, 5)
4279
(5, 7)
4280
(5, 6)
4281
(5, 6)
4282
(5, 6)
4283
(6, 5)
4284
(6, 5)
4285
(6, 5)
4286
(6, 5)
4287
(5, 7)
4288
(5, 6)
4289
(5, 6)
4290
(5, 6)
4291
(6, 5)
4292
(5, 7)
4293
(5, 6)
4294
(5, 6)
4295
(5, 6)
4296
(6, 5)
4297
(6, 5)
4298
(6, 5)
4299
(6, 5)
4300
(6, 5)
4301
(5, 7)
4302
(5, 6)
4303
(5, 6)
4304
(5, 7)
4305
(5, 7)
4306
(5, 7)
4307
(5, 7)
4308
(7, 5)
4309
(5, 7)
4310
(5, 6)
4311
(5, 6)
4312
(5, 6)
4313
(6, 5)
4314
(6, 5)
4315
(6, 5)
4316
(6, 5)
4317
(6, 5)
4318
(6, 5)
4319
(5, 7)
4320
(5, 6)
4321
(5, 7)
4322
(5, 6)
4323
(5, 6)
4324
(5, 6)
4325
(5, 5)
4326
(6, 5)
4327
(6, 5)
4328
(6, 5)
4329
(6, 5)
4330
(6, 5)
4331
(7, 5)
4332
(5, 7)
4333
(5, 7)
4334
(5, 6)
4335
(5, 6)
4336
(5, 6)
4337
(5, 5)
4338
(5, 5)
4339
(5, 5)
4340
(5, 5)
4341
(5, 5)
4342
(5, 5)
4343
(5, 5)
4344
(5, 5)
4345
(5, 5)
4346
(5, 6)
4347
(5, 6)
4348
(5, 6)
4349
(5, 7)
4350
(5, 7)
4351
(5, 7)
4352
(5, 7)
4353
(5, 7)
4354
(5, 6)
4355
(5, 6)
4356
(5, 6)
4357
(5, 6)
4358
(5, 5)
4359
(5, 5)
4360
(6, 5)
4361
(6, 5)
4362
(6, 5)
4363
(6, 5)
4364
(6, 6)
4365
(5, 7)
4366
(5, 6)
4367
(5, 6)
4368
(5, 6)
4369
(5, 5)
4370
(5, 5)
4371
(5, 5)
4372
(5, 5)
4373
(5, 5)
4374
(5, 5)
4375
(5, 5)
4376
(5, 5)
4377
(5, 5)
4378
(5, 6)
4379
(5, 6)
4380
(5, 6)
4381
(5, 7)
4382
(5, 6)
4383
(5, 7)
4384
(5, 6)
4385
(5, 6)
4386
(5, 6)
4387
(5, 5)
4388
(6, 5)
4389
(6, 5)
4390
(6, 5)
4391
(6, 5)
4392
(6, 5)
4393
(7, 5)
4394
(5, 7)
4395
(5, 7)
4396
(5, 6)
4397
(5, 7)
4398
(5, 7)
4399
(5, 7)
4400
(5, 7)
4401
(5, 7)
4402
(5, 7)
4403
(5, 7)
4404
(5, 7)
4405
(5, 7)
4406
(5, 7)
4407
(5, 7)
4408
(5, 7)
4409
(5, 7)
4410
(5, 7)
4411
(5, 7)
4412
(5, 7)
4413
(5, 7)
4414
(5, 7)
4415
(5, 7)
4416
(5, 7)
4417
(5, 7)
4418
(5, 7)
4419
(5, 7)
4420
(5, 7)
4421
(5, 7)
4422
(5, 7)
4423
(5, 7)
4424
(5, 7)
4425
(5, 7)
4426
(5, 7)
4427
(5, 7)
4428
(5, 7)
4429
(5, 7)
4430
(5, 7)
4431
(5, 7)
4432
(5, 7)
4433
(5, 7)
4434
(5, 7)
4435
(5, 7)
4436
(5, 7)
4437
(5, 7)
4438
(5, 7)
4439
(5, 7)
4440
(5, 7)
4441
(5, 7)
4442
(5, 7)
4443
(5, 7)
4444
(5, 7)
4445
(5, 7)
4446
(5, 7)
4447
(5, 7)
4448
(5, 7)
4449
(5, 7)
4450
(5, 7)
4451
(5, 7)
4452
(5, 7)
4453
(5, 7)
4454
(5, 7)
4455
(5, 7)
4456
(5, 7)
4457
(5, 7)
4458
(5, 7)
4459
(5, 7)
4460
(7, 5)
4461
(6, 6)
4462
(7, 5)
4463
(6, 6)
4464
(6, 6)
4465
(6, 6)
4466
(7, 5)
4467
(7, 5)
4468
(7, 5)
4469
(7, 5)
4470
(7, 5)
4471
(6, 5)
4472
(6, 5)
4473
(6, 5)
4474
(6, 5)
4475
(6, 5)
4476
(6, 6)
4477
(6, 6)
4478
(6, 6)
4479
(7, 5)
4480
(7, 5)
4481
(6, 6)
4482
(6, 6)
4483
(6, 6)
4484
(6, 6)
4485
(6, 6)
4486
(6, 6)
4487
(6, 6)
4488
(6, 6)
4489
(6, 6)
4490
(6, 6)
4491
(7, 5)
4492
(6, 5)
4493
(6, 5)
4494
(6, 5)
4495
(3, 8)
4496
(3, 8)
4497
(3, 8)
4498
(3, 8)
4499
(3, 8)
4500
(4, 8)
defaultdict(<function <lambda> at 0x2adabb3462a8>, {(7, 3): 38, (4, 7): 200, (5, 7): 101, (9, 1): 63, (4, 8): 13, (5, 6): 110, (11, 2): 1, (5, 4): 38, (2, 1): 61, (6, 2): 100, (1, 6): 100, (9, 4): 59, (3, 7): 200, (5, 1): 100, (2, 5): 111, (10, 3): 39, (7, 2): 65, (1, 2): 1, (4, 9): 15, (3, 3): 43, (8, 1): 76, (8, 5): 65, (4, 4): 53, (6, 3): 70, (1, 5): 101, (3, 6): 200, (2, 2): 101, (3, 5): 190, (4, 1): 80, (1, 1): 32, (6, 4): 15, (3, 2): 100, (2, 6): 101, (6, 6): 29, (8, 2): 100, (7, 1): 100, (4, 5): 169, (9, 3): 85, (5, 5): 115, (7, 5): 45, (2, 3): 45, (10, 1): 8, (4, 2): 78, (6, 5): 80, (5, 3): 69, (8, 3): 100, (4, 6): 200, (9, 2): 100, (6, 1): 100, (3, 1): 71, (11, 3): 14, (3, 8): 6, (4, 3): 100, (9, 5): 8, (8, 4): 101, (5, 2): 84, (10, 2): 51})
4501
(3, 8)
4502
(3, 8)
4503
(3, 8)
4504
(3, 8)
4505
(3, 8)
4506
(3, 8)
4507
(4, 8)
4508
(3, 8)
4509
(3, 8)
4510
(3, 8)
4511
(3, 8)
4512
(3, 8)
4513
(3, 8)
4514
(4, 8)
4515
(3, 8)
4516
(3, 8)
4517
(3, 8)
4518
(3, 8)
4519
(3, 8)
4520
(3, 8)
4521
(3, 8)
4522
(4, 8)
4523
(3, 8)
4524
(3, 8)
4525
(3, 8)
4526
(3, 8)
4527
(3, 8)
4528
(3, 8)
4529
(4, 8)
4530
(3, 8)
4531
(3, 8)
4532
(3, 8)
4533
(3, 8)
4534
(3, 8)
4535
(3, 8)
4536
(4, 8)
4537
(3, 8)
4538
(3, 8)
4539
(3, 8)
4540
(3, 8)
4541
(3, 8)
4542
(3, 8)
4543
(3, 8)
4544
(3, 8)
4545
(3, 8)
4546
(3, 8)
4547
(3, 8)
4548
(3, 8)
4549
(3, 8)
4550
(3, 8)
4551
(3, 8)
4552
(3, 8)
4553
(3, 8)
4554
(3, 8)
4555
(3, 8)
4556
(3, 8)
4557
(3, 8)
4558
(3, 8)
4559
(3, 8)
4560
(3, 8)
4561
(3, 8)
4562
(3, 8)
4563
(3, 8)
4564
(3, 8)
4565
(3, 8)
4566
(3, 8)
4567
(3, 8)
4568
(3, 8)
4569
(3, 8)
4570
(3, 8)
4571
(3, 8)
4572
(3, 8)
4573
(3, 8)
4574
(3, 8)
4575
(3, 8)
4576
(3, 8)
4577
(3, 8)
4578
(3, 8)
4579
(3, 8)
4580
(3, 8)
4581
(3, 8)
4582
(4, 8)
4583
(3, 8)
4584
(3, 8)
4585
(3, 8)
4586
(3, 8)
4587
(3, 8)
4588
(3, 8)
4589
(3, 8)
4590
(3, 8)
4591
(3, 8)
4592
(4, 8)
4593
(3, 8)
4594
(4, 8)
4595
(3, 8)
4596
(3, 8)
4597
(3, 8)
4598
(3, 8)
4599
(3, 8)
4600
(3, 8)
4601
(4, 8)
4602
(3, 8)
4603
(3, 8)
4604
(3, 8)
4605
(4, 8)
4606
(4, 8)
4607
(4, 8)
4608
(4, 8)
4609
(4, 8)
4610
(4, 8)
4611
(4, 8)
4612
(4, 8)
4613
(4, 8)
4614
(4, 8)
4615
(4, 8)
4616
(4, 8)
4617
(4, 8)
4618
(4, 8)
4619
(4, 8)
4620
(4, 8)
4621
(4, 8)
4622
(4, 8)
4623
(4, 8)
4624
(4, 8)
4625
(4, 8)
4626
(4, 8)
4627
(4, 8)
4628
(4, 8)
4629
(4, 8)
4630
(4, 8)
4631
(4, 8)
4632
(4, 8)
4633
(4, 8)
4634
(4, 8)
4635
(4, 8)
4636
(4, 8)
4637
(4, 8)
4638
(4, 8)
4639
(4, 8)
4640
(4, 8)
4641
(4, 8)
4642
(4, 8)
4643
(4, 8)
4644
(4, 8)
4645
(4, 8)
4646
(4, 8)
4647
(4, 8)
4648
(4, 8)
4649
(4, 8)
4650
(4, 8)
4651
(4, 8)
4652
(4, 8)
4653
(4, 8)
4654
(4, 8)
4655
(4, 8)
4656
(4, 8)
4657
(4, 8)
4658
(4, 8)
4659
(4, 8)
4660
(4, 8)
4661
(4, 8)
4662
(4, 8)
4663
(4, 8)
4664
(4, 8)
4665
(4, 8)
4666
(4, 8)
4667
(4, 8)
4668
(4, 8)
4669
(4, 8)
4670
(4, 8)
4671
(4, 8)
4672
(4, 8)
4673
(4, 8)
4674
(4, 8)
4675
(4, 8)
4676
(4, 8)
4677
(4, 8)
4678
(4, 8)
4679
(4, 8)
4680
(4, 8)
4681
(4, 8)
4682
(4, 8)
4683
(4, 8)
4684
(4, 8)
4685
(7, 5)
4686
(7, 5)
4687
(6, 6)
4688
(4, 9)
4689
(4, 9)
4690
(4, 9)
4691
(10, 1)
4692
(8, 5)
4693
(8, 5)
4694
(8, 5)
4695
(8, 5)
4696
(8, 5)
4697
(8, 5)
4698
(8, 5)
4699
(7, 5)
4700
(7, 5)
4701
(7, 5)
4702
(7, 5)
4703
(7, 5)
4704
(7, 5)
4705
(7, 5)
4706
(7, 5)
4707
(7, 5)
4708
(8, 5)
4709
(8, 5)
4710
(8, 5)
4711
(7, 5)
4712
(7, 5)
4713
(7, 5)
4714
(8, 5)
4715
(8, 5)
4716
(8, 5)
4717
(7, 5)
4718
(7, 5)
4719
(7, 5)
4720
(7, 5)
4721
(8, 5)
4722
(8, 5)
4723
(8, 5)
4724
(8, 5)
4725
(7, 5)
4726
(7, 5)
4727
(7, 5)
4728
(7, 5)
4729
(7, 5)
4730
(7, 5)
4731
(7, 5)
4732
(7, 5)
4733
(7, 5)
4734
(7, 5)
4735
(7, 5)
4736
(7, 5)
4737
(7, 5)
4738
(7, 5)
4739
(7, 5)
4740
(8, 5)
4741
(8, 5)
4742
(8, 5)
4743
(8, 5)
4744
(8, 5)
4745
(8, 5)
4746
(8, 5)
4747
(8, 5)
4748
(7, 5)
4749
(7, 5)
4750
(7, 5)
4751
(8, 5)
4752
(8, 5)
4753
(7, 5)
4754
(7, 5)
4755
(7, 5)
4756
(7, 5)
4757
(7, 5)
4758
(7, 5)
4759
(8, 5)
4760
(7, 5)
4761
(7, 5)
4762
(7, 5)
4763
(7, 5)
4764
(7, 5)
4765
(7, 5)
4766
(7, 5)
4767
(7, 5)
4768
(7, 5)
4769
(7, 5)
4770
(7, 5)
4771
(7, 5)
4772
(7, 5)
4773
(7, 5)
4774
(7, 5)
4775
(8, 5)
4776
(8, 5)
4777
(8, 5)
4778
(8, 5)
4779
(8, 5)
4780
(7, 5)
4781
(7, 5)
4782
(7, 5)
4783
(7, 5)
4784
(7, 5)
4785
(7, 5)
4786
(6, 5)
4787
(6, 5)
4788
(7, 5)
4789
(6, 6)
4790
(7, 5)
4791
(7, 5)
4792
(7, 5)
4793
(7, 5)
4794
(8, 5)
4795
(8, 5)
4796
(7, 5)
4797
(7, 5)
4798
(7, 5)
4799
(11, 2)
4800
(11, 2)
4801
(5, 6)
4802
(5, 6)
4803
(5, 6)
4804
(5, 6)
4805
(5, 6)
4806
(10, 2)
4807
(6, 5)
4808
(6, 5)
4809
(6, 6)
4810
(10, 2)
4811
(10, 1)
4812
(7, 5)
4813
(9, 5)
4814
(9, 4)
4815
(9, 4)
4816
(9, 4)
4817
(9, 4)
4818
(9, 4)
4819
(9, 4)
4820
(9, 3)
4821
(9, 3)
4822
(9, 3)
4823
(9, 3)
4824
(9, 3)
4825
(9, 3)
4826
(9, 3)
4827
(9, 3)
4828
(9, 3)
4829
(9, 3)
4830
(9, 3)
4831
(9, 3)
4832
(9, 3)
4833
(9, 3)
4834
(9, 3)
4835
(9, 4)
4836
(9, 4)
4837
(9, 4)
4838
(9, 4)
4839
(9, 4)
4840
(9, 4)
4841
(9, 4)
4842
(9, 4)
4843
(9, 4)
4844
(9, 4)
4845
(9, 4)
4846
(9, 4)
4847
(9, 5)
4848
(9, 5)
4849
(10, 1)
4850
(11, 2)
4851
(10, 2)
4852
(10, 1)
4853
(10, 1)
4854
(10, 1)
4855
(10, 1)
4856
(10, 2)
4857
(10, 2)
4858
(10, 2)
4859
(10, 3)
4860
(11, 2)
4861
(11, 2)
4862
(11, 2)
4863
(10, 1)
4864
(10, 1)
4865
(10, 1)
4866
(10, 1)
4867
(10, 2)
4868
(10, 2)
4869
(10, 2)
4870
(10, 3)
4871
(10, 2)
4872
(10, 2)
4873
(10, 1)
4874
(10, 1)
4875
(10, 1)
4876
(10, 1)
4877
(10, 2)
4878
(10, 2)
4879
(10, 2)
4880
(10, 3)
4881
(7, 6)
4882
(11, 3)
4883
(11, 3)
4884
(11, 3)
4885
(11, 3)
4886
(7, 5)
4887
(4, 9)
4888
(4, 9)
4889
(4, 9)
4890
(9, 5)
4891
(9, 5)
4892
(9, 5)
4893
(4, 9)
4894
(4, 9)
4895
(11, 3)
4896
(10, 1)
4897
(11, 3)
4898
(11, 3)
4899
(5, 6)
4900
(5, 6)
4901
(5, 6)
4902
(5, 6)
4903
(5, 6)
4904
(10, 1)
4905
(9, 1)
4906
(9, 1)
4907
(9, 1)
4908
(9, 1)
4909
(9, 1)
4910
(8, 1)
4911
(8, 1)
4912
(11, 2)
4913
(11, 2)
4914
(11, 2)
4915
(10, 2)
4916
(6, 6)
4917
(6, 6)
4918
(6, 6)
4919
(6, 6)
4920
(6, 6)
4921
(6, 6)
4922
(10, 2)
4923
(10, 2)
4924
(10, 2)
4925
(6, 6)
4926
(6, 6)
4927
(6, 6)
4928
(6, 6)
4929
(6, 6)
4930
(7, 5)
4931
(9, 5)
4932
(9, 5)
4933
(9, 5)
4934
(11, 2)
4935
(6, 6)
4936
(6, 6)
4937
(6, 6)
4938
(4, 8)
4939
(9, 5)
4940
(9, 5)
4941
(9, 5)
4942
(9, 5)
4943
(9, 5)
4944
(9, 4)
4945
(9, 4)
4946
(9, 4)
4947
(9, 4)
4948
(9, 4)
4949
(9, 4)
4950
(9, 4)
4951
(9, 4)
4952
(9, 4)
4953
(9, 4)
4954
(9, 4)
4955
(9, 4)
4956
(9, 4)
4957
(9, 4)
4958
(9, 4)
4959
(9, 4)
4960
(9, 4)
4961
(9, 4)
4962
(9, 4)
4963
(9, 5)
4964
(9, 5)
4965
(9, 5)
4966
(9, 5)
4967
(9, 4)
4968
(9, 4)
4969
(9, 4)
4970
(9, 4)
4971
(9, 4)
4972
(9, 5)
4973
(9, 5)
4974
(9, 5)
4975
(9, 5)
4976
(9, 5)
4977
(9, 5)
4978
(9, 5)
4979
(9, 5)
4980
(9, 5)
4981
(9, 5)
4982
(9, 5)
4983
(9, 5)
4984
(9, 5)
4985
(11, 2)
4986
(11, 2)
4987
(10, 2)
4988
(10, 2)
4989
(9, 5)
4990
(10, 2)
4991
(11, 2)
4992
(10, 2)
4993
(10, 2)
4994
(11, 2)
4995
(9, 5)
4996
(9, 5)
4997
(9, 5)
4998
(9, 5)
4999
(9, 5)
5000
(9, 5)
defaultdict(<function <lambda> at 0x2adabb3462a8>, {(7, 3): 38, (4, 7): 200, (5, 7): 101, (9, 1): 68, (4, 8): 103, (5, 6): 120, (11, 2): 15, (5, 4): 38, (2, 1): 61, (6, 2): 100, (1, 6): 100, (9, 4): 101, (3, 7): 200, (5, 1): 100, (2, 5): 111, (10, 3): 42, (7, 2): 65, (1, 2): 1, (4, 9): 23, (3, 3): 43, (8, 1): 78, (8, 5): 100, (7, 6): 1, (4, 4): 53, (6, 3): 70, (1, 5): 101, (3, 6): 200, (2, 2): 101, (3, 5): 190, (4, 1): 80, (1, 1): 32, (6, 4): 15, (3, 2): 100, (2, 6): 101, (6, 6): 46, (8, 2): 100, (7, 1): 100, (4, 5): 169, (9, 3): 100, (5, 5): 115, (7, 5): 119, (2, 3): 45, (10, 1): 25, (4, 2): 78, (6, 5): 84, (5, 3): 69, (8, 3): 100, (4, 6): 200, (9, 2): 100, (6, 1): 100, (3, 1): 71, (11, 3): 21, (3, 8): 101, (4, 3): 100, (9, 5): 46, (8, 4): 101, (5, 2): 84, (10, 2): 74})
5001
(9, 5)
5002
(9, 5)
5003
(9, 5)
5004
(9, 5)
5005
(9, 5)
5006
(9, 5)
5007
(9, 5)
5008
(6, 6)
5009
(6, 6)
5010
(6, 6)
5011
(11, 3)
5012
(11, 3)
5013
(11, 3)
5014
(11, 3)
5015
(11, 3)
5016
(9, 5)
5017
(7, 6)
5018
(7, 6)
5019
(9, 5)
5020
(9, 5)
5021
(9, 5)
5022
(4, 9)
5023
(4, 9)
5024
(4, 9)
5025
(9, 5)
5026
(9, 5)
5027
(9, 5)
5028
(4, 9)
5029
(4, 9)
5030
(9, 5)
5031
(11, 3)
5032
(11, 3)
5033
(11, 3)
5034
(10, 1)
5035
(10, 1)
5036
(7, 5)
5037
(11, 3)
5038
(11, 3)
5039
(9, 5)
5040
(9, 5)
5041
(6, 6)
5042
(10, 1)
5043
(10, 1)
5044
(9, 1)
5045
(9, 1)
5046
(9, 1)
5047
(9, 1)
5048
(9, 1)
5049
(8, 1)
5050
(9, 5)
5051
(10, 1)
5052
(10, 1)
5053
(9, 1)
5054
(9, 1)
5055
(9, 1)
5056
(9, 1)
5057
(9, 1)
5058
(8, 1)
5059
(10, 1)
5060
(10, 1)
5061
(9, 1)
5062
(9, 1)
5063
(9, 1)
5064
(9, 1)
5065
(9, 1)
5066
(8, 1)
5067
(11, 2)
5068
(11, 2)
5069
(9, 5)
5070
(6, 6)
5071
(9, 5)
5072
(9, 5)
5073
(6, 6)
5074
(6, 6)
5075
(9, 5)
5076
(9, 5)
5077
(9, 5)
5078
(9, 5)
5079
(9, 5)
5080
(10, 2)
5081
(9, 5)
5082
(9, 5)
5083
(9, 5)
5084
(6, 6)
5085
(5, 6)
5086
(5, 6)
5087
(5, 6)
5088
(5, 6)
5089
(5, 6)
5090
(5, 6)
5091
(5, 6)
5092
(5, 6)
5093
(5, 6)
5094
(6, 5)
5095
(6, 5)
5096
(6, 5)
5097
(6, 5)
5098
(6, 5)
5099
(6, 5)
5100
(5, 7)
5101
(5, 7)
5102
(5, 7)
5103
(5, 7)
5104
(5, 7)
5105
(6, 5)
5106
(5, 7)
5107
(5, 6)
5108
(5, 6)
5109
(5, 6)
5110
(5, 6)
5111
(6, 5)
5112
(6, 5)
5113
(6, 5)
5114
(6, 5)
5115
(6, 5)
5116
(6, 5)
5117
(5, 7)
5118
(5, 6)
5119
(5, 6)
5120
(5, 7)
5121
(5, 6)
5122
(5, 6)
5123
(5, 6)
5124
(5, 6)
5125
(5, 5)
5126
(5, 7)
5127
(5, 6)
5128
(5, 6)
5129
(5, 6)
5130
(6, 5)
5131
(6, 5)
5132
(6, 5)
5133
(6, 5)
5134
(6, 5)
5135
(5, 7)
5136
(5, 6)
5137
(5, 6)
5138
(5, 6)
5139
(5, 6)
5140
(5, 7)
5141
(5, 6)
5142
(5, 7)
5143
(5, 6)
5144
(5, 6)
5145
(5, 6)
5146
(5, 7)
5147
(5, 6)
5148
(5, 6)
5149
(5, 6)
5150
(5, 5)
5151
(5, 5)
5152
(5, 5)
5153
(5, 5)
5154
(5, 5)
5155
(5, 5)
5156
(5, 5)
5157
(5, 5)
5158
(5, 5)
5159
(5, 6)
5160
(5, 6)
5161
(5, 6)
5162
(5, 7)
5163
(5, 7)
5164
(5, 7)
5165
(5, 7)
5166
(5, 7)
5167
(5, 6)
5168
(5, 6)
5169
(5, 6)
5170
(5, 6)
5171
(5, 5)
5172
(6, 5)
5173
(6, 5)
5174
(6, 5)
5175
(6, 5)
5176
(6, 5)
5177
(5, 7)
5178
(5, 6)
5179
(5, 6)
5180
(5, 6)
5181
(6, 5)
5182
(6, 5)
5183
(6, 5)
5184
(6, 5)
5185
(6, 5)
5186
(5, 7)
5187
(5, 6)
5188
(5, 6)
5189
(5, 6)
5190
(5, 7)
5191
(5, 6)
5192
(5, 7)
5193
(5, 6)
5194
(5, 6)
5195
(5, 7)
5196
(5, 7)
5197
(5, 7)
5198
(5, 7)
5199
(5, 7)
5200
(5, 6)
5201
(5, 6)
5202
(5, 6)
5203
(5, 5)
5204
(5, 5)
5205
(5, 5)
5206
(5, 5)
5207
(5, 5)
5208
(5, 5)
5209
(5, 5)
5210
(5, 5)
5211
(5, 5)
5212
(5, 6)
5213
(5, 6)
5214
(5, 6)
5215
(5, 7)
5216
(5, 7)
5217
(5, 7)
5218
(5, 7)
5219
(5, 7)
5220
(5, 6)
5221
(5, 7)
5222
(5, 6)
5223
(5, 6)
5224
(5, 6)
5225
(5, 5)
5226
(6, 5)
5227
(6, 5)
5228
(6, 5)
5229
(6, 5)
5230
(6, 5)
5231
(5, 7)
5232
(5, 7)
5233
(5, 6)
5234
(5, 6)
5235
(5, 6)
5236
(5, 5)
5237
(5, 5)
5238
(5, 5)
5239
(5, 5)
5240
(5, 5)
5241
(5, 5)
5242
(5, 5)
5243
(5, 5)
5244
(5, 5)
5245
(5, 6)
5246
(5, 6)
5247
(5, 6)
5248
(5, 7)
5249
(5, 7)
5250
(5, 7)
5251
(5, 7)
5252
(5, 7)
5253
(5, 6)
5254
(5, 6)
5255
(5, 6)
5256
(5, 6)
5257
(5, 5)
5258
(5, 5)
5259
(6, 5)
5260
(5, 7)
5261
(5, 6)
5262
(5, 6)
5263
(5, 6)
5264
(5, 5)
5265
(5, 5)
5266
(5, 5)
5267
(5, 5)
5268
(5, 5)
5269
(5, 5)
5270
(5, 5)
5271
(5, 5)
5272
(5, 5)
5273
(5, 6)
5274
(5, 6)
5275
(5, 7)
5276
(5, 6)
5277
(5, 7)
5278
(5, 6)
5279
(5, 6)
5280
(5, 6)
5281
(5, 5)
5282
(6, 5)
5283
(6, 5)
5284
(5, 7)
5285
(5, 7)
5286
(5, 6)
5287
(5, 6)
5288
(5, 7)
5289
(5, 7)
5290
(5, 7)
5291
(5, 7)
5292
(5, 7)
5293
(5, 7)
5294
(5, 7)
5295
(5, 7)
5296
(5, 7)
5297
(5, 7)
5298
(6, 5)
5299
(6, 5)
5300
(5, 7)
5301
(5, 7)
5302
(5, 7)
5303
(5, 7)
5304
(5, 7)
5305
(5, 7)
5306
(5, 7)
5307
(5, 7)
5308
(5, 7)
5309
(5, 7)
5310
(5, 7)
5311
(6, 5)
5312
(6, 5)
5313
(5, 7)
5314
(5, 7)
5315
(5, 7)
5316
(5, 7)
5317
(5, 7)
5318
(5, 7)
5319
(5, 7)
5320
(5, 7)
5321
(5, 7)
5322
(5, 7)
5323
(5, 7)
5324
(5, 7)
5325
(5, 7)
5326
(5, 7)
5327
(5, 7)
5328
(5, 7)
5329
(5, 7)
5330
(5, 7)
5331
(5, 7)
5332
(5, 7)
5333
(5, 7)
5334
(5, 7)
5335
(5, 7)
5336
(5, 7)
5337
(5, 7)
5338
(6, 5)
5339
(5, 7)
5340
(5, 7)
5341
(5, 7)
5342
(5, 7)
5343
(5, 7)
5344
(6, 5)
5345
(5, 7)
5346
(5, 7)
5347
(5, 7)
5348
(5, 7)
5349
(6, 6)
5350
(6, 6)
5351
(6, 6)
5352
(6, 6)
5353
(6, 6)
5354
(6, 6)
5355
(6, 6)
5356
(6, 6)
5357
(6, 6)
5358
(7, 6)
5359
(7, 6)
5360
(7, 6)
5361
(7, 6)
5362
(6, 6)
5363
(7, 6)
5364
(6, 6)
5365
(7, 6)
5366
(7, 6)
5367
(7, 6)
5368
(7, 6)
5369
(7, 6)
5370
(7, 6)
5371
(9, 5)
5372
(9, 5)
5373
(11, 2)
5374
(11, 2)
5375
(11, 2)
5376
(9, 5)
5377
(9, 5)
5378
(9, 5)
5379
(6, 6)
5380
(9, 5)
5381
(9, 5)
5382
(9, 5)
5383
(9, 5)
5384
(9, 5)
5385
(9, 5)
5386
(9, 5)
5387
(7, 6)
5388
(9, 5)
5389
(9, 5)
5390
(9, 5)
5391
(9, 5)
5392
(7, 6)
5393
(7, 6)
5394
(7, 6)
5395
(8, 6)
5396
(7, 7)
5397
(7, 7)
5398
(7, 7)
5399
(7, 7)
5400
(7, 7)
5401
(7, 7)
5402
(7, 6)
5403
(7, 6)
5404
(8, 6)
5405
(8, 6)
5406
(7, 7)
5407
(7, 6)
5408
(7, 6)
5409
(7, 6)
5410
(6, 5)
5411
(6, 5)
5412
(6, 5)
5413
(6, 5)
5414
(6, 5)
5415
(5, 5)
5416
(5, 5)
5417
(5, 5)
5418
(5, 5)
5419
(7, 7)
5420
(7, 6)
5421
(7, 6)
5422
(7, 6)
5423
(7, 6)
5424
(7, 7)
5425
(7, 6)
5426
(7, 6)
5427
(7, 6)
5428
(7, 7)
5429
(7, 6)
5430
(7, 6)
5431
(7, 6)
5432
(7, 6)
5433
(7, 7)
5434
(7, 6)
5435
(7, 6)
5436
(6, 6)
5437
(6, 5)
5438
(6, 5)
5439
(6, 5)
5440
(6, 5)
5441
(5, 5)
5442
(5, 5)
5443
(5, 5)
5444
(5, 5)
5445
(5, 5)
5446
(7, 7)
5447
(7, 6)
5448
(7, 6)
5449
(7, 6)
5450
(7, 6)
5451
(7, 7)
5452
(7, 6)
5453
(7, 6)
5454
(8, 6)
5455
(7, 7)
5456
(7, 6)
5457
(7, 6)
5458
(7, 6)
5459
(7, 6)
5460
(6, 5)
5461
(6, 5)
5462
(6, 5)
5463
(6, 5)
5464
(6, 5)
5465
(6, 5)
5466
(6, 6)
5467
(6, 6)
5468
(6, 6)
5469
(6, 6)
5470
(6, 6)
5471
(6, 6)
5472
(6, 6)
5473
(6, 6)
5474
(6, 6)
5475
(6, 7)
5476
(6, 7)
5477
(7, 7)
5478
(7, 6)
5479
(7, 6)
5480
(7, 6)
5481
(7, 7)
5482
(7, 6)
5483
(7, 6)
5484
(7, 6)
5485
(6, 6)
5486
(6, 5)
5487
(6, 5)
5488
(6, 5)
5489
(6, 5)
5490
(6, 5)
5491
(6, 5)
5492
(6, 6)
5493
(6, 6)
5494
(6, 6)
5495
(6, 6)
5496
(6, 6)
5497
(6, 6)
5498
(6, 6)
5499
(6, 6)
5500
(6, 6)
defaultdict(<function <lambda> at 0x2adabb3462a8>, {(7, 3): 38, (4, 7): 200, (5, 7): 201, (9, 1): 83, (4, 8): 103, (5, 6): 200, (11, 2): 20, (5, 4): 38, (2, 1): 61, (6, 2): 100, (1, 6): 100, (9, 4): 101, (3, 7): 200, (5, 1): 100, (2, 5): 111, (10, 3): 42, (7, 2): 65, (1, 2): 1, (4, 9): 28, (3, 3): 43, (8, 1): 81, (8, 5): 100, (7, 6): 52, (4, 4): 53, (6, 3): 70, (1, 5): 101, (3, 6): 200, (2, 2): 101, (8, 6): 4, (3, 5): 190, (4, 1): 80, (1, 1): 32, (6, 4): 15, (3, 2): 100, (2, 6): 101, (6, 6): 86, (8, 2): 100, (7, 1): 100, (4, 5): 169, (9, 3): 100, (5, 5): 166, (7, 7): 16, (7, 5): 120, (2, 3): 45, (10, 1): 33, (4, 2): 78, (6, 5): 147, (5, 3): 69, (6, 7): 2, (8, 3): 100, (4, 6): 200, (9, 2): 100, (6, 1): 100, (3, 1): 71, (11, 3): 31, (3, 8): 101, (4, 3): 100, (9, 5): 91, (8, 4): 101, (5, 2): 84, (10, 2): 75})
5501
(7, 7)
5502
(7, 6)
5503
(7, 6)
5504
(7, 6)
5505
(7, 7)
5506
(7, 6)
5507
(7, 6)
5508
(6, 6)
5509
(6, 6)
5510
(6, 5)
5511
(6, 5)
5512
(6, 5)
5513
(6, 5)
5514
(6, 5)
5515
(6, 5)
5516
(6, 6)
5517
(6, 6)
5518
(6, 6)
5519
(6, 6)
5520
(6, 6)
5521
(6, 6)
5522
(6, 6)
5523
(6, 6)
5524
(7, 7)
5525
(7, 6)
5526
(7, 6)
5527
(7, 6)
5528
(7, 7)
5529
(7, 6)
5530
(6, 6)
5531
(6, 6)
5532
(6, 6)
5533
(6, 5)
5534
(6, 5)
5535
(6, 5)
5536
(6, 5)
5537
(6, 5)
5538
(6, 5)
5539
(6, 6)
5540
(6, 6)
5541
(6, 6)
5542
(6, 6)
5543
(6, 6)
5544
(6, 6)
5545
(7, 7)
5546
(7, 6)
5547
(7, 6)
5548
(7, 6)
5549
(7, 7)
5550
(6, 6)
5551
(6, 6)
5552
(6, 6)
5553
(6, 6)
5554
(6, 5)
5555
(6, 5)
5556
(6, 5)
5557
(6, 5)
5558
(6, 5)
5559
(6, 5)
5560
(6, 6)
5561
(6, 6)
5562
(6, 6)
5563
(7, 7)
5564
(7, 6)
5565
(7, 6)
5566
(7, 6)
5567
(6, 7)
5568
(6, 6)
5569
(6, 6)
5570
(6, 6)
5571
(6, 6)
5572
(6, 5)
5573
(6, 5)
5574
(6, 5)
5575
(6, 7)
5576
(7, 6)
5577
(7, 6)
5578
(7, 6)
5579
(6, 7)
5580
(6, 6)
5581
(6, 6)
5582
(6, 6)
5583
(6, 6)
5584
(6, 7)
5585
(6, 6)
5586
(6, 6)
5587
(6, 6)
5588
(6, 7)
5589
(6, 6)
5590
(6, 6)
5591
(6, 6)
5592
(6, 6)
5593
(6, 7)
5594
(7, 6)
5595
(7, 6)
5596
(7, 6)
5597
(6, 7)
5598
(6, 6)
5599
(6, 6)
5600
(6, 6)
5601
(6, 6)
5602
(6, 7)
5603
(6, 6)
5604
(6, 6)
5605
(6, 6)
5606
(6, 7)
5607
(6, 6)
5608
(6, 6)
5609
(6, 6)
5610
(6, 6)
5611
(6, 7)
5612
(6, 6)
5613
(6, 6)
5614
(6, 6)
5615
(6, 7)
5616
(6, 7)
5617
(6, 7)
5618
(6, 7)
5619
(6, 7)
5620
(6, 7)
5621
(6, 7)
5622
(6, 7)
5623
(6, 7)
5624
(6, 7)
5625
(6, 7)
5626
(6, 7)
5627
(6, 7)
5628
(6, 7)
5629
(6, 7)
5630
(6, 7)
5631
(6, 7)
5632
(6, 7)
5633
(6, 7)
5634
(6, 7)
5635
(6, 7)
5636
(6, 7)
5637
(6, 7)
5638
(6, 7)
5639
(6, 7)
5640
(6, 7)
5641
(6, 7)
5642
(6, 7)
5643
(6, 7)
5644
(6, 7)
5645
(6, 7)
5646
(6, 7)
5647
(6, 7)
5648
(6, 7)
5649
(6, 7)
5650
(6, 7)
5651
(6, 7)
5652
(6, 7)
5653
(6, 7)
5654
(6, 7)
5655
(6, 7)
5656
(6, 7)
5657
(6, 7)
5658
(6, 7)
5659
(6, 7)
5660
(6, 7)
5661
(6, 7)
5662
(6, 7)
5663
(6, 7)
5664
(6, 7)
5665
(6, 7)
5666
(6, 7)
5667
(6, 7)
5668
(6, 7)
5669
(6, 7)
5670
(6, 7)
5671
(6, 7)
5672
(6, 7)
5673
(6, 7)
5674
(7, 6)
5675
(7, 6)
5676
(7, 6)
5677
(6, 7)
5678
(6, 7)
5679
(6, 7)
5680
(6, 7)
5681
(7, 6)
5682
(7, 6)
5683
(7, 6)
5684
(6, 7)
5685
(6, 7)
5686
(6, 7)
5687
(6, 7)
5688
(6, 7)
5689
(6, 7)
5690
(6, 7)
5691
(7, 7)
5692
(7, 6)
5693
(7, 6)
5694
(7, 6)
5695
(6, 7)
5696
(6, 7)
5697
(7, 7)
5698
(7, 6)
5699
(7, 6)
5700
(7, 7)
5701
(7, 6)
5702
(7, 6)
5703
(7, 6)
5704
(7, 7)
5705
(7, 7)
5706
(7, 7)
5707
(7, 6)
5708
(7, 6)
5709
(7, 6)
5710
(7, 7)
5711
(7, 7)
5712
(7, 7)
5713
(7, 6)
5714
(7, 6)
5715
(7, 6)
5716
(7, 7)
5717
(7, 6)
5718
(7, 7)
5719
(7, 7)
5720
(7, 6)
5721
(7, 6)
5722
(7, 6)
5723
(7, 7)
5724
(7, 6)
5725
(7, 7)
5726
(7, 7)
5727
(7, 6)
5728
(7, 6)
5729
(7, 6)
5730
(7, 7)
5731
(7, 6)
5732
(7, 6)
5733
(7, 7)
5734
(7, 6)
5735
(7, 7)
5736
(7, 7)
5737
(7, 7)
5738
(7, 7)
5739
(7, 7)
5740
(7, 7)
5741
(7, 7)
5742
(7, 7)
5743
(7, 7)
5744
(6, 7)
5745
(6, 7)
5746
(6, 7)
5747
(6, 7)
5748
(6, 7)
5749
(6, 7)
5750
(6, 7)
5751
(7, 7)
5752
(7, 7)
5753
(7, 7)
5754
(7, 7)
5755
(6, 7)
5756
(6, 7)
5757
(6, 7)
5758
(6, 7)
5759
(7, 7)
5760
(7, 7)
5761
(7, 7)
5762
(7, 7)
5763
(7, 7)
5764
(6, 7)
5765
(6, 7)
5766
(6, 7)
5767
(6, 7)
5768
(6, 7)
5769
(6, 7)
5770
(7, 7)
5771
(7, 7)
5772
(7, 7)
5773
(7, 7)
5774
(7, 7)
5775
(7, 7)
5776
(7, 7)
5777
(7, 7)
5778
(7, 7)
5779
(7, 7)
5780
(7, 7)
5781
(7, 7)
5782
(7, 7)
5783
(7, 7)
5784
(7, 7)
5785
(7, 7)
5786
(7, 7)
5787
(7, 7)
5788
(7, 7)
5789
(7, 7)
5790
(7, 7)
5791
(7, 7)
5792
(7, 7)
5793
(7, 7)
5794
(7, 7)
5795
(7, 7)
5796
(7, 7)
5797
(7, 7)
5798
(7, 7)
5799
(7, 7)
5800
(7, 7)
5801
(7, 7)
5802
(7, 7)
5803
(7, 7)
5804
(7, 7)
5805
(7, 7)
5806
(7, 7)
5807
(7, 7)
5808
(7, 7)
5809
(7, 7)
5810
(7, 7)
5811
(7, 7)
5812
(9, 5)
5813
(11, 2)
5814
(11, 2)
5815
(11, 2)
5816
(11, 2)
5817
(6, 6)
5818
(9, 5)
5819
(9, 5)
5820
(9, 5)
5821
(9, 5)
5822
(9, 5)
5823
(6, 6)
5824
(6, 6)
5825
(6, 6)
5826
(9, 5)
5827
(9, 5)
5828
(9, 5)
5829
(10, 2)
5830
(11, 2)
5831
(11, 2)
5832
(10, 2)
5833
(10, 2)
5834
(10, 2)
5835
(11, 2)
5836
(11, 2)
5837
(11, 2)
5838
(11, 2)
5839
(11, 3)
5840
(11, 3)
5841
(11, 3)
5842
(6, 6)
5843
(6, 6)
5844
(10, 1)
5845
(11, 3)
5846
(10, 1)
5847
(11, 3)
5848
(11, 3)
5849
(7, 6)
5850
(11, 2)
5851
(7, 6)
5852
(10, 1)
5853
(10, 1)
5854
(10, 1)
5855
(9, 1)
5856
(9, 1)
5857
(9, 1)
5858
(9, 1)
5859
(9, 1)
5860
(10, 1)
5861
(10, 1)
5862
(10, 1)
5863
(9, 1)
5864
(9, 1)
5865
(9, 1)
5866
(9, 1)
5867
(9, 1)
5868
(11, 2)
5869
(7, 6)
5870
(11, 2)
5871
(11, 2)
5872
(6, 6)
5873
(6, 6)
5874
(6, 6)
5875
(6, 6)
5876
(6, 6)
5877
(6, 6)
5878
(11, 2)
5879
(11, 2)
5880
(7, 6)
5881
(6, 6)
5882
(6, 6)
5883
(6, 6)
5884
(6, 6)
5885
(6, 6)
5886
(6, 6)
5887
(6, 6)
5888
(6, 6)
5889
(6, 6)
5890
(6, 6)
5891
(6, 6)
5892
(6, 6)
5893
(11, 2)
5894
(11, 2)
5895
(11, 2)
5896
(11, 2)
5897
(11, 1)
5898
(11, 2)
5899
(11, 2)
5900
(11, 2)
5901
(11, 2)
5902
(6, 6)
5903
(7, 6)
5904
(11, 2)
5905
(6, 6)
5906
(11, 2)
5907
(6, 6)
5908
(6, 6)
5909
(6, 6)
5910
(12, 3)
5911
(12, 3)
5912
(12, 3)
5913
(12, 3)
5914
(12, 3)
5915
(12, 3)
5916
(7, 6)
5917
(6, 6)
5918
(6, 6)
5919
(6, 6)
5920
(10, 1)
5921
(10, 1)
5922
(10, 1)
5923
(12, 3)
5924
(12, 3)
5925
(12, 3)
5926
(10, 1)
5927
(10, 1)
5928
(11, 2)
5929
(10, 1)
5930
(10, 1)
5931
(10, 1)
5932
(10, 1)
5933
(9, 1)
5934
(9, 1)
5935
(9, 1)
5936
(9, 1)
5937
(10, 1)
5938
(10, 1)
5939
(10, 1)
5940
(10, 1)
5941
(9, 1)
5942
(9, 1)
5943
(9, 1)
5944
(10, 1)
5945
(10, 1)
5946
(10, 1)
5947
(10, 1)
5948
(7, 6)
5949
(7, 6)
5950
(7, 6)
5951
(6, 6)
5952
(6, 6)
5953
(6, 6)
5954
(6, 6)
5955
(6, 6)
5956
(12, 3)
5957
(12, 3)
5958
(12, 3)
5959
(7, 6)
5960
(11, 2)
5961
(11, 2)
5962
(11, 2)
5963
(11, 2)
5964
(6, 6)
5965
(6, 6)
5966
(6, 6)
5967
(6, 6)
5968
(11, 2)
5969
(11, 2)
5970
(11, 2)
5971
(11, 2)
5972
(11, 2)
5973
(4, 10)
5974
(4, 10)
5975
(4, 10)
5976
(6, 6)
5977
(6, 6)
5978
(4, 10)
5979
(6, 6)
5980
(6, 6)
5981
(6, 6)
5982
(4, 10)
5983
(6, 6)
5984
(12, 3)
5985
(12, 3)
5986
(12, 3)
5987
(12, 3)
5988
(12, 3)
5989
(11, 1)
5990
(11, 2)
5991
(12, 2)
5992
(11, 2)
5993
(11, 2)
5994
(11, 2)
5995
(11, 2)
5996
(11, 2)
5997
(11, 2)
5998
(6, 6)
5999
(11, 2)
6000
(11, 2)
defaultdict(<function <lambda> at 0x2adabb3462a8>, {(7, 3): 38, (4, 7): 200, (5, 7): 201, (9, 1): 100, (4, 8): 103, (5, 6): 200, (11, 2): 65, (5, 4): 38, (2, 1): 61, (6, 2): 100, (1, 6): 100, (9, 4): 101, (3, 7): 200, (5, 1): 100, (2, 5): 111, (10, 3): 42, (7, 2): 65, (1, 2): 1, (12, 2): 1, (4, 9): 28, (3, 3): 43, (8, 1): 81, (8, 5): 100, (7, 6): 114, (4, 4): 53, (6, 3): 70, (1, 5): 101, (11, 1): 2, (3, 6): 200, (2, 2): 101, (8, 6): 4, (3, 5): 190, (4, 1): 80, (1, 1): 32, (12, 3): 17, (6, 4): 15, (3, 2): 100, (2, 6): 101, (6, 6): 189, (8, 2): 100, (4, 10): 5, (7, 1): 100, (4, 5): 169, (9, 3): 100, (5, 5): 166, (7, 7): 100, (7, 5): 120, (2, 3): 45, (10, 1): 58, (4, 2): 78, (6, 5): 168, (5, 3): 69, (6, 7): 101, (8, 3): 100, (4, 6): 200, (9, 2): 100, (6, 1): 100, (3, 1): 71, (11, 3): 37, (3, 8): 101, (4, 3): 100, (9, 5): 100, (8, 4): 101, (5, 2): 84, (10, 2): 79})
6001
(6, 6)
6002
(12, 3)
6003
(12, 3)
6004
(12, 3)
6005
(12, 3)
6006
(12, 3)
6007
(12, 3)
6008
(6, 6)
6009
(6, 6)
6010
(12, 3)
6011
(12, 3)
6012
(12, 3)
6013
(7, 6)
6014
(11, 1)
6015
(11, 1)
6016
(4, 10)
6017
(4, 10)
6018
(4, 10)
6019
(11, 1)
6020
(6, 6)
6021
(6, 6)
6022
(6, 6)
6023
(7, 6)
6024
(10, 1)
6025
(10, 1)
6026
(10, 1)
6027
(10, 1)
6028
(10, 1)
6029
(10, 1)
6030
(10, 1)
6031
(10, 1)
6032
(10, 1)
6033
(10, 1)
6034
(10, 1)
6035
(10, 1)
6036
(10, 1)
6037
(10, 1)
6038
(10, 1)
6039
(7, 6)
6040
(12, 3)
6041
(12, 3)
6042
(12, 3)
6043
(7, 6)
6044
(11, 2)
6045
(11, 2)
6046
(11, 2)
6047
(11, 2)
6048
(7, 6)
6049
(12, 3)
6050
(12, 3)
6051
(12, 3)
6052
(12, 3)
6053
(12, 3)
6054
(12, 2)
6055
(12, 2)
6056
(11, 2)
6057
(7, 6)
6058
(7, 6)
6059
(7, 6)
6060
(7, 6)
6061
(8, 6)
6062
(11, 2)
6063
(12, 3)
6064
(12, 3)
6065
(12, 3)
6066
(12, 3)
6067
(12, 3)
6068
(4, 9)
6069
(7, 6)
6070
(7, 6)
6071
(7, 6)
6072
(7, 6)
6073
(11, 1)
6074
(11, 2)
6075
(11, 2)
6076
(11, 2)
6077
(11, 2)
6078
(11, 2)
6079
(7, 6)
6080
(7, 6)
6081
(7, 6)
6082
(7, 6)
6083
(7, 6)
6084
(7, 6)
6085
(7, 6)
6086
(7, 6)
6087
(7, 6)
6088
(7, 6)
6089
(12, 3)
6090
(12, 3)
6091
(12, 3)
6092
(6, 6)
6093
(6, 6)
6094
(7, 6)
6095
(7, 6)
6096
(7, 6)
6097
(7, 6)
6098
(11, 1)
6099
(11, 1)
6100
(11, 1)
6101
(11, 1)
6102
(4, 10)
6103
(4, 10)
6104
(4, 10)
6105
(4, 10)
6106
(4, 10)
6107
(7, 6)
6108
(7, 6)
6109
(7, 6)
6110
(11, 1)
6111
(10, 1)
6112
(10, 1)
6113
(10, 1)
6114
(10, 1)
6115
(10, 1)
6116
(11, 1)
6117
(10, 1)
6118
(10, 1)
6119
(10, 1)
6120
(10, 1)
6121
(10, 1)
6122
(11, 1)
6123
(10, 1)
6124
(10, 1)
6125
(10, 1)
6126
(10, 1)
6127
(10, 1)
6128
(7, 6)
6129
(12, 2)
6130
(12, 2)
6131
(12, 2)
6132
(7, 6)
6133
(7, 6)
6134
(8, 6)
6135
(7, 6)
6136
(7, 6)
6137
(7, 6)
6138
(12, 3)
6139
(12, 3)
6140
(12, 3)
6141
(12, 3)
6142
(12, 3)
6143
(12, 2)
6144
(11, 1)
6145
(7, 6)
6146
(7, 6)
6147
(7, 6)
6148
(7, 6)
6149
(8, 5)
6150
(8, 5)
6151
(8, 5)
6152
(8, 5)
6153
(7, 5)
6154
(7, 5)
6155
(7, 5)
6156
(7, 5)
6157
(7, 5)
6158
(7, 5)
6159
(7, 5)
6160
(7, 5)
6161
(7, 5)
6162
(7, 5)
6163
(8, 5)
6164
(8, 4)
6165
(8, 4)
6166
(8, 4)
6167
(8, 4)
6168
(8, 4)
6169
(8, 4)
6170
(8, 3)
6171
(8, 3)
6172
(8, 3)
6173
(8, 3)
6174
(8, 3)
6175
(8, 2)
6176
(8, 3)
6177
(8, 2)
6178
(7, 2)
6179
(7, 2)
6180
(7, 2)
6181
(7, 2)
6182
(7, 2)
6183
(7, 2)
6184
(7, 2)
6185
(7, 2)
6186
(7, 2)
6187
(7, 2)
6188
(7, 2)
6189
(7, 2)
6190
(7, 2)
6191
(7, 1)
6192
(6, 1)
6193
(6, 1)
6194
(6, 1)
6195
(6, 1)
6196
(6, 1)
6197
(6, 1)
6198
(5, 2)
6199
(5, 2)
6200
(5, 2)
6201
(5, 2)
6202
(5, 3)
6203
(4, 3)
6204
(4, 4)
6205
(4, 4)
6206
(4, 5)
6207
(4, 5)
6208
(8, 2)
6209
(7, 2)
6210
(7, 2)
6211
(7, 2)
6212
(7, 2)
6213
(7, 2)
6214
(7, 2)
6215
(7, 1)
6216
(6, 1)
6217
(6, 1)
6218
(6, 1)
6219
(6, 1)
6220
(6, 1)
6221
(6, 1)
6222
(5, 2)
6223
(5, 2)
6224
(5, 2)
6225
(5, 2)
6226
(5, 3)
6227
(4, 3)
6228
(4, 4)
6229
(4, 4)
6230
(4, 5)
6231
(4, 5)
6232
(8, 2)
6233
(8, 2)
6234
(8, 2)
6235
(8, 2)
6236
(8, 3)
6237
(8, 2)
6238
(7, 2)
6239
(7, 2)
6240
(7, 2)
6241
(7, 2)
6242
(7, 2)
6243
(7, 2)
6244
(7, 1)
6245
(6, 1)
6246
(6, 1)
6247
(6, 1)
6248
(6, 1)
6249
(6, 1)
6250
(6, 1)
6251
(5, 2)
6252
(5, 2)
6253
(5, 2)
6254
(5, 2)
6255
(5, 3)
6256
(4, 3)
6257
(4, 4)
6258
(4, 4)
6259
(4, 5)
6260
(4, 5)
6261
(8, 3)
6262
(8, 3)
6263
(8, 2)
6264
(8, 3)
6265
(8, 2)
6266
(8, 2)
6267
(8, 2)
6268
(8, 2)
6269
(8, 2)
6270
(8, 2)
6271
(8, 2)
6272
(8, 2)
6273
(8, 2)
6274
(8, 2)
6275
(8, 2)
6276
(8, 2)
6277
(8, 2)
6278
(8, 2)
6279
(8, 2)
6280
(8, 2)
6281
(8, 2)
6282
(8, 2)
6283
(8, 2)
6284
(8, 3)
6285
(8, 3)
6286
(8, 3)
6287
(8, 3)
6288
(8, 2)
6289
(8, 2)
6290
(8, 2)
6291
(8, 2)
6292
(8, 2)
6293
(8, 2)
6294
(8, 2)
6295
(8, 2)
6296
(8, 3)
6297
(8, 3)
6298
(8, 3)
6299
(8, 2)
6300
(8, 2)
6301
(8, 2)
6302
(8, 3)
6303
(8, 3)
6304
(8, 3)
6305
(8, 3)
6306
(8, 2)
6307
(8, 2)
6308
(8, 2)
6309
(8, 2)
6310
(8, 2)
6311
(8, 2)
6312
(8, 1)
6313
(8, 1)
6314
(8, 1)
6315
(8, 2)
6316
(8, 2)
6317
(8, 1)
6318
(8, 1)
6319
(8, 1)
6320
(8, 1)
6321
(8, 1)
6322
(8, 1)
6323
(8, 1)
6324
(8, 1)
6325
(8, 1)
6326
(8, 1)
6327
(8, 1)
6328
(8, 1)
6329
(8, 1)
6330
(8, 1)
6331
(8, 1)
6332
(8, 1)
6333
(8, 1)
6334
(8, 1)
6335
(8, 2)
6336
(8, 2)
6337
(8, 2)
6338
(8, 1)
6339
(8, 1)
6340
(8, 1)
6341
(8, 1)
6342
(8, 1)
6343
(8, 1)
6344
(8, 1)
6345
(8, 2)
6346
(8, 2)
6347
(8, 2)
6348
(8, 1)
6349
(8, 1)
6350
(8, 1)
6351
(8, 1)
6352
(8, 1)
6353
(8, 1)
6354
(8, 1)
6355
(8, 1)
6356
(8, 2)
6357
(8, 2)
6358
(8, 2)
6359
(8, 3)
6360
(8, 3)
6361
(8, 3)
6362
(8, 3)
6363
(8, 3)
6364
(8, 3)
6365
(8, 3)
6366
(8, 3)
6367
(8, 3)
6368
(7, 3)
6369
(7, 3)
6370
(7, 3)
6371
(7, 3)
6372
(7, 3)
6373
(7, 3)
6374
(7, 3)
6375
(7, 3)
6376
(7, 3)
6377
(7, 3)
6378
(6, 3)
6379
(6, 3)
6380
(6, 3)
6381
(6, 3)
6382
(6, 3)
6383
(6, 3)
6384
(6, 3)
6385
(6, 3)
6386
(6, 3)
6387
(5, 3)
6388
(5, 3)
6389
(5, 3)
6390
(5, 3)
6391
(5, 3)
6392
(6, 3)
6393
(5, 3)
6394
(5, 3)
6395
(5, 3)
6396
(5, 3)
6397
(5, 3)
6398
(5, 3)
6399
(5, 3)
6400
(5, 3)
6401
(5, 3)
6402
(5, 3)
6403
(5, 3)
6404
(5, 2)
6405
(5, 2)
6406
(5, 2)
6407
(4, 2)
6408
(4, 1)
6409
(4, 1)
6410
(4, 1)
6411
(4, 1)
6412
(4, 1)
6413
(3, 2)
6414
(3, 2)
6415
(3, 2)
6416
(3, 2)
6417
(3, 3)
6418
(3, 3)
6419
(3, 3)
6420
(3, 3)
6421
(3, 3)
6422
(2, 3)
6423
(2, 3)
6424
(2, 3)
6425
(2, 3)
6426
(2, 3)
6427
(2, 3)
6428
(2, 3)
6429
(2, 3)
6430
(2, 3)
     $$$$$$$$$$$$$$$$$$$$
     $444444444444444444$
     $444444444444444444$
     $4$4444444444444444$
     $$$$444$$$$$4444$$$$
     $44444444$444444444$
     $444444444444444444$
     $444444444444444444$
     $$$$44$$$$$$$444$$$$
     $44$444444444444$44$
     $44$444444444444$44$
     $444444444444$44444$
     $$$$$$$$$$$$$$$$$$$$

WIN!
defaultdict(<function <lambda> at 0x2adabb3462a8>, {(7, 3): 48, (4, 7): 200, (5, 7): 201, (9, 1): 100, (4, 8): 103, (5, 6): 200, (11, 2): 76, (5, 4): 38, (2, 1): 61, (6, 2): 100, (1, 6): 100, (9, 4): 101, (3, 7): 200, (5, 1): 100, (2, 5): 111, (10, 3): 42, (7, 2): 90, (1, 2): 1, (12, 2): 7, (4, 9): 29, (3, 3): 48, (8, 1): 117, (8, 5): 105, (7, 6): 154, (4, 4): 59, (6, 3): 80, (1, 5): 101, (11, 1): 14, (3, 6): 200, (2, 2): 101, (8, 6): 6, (3, 5): 190, (4, 1): 85, (1, 1): 32, (12, 3): 47, (6, 4): 15, (3, 2): 104, (2, 6): 101, (6, 6): 197, (8, 2): 156, (4, 10): 13, (7, 1): 103, (4, 5): 175, (9, 3): 100, (5, 5): 166, (7, 7): 100, (7, 5): 130, (2, 3): 54, (10, 1): 88, (4, 2): 79, (6, 5): 168, (5, 3): 88, (6, 7): 101, (8, 3): 130, (4, 6): 200, (9, 2): 100, (6, 1): 118, (3, 1): 71, (11, 3): 37, (3, 8): 101, (4, 3): 103, (9, 5): 100, (8, 4): 107, (5, 2): 99, (10, 2): 79})
<__main__.Node instance at 0x2adb5cd01950>
133
6430
True
609.670122147
