STARTING!
step1
step2
step3
a
b
c
]0;IPython: eshnich/vgdl]0;IPython: eshnich/vgdladded self, <class 'ontology.Immovable'>
added self, <class 'ontology.Passive'>
added self, <class 'core.Resource'>
added parent, <class 'core.Resource'>
added self, <class 'ontology.ResourcePack'>
added self, <class 'ontology.Flicker'>
added self, <class 'ontology.Spreader'>
added self, <class 'ontology.SpriteProducer'>
added self, <class 'ontology.Portal'>
added self, <class 'ontology.SpawnPoint'>
added self, <class 'ontology.RandomNPC'>
added self, <class 'ontology.OrientedSprite'>
added self, <class 'ontology.Conveyor'>
added self, <class 'ontology.Missile'>
added self, <class 'ontology.OrientedFlicker'>
added self, <class 'ontology.Walker'>
added self, <class 'ontology.WalkJumper'>
added self, <class 'ontology.RandomInertial'>
added self, <class 'ontology.RandomMissile'>
added self, <class 'ontology.ErraticMissile'>
added self, <class 'ontology.Bomber'>
added self, <class 'ontology.Chaser'>
added self, <class 'ontology.Fleeing'>
added self, <class 'ontology.AStarChaser'>
added self, <class 'ontology.MovingAvatar'>
added self, <class 'ontology.HorizontalAvatar'>
added self, <class 'ontology.VerticalAvatar'>
added self, <class 'ontology.FlakAvatar'>
added self, <class 'ontology.OrientedAvatar'>
added parent, <class 'ontology.OrientedAvatar'>
added self, <class 'ontology.ShootAvatar'>
added parent, <class 'ontology.ShootAvatar'>
added self, <class 'ontology.AimedAvatar'>
added parent, <class 'ontology.AimedAvatar'>
added self, <class 'ontology.AimedFlakAvatar'>
<class 'ontology.OrientedAvatar'> already in tree.
added self, <class 'ontology.RotatingAvatar'>
added self, <class 'ontology.RotatingFlippingAvatar'>
added self, <class 'ontology.NoisyRotatingFlippingAvatar'>
<class 'ontology.ShootAvatar'> already in tree.
<class 'ontology.AimedAvatar'> already in tree.
<class 'ontology.AimedFlakAvatar'> already in tree.
added self, <class 'ontology.InertialAvatar'>
added self, <class 'ontology.MarioAvatar'>
step4
FINISHED IMPORTS
FINISHED SETTING VALUES
<module 'examples.continuousphysics.montezuma_3' from 'examples/continuousphysics/montezuma_3.pyc'>
max nodes 500
1
(13, 3)
2
(12, 3)
3
(12, 3)
4
(12, 3)
5
(12, 3)
6
(12, 3)
7
(12, 3)
8
(12, 3)
9
(12, 3)
10
(12, 3)
11
(12, 3)
12
(12, 3)
13
(12, 3)
14
(12, 3)
15
(12, 2)
16
(11, 2)
17
(11, 2)
18
(11, 2)
19
(11, 2)
20
(11, 2)
21
(11, 2)
22
(11, 2)
23
(11, 2)
24
(11, 2)
25
(10, 2)
26
(10, 2)
27
(10, 2)
28
(10, 3)
29
(10, 3)
30
(10, 3)
31
(10, 3)
32
(10, 3)
33
(10, 2)
34
(10, 2)
35
(10, 3)
36
(10, 3)
37
(10, 3)
38
(10, 3)
39
(10, 2)
40
(10, 2)
41
(9, 3)
42
(9, 3)
43
(9, 3)
44
(9, 3)
45
(9, 3)
46
(10, 3)
47
(9, 3)
48
(9, 3)
49
(9, 3)
50
(9, 3)
51
(9, 3)
52
(9, 3)
53
(9, 3)
54
(9, 2)
55
(9, 2)
56
(9, 1)
57
(9, 1)
58
(8, 1)
59
(8, 1)
60
(8, 1)
61
(8, 1)
62
(7, 1)
63
(7, 1)
64
(7, 1)
65
(7, 2)
66
(6, 2)
67
(6, 2)
68
(6, 2)
69
(6, 2)
70
(6, 2)
71
(6, 2)
72
(6, 2)
73
(6, 2)
74
(5, 2)
75
(5, 2)
76
(5, 2)
77
(5, 2)
78
(5, 2)
79
(5, 2)
80
(5, 2)
81
(5, 2)
82
(4, 2)
83
(4, 2)
84
(4, 2)
85
(4, 2)
86
(4, 2)
87
(4, 2)
88
(4, 2)
89
(4, 2)
90
(3, 2)
91
(3, 2)
92
(3, 2)
93
(3, 2)
94
(3, 2)
95
(3, 2)
96
(3, 2)
97
(3, 2)
98
(2, 2)
99
(2, 2)
100
(2, 2)
101
(2, 2)
102
(2, 2)
103
(2, 2)
104
(2, 2)
105
(2, 2)
106
(1, 2)
107
(1, 2)
108
(1, 2)
109
(1, 2)
110
(1, 2)
111
(1, 2)
112
(1, 2)
113
(1, 2)
114
(1, 2)
115
(1, 2)
116
(1, 2)
117
(1, 2)
118
(1, 2)
119
(1, 2)
120
(1, 2)
121
(1, 2)
122
(1, 2)
123
(1, 2)
124
(1, 2)
125
(1, 2)
126
(1, 2)
127
(1, 2)
128
(2, 2)
129
(2, 2)
130
(1, 2)
131
(1, 2)
132
(1, 2)
133
(1, 2)
134
(1, 2)
135
(1, 2)
136
(1, 2)
137
(1, 2)
138
(1, 2)
139
(1, 2)
140
(1, 2)
141
(1, 2)
142
(1, 2)
143
(1, 2)
144
(1, 2)
145
(1, 2)
146
(1, 2)
147
(1, 2)
148
(1, 2)
149
(1, 2)
150
(1, 2)
151
(1, 2)
152
(1, 2)
153
(1, 2)
154
(1, 2)
155
(1, 2)
156
(1, 2)
157
(1, 2)
158
(1, 2)
159
(1, 2)
160
(1, 2)
161
(1, 2)
162
(1, 2)
163
(1, 2)
164
(1, 2)
165
(1, 2)
166
(1, 2)
167
(1, 2)
168
(1, 2)
169
(1, 2)
170
(1, 2)
171
(2, 2)
172
(2, 2)
173
(2, 2)
174
(2, 2)
175
(2, 2)
176
(2, 2)
177
(1, 2)
178
(2, 2)
179
(2, 2)
180
(2, 2)
181
(1, 2)
182
(1, 1)
183
(1, 1)
184
(1, 1)
185
(1, 1)
186
(1, 1)
187
(1, 1)
188
(1, 1)
189
(1, 1)
190
(1, 2)
191
(1, 2)
192
(1, 2)
193
(1, 2)
194
(1, 1)
195
(1, 1)
196
(1, 1)
197
(1, 1)
198
(1, 1)
199
(1, 1)
200
(1, 1)
201
(1, 1)
202
(1, 1)
203
(1, 2)
204
(1, 2)
205
(1, 2)
206
(1, 2)
207
(1, 2)
208
(1, 2)
209
(1, 2)
210
(1, 1)
211
(1, 1)
212
(1, 1)
213
(1, 1)
214
(1, 1)
215
(1, 1)
216
(1, 1)
217
(1, 1)
218
(1, 1)
219
(1, 1)
220
(1, 1)
221
(1, 1)
222
(1, 2)
223
(1, 2)
224
(1, 2)
225
(1, 1)
226
(1, 2)
227
(1, 2)
228
(2, 2)
229
(2, 2)
230
(1, 1)
231
(2, 2)
232
(1, 1)
233
(1, 1)
234
(1, 1)
235
(1, 1)
236
(1, 1)
237
(1, 1)
238
(1, 1)
239
(1, 1)
240
(1, 1)
241
(1, 2)
242
(1, 2)
243
(1, 2)
244
(1, 2)
245
(1, 2)
246
(1, 2)
247
(1, 2)
248
(1, 2)
249
(1, 2)
250
(1, 2)
251
(1, 1)
252
(1, 1)
253
(1, 1)
254
(1, 1)
255
(1, 1)
256
(1, 1)
257
(1, 1)
258
(1, 1)
259
(1, 1)
260
(1, 1)
261
(1, 1)
262
(1, 1)
263
(1, 1)
264
(1, 2)
265
(2, 2)
266
(2, 2)
267
(1, 1)
268
(1, 1)
269
(1, 1)
270
(1, 1)
271
(1, 2)
272
(1, 2)
273
(1, 2)
274
(1, 2)
275
(1, 2)
276
(1, 2)
277
(1, 2)
278
(1, 2)
279
(1, 2)
280
(1, 2)
281
(1, 2)
282
(1, 1)
283
(1, 1)
284
(1, 1)
285
(1, 1)
286
(1, 1)
287
(1, 1)
288
(1, 1)
289
(1, 1)
290
(1, 1)
291
(1, 1)
292
(1, 1)
293
(1, 1)
294
(1, 1)
295
(1, 1)
296
(2, 2)
297
(2, 2)
298
(2, 2)
299
(1, 2)
300
(1, 2)
301
(1, 1)
302
(1, 1)
303
(1, 1)
304
(1, 1)
305
(1, 1)
306
(1, 1)
307
(1, 1)
308
(1, 1)
309
(1, 1)
310
(1, 1)
311
(2, 2)
312
(2, 2)
313
(1, 2)
314
(1, 2)
315
(1, 1)
316
(1, 1)
317
(1, 1)
318
(1, 1)
319
(1, 1)
320
(1, 1)
321
(1, 1)
322
(2, 2)
323
(2, 2)
324
(2, 2)
325
(1, 2)
326
(1, 1)
327
(1, 1)
328
(1, 1)
329
(1, 1)
330
(1, 1)
331
(1, 1)
332
(1, 1)
333
(1, 1)
334
(1, 1)
335
(1, 1)
336
(1, 1)
337
(1, 1)
338
(1, 1)
339
(1, 2)
340
(2, 2)
341
(1, 2)
342
(2, 2)
343
(2, 2)
344
(2, 2)
345
(1, 2)
346
(2, 2)
347
(2, 2)
348
(1, 1)
349
(1, 1)
350
(1, 2)
351
(1, 2)
352
(1, 1)
353
(1, 1)
354
(1, 1)
355
(1, 1)
356
(1, 1)
357
(2, 2)
358
(2, 2)
359
(2, 2)
360
(2, 2)
361
(2, 2)
362
(2, 2)
363
(1, 1)
364
(1, 1)
365
(1, 1)
366
(1, 1)
367
(1, 1)
368
(1, 1)
369
(1, 1)
370
(1, 1)
371
(1, 1)
372
(1, 1)
373
(1, 1)
374
(2, 2)
375
(2, 2)
376
(1, 1)
377
(1, 1)
378
(1, 1)
379
(1, 1)
380
(1, 1)
381
(1, 1)
382
(1, 1)
383
(1, 1)
384
(1, 1)
385
(1, 1)
386
(1, 1)
387
(1, 1)
388
(1, 1)
389
(2, 2)
390
(2, 2)
391
(2, 2)
392
(2, 2)
393
(2, 2)
394
(1, 1)
395
(3, 2)
396
(3, 2)
397
(2, 2)
398
(2, 2)
399
(2, 2)
400
(2, 1)
401
(1, 1)
402
(1, 1)
403
(1, 1)
404
(1, 1)
405
(1, 1)
406
(1, 1)
407
(1, 1)
408
(1, 1)
409
(1, 1)
410
(1, 1)
411
(3, 2)
412
(2, 2)
413
(2, 2)
414
(2, 2)
415
(2, 1)
416
(1, 1)
417
(1, 1)
418
(1, 1)
419
(1, 1)
420
(1, 1)
421
(1, 1)
422
(1, 1)
423
(2, 2)
424
(2, 1)
425
(2, 1)
426
(2, 1)
427
(2, 2)
428
(2, 2)
429
(2, 2)
430
(2, 2)
431
(2, 1)
432
(2, 1)
433
(3, 2)
434
(3, 2)
435
(3, 2)
436
(3, 2)
437
(2, 2)
438
(2, 2)
439
(2, 1)
440
(2, 1)
441
(3, 2)
442
(3, 2)
443
(3, 2)
444
(3, 2)
445
(2, 2)
446
(2, 2)
447
(2, 1)
448
(2, 1)
449
(3, 2)
450
(3, 2)
451
(2, 2)
452
(2, 1)
453
(2, 1)
454
(2, 1)
455
(3, 2)
456
(2, 2)
457
(2, 2)
458
(3, 2)
459
(3, 2)
460
(3, 2)
461
(3, 2)
462
(3, 2)
463
(3, 2)
464
(3, 2)
465
(2, 1)
466
(2, 1)
467
(2, 1)
468
(2, 1)
469
(2, 2)
470
(2, 2)
471
(2, 2)
472
(2, 1)
473
(2, 1)
474
(3, 2)
475
(2, 2)
476
(2, 2)
477
(2, 1)
478
(2, 1)
479
(3, 2)
480
(3, 2)
481
(3, 2)
482
(3, 2)
483
(3, 2)
484
(3, 2)
485
(2, 1)
486
(2, 1)
487
(3, 2)
488
(3, 1)
489
(3, 2)
490
(2, 1)
491
(2, 1)
492
(2, 1)
493
(2, 1)
494
(2, 1)
495
(2, 1)
496
(2, 1)
497
(2, 1)
498
(4, 2)
499
(4, 2)
500
(3, 2)
<__main__.Node instance at 0x2b5fb2ce67a0>
125
500
False
72.9337408543
