STARTING!
step1
step2
step3
a
b
c
]0;IPython: eshnich/vgdl]0;IPython: eshnich/vgdladded self, <class 'ontology.Immovable'>
added self, <class 'ontology.Passive'>
added self, <class 'core.Resource'>
added parent, <class 'core.Resource'>
added self, <class 'ontology.ResourcePack'>
added self, <class 'ontology.Flicker'>
added self, <class 'ontology.Spreader'>
added self, <class 'ontology.SpriteProducer'>
added self, <class 'ontology.Portal'>
added self, <class 'ontology.SpawnPoint'>
added self, <class 'ontology.RandomNPC'>
added self, <class 'ontology.OrientedSprite'>
added self, <class 'ontology.Conveyor'>
added self, <class 'ontology.Missile'>
added self, <class 'ontology.OrientedFlicker'>
added self, <class 'ontology.Walker'>
added self, <class 'ontology.WalkJumper'>
added self, <class 'ontology.RandomInertial'>
added self, <class 'ontology.RandomMissile'>
added self, <class 'ontology.ErraticMissile'>
added self, <class 'ontology.Bomber'>
added self, <class 'ontology.Chaser'>
added self, <class 'ontology.Fleeing'>
added self, <class 'ontology.AStarChaser'>
added self, <class 'ontology.MovingAvatar'>
added self, <class 'ontology.HorizontalAvatar'>
added self, <class 'ontology.VerticalAvatar'>
added self, <class 'ontology.FlakAvatar'>
added self, <class 'ontology.OrientedAvatar'>
added parent, <class 'ontology.OrientedAvatar'>
added self, <class 'ontology.ShootAvatar'>
added parent, <class 'ontology.ShootAvatar'>
added self, <class 'ontology.AimedAvatar'>
added parent, <class 'ontology.AimedAvatar'>
added self, <class 'ontology.AimedFlakAvatar'>
<class 'ontology.OrientedAvatar'> already in tree.
added self, <class 'ontology.RotatingAvatar'>
added self, <class 'ontology.RotatingFlippingAvatar'>
added self, <class 'ontology.NoisyRotatingFlippingAvatar'>
<class 'ontology.ShootAvatar'> already in tree.
<class 'ontology.AimedAvatar'> already in tree.
<class 'ontology.AimedFlakAvatar'> already in tree.
added self, <class 'ontology.InertialAvatar'>
added self, <class 'ontology.MarioAvatar'>
step4
FINISHED IMPORTS
FINISHED SETTING VALUES
<module 'examples.continuousphysics.montezuma_medium' from 'examples/continuousphysics/montezuma_medium.pyc'>
max nodes 9223372036854775807
1
(11, 3)
2
(10, 3)
3
(10, 3)
4
(10, 3)
5
(10, 3)
6
(10, 3)
7
(10, 3)
8
(10, 3)
9
(10, 3)
10
(10, 2)
11
(10, 3)
12
(10, 3)
13
(10, 3)
14
(10, 3)
15
(10, 3)
16
(10, 3)
17
(10, 3)
18
(10, 3)
19
(10, 3)
20
(10, 3)
21
(10, 3)
22
(10, 3)
23
(10, 3)
24
(10, 3)
25
(10, 3)
26
(9, 3)
27
(9, 3)
28
(9, 3)
29
(9, 3)
30
(9, 3)
31
(9, 3)
32
(9, 3)
33
(9, 3)
34
(9, 3)
35
(9, 3)
36
(9, 3)
37
(9, 3)
38
(9, 3)
39
(9, 3)
40
(9, 3)
41
(9, 3)
42
(9, 3)
43
(9, 3)
44
(9, 3)
45
(9, 3)
46
(9, 3)
47
(9, 3)
48
(9, 3)
49
(9, 3)
50
(9, 3)
51
(9, 3)
52
(9, 3)
53
(9, 3)
54
(9, 3)
55
(9, 3)
56
(9, 3)
57
(9, 3)
58
(9, 3)
59
(9, 3)
60
(9, 3)
61
(9, 2)
62
(9, 2)
63
(9, 3)
64
(9, 3)
65
(8, 2)
66
(8, 2)
67
(8, 2)
68
(8, 2)
69
(8, 3)
70
(8, 2)
71
(8, 2)
72
(8, 2)
73
(8, 2)
74
(8, 2)
75
(8, 2)
76
(8, 2)
77
(8, 2)
78
(8, 2)
79
(8, 2)
80
(8, 3)
81
(8, 2)
82
(8, 2)
83
(8, 2)
84
(8, 2)
85
(8, 2)
86
(8, 2)
87
(8, 2)
88
(8, 2)
89
(8, 2)
90
(8, 2)
91
(8, 2)
92
(8, 2)
93
(8, 2)
94
(8, 2)
95
(8, 2)
96
(8, 2)
97
(8, 2)
98
(8, 2)
99
(7, 3)
100
(7, 3)
101
(7, 3)
102
(7, 3)
103
(7, 3)
104
(7, 3)
105
(7, 3)
106
(7, 3)
107
(7, 3)
108
(7, 3)
109
(7, 3)
110
(7, 3)
111
(7, 3)
112
(7, 3)
113
(7, 3)
114
(7, 3)
115
(7, 3)
116
(7, 3)
117
(7, 3)
118
(7, 3)
119
(7, 3)
120
(7, 3)
121
(7, 3)
122
(7, 3)
123
(7, 3)
124
(7, 3)
125
(7, 3)
126
(7, 3)
127
(7, 3)
128
(7, 3)
129
(7, 3)
130
(7, 3)
131
(7, 3)
132
(7, 3)
133
(7, 3)
134
(7, 3)
135
(7, 3)
136
(7, 3)
137
(7, 3)
138
(7, 3)
139
(7, 3)
140
(6, 3)
141
(6, 3)
142
(6, 3)
143
(6, 3)
144
(6, 3)
145
(6, 3)
146
(6, 3)
147
(6, 3)
148
(6, 3)
149
(6, 3)
150
(6, 3)
151
(6, 3)
152
(6, 3)
153
(6, 3)
154
(6, 3)
155
(6, 3)
156
(6, 3)
157
(6, 3)
158
(6, 3)
159
(6, 3)
160
(6, 3)
161
(6, 3)
162
(6, 3)
163
(6, 3)
164
(6, 3)
165
(6, 3)
166
(6, 3)
167
(6, 3)
168
(6, 3)
169
(6, 3)
170
(6, 3)
171
(6, 3)
172
(6, 3)
173
(6, 3)
174
(6, 3)
175
(6, 3)
176
(6, 3)
177
(5, 3)
178
(5, 3)
179
(5, 3)
180
(6, 3)
181
(5, 3)
182
(6, 3)
183
(5, 3)
184
(6, 3)
185
(6, 3)
186
(5, 3)
187
(5, 3)
188
(5, 3)
189
(5, 3)
190
(5, 3)
191
(5, 3)
192
(5, 3)
193
(5, 3)
194
(5, 3)
195
(5, 3)
196
(5, 3)
197
(5, 2)
198
(5, 2)
199
(5, 2)
200
(6, 3)
201
(6, 3)
202
(6, 3)
203
(5, 3)
204
(5, 3)
205
(5, 3)
206
(5, 3)
207
(5, 3)
208
(6, 3)
209
(5, 2)
210
(5, 2)
211
(5, 2)
212
(6, 3)
213
(5, 2)
214
(5, 2)
215
(5, 2)
216
(6, 3)
217
(6, 3)
218
(6, 3)
219
(6, 3)
220
(6, 3)
221
(6, 3)
222
(6, 3)
223
(6, 3)
224
(6, 2)
225
(6, 2)
226
(6, 2)
227
(5, 2)
228
(5, 2)
229
(5, 2)
230
(5, 2)
231
(5, 2)
232
(5, 2)
233
(5, 2)
234
(5, 2)
235
(5, 2)
236
(4, 1)
237
(4, 1)
238
(4, 1)
239
(4, 1)
240
(4, 1)
241
(4, 1)
242
(4, 1)
243
(4, 1)
244
(4, 1)
245
(4, 1)
246
(4, 1)
247
(4, 1)
248
(4, 1)
249
(4, 1)
250
(4, 1)
251
(4, 1)
252
(4, 1)
253
(4, 1)
254
(4, 1)
255
(4, 1)
256
(3, 2)
257
(3, 2)
258
(3, 2)
259
(3, 2)
260
(3, 2)
261
(3, 2)
262
(3, 2)
263
(3, 2)
264
(3, 2)
265
(3, 2)
266
(3, 2)
267
(3, 2)
268
(3, 2)
269
(3, 2)
270
(3, 2)
271
(3, 2)
272
(3, 3)
273
(3, 3)
274
(3, 3)
275
(3, 3)
276
(3, 3)
277
(5, 3)
278
(5, 3)
279
(5, 3)
280
(3, 3)
281
(5, 3)
282
(5, 3)
283
(6, 3)
284
(6, 3)
285
(6, 2)
286
(6, 2)
287
(6, 2)
288
(6, 2)
289
(5, 2)
290
(5, 2)
291
(5, 3)
292
(5, 3)
293
(5, 3)
294
(5, 3)
295
(5, 3)
296
(5, 2)
297
(5, 2)
298
(5, 2)
299
(5, 2)
300
(5, 1)
301
(5, 2)
302
(5, 1)
303
(5, 1)
304
(4, 1)
305
(6, 2)
306
(4, 1)
307
(4, 1)
308
(4, 1)
309
(6, 2)
310
(4, 1)
311
(4, 1)
312
(4, 1)
313
(6, 2)
314
(4, 1)
315
(4, 1)
316
(4, 1)
317
(5, 2)
318
(4, 1)
319
(4, 1)
320
(4, 2)
321
(5, 1)
322
(4, 2)
323
(4, 2)
324
(3, 2)
325
(5, 1)
326
(3, 2)
327
(3, 2)
328
(3, 2)
329
(4, 1)
330
(3, 2)
331
(3, 2)
332
(3, 2)
333
(4, 1)
334
(3, 2)
335
(3, 2)
336
(3, 3)
337
(4, 1)
338
(3, 3)
339
(3, 3)
340
(3, 3)
341
(4, 2)
342
(3, 3)
343
(3, 3)
344
(3, 3)
345
(4, 2)
346
(3, 3)
347
(3, 3)
348
(6, 3)
349
(3, 2)
350
(6, 2)
351
(6, 3)
352
(6, 3)
353
(3, 2)
354
(6, 2)
355
(3, 3)
356
(6, 2)
357
(6, 2)
358
(6, 2)
359
(3, 3)
360
(6, 3)
361
(6, 3)
362
(5, 2)
363
(5, 2)
364
(5, 2)
365
(5, 2)
366
(5, 2)
367
(6, 2)
368
(6, 2)
369
(6, 2)
370
(6, 2)
371
(5, 2)
372
(5, 2)
373
(6, 2)
374
(5, 2)
375
(5, 1)
376
(5, 1)
377
(5, 1)
378
(5, 1)
379
(5, 2)
380
(5, 1)
381
(5, 1)
382
(5, 1)
383
(5, 2)
384
(5, 1)
385
(5, 1)
386
(4, 1)
387
(5, 3)
388
(4, 1)
389
(4, 1)
390
(4, 1)
391
(5, 3)
392
(4, 1)
393
(4, 1)
394
(4, 2)
395
(5, 3)
396
(4, 2)
397
(4, 2)
398
(4, 2)
399
(4, 2)
400
(4, 2)
401
(5, 3)
402
(4, 2)
403
(4, 2)
404
(4, 2)
405
(3, 2)
406
(3, 2)
407
(5, 3)
408
(3, 2)
409
(3, 3)
410
(3, 3)
411
(3, 3)
412
(6, 2)
413
(3, 3)
414
(3, 3)
415
(3, 3)
416
(6, 2)
417
(3, 3)
418
(3, 3)
419
(3, 3)
420
(6, 2)
421
(3, 3)
422
(6, 2)
423
(6, 2)
424
(6, 2)
425
(3, 3)
426
(5, 2)
427
(5, 2)
428
(6, 2)
429
(3, 3)
430
(3, 3)
431
(3, 2)
432
(5, 1)
433
(3, 3)
434
(3, 3)
435
(3, 3)
436
(3, 3)
437
(3, 3)
438
(3, 3)
439
(3, 3)
440
(3, 2)
441
(3, 2)
442
(3, 3)
443
(3, 3)
444
(3, 3)
445
(3, 2)
446
(3, 2)
447
(3, 3)
448
(3, 2)
449
(3, 3)
450
(3, 2)
451
(3, 3)
452
(3, 2)
453
(3, 2)
454
(4, 3)
455
(4, 3)
456
(3, 2)
457
(3, 2)
458
(4, 3)
459
(4, 3)
460
(4, 3)
461
(3, 2)
462
(4, 3)
463
(3, 1)
464
(4, 3)
465
(4, 3)
466
(2, 1)
467
(4, 3)
468
(4, 3)
469
(4, 3)
470
(2, 1)
471
(4, 3)
472
(4, 3)
473
(2, 1)
474
(4, 3)
475
(3, 2)
476
(4, 3)
477
(2, 1)
478
(3, 2)
479
(3, 2)
480
(3, 2)
481
(3, 2)
482
(2, 1)
483
(4, 3)
484
(4, 3)
485
(4, 3)
486
(2, 1)
487
(4, 3)
488
(3, 2)
489
(4, 3)
490
(1, 1)
491
(4, 3)
492
(4, 3)
493
(4, 3)
494
(1, 1)
495
(4, 3)
496
(1, 1)
497
(4, 3)
498
(4, 2)
499
(4, 2)
500
(1, 1)
defaultdict(<function <lambda> at 0x2acc13e202a8>, {(7, 3): 41, (8, 3): 2, (4, 1): 41, (3, 2): 48, (8, 2): 32, (9, 2): 2, (5, 2): 38, (9, 3): 37, (11, 3): 1, (4, 2): 16, (6, 3): 61, (3, 1): 1, (6, 2): 27, (2, 1): 6, (4, 3): 25, (5, 1): 15, (3, 3): 43, (5, 3): 36, (10, 3): 23, (1, 1): 4, (10, 2): 1})
501
(4, 3)
502
(4, 3)
503
(4, 3)
504
(4, 3)
505
(4, 3)
506
(4, 3)
507
(3, 1)
508
(3, 1)
509
(3, 1)
510
(4, 3)
511
(4, 3)
512
(4, 2)
513
(4, 3)
514
(4, 3)
515
(4, 3)
516
(4, 3)
517
(4, 3)
518
(3, 2)
519
(3, 2)
520
(4, 2)
521
(4, 3)
522
(4, 3)
523
(4, 2)
524
(4, 3)
525
(3, 1)
526
(3, 1)
527
(4, 3)
528
(4, 3)
529
(4, 3)
530
(4, 3)
531
(4, 3)
532
(3, 1)
533
(4, 3)
534
(4, 3)
535
(4, 3)
536
(3, 1)
537
(3, 1)
538
(4, 3)
539
(4, 3)
540
(3, 1)
541
(3, 1)
542
(3, 1)
543
(3, 1)
544
(3, 1)
545
(3, 1)
546
(3, 1)
547
(4, 3)
548
(3, 1)
549
(3, 1)
550
(3, 1)
551
(3, 1)
552
(3, 1)
553
(3, 1)
554
(3, 1)
555
(3, 1)
556
(3, 1)
557
(3, 1)
558
(4, 3)
559
(3, 2)
560
(3, 1)
561
(3, 2)
562
(3, 2)
563
(3, 2)
564
(3, 2)
565
(4, 3)
566
(3, 2)
567
(3, 2)
568
(3, 2)
569
(3, 3)
570
(3, 2)
571
(4, 3)
572
(3, 3)
573
(4, 3)
574
(3, 1)
575
(3, 1)
576
(4, 2)
577
(4, 2)
578
(4, 2)
579
(4, 2)
580
(4, 3)
581
(4, 3)
582
(4, 3)
583
(4, 3)
584
(4, 3)
585
(4, 3)
586
(4, 3)
587
(4, 3)
588
(4, 3)
589
(4, 3)
590
(4, 3)
591
(4, 2)
592
(3, 1)
593
(3, 1)
594
(4, 3)
595
(3, 1)
596
(3, 1)
597
(4, 3)
598
(4, 3)
599
(4, 2)
600
(4, 2)
601
(3, 1)
602
(3, 1)
603
(3, 1)
604
(4, 3)
605
(3, 1)
606
(3, 1)
607
(3, 1)
608
(3, 1)
609
(3, 1)
610
(4, 3)
611
(3, 1)
612
(3, 1)
613
(3, 1)
614
(4, 3)
615
(3, 1)
616
(3, 1)
617
(3, 1)
618
(4, 3)
619
(3, 1)
620
(3, 1)
621
(3, 1)
622
(4, 3)
623
(3, 1)
624
(3, 2)
625
(3, 2)
626
(4, 2)
627
(3, 2)
628
(3, 2)
629
(3, 2)
630
(4, 3)
631
(3, 2)
632
(3, 2)
633
(3, 2)
634
(4, 3)
635
(3, 2)
636
(4, 3)
637
(4, 3)
638
(4, 2)
639
(4, 2)
640
(4, 3)
641
(4, 3)
642
(4, 3)
643
(4, 3)
644
(4, 3)
645
(4, 3)
646
(4, 3)
647
(4, 3)
648
(4, 3)
649
(4, 3)
650
(4, 2)
651
(4, 2)
652
(4, 2)
653
(4, 4)
654
(4, 4)
655
(4, 4)
656
(4, 4)
657
(4, 4)
658
(4, 2)
659
(4, 2)
660
(4, 2)
661
(4, 3)
662
(4, 3)
663
(4, 3)
664
(4, 3)
665
(4, 3)
666
(4, 2)
667
(4, 4)
668
(4, 4)
669
(4, 4)
670
(4, 4)
671
(4, 4)
672
(4, 2)
673
(4, 2)
674
(4, 2)
675
(4, 4)
676
(4, 4)
677
(4, 4)
678
(4, 4)
679
(4, 4)
680
(4, 4)
681
(4, 4)
682
(4, 4)
683
(4, 4)
684
(4, 4)
685
(4, 2)
686
(4, 2)
687
(4, 2)
688
(4, 2)
689
(4, 4)
690
(4, 4)
691
(4, 4)
692
(4, 4)
693
(4, 4)
694
(4, 2)
695
(4, 2)
696
(4, 2)
697
(5, 2)
698
(5, 2)
699
(4, 1)
700
(5, 2)
701
(4, 4)
702
(4, 4)
703
(4, 4)
704
(4, 4)
705
(4, 4)
706
(4, 4)
707
(4, 4)
708
(4, 4)
709
(4, 4)
710
(4, 4)
711
(5, 1)
712
(5, 1)
713
(5, 1)
714
(5, 1)
715
(5, 1)
716
(4, 4)
717
(5, 1)
718
(4, 4)
719
(5, 1)
720
(4, 4)
721
(5, 1)
722
(5, 1)
723
(4, 4)
724
(4, 4)
725
(4, 1)
726
(5, 1)
727
(6, 2)
728
(4, 2)
729
(6, 2)
730
(4, 1)
731
(5, 1)
732
(4, 2)
733
(5, 3)
734
(4, 2)
735
(5, 3)
736
(4, 2)
737
(4, 2)
738
(5, 3)
739
(6, 2)
740
(4, 2)
741
(4, 2)
742
(6, 2)
743
(6, 2)
744
(4, 2)
745
(3, 3)
746
(5, 3)
747
(5, 3)
748
(3, 3)
749
(6, 2)
750
(6, 2)
751
(6, 2)
752
(6, 2)
753
(6, 2)
754
(6, 2)
755
(5, 1)
756
(6, 2)
757
(6, 2)
758
(5, 1)
759
(5, 1)
760
(5, 1)
761
(5, 1)
762
(5, 1)
763
(6, 3)
764
(5, 1)
765
(5, 1)
766
(5, 1)
767
(6, 3)
768
(5, 1)
769
(5, 1)
770
(5, 1)
771
(5, 1)
772
(6, 3)
773
(5, 1)
774
(5, 1)
775
(5, 1)
776
(6, 3)
777
(4, 2)
778
(5, 1)
779
(4, 2)
780
(6, 3)
781
(4, 2)
782
(4, 2)
783
(4, 2)
784
(5, 1)
785
(4, 2)
786
(4, 2)
787
(4, 2)
788
(5, 1)
789
(4, 2)
790
(4, 2)
791
(4, 2)
792
(5, 1)
793
(5, 1)
794
(4, 2)
795
(6, 2)
796
(6, 2)
797
(5, 1)
798
(6, 2)
799
(6, 2)
800
(6, 2)
801
(5, 1)
802
(6, 2)
803
(4, 4)
804
(4, 4)
805
(4, 4)
806
(6, 2)
807
(4, 4)
808
(4, 4)
809
(6, 2)
810
(6, 2)
811
(6, 2)
812
(6, 2)
813
(5, 3)
814
(5, 3)
815
(6, 2)
816
(5, 3)
817
(5, 3)
818
(5, 3)
819
(6, 2)
820
(5, 1)
821
(5, 1)
822
(5, 1)
823
(6, 1)
824
(5, 1)
825
(7, 2)
826
(5, 1)
827
(5, 1)
828
(4, 5)
829
(4, 5)
830
(4, 5)
831
(5, 1)
832
(4, 5)
833
(4, 5)
834
(6, 2)
835
(5, 1)
836
(6, 2)
837
(6, 2)
838
(5, 1)
839
(5, 1)
840
(5, 3)
841
(5, 2)
842
(5, 3)
843
(5, 3)
844
(5, 3)
845
(4, 2)
846
(5, 3)
847
(5, 1)
848
(4, 2)
849
(7, 3)
850
(7, 2)
851
(6, 2)
852
(6, 3)
853
(4, 2)
854
(6, 3)
855
(6, 3)
856
(4, 3)
857
(6, 2)
858
(6, 2)
859
(6, 2)
860
(4, 3)
861
(6, 3)
862
(6, 3)
863
(5, 1)
864
(4, 3)
865
(6, 2)
866
(5, 1)
867
(4, 3)
868
(5, 1)
869
(7, 2)
870
(7, 2)
871
(4, 4)
872
(7, 2)
873
(5, 1)
874
(5, 1)
875
(6, 2)
876
(6, 2)
877
(6, 2)
878
(4, 5)
879
(6, 2)
880
(6, 2)
881
(6, 2)
882
(4, 5)
883
(6, 2)
884
(6, 2)
885
(6, 2)
886
(4, 5)
887
(6, 1)
888
(6, 1)
889
(6, 1)
890
(4, 5)
891
(6, 1)
892
(6, 1)
893
(6, 1)
894
(5, 1)
895
(5, 1)
896
(4, 5)
897
(5, 1)
898
(5, 1)
899
(5, 1)
900
(5, 1)
901
(5, 1)
902
(5, 1)
903
(5, 1)
904
(5, 1)
905
(6, 2)
906
(5, 2)
907
(5, 2)
908
(5, 2)
909
(6, 2)
910
(5, 2)
911
(5, 2)
912
(5, 2)
913
(6, 2)
914
(4, 2)
915
(4, 2)
916
(4, 2)
917
(5, 1)
918
(4, 2)
919
(4, 2)
920
(4, 2)
921
(5, 2)
922
(4, 3)
923
(4, 3)
924
(4, 3)
925
(7, 2)
926
(7, 2)
927
(7, 2)
928
(6, 2)
929
(5, 1)
930
(5, 1)
931
(7, 3)
932
(6, 2)
933
(6, 2)
934
(6, 2)
935
(6, 2)
936
(6, 2)
937
(7, 2)
938
(5, 1)
939
(5, 1)
940
(6, 3)
941
(5, 1)
942
(5, 1)
943
(4, 4)
944
(6, 2)
945
(6, 2)
946
(6, 1)
947
(6, 1)
948
(6, 2)
949
(6, 2)
950
(6, 1)
951
(7, 2)
952
(6, 2)
953
(6, 2)
954
(5, 1)
955
(5, 4)
956
(6, 2)
957
(6, 2)
958
(5, 4)
959
(5, 4)
960
(6, 3)
961
(6, 3)
962
(6, 2)
963
(5, 4)
964
(5, 4)
965
(6, 2)
966
(6, 2)
967
(7, 2)
968
(6, 2)
969
(6, 2)
970
(7, 2)
971
(7, 2)
972
(6, 2)
973
(6, 2)
974
(6, 2)
975
(6, 1)
976
(6, 2)
977
(6, 1)
978
(6, 2)
979
(4, 5)
980
(6, 3)
981
(4, 5)
982
(6, 3)
983
(4, 5)
984
(4, 5)
985
(4, 5)
986
(6, 1)
987
(6, 1)
988
(7, 2)
989
(7, 2)
990
(7, 2)
991
(7, 2)
992
(6, 2)
993
(6, 2)
994
(6, 2)
995
(6, 1)
996
(6, 2)
997
(6, 2)
998
(5, 4)
999
(5, 4)
1000
(6, 1)
defaultdict(<function <lambda> at 0x2acc13e202a8>, {(7, 3): 43, (5, 4): 7, (2, 1): 6, (6, 2): 102, (5, 1): 83, (10, 3): 23, (7, 2): 17, (3, 3): 47, (4, 4): 47, (6, 3): 76, (4, 1): 44, (1, 1): 4, (3, 2): 68, (8, 2): 32, (4, 5): 15, (9, 3): 37, (4, 2): 75, (5, 3): 51, (8, 3): 2, (9, 2): 2, (6, 1): 16, (3, 1): 51, (11, 3): 1, (4, 3): 101, (5, 2): 49, (10, 2): 1})
1001
(6, 1)
1002
(5, 4)
1003
(5, 4)
1004
(6, 1)
1005
(6, 1)
1006
(5, 4)
1007
(6, 1)
1008
(6, 1)
1009
(6, 1)
1010
(7, 2)
1011
(7, 2)
1012
(5, 1)
1013
(5, 1)
1014
(6, 1)
1015
(6, 1)
1016
(5, 1)
1017
(5, 1)
1018
(6, 1)
1019
(6, 4)
1020
(5, 2)
1021
(5, 2)
1022
(6, 4)
1023
(6, 4)
1024
(5, 2)
1025
(5, 2)
1026
(6, 4)
1027
(6, 4)
1028
(5, 2)
1029
(5, 2)
1030
(7, 2)
1031
(6, 1)
1032
(4, 2)
1033
(4, 2)
1034
(6, 1)
1035
(6, 1)
1036
(7, 3)
1037
(7, 2)
1038
(4, 5)
1039
(4, 5)
1040
(4, 5)
1041
(6, 1)
1042
(4, 5)
1043
(4, 5)
1044
(6, 1)
1045
(6, 1)
1046
(7, 2)
1047
(7, 2)
1048
(7, 2)
1049
(6, 1)
1050
(7, 2)
1051
(7, 2)
1052
(7, 2)
1053
(6, 1)
1054
(6, 1)
1055
(6, 1)
1056
(6, 1)
1057
(7, 2)
1058
(7, 2)
1059
(7, 2)
1060
(6, 1)
1061
(7, 2)
1062
(7, 2)
1063
(7, 2)
1064
(6, 1)
1065
(6, 1)
1066
(7, 2)
1067
(7, 2)
1068
(4, 5)
1069
(4, 5)
1070
(4, 5)
1071
(4, 5)
1072
(4, 5)
1073
(6, 1)
1074
(6, 1)
1075
(6, 1)
1076
(7, 2)
1077
(6, 1)
1078
(6, 1)
1079
(6, 1)
1080
(6, 1)
1081
(7, 3)
1082
(7, 2)
1083
(6, 1)
1084
(5, 4)
1085
(5, 4)
1086
(5, 4)
1087
(5, 4)
1088
(5, 4)
1089
(6, 1)
1090
(7, 3)
1091
(6, 1)
1092
(6, 1)
1093
(6, 1)
1094
(6, 1)
1095
(6, 1)
1096
(6, 1)
1097
(7, 2)
1098
(6, 1)
1099
(6, 1)
1100
(6, 1)
1101
(6, 1)
1102
(6, 1)
1103
(7, 2)
1104
(6, 1)
1105
(6, 1)
1106
(6, 1)
1107
(6, 1)
1108
(6, 1)
1109
(6, 1)
1110
(5, 4)
1111
(6, 1)
1112
(6, 1)
1113
(6, 1)
1114
(5, 4)
1115
(5, 4)
1116
(6, 1)
1117
(5, 4)
1118
(5, 4)
1119
(8, 3)
1120
(8, 3)
1121
(6, 1)
1122
(8, 3)
1123
(8, 3)
1124
(6, 1)
1125
(8, 3)
1126
(8, 3)
1127
(8, 3)
1128
(6, 1)
1129
(6, 1)
1130
(6, 1)
1131
(6, 1)
1132
(6, 1)
1133
(6, 1)
1134
(6, 1)
1135
(6, 1)
1136
(6, 1)
1137
(6, 1)
1138
(7, 2)
1139
(6, 1)
1140
(6, 1)
1141
(6, 1)
1142
(7, 2)
1143
(6, 1)
1144
(6, 1)
1145
(6, 1)
1146
(7, 2)
1147
(7, 2)
1148
(7, 2)
1149
(7, 2)
1150
(7, 2)
1151
(8, 3)
1152
(4, 5)
1153
(4, 5)
1154
(4, 5)
1155
(8, 3)
1156
(8, 3)
1157
(8, 3)
1158
(6, 1)
1159
(6, 1)
1160
(4, 5)
1161
(8, 3)
1162
(4, 5)
1163
(8, 3)
1164
(7, 2)
1165
(6, 4)
1166
(7, 2)
1167
(6, 4)
1168
(7, 2)
1169
(6, 4)
1170
(6, 4)
1171
(7, 2)
1172
(7, 2)
1173
(6, 4)
1174
(6, 1)
1175
(7, 2)
1176
(7, 2)
1177
(6, 1)
1178
(6, 1)
1179
(7, 1)
1180
(7, 2)
1181
(6, 1)
1182
(6, 1)
1183
(6, 1)
1184
(7, 1)
1185
(6, 1)
1186
(6, 1)
1187
(6, 1)
1188
(6, 1)
1189
(6, 1)
1190
(6, 1)
1191
(6, 1)
1192
(8, 3)
1193
(7, 2)
1194
(8, 3)
1195
(7, 2)
1196
(7, 2)
1197
(7, 2)
1198
(8, 3)
1199
(7, 2)
1200
(8, 3)
1201
(7, 1)
1202
(8, 3)
1203
(8, 3)
1204
(8, 3)
1205
(7, 1)
1206
(8, 3)
1207
(8, 3)
1208
(8, 3)
1209
(8, 3)
1210
(8, 3)
1211
(8, 2)
1212
(8, 3)
1213
(8, 2)
1214
(8, 2)
1215
(8, 2)
1216
(7, 2)
1217
(7, 2)
1218
(7, 2)
1219
(7, 2)
1220
(8, 2)
1221
(7, 2)
1222
(7, 2)
1223
(7, 2)
1224
(7, 2)
1225
(7, 2)
1226
(7, 2)
1227
(7, 1)
1228
(7, 2)
1229
(7, 1)
1230
(7, 1)
1231
(7, 1)
1232
(8, 3)
1233
(7, 1)
1234
(7, 1)
1235
(8, 3)
1236
(8, 3)
1237
(7, 2)
1238
(8, 3)
1239
(4, 5)
1240
(8, 2)
1241
(8, 2)
1242
(8, 3)
1243
(8, 3)
1244
(8, 2)
1245
(7, 1)
1246
(8, 3)
1247
(8, 2)
1248
(8, 3)
1249
(8, 2)
1250
(8, 3)
1251
(8, 2)
1252
(8, 2)
1253
(8, 3)
1254
(8, 2)
1255
(8, 2)
1256
(8, 3)
1257
(7, 2)
1258
(7, 2)
1259
(8, 3)
1260
(7, 2)
1261
(8, 3)
1262
(7, 1)
1263
(7, 2)
1264
(8, 3)
1265
(7, 1)
1266
(8, 3)
1267
(7, 1)
1268
(8, 2)
1269
(7, 1)
1270
(7, 1)
1271
(8, 2)
1272
(8, 3)
1273
(8, 2)
1274
(7, 1)
1275
(4, 6)
1276
(8, 2)
1277
(4, 6)
1278
(4, 6)
1279
(7, 2)
1280
(8, 2)
1281
(7, 2)
1282
(8, 2)
1283
(4, 6)
1284
(4, 6)
1285
(7, 1)
1286
(8, 2)
1287
(7, 1)
1288
(7, 1)
1289
(8, 2)
1290
(8, 2)
1291
(8, 2)
1292
(7, 1)
1293
(8, 2)
1294
(8, 2)
1295
(8, 2)
1296
(7, 1)
1297
(8, 2)
1298
(9, 3)
1299
(9, 3)
1300
(7, 1)
1301
(9, 3)
1302
(9, 3)
1303
(8, 2)
1304
(7, 2)
1305
(8, 2)
1306
(7, 1)
1307
(7, 2)
1308
(7, 2)
1309
(7, 1)
1310
(7, 1)
1311
(7, 1)
1312
(8, 2)
1313
(7, 1)
1314
(7, 1)
1315
(7, 1)
1316
(8, 2)
1317
(7, 1)
1318
(7, 1)
1319
(7, 1)
1320
(8, 2)
1321
(8, 2)
1322
(7, 1)
1323
(7, 1)
1324
(5, 4)
1325
(5, 4)
1326
(5, 4)
1327
(8, 2)
1328
(8, 2)
1329
(9, 3)
1330
(8, 2)
1331
(5, 4)
1332
(5, 4)
1333
(9, 3)
1334
(9, 3)
1335
(9, 3)
1336
(9, 3)
1337
(4, 6)
1338
(4, 6)
1339
(4, 6)
1340
(8, 2)
1341
(4, 6)
1342
(4, 6)
1343
(5, 4)
1344
(5, 4)
1345
(5, 4)
1346
(5, 4)
1347
(5, 4)
1348
(8, 2)
1349
(8, 2)
1350
(8, 2)
1351
(8, 3)
1352
(8, 2)
1353
(8, 2)
1354
(8, 2)
1355
(8, 3)
1356
(8, 3)
1357
(8, 2)
1358
(8, 2)
1359
(8, 2)
1360
(8, 2)
1361
(8, 2)
1362
(8, 2)
1363
(8, 2)
1364
(8, 2)
1365
(8, 2)
1366
(8, 2)
1367
(8, 2)
1368
(8, 2)
1369
(7, 1)
1370
(7, 1)
1371
(6, 4)
1372
(7, 1)
1373
(6, 4)
1374
(6, 4)
1375
(7, 1)
1376
(7, 1)
1377
(6, 4)
1378
(6, 4)
1379
(7, 1)
1380
(8, 2)
1381
(8, 2)
1382
(8, 2)
1383
(7, 1)
1384
(7, 1)
1385
(7, 1)
1386
(7, 1)
1387
(7, 1)
1388
(7, 1)
1389
(7, 1)
1390
(7, 1)
1391
(7, 1)
1392
(7, 1)
1393
(7, 1)
1394
(7, 1)
1395
(7, 1)
1396
(7, 1)
1397
(8, 2)
1398
(7, 1)
1399
(7, 1)
1400
(8, 2)
1401
(8, 2)
1402
(9, 3)
1403
(9, 3)
1404
(9, 3)
1405
(9, 3)
1406
(7, 1)
1407
(8, 2)
1408
(8, 2)
1409
(8, 2)
1410
(9, 2)
1411
(9, 2)
1412
(8, 2)
1413
(8, 2)
1414
(8, 1)
1415
(8, 1)
1416
(8, 1)
1417
(9, 3)
1418
(9, 3)
1419
(9, 3)
1420
(9, 3)
1421
(4, 6)
1422
(4, 6)
1423
(4, 6)
1424
(7, 1)
1425
(7, 1)
1426
(7, 1)
1427
(4, 6)
1428
(7, 1)
1429
(7, 1)
1430
(7, 1)
1431
(7, 1)
1432
(7, 1)
1433
(4, 6)
1434
(7, 1)
1435
(7, 1)
1436
(7, 1)
1437
(7, 1)
1438
(7, 1)
1439
(7, 1)
1440
(7, 1)
1441
(8, 1)
1442
(8, 2)
1443
(8, 2)
1444
(8, 1)
1445
(9, 2)
1446
(9, 2)
1447
(9, 2)
1448
(7, 1)
1449
(7, 1)
1450
(9, 2)
1451
(9, 2)
1452
(9, 2)
1453
(8, 1)
1454
(8, 1)
1455
(4, 6)
1456
(4, 6)
1457
(4, 6)
1458
(4, 6)
1459
(4, 6)
1460
(4, 6)
1461
(5, 5)
1462
(5, 5)
1463
(5, 5)
1464
(9, 2)
1465
(5, 5)
1466
(5, 5)
1467
(9, 2)
1468
(9, 2)
1469
(8, 1)
1470
(8, 2)
1471
(5, 5)
1472
(5, 5)
1473
(8, 1)
1474
(5, 5)
1475
(8, 1)
1476
(9, 2)
1477
(9, 2)
1478
(8, 1)
1479
(8, 1)
1480
(7, 1)
1481
(7, 1)
1482
(4, 6)
1483
(4, 6)
1484
(4, 6)
1485
(4, 6)
1486
(4, 6)
1487
(6, 5)
1488
(9, 2)
1489
(6, 5)
1490
(6, 5)
1491
(9, 2)
1492
(9, 2)
1493
(6, 5)
1494
(6, 5)
1495
(9, 2)
1496
(8, 1)
1497
(8, 1)
1498
(8, 1)
1499
(9, 2)
1500
(9, 2)
defaultdict(<function <lambda> at 0x2acc13e202a8>, {(7, 3): 46, (5, 4): 30, (2, 1): 6, (6, 2): 102, (5, 1): 87, (10, 3): 23, (7, 2): 80, (3, 3): 47, (8, 1): 15, (4, 4): 47, (6, 3): 76, (4, 1): 44, (1, 1): 4, (6, 4): 15, (3, 2): 68, (8, 2): 102, (7, 1): 77, (4, 5): 31, (9, 3): 54, (5, 5): 8, (4, 2): 77, (6, 5): 5, (5, 3): 51, (8, 3): 47, (4, 6): 26, (9, 2): 21, (6, 1): 102, (3, 1): 51, (11, 3): 1, (4, 3): 101, (5, 2): 55, (10, 2): 1})
1501
(9, 2)
1502
(8, 1)
1503
(8, 1)
1504
(8, 1)
1505
(8, 1)
1506
(8, 1)
1507
(8, 1)
1508
(9, 2)
1509
(9, 2)
1510
(4, 6)
1511
(4, 6)
1512
(4, 6)
1513
(4, 6)
1514
(4, 6)
1515
(9, 2)
1516
(9, 2)
1517
(8, 1)
1518
(8, 1)
1519
(9, 2)
1520
(9, 2)
1521
(9, 2)
1522
(9, 2)
1523
(8, 1)
1524
(8, 1)
1525
(9, 2)
1526
(9, 2)
1527
(9, 2)
1528
(9, 2)
1529
(9, 2)
1530
(9, 2)
1531
(9, 2)
1532
(8, 1)
1533
(8, 1)
1534
(8, 1)
1535
(8, 1)
1536
(8, 1)
1537
(9, 2)
1538
(9, 2)
1539
(9, 2)
1540
(9, 2)
1541
(8, 1)
1542
(8, 1)
1543
(9, 1)
1544
(9, 2)
1545
(9, 2)
1546
(8, 1)
1547
(8, 1)
1548
(8, 1)
1549
(9, 2)
1550
(9, 2)
1551
(9, 2)
1552
(9, 2)
1553
(9, 2)
1554
(9, 2)
1555
(9, 2)
1556
(9, 2)
1557
(9, 2)
1558
(9, 2)
1559
(8, 1)
1560
(9, 2)
1561
(9, 2)
1562
(9, 2)
1563
(9, 2)
1564
(9, 2)
1565
(9, 2)
1566
(9, 2)
1567
(9, 2)
1568
(9, 2)
1569
(9, 2)
1570
(9, 2)
1571
(9, 2)
1572
(9, 2)
1573
(9, 2)
1574
(9, 2)
1575
(9, 2)
1576
(9, 2)
1577
(9, 2)
1578
(9, 2)
1579
(9, 2)
1580
(9, 2)
1581
(9, 2)
1582
(9, 2)
1583
(9, 2)
1584
(9, 2)
1585
(9, 2)
1586
(9, 2)
1587
(9, 2)
1588
(9, 2)
1589
(9, 2)
1590
(9, 2)
1591
(9, 2)
1592
(9, 2)
1593
(9, 2)
1594
(9, 2)
1595
(9, 2)
1596
(9, 2)
1597
(9, 2)
1598
(9, 2)
1599
(9, 2)
1600
(9, 2)
1601
(9, 2)
1602
(9, 2)
1603
(9, 2)
1604
(9, 2)
1605
(9, 2)
1606
(9, 2)
1607
(9, 2)
1608
(9, 2)
1609
(9, 2)
1610
(9, 2)
1611
(9, 2)
1612
(9, 2)
1613
(9, 3)
1614
(9, 3)
1615
(9, 2)
1616
(9, 3)
1617
(8, 1)
1618
(8, 1)
1619
(9, 3)
1620
(9, 3)
1621
(9, 3)
1622
(9, 3)
1623
(9, 3)
1624
(9, 3)
1625
(9, 3)
1626
(9, 3)
1627
(9, 3)
1628
(9, 3)
1629
(9, 3)
1630
(5, 5)
1631
(5, 5)
1632
(5, 5)
1633
(5, 5)
1634
(5, 5)
1635
(9, 3)
1636
(8, 1)
1637
(8, 1)
1638
(8, 1)
1639
(8, 1)
1640
(8, 1)
1641
(8, 1)
1642
(8, 1)
1643
(8, 1)
1644
(4, 7)
1645
(8, 1)
1646
(4, 7)
1647
(4, 7)
1648
(9, 1)
1649
(4, 7)
1650
(4, 7)
1651
(5, 5)
1652
(5, 5)
1653
(5, 5)
1654
(5, 5)
1655
(5, 5)
1656
(9, 1)
1657
(8, 1)
1658
(9, 3)
1659
(9, 3)
1660
(9, 3)
1661
(9, 1)
1662
(9, 1)
1663
(9, 3)
1664
(9, 3)
1665
(9, 3)
1666
(9, 3)
1667
(9, 3)
1668
(9, 3)
1669
(9, 1)
1670
(9, 1)
1671
(6, 5)
1672
(6, 5)
1673
(6, 5)
1674
(6, 5)
1675
(6, 5)
1676
(4, 6)
1677
(9, 3)
1678
(9, 3)
1679
(9, 1)
1680
(4, 7)
1681
(4, 7)
1682
(4, 7)
1683
(4, 7)
1684
(9, 1)
1685
(9, 1)
1686
(9, 1)
1687
(9, 1)
1688
(9, 1)
1689
(9, 1)
1690
(9, 1)
1691
(9, 1)
1692
(9, 1)
1693
(9, 1)
1694
(9, 1)
1695
(9, 3)
1696
(9, 3)
1697
(9, 3)
1698
(9, 3)
1699
(9, 3)
1700
(9, 3)
1701
(9, 3)
1702
(9, 3)
1703
(9, 3)
1704
(9, 3)
1705
(10, 2)
1706
(4, 7)
1707
(9, 3)
1708
(9, 3)
1709
(4, 7)
1710
(4, 7)
1711
(4, 7)
1712
(4, 7)
1713
(10, 2)
1714
(9, 3)
1715
(9, 3)
1716
(10, 2)
1717
(9, 3)
1718
(10, 2)
1719
(9, 3)
1720
(10, 3)
1721
(9, 3)
1722
(10, 3)
1723
(9, 3)
1724
(9, 3)
1725
(11, 3)
1726
(9, 3)
1727
(9, 3)
1728
(11, 3)
1729
(5, 6)
1730
(5, 6)
1731
(5, 6)
1732
(5, 6)
1733
(5, 6)
1734
(11, 3)
1735
(5, 6)
1736
(5, 6)
1737
(10, 3)
1738
(5, 6)
1739
(5, 6)
1740
(5, 6)
1741
(10, 3)
1742
(10, 3)
1743
(10, 3)
1744
(10, 2)
1745
(10, 3)
1746
(10, 2)
1747
(10, 3)
1748
(10, 3)
1749
(4, 8)
1750
(10, 3)
1751
(10, 3)
1752
(10, 3)
1753
(10, 3)
1754
(10, 3)
1755
(10, 3)
1756
(10, 3)
1757
(10, 3)
1758
(10, 3)
1759
(10, 3)
1760
(10, 3)
1761
(10, 3)
1762
(10, 3)
1763
(10, 3)
1764
(10, 3)
1765
(10, 3)
1766
(10, 3)
1767
(10, 3)
1768
(10, 3)
1769
(10, 3)
1770
(10, 3)
1771
(10, 3)
1772
(10, 3)
1773
(10, 3)
1774
(10, 3)
1775
(10, 3)
1776
(10, 3)
1777
(10, 3)
1778
(10, 3)
1779
(10, 2)
1780
(10, 2)
1781
(10, 2)
1782
(10, 3)
1783
(10, 3)
1784
(10, 3)
1785
(10, 3)
1786
(10, 3)
1787
(10, 2)
1788
(10, 2)
1789
(10, 2)
1790
(10, 2)
1791
(10, 3)
1792
(10, 2)
1793
(10, 2)
1794
(10, 2)
1795
(10, 2)
1796
(10, 2)
1797
(10, 2)
1798
(10, 2)
1799
(10, 2)
1800
(10, 2)
1801
(10, 2)
1802
(10, 2)
1803
(10, 2)
1804
(10, 2)
1805
(10, 2)
1806
(10, 2)
1807
(10, 2)
1808
(10, 2)
1809
(10, 2)
1810
(10, 2)
1811
(10, 2)
1812
(4, 8)
1813
(4, 8)
1814
(4, 8)
1815
(4, 8)
1816
(6, 6)
1817
(6, 6)
1818
(6, 6)
1819
(6, 6)
1820
(6, 6)
1821
(10, 3)
1822
(10, 2)
1823
(10, 2)
1824
(10, 2)
1825
(10, 2)
1826
(11, 3)
1827
(10, 2)
1828
(9, 4)
1829
(9, 1)
1830
(9, 4)
1831
(9, 4)
1832
(9, 1)
1833
(9, 4)
1834
(9, 1)
1835
(9, 4)
1836
(9, 1)
1837
(9, 4)
1838
(9, 4)
1839
(9, 1)
1840
(9, 4)
1841
(11, 3)
1842
(10, 2)
1843
(11, 3)
1844
(10, 2)
1845
(11, 3)
1846
(11, 3)
1847
(11, 3)
1848
(11, 3)
1849
(11, 3)
1850
(11, 3)
1851
(11, 3)
1852
(11, 3)
1853
(11, 3)
1854
(10, 3)
1855
(11, 3)
1856
(10, 3)
1857
(10, 3)
1858
(10, 3)
1859
(10, 3)
1860
(10, 2)
1861
(10, 2)
1862
(11, 3)
1863
(10, 2)
1864
(10, 2)
1865
(10, 2)
1866
(10, 2)
1867
(10, 2)
1868
(10, 2)
1869
(10, 2)
1870
(10, 2)
1871
(10, 2)
1872
(10, 2)
1873
(4, 8)
1874
(4, 8)
1875
(4, 8)
1876
(4, 8)
1877
(4, 8)
1878
(10, 2)
1879
(10, 2)
1880
(10, 3)
1881
(11, 3)
1882
(10, 2)
1883
(4, 7)
1884
(10, 2)
1885
(10, 2)
1886
(10, 2)
1887
(10, 2)
1888
(10, 2)
1889
(10, 2)
1890
(10, 2)
1891
(9, 1)
1892
(9, 1)
1893
(10, 2)
1894
(9, 1)
1895
(9, 1)
1896
(9, 1)
1897
(10, 2)
1898
(9, 1)
1899
(9, 1)
1900
(9, 1)
1901
(10, 2)
1902
(9, 1)
1903
(9, 1)
1904
(9, 1)
1905
(10, 2)
1906
(9, 1)
1907
(9, 1)
1908
(9, 1)
1909
(10, 3)
1910
(9, 1)
1911
(10, 2)
1912
(10, 2)
1913
(10, 2)
1914
(11, 2)
1915
(10, 2)
1916
(10, 2)
1917
(11, 3)
1918
(11, 3)
1919
(11, 3)
1920
(10, 2)
1921
(10, 2)
1922
(10, 2)
1923
(10, 1)
1924
(10, 2)
1925
(10, 2)
1926
(10, 1)
1927
(9, 1)
1928
(10, 2)
1929
(11, 3)
1930
(9, 1)
1931
(9, 1)
1932
(11, 3)
1933
(11, 3)
1934
(9, 1)
1935
(9, 1)
1936
(11, 3)
1937
(9, 1)
1938
(11, 3)
1939
(9, 1)
1940
(9, 1)
1941
(11, 3)
1942
(11, 3)
1943
(11, 2)
1944
(11, 2)
1945
(10, 2)
1946
(10, 2)
1947
(9, 4)
1948
(10, 2)
1949
(9, 4)
1950
(9, 4)
1951
(9, 4)
1952
(9, 4)
1953
(9, 4)
1954
(9, 4)
1955
(9, 4)
1956
(9, 4)
1957
(9, 4)
1958
(11, 2)
1959
(11, 2)
1960
(10, 2)
1961
(4, 8)
1962
(4, 8)
1963
(4, 8)
1964
(4, 8)
1965
(4, 8)
1966
(10, 2)
1967
(10, 2)
1968
(10, 2)
1969
(10, 2)
1970
(10, 2)
1971
(10, 2)
1972
(10, 2)
1973
(10, 2)
1974
(11, 2)
1975
(11, 2)
1976
(11, 2)
1977
(10, 2)
1978
(10, 2)
1979
(10, 2)
1980
(10, 2)
1981
(10, 2)
1982
(10, 2)
1983
(10, 2)
1984
(10, 2)
1985
(10, 2)
1986
(10, 2)
1987
(10, 2)
1988
(11, 3)
1989
(11, 3)
1990
(11, 3)
1991
(10, 1)
1992
(10, 1)
1993
(10, 1)
1994
(11, 3)
1995
(11, 3)
1996
(10, 1)
1997
(11, 3)
1998
(11, 3)
1999
(11, 3)
2000
(5, 6)
defaultdict(<function <lambda> at 0x2acc13e202a8>, {(7, 3): 46, (4, 7): 15, (9, 1): 47, (4, 8): 15, (5, 6): 11, (11, 2): 8, (5, 4): 30, (2, 1): 6, (6, 2): 102, (9, 4): 18, (5, 1): 87, (10, 3): 75, (7, 2): 80, (3, 3): 47, (8, 1): 48, (4, 4): 47, (6, 3): 76, (4, 1): 44, (1, 1): 4, (6, 4): 15, (3, 2): 68, (6, 6): 5, (8, 2): 102, (7, 1): 77, (4, 5): 31, (9, 3): 101, (5, 5): 18, (10, 1): 6, (4, 2): 77, (6, 5): 10, (5, 3): 51, (8, 3): 47, (4, 6): 32, (9, 2): 107, (6, 1): 102, (3, 1): 51, (11, 3): 37, (4, 3): 101, (5, 2): 55, (10, 2): 101})
2001
(5, 6)
2002
(5, 6)
2003
(5, 6)
2004
(5, 6)
2005
(11, 2)
2006
(10, 1)
2007
(10, 1)
2008
(10, 1)
2009
(10, 1)
2010
(10, 3)
2011
(10, 1)
2012
(10, 1)
2013
(9, 1)
2014
(10, 3)
2015
(9, 1)
2016
(9, 1)
2017
(9, 1)
2018
(9, 1)
2019
(9, 1)
2020
(9, 1)
2021
(9, 1)
2022
(10, 3)
2023
(9, 1)
2024
(9, 1)
2025
(9, 1)
2026
(9, 1)
2027
(9, 1)
2028
(9, 1)
2029
(10, 3)
2030
(9, 1)
2031
(9, 1)
2032
(9, 1)
2033
(9, 4)
2034
(9, 4)
2035
(9, 1)
2036
(9, 4)
2037
(9, 4)
2038
(9, 4)
2039
(9, 4)
2040
(9, 4)
2041
(9, 4)
2042
(9, 4)
2043
(9, 4)
2044
(10, 3)
2045
(5, 6)
2046
(5, 6)
2047
(5, 6)
2048
(10, 1)
2049
(5, 6)
2050
(5, 6)
2051
(11, 2)
2052
(11, 2)
2053
(10, 3)
2054
(11, 2)
2055
(10, 3)
2056
(10, 3)
2057
(11, 2)
2058
(10, 3)
2059
(10, 3)
2060
(10, 3)
2061
(10, 3)
2062
(10, 3)
2063
(10, 3)
2064
(10, 3)
2065
(10, 3)
2066
(11, 2)
2067
(6, 6)
2068
(6, 6)
2069
(6, 6)
2070
(11, 3)
2071
(11, 3)
2072
(6, 6)
2073
(6, 6)
2074
(10, 1)
2075
(11, 2)
2076
(11, 2)
2077
(11, 2)
2078
(10, 1)
2079
(11, 2)
2080
(11, 2)
2081
(11, 3)
2082
(11, 3)
2083
(11, 3)
2084
(11, 3)
2085
(11, 3)
2086
(11, 3)
2087
(11, 3)
2088
(11, 3)
2089
(11, 3)
2090
(11, 3)
2091
(11, 3)
2092
(11, 3)
2093
(10, 1)
2094
(4, 9)
2095
(4, 9)
2096
(11, 3)
2097
(11, 3)
2098
(11, 3)
2099
(11, 3)
2100
(11, 3)
2101
(11, 3)
2102
(11, 3)
2103
(11, 3)
2104
(11, 3)
2105
(11, 3)
2106
(4, 9)
2107
(4, 9)
2108
(4, 9)
2109
(10, 2)
2110
(11, 3)
2111
(11, 2)
2112
(11, 3)
2113
(11, 3)
2114
(9, 5)
2115
(11, 3)
2116
(8, 5)
2117
(11, 3)
2118
(11, 3)
2119
(8, 4)
2120
(11, 3)
2121
(11, 3)
2122
(8, 4)
2123
(8, 4)
2124
(8, 4)
2125
(8, 4)
2126
(8, 4)
2127
(8, 4)
2128
(8, 4)
2129
(8, 4)
2130
(8, 4)
2131
(8, 4)
2132
(8, 4)
2133
(8, 4)
2134
(8, 4)
2135
(8, 4)
2136
(8, 4)
2137
(8, 4)
2138
(8, 4)
2139
(8, 4)
2140
(8, 3)
2141
(8, 3)
2142
(8, 3)
2143
(8, 3)
2144
(8, 3)
2145
(8, 3)
2146
(8, 3)
2147
(8, 3)
2148
(8, 3)
2149
(8, 3)
2150
(8, 3)
2151
(8, 3)
2152
(8, 3)
2153
(8, 3)
2154
(8, 3)
2155
(8, 3)
2156
(8, 3)
2157
(8, 3)
2158
(8, 3)
2159
(8, 3)
2160
(8, 3)
2161
(8, 3)
2162
(8, 3)
2163
(8, 3)
2164
(8, 3)
2165
(8, 3)
2166
(8, 3)
2167
(8, 3)
2168
(8, 3)
2169
(8, 3)
2170
(8, 3)
2171
(8, 3)
2172
(8, 3)
2173
(8, 3)
2174
(8, 3)
2175
(8, 3)
2176
(8, 3)
2177
(8, 3)
2178
(8, 4)
2179
(8, 4)
2180
(8, 4)
2181
(8, 4)
2182
(8, 4)
2183
(8, 4)
2184
(8, 4)
2185
(8, 4)
2186
(8, 4)
2187
(8, 4)
2188
(8, 4)
2189
(8, 4)
2190
(8, 5)
2191
(8, 5)
2192
(8, 5)
2193
(11, 3)
2194
(8, 5)
2195
(8, 5)
2196
(8, 5)
2197
(8, 4)
2198
(8, 4)
2199
(8, 4)
2200
(8, 5)
2201
(8, 5)
2202
(8, 4)
2203
(8, 4)
2204
(8, 4)
2205
(8, 4)
2206
(8, 4)
2207
(8, 4)
2208
(8, 4)
2209
(8, 4)
2210
(8, 4)
2211
(8, 4)
2212
(8, 4)
2213
(8, 4)
2214
(8, 4)
2215
(8, 4)
2216
(8, 4)
2217
(8, 4)
2218
(8, 3)
2219
(8, 4)
2220
(8, 3)
2221
(8, 3)
2222
(8, 3)
2223
(8, 3)
2224
(8, 3)
2225
(8, 3)
2226
(8, 3)
2227
(8, 3)
2228
(8, 3)
2229
(8, 3)
2230
(8, 3)
2231
(8, 3)
2232
(8, 3)
2233
(8, 3)
2234
(8, 3)
2235
(8, 3)
2236
(8, 3)
2237
(8, 3)
2238
(8, 3)
2239
(8, 3)
2240
(8, 4)
2241
(8, 4)
2242
(8, 4)
2243
(8, 4)
2244
(8, 4)
2245
(8, 4)
2246
(8, 4)
2247
(8, 4)
2248
(8, 4)
2249
(8, 4)
2250
(8, 4)
2251
(8, 4)
2252
(8, 4)
2253
(8, 4)
2254
(8, 4)
2255
(8, 4)
2256
(8, 4)
2257
(8, 4)
2258
(8, 4)
2259
(8, 4)
2260
(8, 4)
2261
(8, 4)
2262
(8, 4)
2263
(8, 4)
2264
(8, 4)
2265
(8, 4)
2266
(8, 4)
2267
(8, 4)
2268
(8, 4)
2269
(8, 4)
2270
(8, 4)
2271
(8, 4)
2272
(8, 4)
2273
(8, 4)
2274
(8, 4)
2275
(8, 4)
2276
(8, 4)
2277
(8, 4)
2278
(8, 4)
2279
(8, 4)
2280
(8, 4)
2281
(8, 4)
2282
(8, 4)
2283
(8, 5)
2284
(8, 5)
2285
(8, 5)
2286
(8, 5)
2287
(8, 5)
2288
(8, 5)
2289
(8, 5)
2290
(8, 4)
2291
(8, 4)
2292
(8, 4)
2293
(8, 5)
2294
(8, 4)
2295
(8, 4)
2296
(8, 4)
2297
(8, 4)
2298
(8, 4)
2299
(8, 4)
2300
(8, 4)
2301
(8, 4)
2302
(8, 4)
2303
(8, 5)
2304
(8, 5)
2305
(8, 5)
2306
(7, 5)
2307
(8, 5)
2308
(8, 5)
2309
(7, 5)
2310
(8, 5)
2311
(7, 5)
2312
(7, 5)
2313
(7, 5)
2314
(7, 5)
2315
(7, 5)
2316
(7, 5)
2317
(7, 5)
2318
(7, 5)
2319
(7, 5)
2320
(7, 5)
2321
(7, 5)
2322
(7, 5)
2323
(8, 5)
2324
(8, 5)
2325
(8, 5)
2326
(7, 5)
2327
(7, 5)
2328
(7, 5)
2329
(7, 5)
2330
(8, 5)
2331
(8, 5)
2332
(8, 5)
2333
(8, 5)
2334
(8, 5)
2335
(8, 5)
2336
(8, 5)
2337
(8, 5)
2338
(8, 5)
2339
(8, 5)
2340
(8, 5)
2341
(8, 5)
2342
(8, 5)
2343
(8, 5)
2344
(8, 5)
2345
(7, 5)
2346
(8, 5)
2347
(8, 5)
2348
(7, 5)
2349
(7, 5)
2350
(8, 5)
2351
(7, 5)
2352
(8, 5)
2353
(7, 5)
2354
(7, 5)
2355
(7, 5)
2356
(7, 5)
2357
(7, 5)
2358
(7, 5)
2359
(7, 5)
2360
(7, 5)
2361
(7, 5)
2362
(7, 5)
2363
(8, 5)
2364
(8, 5)
2365
(8, 5)
2366
(8, 5)
2367
(8, 5)
2368
(8, 5)
2369
(8, 5)
2370
(8, 5)
2371
(8, 5)
2372
(8, 5)
2373
(8, 5)
2374
(8, 5)
2375
(8, 5)
2376
(8, 5)
2377
(7, 5)
2378
(8, 5)
2379
(7, 5)
2380
(7, 5)
2381
(8, 5)
2382
(8, 5)
2383
(7, 5)
2384
(7, 5)
2385
(7, 5)
2386
(7, 5)
2387
(7, 5)
2388
(8, 5)
2389
(8, 5)
2390
(8, 5)
2391
(7, 5)
2392
(7, 5)
2393
(7, 5)
2394
(7, 5)
2395
(7, 5)
2396
(7, 5)
2397
(7, 5)
2398
(7, 5)
2399
(7, 5)
2400
(7, 5)
2401
(8, 5)
2402
(8, 5)
2403
(8, 5)
2404
(8, 5)
2405
(8, 5)
2406
(8, 5)
2407
(8, 5)
2408
(8, 5)
2409
(8, 5)
2410
(8, 5)
2411
(8, 5)
2412
(8, 5)
2413
(8, 5)
2414
(8, 5)
2415
(7, 5)
2416
(7, 5)
2417
(8, 5)
2418
(7, 5)
2419
(7, 5)
2420
(7, 5)
2421
(7, 5)
2422
(7, 5)
2423
(7, 5)
2424
(8, 5)
2425
(8, 5)
2426
(8, 5)
2427
(8, 5)
2428
(8, 5)
2429
(8, 5)
2430
(8, 5)
2431
(8, 5)
2432
(8, 5)
2433
(8, 5)
2434
(8, 5)
2435
(8, 5)
2436
(8, 5)
2437
(8, 5)
2438
(8, 5)
2439
(8, 5)
2440
(8, 5)
2441
(8, 5)
2442
(7, 5)
2443
(8, 5)
2444
(8, 5)
2445
(7, 5)
2446
(7, 5)
2447
(7, 5)
2448
(7, 5)
2449
(7, 5)
2450
(7, 5)
2451
(7, 5)
2452
(7, 5)
2453
(7, 5)
2454
(7, 5)
2455
(7, 5)
2456
(7, 5)
2457
(7, 5)
2458
(7, 5)
2459
(7, 5)
2460
(7, 5)
2461
(7, 5)
2462
(7, 5)
2463
(7, 5)
2464
(7, 5)
2465
(7, 5)
2466
(7, 5)
2467
(7, 5)
2468
(7, 5)
2469
(7, 5)
2470
(7, 5)
2471
(7, 5)
2472
(7, 5)
2473
(7, 5)
2474
(7, 5)
2475
(7, 5)
2476
(7, 5)
2477
(7, 5)
2478
(8, 5)
2479
(7, 5)
2480
(7, 5)
2481
(7, 5)
2482
(7, 5)
2483
(7, 5)
2484
(7, 5)
2485
(7, 5)
2486
(7, 5)
2487
(9, 5)
2488
(9, 5)
2489
(7, 5)
2490
(9, 5)
2491
(11, 2)
2492
(9, 5)
2493
(9, 5)
2494
(9, 5)
2495
(11, 2)
2496
(11, 2)
2497
(9, 5)
2498
(9, 5)
2499
(9, 5)
2500
(7, 5)
defaultdict(<function <lambda> at 0x2acc13e202a8>, {(7, 3): 46, (4, 7): 15, (9, 1): 65, (4, 8): 15, (5, 6): 20, (11, 2): 23, (5, 4): 30, (2, 1): 6, (6, 2): 102, (9, 4): 28, (5, 1): 87, (10, 3): 91, (7, 2): 80, (4, 9): 5, (3, 3): 47, (8, 1): 48, (8, 5): 101, (4, 4): 47, (6, 3): 76, (4, 1): 44, (1, 1): 4, (6, 4): 15, (3, 2): 68, (6, 6): 10, (8, 2): 102, (7, 1): 77, (4, 5): 31, (9, 3): 101, (5, 5): 18, (7, 5): 102, (10, 1): 16, (4, 2): 77, (6, 5): 10, (5, 3): 51, (8, 3): 106, (4, 6): 32, (9, 2): 107, (6, 1): 102, (3, 1): 51, (11, 3): 70, (4, 3): 101, (9, 5): 10, (8, 4): 106, (5, 2): 55, (10, 2): 102})
2501
(7, 5)
2502
(9, 4)
2503
(9, 4)
2504
(9, 5)
2505
(9, 5)
2506
(9, 4)
2507
(9, 4)
2508
(9, 4)
2509
(9, 4)
2510
(9, 4)
2511
(9, 4)
2512
(9, 4)
2513
(9, 4)
2514
(9, 4)
2515
(9, 4)
2516
(9, 4)
2517
(9, 4)
2518
(9, 4)
2519
(9, 4)
2520
(9, 4)
2521
(9, 4)
2522
(9, 4)
2523
(9, 4)
2524
(9, 4)
2525
(9, 4)
2526
(9, 4)
2527
(9, 4)
2528
(9, 4)
2529
(9, 4)
2530
(9, 4)
2531
(9, 4)
2532
(9, 4)
2533
(9, 5)
2534
(9, 5)
2535
(9, 5)
2536
(9, 5)
2537
(9, 5)
2538
(9, 5)
2539
(9, 5)
2540
(9, 5)
2541
(9, 5)
2542
(9, 5)
2543
(7, 5)
2544
(9, 4)
2545
(9, 4)
2546
(9, 4)
2547
(9, 5)
2548
(9, 4)
2549
(9, 4)
2550
(9, 4)
2551
(9, 4)
2552
(9, 4)
2553
(9, 4)
2554
(9, 4)
2555
(9, 4)
2556
(9, 4)
2557
(9, 4)
2558
(9, 4)
2559
(9, 4)
2560
(9, 4)
2561
(9, 4)
2562
(9, 4)
2563
(9, 4)
2564
(9, 4)
2565
(9, 4)
2566
(9, 4)
2567
(9, 4)
2568
(9, 4)
2569
(9, 4)
2570
(9, 4)
2571
(9, 4)
2572
(9, 4)
2573
(9, 4)
2574
(9, 4)
2575
(9, 4)
2576
(9, 4)
2577
(9, 5)
2578
(9, 5)
2579
(11, 3)
2580
(11, 3)
2581
(9, 5)
2582
(9, 5)
2583
(9, 5)
2584
(9, 5)
2585
(9, 5)
2586
(9, 5)
2587
(9, 5)
2588
(11, 2)
2589
(9, 5)
2590
(9, 5)
2591
(9, 5)
2592
(9, 4)
2593
(9, 4)
2594
(9, 4)
2595
(9, 5)
2596
(9, 4)
2597
(9, 4)
2598
(9, 4)
2599
(9, 4)
2600
(9, 4)
2601
(9, 4)
2602
(9, 4)
2603
(9, 4)
2604
(9, 4)
2605
(9, 4)
2606
(9, 4)
2607
(9, 4)
2608
(9, 5)
2609
(9, 5)
2610
(9, 5)
2611
(9, 5)
2612
(9, 5)
2613
(9, 5)
2614
(9, 5)
2615
(9, 5)
2616
(9, 5)
2617
(9, 5)
2618
(9, 5)
2619
(9, 5)
2620
(9, 5)
2621
(9, 5)
2622
(9, 5)
2623
(9, 5)
2624
(9, 5)
2625
(9, 5)
2626
(9, 5)
2627
(9, 5)
2628
(9, 5)
2629
(9, 5)
2630
(9, 5)
2631
(9, 5)
2632
(9, 5)
2633
(9, 5)
2634
(9, 5)
2635
(9, 5)
2636
(9, 5)
2637
(9, 5)
2638
(9, 5)
2639
(9, 5)
2640
(9, 5)
2641
(9, 5)
2642
(9, 5)
2643
(9, 5)
2644
(9, 5)
2645
(9, 5)
2646
(9, 5)
2647
(9, 5)
2648
(9, 5)
2649
(9, 5)
2650
(9, 5)
2651
(9, 5)
2652
(9, 5)
2653
(9, 5)
2654
(9, 5)
2655
(9, 5)
2656
(9, 5)
2657
(9, 5)
2658
(9, 5)
2659
(9, 5)
2660
(11, 2)
2661
(10, 1)
2662
(9, 5)
2663
(9, 5)
2664
(9, 5)
2665
(9, 5)
2666
(9, 5)
2667
(11, 3)
2668
(11, 3)
2669
(11, 3)
2670
(9, 5)
2671
(9, 5)
2672
(11, 3)
2673
(11, 3)
2674
(11, 3)
2675
(11, 3)
2676
(9, 5)
2677
(11, 3)
2678
(9, 5)
2679
(11, 2)
2680
(11, 2)
2681
(11, 2)
2682
(11, 2)
2683
(11, 2)
2684
(11, 2)
2685
(10, 1)
2686
(11, 2)
2687
(11, 2)
2688
(11, 2)
2689
(11, 2)
2690
(11, 2)
2691
(4, 9)
2692
(4, 9)
2693
(4, 9)
2694
(9, 5)
2695
(9, 5)
2696
(9, 5)
2697
(4, 9)
2698
(4, 9)
2699
(9, 5)
2700
(11, 2)
2701
(11, 2)
2702
(11, 2)
2703
(11, 2)
2704
(11, 2)
2705
(12, 3)
2706
(11, 2)
2707
(11, 2)
2708
(12, 3)
2709
(11, 2)
2710
(11, 2)
2711
(11, 3)
2712
(11, 3)
2713
(11, 3)
2714
(11, 2)
2715
(11, 2)
2716
(11, 3)
2717
(12, 3)
2718
(11, 3)
2719
(12, 3)
2720
(11, 3)
2721
(12, 3)
2722
(12, 3)
2723
(7, 6)
2724
(11, 2)
2725
(12, 3)
2726
(11, 2)
2727
(11, 2)
2728
(12, 3)
2729
(12, 3)
2730
(11, 2)
2731
(10, 1)
2732
(10, 1)
2733
(11, 2)
2734
(11, 2)
2735
(11, 2)
2736
(11, 2)
2737
(10, 1)
2738
(10, 1)
2739
(10, 1)
2740
(11, 2)
2741
(10, 1)
2742
(10, 1)
2743
(10, 1)
2744
(12, 3)
2745
(10, 1)
2746
(10, 1)
2747
(10, 1)
2748
(10, 1)
2749
(12, 3)
2750
(10, 1)
2751
(10, 1)
2752
(10, 1)
2753
(12, 3)
2754
(10, 1)
2755
(10, 1)
2756
(12, 3)
2757
(12, 3)
2758
(11, 2)
2759
(11, 2)
2760
(12, 3)
2761
(12, 3)
2762
(12, 3)
2763
(12, 3)
2764
(12, 3)
2765
(11, 2)
2766
(11, 2)
2767
(11, 2)
2768
(11, 2)
2769
(11, 1)
2770
(11, 2)
2771
(12, 3)
2772
(4, 8)
2773
(10, 1)
2774
(11, 2)
2775
(12, 3)
2776
(12, 3)
2777
(11, 2)
2778
(11, 1)
2779
(12, 3)
2780
(12, 3)
2781
(12, 3)
2782
(12, 3)
2783
(10, 1)
2784
(11, 1)
2785
(11, 2)
2786
(10, 1)
2787
(10, 1)
2788
(11, 1)
2789
(12, 3)
2790
(10, 1)
2791
(10, 1)
2792
(10, 1)
2793
(12, 3)
2794
(10, 1)
2795
(10, 1)
2796
(10, 1)
2797
(12, 3)
2798
(10, 1)
2799
(10, 1)
2800
(10, 1)
2801
(12, 3)
2802
(9, 1)
2803
(10, 1)
2804
(10, 1)
2805
(12, 3)
2806
(9, 1)
2807
(9, 1)
2808
(10, 1)
2809
(11, 2)
2810
(9, 1)
2811
(9, 1)
2812
(9, 1)
2813
(12, 3)
2814
(12, 3)
2815
(9, 1)
2816
(9, 1)
2817
(12, 3)
2818
(12, 3)
2819
(12, 3)
2820
(9, 1)
2821
(12, 3)
2822
(12, 3)
2823
(12, 3)
2824
(12, 3)
2825
(12, 3)
2826
(12, 3)
2827
(11, 1)
2828
(10, 1)
2829
(12, 3)
2830
(12, 3)
2831
(12, 3)
2832
(12, 3)
2833
(12, 3)
2834
(11, 2)
2835
(11, 2)
2836
(12, 2)
2837
(12, 2)
2838
(10, 1)
2839
(10, 1)
2840
(10, 1)
2841
(12, 3)
2842
(10, 1)
2843
(10, 1)
2844
(10, 1)
2845
(10, 1)
2846
(10, 1)
2847
(10, 1)
2848
(10, 1)
2849
(4, 9)
2850
(10, 1)
2851
(10, 1)
2852
(4, 9)
2853
(4, 9)
2854
(7, 6)
2855
(11, 2)
2856
(7, 6)
2857
(7, 6)
2858
(12, 3)
2859
(12, 3)
2860
(11, 2)
2861
(4, 9)
2862
(7, 6)
2863
(4, 9)
2864
(12, 3)
2865
(12, 3)
2866
(7, 6)
2867
(12, 3)
2868
(12, 3)
2869
(12, 3)
2870
(12, 3)
2871
(12, 3)
2872
(12, 3)
2873
(12, 3)
2874
(12, 3)
2875
(12, 3)
2876
(12, 3)
2877
(12, 2)
2878
(11, 2)
2879
(11, 2)
2880
(11, 1)
2881
(11, 1)
2882
(11, 1)
2883
(12, 3)
2884
(10, 1)
2885
(10, 1)
2886
(11, 2)
2887
(10, 1)
2888
(11, 2)
2889
(10, 1)
2890
(12, 3)
2891
(10, 1)
2892
(12, 3)
2893
(10, 1)
2894
(10, 1)
2895
(12, 3)
2896
(10, 1)
2897
(10, 1)
2898
(10, 1)
2899
(9, 1)
2900
(9, 1)
2901
(12, 3)
2902
(9, 1)
2903
(12, 3)
2904
(9, 1)
2905
(12, 3)
2906
(9, 1)
2907
(12, 3)
2908
(12, 3)
2909
(9, 1)
2910
(12, 3)
2911
(12, 3)
2912
(12, 2)
2913
(12, 2)
2914
(12, 2)
2915
(12, 3)
2916
(12, 3)
2917
(12, 3)
2918
(11, 1)
2919
(12, 3)
2920
(12, 3)
2921
(12, 2)
2922
(12, 2)
2923
(12, 3)
2924
(12, 3)
2925
(12, 3)
2926
(12, 3)
2927
(12, 3)
2928
(12, 3)
2929
(12, 3)
2930
(12, 3)
2931
(12, 3)
2932
(12, 3)
2933
(12, 3)
2934
(12, 3)
2935
(12, 3)
2936
(12, 2)
2937
(11, 1)
2938
(11, 2)
2939
(11, 1)
2940
(12, 2)
2941
(12, 2)
2942
(12, 2)
2943
(12, 2)
2944
(12, 2)
2945
(12, 3)
2946
(12, 3)
2947
(12, 3)
2948
(7, 6)
2949
(7, 6)
2950
(12, 2)
2951
(12, 2)
2952
(12, 2)
2953
(11, 1)
2954
(12, 3)
2955
(12, 3)
2956
(12, 3)
2957
(12, 3)
2958
(12, 3)
2959
(11, 2)
2960
(12, 2)
2961
(11, 1)
2962
(11, 1)
2963
(12, 3)
2964
(12, 3)
2965
(11, 2)
2966
(11, 1)
2967
(11, 1)
2968
(11, 1)
2969
(11, 1)
2970
(11, 1)
2971
(11, 1)
2972
(11, 1)
2973
(11, 1)
2974
(11, 1)
2975
(11, 1)
2976
(11, 1)
2977
(11, 1)
2978
(11, 1)
2979
(11, 1)
2980
(12, 2)
2981
(11, 1)
2982
(11, 1)
2983
(12, 2)
2984
(11, 1)
2985
(11, 2)
2986
(11, 2)
2987
(12, 2)
2988
(11, 2)
2989
(11, 2)
2990
(11, 2)
2991
(12, 2)
2992
(11, 2)
2993
(11, 2)
2994
(11, 2)
2995
(12, 2)
2996
(11, 2)
2997
(7, 6)
2998
(7, 6)
2999
(7, 6)
3000
(12, 2)
defaultdict(<function <lambda> at 0x2acc13e202a8>, {(7, 3): 46, (4, 7): 15, (9, 1): 80, (4, 8): 16, (5, 6): 20, (11, 2): 87, (5, 4): 30, (2, 1): 6, (6, 2): 102, (9, 4): 104, (5, 1): 87, (10, 3): 91, (7, 2): 80, (12, 2): 24, (4, 9): 15, (3, 3): 47, (8, 1): 48, (8, 5): 101, (7, 6): 11, (4, 4): 47, (6, 3): 76, (11, 1): 31, (4, 1): 44, (1, 1): 4, (12, 3): 101, (6, 4): 15, (3, 2): 68, (6, 6): 10, (8, 2): 102, (7, 1): 77, (4, 5): 31, (9, 3): 101, (5, 5): 18, (7, 5): 104, (10, 1): 74, (4, 2): 77, (6, 5): 10, (5, 3): 51, (8, 3): 106, (4, 6): 32, (9, 2): 107, (6, 1): 102, (3, 1): 51, (11, 3): 86, (4, 3): 101, (9, 5): 101, (8, 4): 106, (5, 2): 55, (10, 2): 102})
3001
(12, 2)
3002
(12, 2)
3003
(12, 2)
3004
(12, 3)
3005
(12, 3)
3006
(12, 3)
3007
(12, 2)
3008
(12, 2)
3009
(12, 2)
3010
(4, 9)
3011
(4, 9)
3012
(4, 9)
3013
(11, 2)
3014
(4, 9)
3015
(4, 9)
3016
(12, 2)
3017
(12, 2)
3018
(12, 1)
3019
(12, 2)
3020
(12, 2)
3021
(11, 2)
3022
(12, 2)
3023
(12, 2)
3024
(12, 2)
3025
(12, 2)
3026
(12, 2)
3027
(12, 2)
3028
(4, 9)
3029
(4, 9)
3030
(4, 9)
3031
(12, 1)
3032
(4, 9)
3033
(4, 9)
3034
(12, 2)
3035
(12, 2)
3036
(12, 2)
3037
(12, 1)
3038
(12, 2)
3039
(11, 2)
3040
(12, 2)
3041
(12, 1)
3042
(7, 6)
3043
(7, 6)
3044
(7, 6)
3045
(12, 1)
3046
(12, 2)
3047
(12, 2)
3048
(12, 2)
3049
(12, 2)
3050
(7, 6)
3051
(12, 1)
3052
(7, 6)
3053
(12, 2)
3054
(11, 1)
3055
(12, 1)
3056
(7, 6)
3057
(7, 6)
3058
(7, 6)
3059
(7, 6)
3060
(7, 6)
3061
(12, 1)
3062
(12, 2)
3063
(12, 2)
3064
(12, 2)
3065
(12, 2)
3066
(12, 2)
3067
(12, 2)
3068
(12, 1)
3069
(12, 2)
3070
(4, 9)
3071
(4, 9)
3072
(4, 9)
3073
(12, 2)
3074
(12, 2)
3075
(12, 2)
3076
(12, 2)
3077
(12, 2)
3078
(4, 9)
3079
(4, 9)
3080
(4, 9)
3081
(12, 1)
3082
(7, 7)
3083
(7, 6)
3084
(7, 7)
3085
(12, 2)
3086
(7, 7)
3087
(8, 6)
3088
(7, 6)
3089
(8, 6)
3090
(7, 6)
3091
(7, 6)
3092
(8, 6)
3093
(7, 6)
3094
(8, 6)
3095
(8, 6)
3096
(7, 6)
3097
(7, 6)
3098
(8, 6)
3099
(8, 6)
3100
(8, 6)
3101
(7, 6)
3102
(8, 6)
3103
(7, 6)
3104
(7, 6)
3105
(7, 6)
3106
(7, 6)
3107
(7, 6)
3108
(12, 1)
3109
(7, 6)
3110
(7, 6)
3111
(7, 7)
3112
(12, 1)
3113
(7, 7)
3114
(7, 7)
3115
(7, 7)
3116
(7, 7)
3117
(7, 7)
3118
(12, 2)
3119
(12, 2)
3120
(7, 6)
3121
(7, 6)
3122
(7, 6)
3123
(7, 6)
3124
(12, 2)
3125
(12, 2)
3126
(12, 2)
3127
(7, 6)
3128
(7, 6)
3129
(7, 6)
3130
(7, 6)
3131
(7, 6)
3132
(7, 6)
3133
(8, 6)
3134
(7, 6)
3135
(8, 6)
3136
(8, 6)
3137
(7, 6)
3138
(8, 6)
3139
(8, 6)
3140
(7, 7)
3141
(8, 6)
3142
(8, 6)
3143
(7, 7)
3144
(7, 7)
3145
(7, 7)
3146
(7, 7)
3147
(7, 7)
3148
(7, 7)
3149
(7, 7)
3150
(7, 7)
3151
(7, 6)
3152
(7, 6)
3153
(7, 6)
3154
(7, 6)
3155
(7, 6)
3156
(7, 6)
3157
(7, 7)
3158
(7, 7)
3159
(7, 7)
3160
(7, 7)
3161
(7, 7)
3162
(12, 2)
3163
(12, 2)
3164
(12, 1)
3165
(7, 7)
3166
(7, 7)
3167
(7, 7)
3168
(7, 7)
3169
(8, 6)
3170
(8, 6)
3171
(8, 6)
3172
(8, 6)
3173
(8, 6)
3174
(8, 6)
3175
(8, 6)
3176
(8, 6)
3177
(8, 6)
3178
(8, 6)
3179
(8, 6)
3180
(8, 6)
3181
(7, 7)
3182
(8, 6)
3183
(8, 6)
3184
(8, 6)
3185
(8, 6)
3186
(7, 7)
3187
(7, 7)
3188
(7, 7)
3189
(7, 7)
3190
(7, 6)
3191
(7, 6)
3192
(8, 6)
3193
(7, 6)
3194
(7, 6)
3195
(8, 6)
3196
(8, 6)
3197
(8, 6)
3198
(8, 6)
3199
(8, 6)
3200
(8, 6)
3201
(8, 6)
3202
(7, 7)
3203
(8, 6)
3204
(8, 6)
3205
(8, 6)
3206
(7, 7)
3207
(8, 6)
3208
(7, 7)
3209
(7, 7)
3210
(7, 7)
3211
(7, 7)
3212
(12, 1)
3213
(7, 7)
3214
(7, 7)
3215
(7, 6)
3216
(7, 6)
3217
(7, 6)
3218
(7, 6)
3219
(7, 6)
3220
(7, 6)
3221
(7, 6)
3222
(7, 6)
3223
(7, 6)
3224
(6, 5)
3225
(7, 7)
3226
(7, 6)
3227
(6, 5)
3228
(6, 5)
3229
(6, 5)
3230
(7, 6)
3231
(6, 5)
3232
(6, 5)
3233
(6, 5)
3234
(7, 6)
3235
(6, 5)
3236
(6, 5)
3237
(6, 5)
3238
(7, 6)
3239
(6, 5)
3240
(6, 5)
3241
(6, 5)
3242
(7, 6)
3243
(6, 5)
3244
(6, 5)
3245
(6, 5)
3246
(7, 7)
3247
(6, 5)
3248
(5, 5)
3249
(5, 5)
3250
(7, 6)
3251
(6, 5)
3252
(5, 5)
3253
(5, 5)
3254
(7, 6)
3255
(5, 5)
3256
(5, 5)
3257
(5, 5)
3258
(7, 6)
3259
(5, 5)
3260
(5, 6)
3261
(5, 6)
3262
(7, 6)
3263
(5, 5)
3264
(5, 6)
3265
(5, 6)
3266
(7, 7)
3267
(5, 6)
3268
(4, 6)
3269
(4, 6)
3270
(7, 6)
3271
(5, 6)
3272
(4, 7)
3273
(4, 7)
3274
(7, 6)
3275
(4, 6)
3276
(4, 7)
3277
(4, 7)
3278
(7, 6)
3279
(4, 7)
3280
(4, 7)
3281
(4, 7)
3282
(7, 6)
3283
(4, 7)
3284
(4, 8)
3285
(4, 8)
3286
(7, 7)
3287
(4, 7)
3288
(3, 9)
3289
(3, 9)
3290
(7, 7)
3291
(4, 8)
3292
(3, 8)
3293
(3, 9)
3294
(3, 8)
3295
(3, 9)
3296
(3, 8)
3297
(3, 8)
3298
(3, 8)
3299
(3, 8)
3300
(3, 8)
3301
(3, 8)
3302
(3, 8)
3303
(3, 8)
3304
(3, 7)
3305
(3, 7)
3306
(3, 7)
3307
(3, 7)
3308
(3, 7)
3309
(3, 7)
3310
(3, 7)
3311
(4, 6)
3312
(4, 6)
3313
(4, 7)
3314
(4, 6)
3315
(4, 7)
3316
(4, 6)
3317
(4, 6)
3318
(4, 6)
3319
(4, 6)
3320
(4, 6)
3321
(4, 6)
3322
(4, 5)
3323
(4, 6)
3324
(4, 6)
3325
(4, 6)
3326
(4, 5)
3327
(4, 6)
3328
(4, 6)
3329
(4, 6)
3330
(4, 5)
3331
(4, 6)
3332
(4, 5)
3333
(4, 6)
3334
(4, 5)
3335
(4, 6)
3336
(4, 5)
3337
(4, 6)
3338
(4, 5)
3339
(4, 5)
3340
(4, 6)
3341
(4, 6)
3342
(4, 5)
3343
(4, 5)
3344
(4, 6)
3345
(4, 6)
3346
(4, 5)
3347
(4, 5)
3348
(4, 6)
3349
(4, 6)
3350
(4, 6)
3351
(4, 5)
3352
(4, 6)
3353
(4, 6)
3354
(4, 6)
3355
(4, 5)
3356
(4, 6)
3357
(4, 6)
3358
(4, 6)
3359
(4, 6)
3360
(4, 6)
3361
(4, 6)
3362
(4, 6)
3363
(4, 6)
3364
(4, 6)
3365
(4, 6)
3366
(4, 7)
3367
(4, 6)
3368
(4, 6)
3369
(4, 7)
3370
(4, 6)
3371
(3, 7)
3372
(4, 7)
3373
(4, 7)
3374
(4, 7)
3375
(4, 7)
3376
(3, 7)
3377
(3, 7)
3378
(3, 7)
3379
(4, 7)
3380
(4, 6)
3381
(3, 7)
3382
(3, 7)
3383
(4, 6)
3384
(4, 6)
3385
(3, 6)
3386
(4, 6)
3387
(4, 6)
3388
(4, 6)
3389
(4, 6)
3390
(4, 5)
3391
(4, 6)
3392
(4, 6)
3393
(4, 6)
3394
(4, 5)
3395
(4, 6)
3396
(4, 6)
3397
(4, 5)
3398
(4, 5)
3399
(4, 5)
3400
(4, 5)
3401
(4, 5)
3402
(4, 5)
3403
(4, 5)
3404
(4, 5)
3405
(4, 5)
3406
(4, 5)
3407
(4, 5)
3408
(4, 5)
3409
(4, 5)
3410
(4, 5)
3411
(4, 5)
3412
(4, 5)
3413
(4, 5)
3414
(4, 5)
3415
(4, 5)
3416
(4, 5)
3417
(4, 5)
3418
(4, 5)
3419
(4, 5)
3420
(4, 5)
3421
(4, 5)
3422
(4, 5)
3423
(4, 5)
3424
(4, 5)
3425
(4, 6)
3426
(4, 5)
3427
(4, 5)
3428
(4, 5)
3429
(4, 6)
3430
(4, 6)
3431
(4, 5)
3432
(4, 6)
3433
(4, 5)
3434
(4, 6)
3435
(4, 5)
3436
(4, 6)
3437
(4, 5)
3438
(3, 6)
3439
(4, 5)
3440
(4, 6)
3441
(4, 6)
3442
(3, 6)
3443
(4, 5)
3444
(4, 6)
3445
(3, 6)
3446
(4, 6)
3447
(3, 6)
3448
(3, 6)
3449
(3, 6)
3450
(4, 6)
3451
(3, 6)
3452
(3, 6)
3453
(3, 5)
3454
(3, 6)
3455
(3, 6)
3456
(3, 5)
3457
(3, 5)
3458
(3, 6)
3459
(3, 5)
3460
(2, 5)
3461
(3, 5)
3462
(3, 6)
3463
(3, 5)
3464
(2, 5)
3465
(3, 6)
3466
(3, 5)
3467
(3, 5)
3468
(3, 5)
3469
(2, 5)
3470
(3, 5)
3471
(2, 5)
3472
(3, 5)
3473
(2, 5)
3474
(3, 5)
3475
(2, 5)
3476
(3, 5)
3477
(2, 5)
3478
(3, 5)
3479
(2, 5)
3480
(3, 5)
3481
(2, 5)
3482
(3, 5)
3483
(2, 5)
3484
(3, 5)
3485
(3, 6)
3486
(3, 5)
3487
(2, 5)
3488
(3, 5)
3489
(3, 6)
3490
(3, 5)
3491
(2, 5)
3492
(3, 5)
3493
(3, 6)
3494
(3, 5)
3495
(1, 5)
3496
(3, 5)
3497
(3, 6)
3498
(3, 6)
3499
(3, 6)
3500
(3, 6)
defaultdict(<function <lambda> at 0x2acc13e202a8>, {(7, 3): 46, (4, 7): 33, (12, 1): 14, (9, 1): 80, (4, 8): 19, (5, 6): 26, (11, 2): 90, (5, 4): 30, (2, 1): 6, (6, 2): 102, (9, 4): 104, (3, 7): 13, (5, 1): 87, (2, 5): 12, (10, 3): 91, (7, 2): 80, (12, 2): 70, (4, 9): 31, (3, 3): 47, (8, 1): 48, (8, 5): 101, (7, 6): 80, (4, 4): 47, (6, 3): 76, (1, 5): 1, (11, 1): 32, (3, 6): 21, (8, 6): 44, (3, 5): 23, (4, 1): 44, (1, 1): 4, (12, 3): 104, (6, 4): 15, (3, 2): 68, (6, 6): 10, (8, 2): 102, (7, 1): 77, (4, 5): 84, (9, 3): 101, (5, 5): 27, (7, 7): 45, (7, 5): 104, (10, 1): 74, (4, 2): 77, (6, 5): 28, (5, 3): 51, (8, 3): 106, (4, 6): 100, (9, 2): 107, (6, 1): 102, (3, 1): 51, (11, 3): 86, (3, 8): 10, (3, 9): 4, (4, 3): 101, (9, 5): 101, (8, 4): 106, (5, 2): 55, (10, 2): 102})
3501
(3, 5)
3502
(1, 5)
3503
(3, 6)
3504
(3, 6)
3505
(3, 6)
3506
(4, 6)
3507
(3, 7)
3508
(3, 6)
3509
(3, 6)
3510
(3, 6)
3511
(3, 6)
3512
(3, 6)
3513
(3, 7)
3514
(3, 7)
3515
(3, 6)
3516
(3, 7)
3517
(3, 6)
3518
(3, 6)
3519
(3, 6)
3520
(3, 5)
3521
(3, 6)
3522
(2, 5)
3523
(3, 6)
3524
(2, 5)
3525
(3, 6)
3526
(3, 6)
3527
(2, 5)
3528
(3, 6)
3529
(3, 6)
3530
(3, 6)
3531
(3, 5)
3532
(3, 6)
3533
(3, 6)
3534
(3, 5)
3535
(3, 6)
3536
(3, 6)
3537
(3, 6)
3538
(2, 5)
3539
(3, 5)
3540
(3, 7)
3541
(3, 6)
3542
(2, 5)
3543
(3, 5)
3544
(3, 6)
3545
(2, 5)
3546
(2, 5)
3547
(3, 5)
3548
(3, 6)
3549
(2, 5)
3550
(3, 5)
3551
(2, 5)
3552
(3, 5)
3553
(2, 5)
3554
(2, 5)
3555
(3, 5)
3556
(3, 6)
3557
(2, 5)
3558
(3, 6)
3559
(3, 5)
3560
(2, 5)
3561
(3, 6)
3562
(3, 5)
3563
(3, 6)
3564
(3, 5)
3565
(3, 5)
3566
(3, 6)
3567
(3, 5)
3568
(3, 6)
3569
(3, 6)
3570
(3, 6)
3571
(3, 5)
3572
(3, 6)
3573
(3, 6)
3574
(3, 5)
3575
(3, 5)
3576
(3, 5)
3577
(3, 6)
3578
(3, 5)
3579
(3, 5)
3580
(2, 5)
3581
(3, 6)
3582
(3, 5)
3583
(3, 5)
3584
(2, 5)
3585
(3, 6)
3586
(3, 5)
3587
(3, 5)
3588
(2, 5)
3589
(3, 6)
3590
(3, 5)
3591
(3, 5)
3592
(2, 5)
3593
(3, 6)
3594
(3, 5)
3595
(3, 5)
3596
(2, 5)
3597
(3, 6)
3598
(3, 6)
3599
(3, 5)
3600
(2, 5)
3601
(3, 6)
3602
(3, 6)
3603
(3, 5)
3604
(1, 5)
3605
(3, 5)
3606
(3, 6)
3607
(3, 6)
3608
(2, 5)
3609
(2, 5)
3610
(3, 6)
3611
(3, 6)
3612
(3, 6)
3613
(2, 5)
3614
(3, 6)
3615
(3, 6)
3616
(3, 6)
3617
(2, 5)
3618
(3, 6)
3619
(3, 6)
3620
(3, 6)
3621
(2, 5)
3622
(3, 5)
3623
(2, 5)
3624
(2, 5)
3625
(2, 5)
3626
(3, 6)
3627
(3, 6)
3628
(2, 5)
3629
(1, 5)
3630
(2, 5)
3631
(3, 7)
3632
(2, 5)
3633
(3, 7)
3634
(3, 7)
3635
(3, 7)
3636
(2, 5)
3637
(3, 7)
3638
(3, 7)
3639
(2, 5)
3640
(3, 7)
3641
(2, 5)
3642
(1, 5)
3643
(3, 7)
3644
(3, 6)
3645
(3, 6)
3646
(3, 6)
3647
(3, 7)
3648
(3, 7)
3649
(3, 6)
3650
(3, 6)
3651
(3, 7)
3652
(3, 7)
3653
(3, 7)
3654
(3, 6)
3655
(3, 6)
3656
(3, 7)
3657
(3, 6)
3658
(3, 7)
3659
(3, 6)
3660
(3, 6)
3661
(3, 6)
3662
(3, 6)
3663
(3, 6)
3664
(3, 6)
3665
(3, 6)
3666
(3, 6)
3667
(3, 5)
3668
(3, 6)
3669
(3, 5)
3670
(2, 6)
3671
(3, 5)
3672
(3, 6)
3673
(3, 5)
3674
(2, 5)
3675
(3, 5)
3676
(3, 5)
3677
(3, 6)
3678
(3, 6)
3679
(3, 5)
3680
(3, 5)
3681
(2, 5)
3682
(3, 5)
3683
(3, 5)
3684
(2, 5)
3685
(3, 7)
3686
(3, 5)
3687
(3, 5)
3688
(4, 7)
3689
(4, 5)
3690
(3, 5)
3691
(3, 7)
3692
(4, 5)
3693
(3, 5)
3694
(3, 7)
3695
(4, 5)
3696
(3, 5)
3697
(3, 7)
3698
(4, 5)
3699
(4, 7)
3700
(4, 5)
3701
(3, 7)
3702
(4, 5)
3703
(2, 5)
3704
(3, 7)
3705
(4, 7)
3706
(4, 7)
3707
(3, 7)
3708
(3, 7)
3709
(3, 7)
3710
(4, 7)
3711
(3, 7)
3712
(3, 7)
3713
(3, 7)
3714
(3, 7)
3715
(3, 7)
3716
(3, 7)
3717
(3, 7)
3718
(3, 7)
3719
(3, 7)
3720
(3, 7)
3721
(4, 7)
3722
(4, 7)
3723
(3, 7)
3724
(4, 7)
3725
(3, 7)
3726
(4, 7)
3727
(3, 7)
3728
(3, 7)
3729
(3, 7)
3730
(3, 7)
3731
(3, 7)
3732
(3, 7)
3733
(3, 7)
3734
(4, 7)
3735
(3, 7)
3736
(3, 7)
3737
(3, 7)
3738
(3, 7)
3739
(3, 7)
3740
(3, 7)
3741
(3, 7)
3742
(3, 7)
3743
(3, 7)
3744
(4, 7)
3745
(3, 7)
3746
(3, 7)
3747
(3, 7)
3748
(3, 7)
3749
(4, 7)
3750
(3, 7)
3751
(4, 7)
3752
(4, 7)
3753
(3, 7)
3754
(3, 7)
3755
(3, 7)
3756
(4, 7)
3757
(3, 7)
3758
(3, 7)
3759
(4, 7)
3760
(3, 7)
3761
(3, 7)
3762
(4, 7)
3763
(4, 7)
3764
(3, 7)
3765
(4, 7)
3766
(3, 7)
3767
(3, 7)
3768
(3, 7)
3769
(3, 7)
3770
(3, 7)
3771
(3, 7)
3772
(3, 7)
3773
(3, 7)
3774
(3, 7)
3775
(4, 7)
3776
(3, 7)
3777
(4, 7)
3778
(4, 7)
3779
(4, 7)
3780
(4, 7)
3781
(4, 7)
3782
(4, 7)
3783
(3, 7)
3784
(3, 7)
3785
(3, 7)
3786
(3, 7)
3787
(3, 7)
3788
(4, 7)
3789
(4, 7)
3790
(4, 7)
3791
(3, 7)
3792
(1, 5)
3793
(1, 5)
3794
(3, 7)
3795
(4, 7)
3796
(4, 7)
3797
(4, 7)
3798
(4, 7)
3799
(1, 5)
3800
(4, 7)
3801
(1, 5)
3802
(4, 7)
3803
(4, 7)
3804
(4, 7)
3805
(1, 5)
3806
(2, 5)
3807
(4, 7)
3808
(2, 5)
3809
(4, 7)
3810
(4, 7)
3811
(4, 7)
3812
(4, 7)
3813
(4, 7)
3814
(4, 7)
3815
(4, 7)
3816
(4, 7)
3817
(4, 7)
3818
(4, 7)
3819
(4, 7)
3820
(4, 7)
3821
(4, 7)
3822
(4, 7)
3823
(4, 7)
3824
(4, 7)
3825
(4, 7)
3826
(4, 7)
3827
(4, 7)
3828
(4, 7)
3829
(4, 7)
3830
(3, 7)
3831
(4, 7)
3832
(4, 7)
3833
(4, 7)
3834
(4, 7)
3835
(4, 7)
3836
(4, 7)
3837
(4, 7)
3838
(4, 7)
3839
(4, 7)
3840
(2, 5)
3841
(1, 6)
3842
(4, 7)
3843
(4, 7)
3844
(4, 7)
3845
(4, 7)
3846
(1, 6)
3847
(1, 6)
3848
(2, 5)
3849
(1, 6)
3850
(1, 6)
3851
(1, 6)
3852
(1, 5)
3853
(1, 6)
3854
(1, 6)
3855
(1, 6)
3856
(1, 5)
3857
(1, 6)
3858
(1, 5)
3859
(1, 6)
3860
(1, 5)
3861
(1, 6)
3862
(1, 6)
3863
(1, 6)
3864
(1, 6)
3865
(1, 6)
3866
(1, 6)
3867
(1, 6)
3868
(1, 6)
3869
(1, 6)
3870
(1, 6)
3871
(1, 6)
3872
(1, 6)
3873
(1, 6)
3874
(1, 6)
3875
(1, 6)
3876
(1, 6)
3877
(1, 6)
3878
(1, 6)
3879
(1, 6)
3880
(1, 6)
3881
(1, 6)
3882
(1, 6)
3883
(1, 6)
3884
(1, 6)
3885
(4, 8)
3886
(1, 6)
3887
(1, 6)
3888
(1, 6)
3889
(1, 7)
3890
(1, 6)
3891
(3, 8)
3892
(3, 8)
3893
(1, 7)
3894
(1, 6)
3895
(3, 8)
3896
(3, 8)
3897
(1, 7)
3898
(4, 8)
3899
(3, 8)
3900
(4, 8)
3901
(3, 8)
3902
(4, 8)
3903
(1, 7)
3904
(3, 8)
3905
(3, 8)
3906
(3, 8)
3907
(3, 8)
3908
(3, 8)
3909
(3, 8)
3910
(3, 8)
3911
(4, 8)
3912
(3, 8)
3913
(3, 8)
3914
(3, 8)
3915
(3, 8)
3916
(3, 8)
3917
(3, 8)
3918
(4, 8)
3919
(3, 8)
3920
(3, 8)
3921
(3, 8)
3922
(3, 8)
3923
(3, 8)
3924
(3, 8)
3925
(4, 8)
3926
(3, 8)
3927
(3, 8)
3928
(3, 8)
3929
(4, 8)
3930
(3, 8)
3931
(4, 8)
3932
(3, 8)
3933
(3, 8)
3934
(3, 8)
3935
(3, 8)
3936
(3, 8)
3937
(3, 8)
3938
(3, 8)
3939
(4, 8)
3940
(4, 8)
3941
(4, 8)
3942
(3, 8)
3943
(3, 8)
3944
(4, 8)
3945
(3, 8)
3946
(3, 8)
3947
(3, 8)
3948
(4, 8)
3949
(4, 8)
3950
(3, 8)
3951
(4, 8)
3952
(3, 8)
3953
(3, 8)
3954
(3, 8)
3955
(3, 8)
3956
(3, 8)
3957
(3, 8)
3958
(3, 8)
3959
(3, 8)
3960
(3, 8)
3961
(4, 8)
3962
(4, 8)
3963
(3, 8)
3964
(4, 8)
3965
(3, 8)
3966
(3, 8)
3967
(3, 8)
3968
(3, 8)
3969
(3, 8)
3970
(4, 8)
3971
(3, 8)
3972
(3, 8)
3973
(4, 8)
3974
(3, 8)
3975
(3, 8)
3976
(4, 8)
3977
(3, 8)
3978
(3, 8)
3979
(3, 8)
3980
(3, 8)
3981
(3, 8)
3982
(3, 8)
3983
(3, 8)
3984
(3, 8)
3985
(3, 8)
3986
(3, 8)
3987
(3, 8)
3988
(3, 8)
3989
(3, 8)
3990
(3, 8)
3991
(3, 8)
3992
(3, 8)
3993
(3, 8)
3994
(3, 8)
3995
(3, 8)
3996
(3, 8)
3997
(3, 8)
3998
(3, 8)
3999
(4, 8)
4000
(3, 8)
defaultdict(<function <lambda> at 0x2acc13e202a8>, {(7, 3): 46, (4, 7): 105, (12, 1): 14, (9, 1): 80, (4, 8): 42, (5, 6): 26, (11, 2): 90, (5, 4): 30, (2, 1): 6, (6, 2): 102, (1, 6): 40, (9, 4): 104, (3, 7): 101, (5, 1): 87, (2, 5): 53, (10, 3): 91, (7, 2): 80, (12, 2): 70, (4, 9): 31, (3, 3): 47, (8, 1): 48, (8, 5): 101, (7, 6): 80, (4, 4): 47, (6, 3): 76, (1, 5): 14, (11, 1): 32, (3, 6): 100, (8, 6): 44, (3, 5): 71, (4, 1): 44, (1, 1): 4, (12, 3): 104, (6, 4): 15, (3, 2): 68, (2, 6): 1, (6, 6): 10, (8, 2): 102, (7, 1): 77, (4, 5): 90, (9, 3): 101, (5, 5): 27, (7, 7): 45, (7, 5): 104, (10, 1): 74, (4, 2): 77, (6, 5): 28, (5, 3): 51, (8, 3): 106, (4, 6): 101, (9, 2): 107, (6, 1): 102, (3, 1): 51, (11, 3): 86, (3, 8): 94, (3, 9): 4, (4, 3): 101, (1, 7): 4, (9, 5): 101, (8, 4): 106, (5, 2): 55, (10, 2): 102})
4001
(3, 8)
4002
(3, 8)
4003
(3, 8)
4004
(3, 8)
4005
(3, 8)
4006
(3, 8)
4007
(3, 8)
4008
(3, 8)
4009
(3, 8)
4010
(4, 8)
4011
(4, 8)
4012
(4, 8)
4013
(4, 8)
4014
(4, 8)
4015
(4, 8)
4016
(4, 8)
4017
(4, 8)
4018
(4, 8)
4019
(4, 8)
4020
(4, 8)
4021
(4, 8)
4022
(4, 8)
4023
(4, 8)
4024
(4, 8)
4025
(4, 8)
4026
(4, 8)
4027
(3, 8)
4028
(4, 8)
4029
(4, 8)
4030
(4, 8)
4031
(4, 8)
4032
(4, 8)
4033
(4, 8)
4034
(4, 8)
4035
(4, 8)
4036
(4, 8)
4037
(4, 8)
4038
(4, 8)
4039
(4, 8)
4040
(4, 8)
4041
(4, 8)
4042
(4, 8)
4043
(4, 8)
4044
(4, 8)
4045
(4, 8)
4046
(4, 8)
4047
(4, 8)
4048
(4, 8)
4049
(4, 8)
4050
(4, 8)
4051
(4, 8)
4052
(4, 8)
4053
(4, 8)
4054
(4, 8)
4055
(4, 8)
4056
(4, 8)
4057
(4, 8)
4058
(4, 8)
4059
(4, 8)
4060
(4, 8)
4061
(4, 8)
4062
(4, 8)
4063
(4, 8)
4064
(4, 8)
4065
(4, 8)
4066
(4, 8)
4067
(4, 8)
4068
(4, 8)
4069
(4, 8)
4070
(4, 8)
4071
(4, 8)
4072
(4, 8)
4073
(4, 8)
4074
(4, 8)
4075
(1, 7)
4076
(3, 9)
4077
(4, 9)
4078
(1, 6)
4079
(1, 7)
4080
(1, 7)
4081
(1, 6)
4082
(1, 6)
4083
(1, 5)
4084
(3, 9)
4085
(1, 5)
4086
(1, 6)
4087
(1, 6)
4088
(1, 7)
4089
(1, 6)
4090
(1, 5)
4091
(1, 6)
4092
(1, 6)
4093
(1, 5)
4094
(1, 6)
4095
(1, 6)
4096
(1, 5)
4097
(1, 5)
4098
(2, 6)
4099
(1, 6)
4100
(1, 5)
4101
(1, 5)
4102
(2, 5)
4103
(1, 6)
4104
(1, 5)
4105
(1, 5)
4106
(2, 5)
4107
(2, 6)
4108
(1, 5)
4109
(1, 5)
4110
(2, 5)
4111
(2, 5)
4112
(1, 5)
4113
(1, 5)
4114
(2, 5)
4115
(2, 5)
4116
(1, 5)
4117
(1, 6)
4118
(3, 5)
4119
(2, 5)
4120
(1, 5)
4121
(1, 6)
4122
(1, 7)
4123
(1, 5)
4124
(2, 5)
4125
(1, 7)
4126
(1, 5)
4127
(3, 5)
4128
(1, 6)
4129
(1, 6)
4130
(1, 7)
4131
(1, 6)
4132
(1, 6)
4133
(1, 6)
4134
(1, 6)
4135
(1, 7)
4136
(1, 6)
4137
(1, 6)
4138
(2, 5)
4139
(1, 6)
4140
(1, 6)
4141
(1, 6)
4142
(1, 6)
4143
(2, 5)
4144
(2, 5)
4145
(2, 6)
4146
(2, 6)
4147
(2, 5)
4148
(2, 5)
4149
(2, 6)
4150
(2, 6)
4151
(2, 5)
4152
(2, 5)
4153
(2, 5)
4154
(2, 5)
4155
(2, 5)
4156
(2, 5)
4157
(2, 5)
4158
(2, 5)
4159
(3, 5)
4160
(2, 5)
4161
(2, 5)
4162
(2, 5)
4163
(3, 5)
4164
(3, 5)
4165
(3, 5)
4166
(3, 5)
4167
(3, 5)
4168
(3, 5)
4169
(3, 5)
4170
(3, 5)
4171
(3, 5)
4172
(3, 5)
4173
(1, 7)
4174
(1, 7)
4175
(1, 7)
4176
(3, 5)
4177
(1, 6)
4178
(1, 7)
4179
(1, 6)
4180
(1, 6)
4181
(1, 7)
4182
(1, 6)
4183
(1, 6)
4184
(1, 7)
4185
(1, 6)
4186
(2, 6)
4187
(2, 6)
4188
(1, 6)
4189
(1, 6)
4190
(2, 5)
4191
(2, 6)
4192
(2, 6)
4193
(2, 6)
4194
(2, 6)
4195
(2, 5)
4196
(2, 6)
4197
(2, 6)
4198
(2, 5)
4199
(2, 5)
4200
(2, 6)
4201
(2, 6)
4202
(2, 5)
4203
(2, 5)
4204
(2, 5)
4205
(2, 5)
4206
(3, 5)
4207
(2, 5)
4208
(3, 5)
4209
(3, 5)
4210
(2, 5)
4211
(3, 5)
4212
(3, 5)
4213
(3, 5)
4214
(3, 5)
4215
(3, 5)
4216
(3, 5)
4217
(1, 7)
4218
(3, 5)
4219
(3, 5)
4220
(3, 5)
4221
(1, 7)
4222
(3, 5)
4223
(1, 6)
4224
(3, 5)
4225
(1, 6)
4226
(1, 7)
4227
(2, 6)
4228
(1, 7)
4229
(1, 6)
4230
(2, 6)
4231
(2, 6)
4232
(1, 6)
4233
(2, 6)
4234
(2, 5)
4235
(2, 6)
4236
(1, 5)
4237
(2, 6)
4238
(2, 5)
4239
(2, 6)
4240
(1, 5)
4241
(2, 6)
4242
(2, 5)
4243
(2, 6)
4244
(1, 5)
4245
(2, 5)
4246
(3, 5)
4247
(2, 6)
4248
(1, 5)
4249
(3, 5)
4250
(1, 7)
4251
(2, 5)
4252
(1, 5)
4253
(1, 7)
4254
(1, 6)
4255
(2, 7)
4256
(1, 5)
4257
(1, 6)
4258
(1, 5)
4259
(2, 6)
4260
(1, 6)
4261
(1, 5)
4262
(1, 6)
4263
(2, 6)
4264
(1, 6)
4265
(1, 5)
4266
(1, 5)
4267
(2, 6)
4268
(1, 6)
4269
(1, 6)
4270
(1, 5)
4271
(2, 6)
4272
(1, 5)
4273
(1, 6)
4274
(1, 5)
4275
(2, 7)
4276
(1, 5)
4277
(2, 7)
4278
(1, 5)
4279
(2, 6)
4280
(1, 5)
4281
(1, 5)
4282
(2, 6)
4283
(2, 6)
4284
(1, 5)
4285
(2, 6)
4286
(1, 5)
4287
(2, 6)
4288
(1, 5)
4289
(2, 6)
4290
(1, 5)
4291
(2, 6)
4292
(1, 5)
4293
(2, 5)
4294
(1, 5)
4295
(2, 7)
4296
(1, 5)
4297
(2, 5)
4298
(1, 5)
4299
(2, 6)
4300
(1, 5)
4301
(2, 5)
4302
(1, 6)
4303
(2, 6)
4304
(2, 7)
4305
(2, 5)
4306
(1, 6)
4307
(2, 6)
4308
(2, 6)
4309
(2, 7)
4310
(2, 7)
4311
(2, 5)
4312
(2, 6)
4313
(2, 5)
4314
(2, 6)
4315
(2, 6)
4316
(2, 6)
4317
(2, 5)
4318
(2, 6)
4319
(2, 6)
4320
(2, 7)
4321
(2, 5)
4322
(2, 6)
4323
(2, 7)
4324
(2, 7)
4325
(1, 5)
4326
(2, 6)
4327
(2, 7)
4328
(2, 6)
4329
(2, 6)
4330
(2, 6)
4331
(2, 6)
4332
(2, 7)
4333
(2, 7)
4334
(2, 6)
4335
(2, 6)
4336
(2, 6)
4337
(2, 7)
4338
(2, 7)
4339
(2, 7)
4340
(2, 6)
4341
(2, 7)
4342
(2, 6)
4343
(2, 6)
4344
(2, 7)
4345
(2, 6)
4346
(2, 6)
4347
(2, 6)
4348
(2, 6)
4349
(2, 6)
4350
(2, 7)
4351
(2, 7)
4352
(2, 7)
4353
(1, 5)
4354
(1, 5)
4355
(2, 7)
4356
(1, 5)
4357
(2, 6)
4358
(2, 6)
4359
(2, 6)
4360
(1, 5)
4361
(2, 6)
4362
(2, 6)
4363
(2, 6)
4364
(1, 5)
4365
(2, 6)
4366
(2, 6)
4367
(2, 6)
4368
(1, 5)
4369
(2, 7)
4370
(2, 7)
4371
(1, 5)
4372
(2, 7)
4373
(2, 7)
4374
(1, 5)
4375
(2, 6)
4376
(2, 7)
4377
(2, 6)
4378
(2, 7)
4379
(2, 6)
4380
(2, 6)
4381
(2, 6)
4382
(2, 7)
4383
(2, 7)
4384
(1, 6)
4385
(1, 5)
4386
(2, 6)
4387
(1, 5)
4388
(2, 7)
4389
(2, 6)
4390
(1, 5)
4391
(2, 6)
4392
(2, 7)
4393
(1, 5)
4394
(2, 7)
4395
(2, 6)
4396
(2, 7)
4397
(2, 7)
4398
(2, 6)
4399
(2, 6)
4400
(2, 7)
4401
(1, 6)
4402
(2, 6)
4403
(1, 6)
4404
(1, 6)
4405
(1, 7)
4406
(1, 6)
4407
(1, 6)
4408
(1, 7)
4409
(1, 6)
4410
(1, 6)
4411
(1, 5)
4412
(1, 5)
4413
(1, 6)
4414
(1, 5)
4415
(1, 6)
4416
(1, 5)
4417
(2, 7)
4418
(1, 5)
4419
(2, 7)
4420
(1, 5)
4421
(2, 6)
4422
(1, 5)
4423
(1, 5)
4424
(1, 7)
4425
(1, 5)
4426
(2, 6)
4427
(1, 5)
4428
(2, 7)
4429
(2, 7)
4430
(1, 5)
4431
(1, 7)
4432
(1, 7)
4433
(2, 7)
4434
(1, 6)
4435
(1, 6)
4436
(1, 7)
4437
(2, 7)
4438
(1, 6)
4439
(1, 6)
4440
(1, 6)
4441
(1, 7)
4442
(1, 7)
4443
(1, 5)
4444
(1, 6)
4445
(1, 6)
4446
(1, 6)
4447
(1, 6)
4448
(1, 5)
4449
(2, 7)
4450
(1, 6)
4451
(1, 6)
4452
(1, 5)
4453
(1, 6)
4454
(1, 6)
4455
(1, 6)
4456
(1, 5)
4457
(1, 6)
4458
(1, 6)
4459
(1, 6)
4460
(1, 5)
4461
(1, 6)
4462
(1, 6)
4463
(1, 5)
4464
(1, 5)
4465
(1, 7)
4466
(1, 5)
4467
(1, 5)
4468
(1, 5)
4469
(1, 5)
4470
(1, 7)
4471
(1, 5)
4472
(1, 6)
4473
(1, 7)
4474
(1, 5)
4475
(1, 6)
4476
(1, 5)
4477
(1, 6)
4478
(1, 6)
4479
(1, 6)
4480
(1, 6)
4481
(2, 7)
4482
(2, 7)
4483
(1, 6)
4484
(1, 5)
4485
(1, 6)
4486
(1, 7)
4487
(1, 7)
4488
(1, 7)
4489
(1, 7)
4490
(1, 6)
4491
(1, 6)
4492
(1, 6)
4493
(1, 6)
4494
(1, 6)
4495
(1, 6)
4496
(1, 6)
4497
(1, 6)
4498
(1, 6)
4499
(1, 6)
4500
(1, 6)
defaultdict(<function <lambda> at 0x2acc13e202a8>, {(7, 3): 46, (4, 7): 105, (12, 1): 14, (9, 1): 80, (4, 8): 106, (5, 6): 26, (11, 2): 90, (5, 4): 30, (2, 1): 6, (6, 2): 102, (1, 6): 136, (9, 4): 104, (3, 7): 101, (5, 1): 87, (2, 5): 100, (10, 3): 91, (7, 2): 80, (12, 2): 70, (4, 9): 32, (3, 3): 47, (8, 1): 48, (8, 5): 101, (7, 6): 80, (4, 4): 47, (6, 3): 76, (1, 5): 97, (11, 1): 32, (3, 6): 100, (8, 6): 44, (3, 5): 101, (4, 1): 44, (1, 1): 4, (12, 3): 104, (6, 4): 15, (3, 2): 68, (2, 6): 88, (6, 6): 10, (8, 2): 102, (7, 1): 77, (4, 5): 90, (9, 3): 101, (5, 5): 27, (7, 7): 45, (7, 5): 104, (10, 1): 74, (4, 2): 77, (6, 5): 28, (5, 3): 51, (2, 7): 45, (8, 3): 106, (4, 6): 101, (9, 2): 107, (6, 1): 102, (3, 1): 51, (11, 3): 86, (3, 8): 104, (3, 9): 6, (4, 3): 101, (1, 7): 39, (9, 5): 101, (8, 4): 106, (5, 2): 55, (10, 2): 102})
4501
(1, 6)
4502
(1, 5)
4503
(1, 6)
4504
(1, 5)
4505
(1, 6)
4506
(1, 6)
4507
(1, 6)
4508
(1, 5)
4509
(1, 6)
4510
(1, 7)
4511
(1, 7)
4512
(1, 7)
4513
(1, 7)
4514
(1, 6)
4515
(1, 6)
4516
(1, 6)
4517
(1, 6)
4518
(1, 6)
4519
(1, 6)
4520
(1, 6)
4521
(1, 6)
4522
(1, 6)
4523
(1, 6)
4524
(1, 7)
4525
(1, 7)
4526
(1, 6)
4527
(1, 7)
4528
(1, 6)
4529
(1, 6)
4530
(1, 6)
4531
(1, 7)
4532
(1, 6)
4533
(1, 6)
4534
(1, 6)
4535
(1, 6)
4536
(1, 7)
4537
(1, 7)
4538
(1, 7)
4539
(1, 6)
4540
(1, 6)
4541
(1, 6)
4542
(1, 6)
4543
(1, 6)
4544
(1, 6)
4545
(1, 6)
4546
(1, 6)
4547
(1, 6)
4548
(1, 6)
4549
(1, 7)
4550
(1, 7)
4551
(1, 6)
4552
(1, 6)
4553
(1, 7)
4554
(1, 6)
4555
(1, 6)
4556
(1, 6)
4557
(1, 7)
4558
(1, 7)
4559
(1, 6)
4560
(1, 7)
4561
(1, 7)
4562
(1, 7)
4563
(1, 6)
4564
(1, 7)
4565
(1, 7)
4566
(1, 7)
4567
(1, 7)
4568
(1, 6)
4569
(1, 7)
4570
(1, 6)
4571
(2, 7)
4572
(1, 7)
4573
(1, 7)
4574
(1, 6)
4575
(2, 6)
4576
(2, 7)
4577
(1, 6)
4578
(1, 6)
4579
(2, 6)
4580
(2, 7)
4581
(1, 6)
4582
(2, 6)
4583
(2, 6)
4584
(1, 6)
4585
(2, 6)
4586
(2, 6)
4587
(2, 6)
4588
(2, 7)
4589
(2, 6)
4590
(2, 6)
4591
(3, 5)
4592
(2, 6)
4593
(2, 6)
4594
(2, 5)
4595
(3, 5)
4596
(2, 6)
4597
(2, 5)
4598
(3, 5)
4599
(3, 5)
4600
(2, 6)
4601
(3, 5)
4602
(3, 5)
4603
(3, 5)
4604
(3, 6)
4605
(3, 5)
4606
(3, 5)
4607
(3, 5)
4608
(3, 5)
4609
(3, 5)
4610
(3, 5)
4611
(4, 6)
4612
(3, 5)
4613
(3, 5)
4614
(3, 5)
4615
(4, 6)
4616
(3, 5)
4617
(3, 5)
4618
(4, 5)
4619
(4, 6)
4620
(3, 5)
4621
(4, 5)
4622
(4, 6)
4623
(4, 5)
4624
(4, 5)
4625
(4, 5)
4626
(2, 7)
4627
(4, 6)
4628
(4, 5)
4629
(4, 5)
4630
(2, 6)
4631
(4, 6)
4632
(4, 6)
4633
(4, 6)
4634
(2, 6)
4635
(4, 6)
4636
(4, 6)
4637
(4, 6)
4638
(2, 6)
4639
(4, 6)
4640
(4, 6)
4641
(4, 6)
4642
(3, 6)
4643
(2, 7)
4644
(2, 7)
4645
(2, 7)
4646
(3, 5)
4647
(2, 6)
4648
(3, 5)
4649
(2, 6)
4650
(1, 6)
4651
(3, 5)
4652
(2, 6)
4653
(2, 6)
4654
(1, 6)
4655
(3, 5)
4656
(2, 6)
4657
(2, 6)
4658
(2, 7)
4659
(4, 5)
4660
(2, 5)
4661
(2, 6)
4662
(4, 6)
4663
(2, 5)
4664
(2, 6)
4665
(4, 6)
4666
(2, 5)
4667
(2, 5)
4668
(2, 6)
4669
(4, 6)
4670
(2, 5)
4671
(2, 5)
4672
(3, 6)
4673
(4, 6)
4674
(2, 5)
4675
(2, 5)
4676
(3, 6)
4677
(2, 7)
4678
(2, 5)
4679
(2, 5)
4680
(3, 5)
4681
(2, 5)
4682
(2, 5)
4683
(2, 6)
4684
(3, 5)
4685
(2, 5)
4686
(2, 5)
4687
(2, 6)
4688
(3, 5)
4689
(2, 5)
4690
(3, 6)
4691
(2, 5)
4692
(2, 6)
4693
(4, 5)
4694
(3, 6)
4695
(2, 6)
4696
(2, 5)
4697
(4, 5)
4698
(3, 5)
4699
(2, 7)
4700
(2, 5)
4701
(4, 6)
4702
(3, 5)
4703
(2, 6)
4704
(4, 6)
4705
(3, 5)
4706
(2, 6)
4707
(2, 6)
4708
(4, 6)
4709
(4, 5)
4710
(2, 6)
4711
(2, 7)
4712
(2, 7)
4713
(4, 5)
4714
(3, 6)
4715
(2, 7)
4716
(4, 6)
4717
(3, 6)
4718
(2, 7)
4719
(4, 6)
4720
(2, 6)
4721
(3, 5)
4722
(4, 6)
4723
(3, 6)
4724
(2, 6)
4725
(3, 5)
4726
(3, 6)
4727
(2, 7)
4728
(3, 6)
4729
(3, 6)
4730
(3, 5)
4731
(3, 5)
4732
(3, 6)
4733
(2, 6)
4734
(4, 5)
4735
(3, 5)
4736
(3, 6)
4737
(2, 6)
4738
(4, 5)
4739
(4, 5)
4740
(3, 5)
4741
(2, 6)
4742
(4, 6)
4743
(4, 5)
4744
(3, 5)
4745
(2, 5)
4746
(4, 6)
4747
(4, 5)
4748
(4, 5)
4749
(2, 5)
4750
(4, 6)
4751
(4, 6)
4752
(4, 5)
4753
(2, 5)
4754
(2, 7)
4755
(4, 6)
4756
(4, 5)
4757
(2, 5)
4758
(4, 6)
4759
(3, 6)
4760
(4, 6)
4761
(3, 7)
4762
(2, 5)
4763
(3, 6)
4764
(4, 6)
4765
(3, 6)
4766
(2, 5)
4767
(3, 6)
4768
(4, 6)
4769
(2, 5)
4770
(3, 6)
4771
(3, 6)
4772
(3, 6)
4773
(2, 5)
4774
(3, 6)
4775
(3, 5)
4776
(2, 5)
4777
(3, 5)
4778
(3, 6)
4779
(4, 5)
4780
(3, 6)
4781
(3, 6)
4782
(3, 5)
4783
(4, 5)
4784
(3, 5)
4785
(2, 6)
4786
(3, 5)
4787
(4, 5)
4788
(4, 5)
4789
(3, 6)
4790
(3, 5)
4791
(4, 5)
4792
(4, 5)
4793
(3, 5)
4794
(3, 6)
4795
(4, 6)
4796
(4, 5)
4797
(3, 5)
4798
(3, 6)
4799
(3, 6)
4800
(4, 5)
4801
(3, 5)
4802
(3, 6)
4803
(4, 5)
4804
(4, 6)
4805
(3, 5)
4806
(5, 5)
4807
(3, 6)
4808
(3, 5)
4809
(3, 6)
4810
(5, 5)
4811
(3, 5)
4812
(3, 6)
4813
(5, 5)
4814
(3, 6)
4815
(3, 5)
4816
(3, 6)
4817
(3, 6)
4818
(3, 5)
4819
(3, 6)
4820
(3, 5)
4821
(3, 6)
4822
(3, 6)
4823
(3, 6)
4824
(3, 5)
4825
(3, 5)
4826
(3, 6)
4827
(3, 6)
4828
(3, 5)
4829
(4, 5)
4830
(3, 5)
4831
(3, 6)
4832
(4, 5)
4833
(3, 5)
4834
(3, 5)
4835
(3, 6)
4836
(4, 5)
4837
(3, 5)
4838
(3, 5)
4839
(4, 5)
4840
(3, 5)
4841
(3, 6)
4842
(3, 5)
4843
(4, 5)
4844
(3, 5)
4845
(3, 6)
4846
(3, 5)
4847
(5, 5)
4848
(3, 5)
4849
(3, 5)
4850
(3, 5)
4851
(5, 5)
4852
(3, 5)
4853
(4, 5)
4854
(3, 5)
4855
(5, 5)
4856
(4, 5)
4857
(3, 5)
4858
(3, 5)
4859
(3, 6)
4860
(4, 5)
4861
(3, 5)
4862
(3, 5)
4863
(3, 6)
4864
(4, 5)
4865
(3, 6)
4866
(3, 5)
4867
(4, 5)
4868
(3, 6)
4869
(3, 6)
4870
(5, 5)
4871
(3, 5)
4872
(3, 6)
4873
(5, 5)
4874
(3, 6)
4875
(3, 6)
4876
(5, 5)
4877
(3, 6)
4878
(3, 6)
4879
(3, 6)
4880
(3, 6)
4881
(5, 6)
4882
(3, 7)
4883
(3, 7)
4884
(3, 7)
4885
(3, 7)
4886
(3, 6)
4887
(3, 6)
4888
(3, 6)
4889
(3, 6)
4890
(3, 6)
4891
(3, 6)
4892
(3, 6)
4893
(3, 6)
4894
(3, 6)
4895
(3, 5)
4896
(3, 5)
4897
(3, 6)
4898
(3, 6)
4899
(3, 5)
4900
(3, 5)
4901
(4, 6)
4902
(3, 5)
4903
(3, 5)
4904
(3, 5)
4905
(4, 5)
4906
(3, 5)
4907
(3, 5)
4908
(3, 5)
4909
(4, 5)
4910
(3, 5)
4911
(3, 5)
4912
(3, 5)
4913
(4, 5)
4914
(3, 5)
4915
(3, 5)
4916
(3, 5)
4917
(4, 5)
4918
(3, 5)
4919
(3, 5)
4920
(3, 5)
4921
(5, 5)
4922
(3, 5)
4923
(3, 5)
4924
(3, 5)
4925
(3, 5)
4926
(5, 5)
4927
(3, 5)
4928
(3, 5)
4929
(3, 5)
4930
(5, 5)
4931
(3, 6)
4932
(3, 6)
4933
(3, 6)
4934
(5, 5)
4935
(3, 6)
4936
(3, 6)
4937
(3, 6)
4938
(3, 6)
4939
(3, 6)
4940
(4, 6)
4941
(4, 6)
4942
(3, 6)
4943
(3, 6)
4944
(4, 5)
4945
(4, 5)
4946
(3, 6)
4947
(4, 5)
4948
(3, 6)
4949
(4, 5)
4950
(4, 5)
4951
(3, 6)
4952
(4, 5)
4953
(4, 5)
4954
(3, 6)
4955
(5, 5)
4956
(4, 5)
4957
(3, 6)
4958
(5, 5)
4959
(5, 5)
4960
(5, 5)
4961
(3, 6)
4962
(5, 5)
4963
(5, 5)
4964
(3, 6)
4965
(5, 5)
4966
(3, 6)
4967
(3, 6)
4968
(5, 5)
4969
(3, 6)
4970
(5, 5)
4971
(5, 5)
4972
(5, 5)
4973
(3, 6)
4974
(3, 6)
4975
(3, 6)
4976
(3, 6)
4977
(3, 6)
4978
(3, 6)
4979
(3, 6)
4980
(3, 6)
4981
(3, 6)
4982
(3, 6)
4983
(3, 6)
4984
(3, 7)
4985
(3, 7)
4986
(3, 7)
4987
(3, 7)
4988
(3, 7)
4989
(3, 7)
4990
(3, 7)
4991
(3, 7)
4992
(3, 7)
4993
(4, 7)
4994
(4, 7)
4995
(2, 6)
4996
(4, 7)
4997
(5, 6)
4998
(4, 6)
4999
(3, 7)
5000
(4, 6)
defaultdict(<function <lambda> at 0x2acc13e202a8>, {(7, 3): 46, (4, 7): 108, (12, 1): 14, (9, 1): 80, (4, 8): 106, (5, 6): 28, (11, 2): 90, (5, 4): 30, (2, 1): 6, (6, 2): 102, (1, 6): 186, (9, 4): 104, (3, 7): 116, (5, 1): 87, (2, 5): 129, (10, 3): 91, (7, 2): 80, (12, 2): 70, (4, 9): 32, (3, 3): 47, (8, 1): 48, (8, 5): 101, (7, 6): 80, (4, 4): 47, (6, 3): 76, (1, 5): 100, (11, 1): 32, (3, 6): 200, (8, 6): 44, (3, 5): 201, (4, 1): 44, (1, 1): 4, (12, 3): 104, (6, 4): 15, (3, 2): 68, (2, 6): 128, (6, 6): 10, (8, 2): 102, (7, 1): 77, (4, 5): 141, (9, 3): 101, (5, 5): 51, (7, 7): 45, (7, 5): 104, (10, 1): 74, (4, 2): 77, (6, 5): 28, (5, 3): 51, (2, 7): 62, (8, 3): 106, (4, 6): 141, (9, 2): 107, (6, 1): 102, (3, 1): 51, (11, 3): 86, (3, 8): 104, (3, 9): 6, (4, 3): 101, (1, 7): 65, (9, 5): 101, (8, 4): 106, (5, 2): 55, (10, 2): 102})
5001
(4, 6)
5002
(3, 7)
5003
(4, 6)
5004
(4, 6)
5005
(4, 6)
5006
(3, 7)
5007
(4, 6)
5008
(4, 6)
5009
(4, 6)
5010
(3, 7)
5011
(4, 6)
5012
(5, 5)
5013
(4, 6)
5014
(3, 7)
5015
(5, 5)
5016
(4, 6)
5017
(5, 5)
5018
(5, 5)
5019
(5, 5)
5020
(3, 7)
5021
(5, 5)
5022
(5, 5)
5023
(5, 5)
5024
(3, 7)
5025
(5, 5)
5026
(5, 5)
5027
(5, 5)
5028
(5, 5)
5029
(6, 6)
5030
(3, 7)
5031
(5, 5)
5032
(5, 5)
5033
(3, 7)
5034
(5, 5)
5035
(6, 6)
5036
(3, 7)
5037
(6, 6)
5038
(3, 7)
5039
(3, 7)
5040
(3, 7)
5041
(2, 6)
5042
(4, 7)
5043
(3, 7)
5044
(4, 7)
5045
(4, 6)
5046
(2, 6)
5047
(3, 7)
5048
(4, 6)
5049
(2, 6)
5050
(3, 7)
5051
(4, 6)
5052
(2, 5)
5053
(4, 6)
5054
(4, 6)
5055
(3, 7)
5056
(2, 5)
5057
(5, 5)
5058
(4, 6)
5059
(3, 7)
5060
(4, 7)
5061
(5, 5)
5062
(4, 6)
5063
(5, 5)
5064
(4, 6)
5065
(3, 7)
5066
(4, 6)
5067
(5, 5)
5068
(5, 5)
5069
(3, 7)
5070
(4, 6)
5071
(5, 5)
5072
(5, 5)
5073
(4, 7)
5074
(4, 7)
5075
(5, 5)
5076
(4, 6)
5077
(4, 6)
5078
(5, 5)
5079
(4, 6)
5080
(4, 6)
5081
(4, 6)
5082
(5, 5)
5083
(4, 6)
5084
(5, 6)
5085
(4, 6)
5086
(3, 7)
5087
(4, 6)
5088
(5, 5)
5089
(4, 6)
5090
(3, 7)
5091
(4, 6)
5092
(5, 5)
5093
(5, 6)
5094
(5, 6)
5095
(5, 5)
5096
(3, 7)
5097
(5, 5)
5098
(5, 5)
5099
(3, 7)
5100
(5, 6)
5101
(5, 5)
5102
(5, 5)
5103
(4, 7)
5104
(5, 5)
5105
(5, 5)
5106
(3, 7)
5107
(4, 6)
5108
(5, 6)
5109
(4, 6)
5110
(5, 6)
5111
(3, 7)
5112
(4, 7)
5113
(4, 6)
5114
(3, 7)
5115
(4, 7)
5116
(4, 6)
5117
(4, 6)
5118
(3, 7)
5119
(5, 6)
5120
(4, 6)
5121
(4, 6)
5122
(3, 7)
5123
(5, 6)
5124
(4, 6)
5125
(4, 6)
5126
(5, 5)
5127
(4, 6)
5128
(4, 7)
5129
(4, 6)
5130
(5, 6)
5131
(4, 6)
5132
(5, 6)
5133
(3, 7)
5134
(5, 6)
5135
(3, 7)
5136
(5, 6)
5137
(5, 6)
5138
(4, 7)
5139
(5, 5)
5140
(5, 5)
5141
(4, 7)
5142
(5, 6)
5143
(4, 6)
5144
(5, 6)
5145
(3, 7)
5146
(4, 6)
5147
(3, 7)
5148
(4, 6)
5149
(4, 6)
5150
(4, 6)
5151
(4, 6)
5152
(4, 7)
5153
(4, 7)
5154
(4, 6)
5155
(5, 6)
5156
(4, 7)
5157
(4, 6)
5158
(4, 6)
5159
(5, 6)
5160
(4, 6)
5161
(5, 6)
5162
(4, 6)
5163
(5, 6)
5164
(4, 6)
5165
(5, 6)
5166
(4, 6)
5167
(4, 7)
5168
(4, 6)
5169
(5, 6)
5170
(4, 6)
5171
(4, 6)
5172
(4, 7)
5173
(4, 7)
5174
(5, 6)
5175
(5, 6)
5176
(3, 7)
5177
(5, 6)
5178
(3, 7)
5179
(4, 7)
5180
(5, 6)
5181
(3, 7)
5182
(5, 6)
5183
(3, 7)
5184
(5, 6)
5185
(4, 7)
5186
(3, 7)
5187
(4, 7)
5188
(4, 7)
5189
(3, 7)
5190
(4, 7)
5191
(4, 6)
5192
(4, 7)
5193
(4, 6)
5194
(4, 6)
5195
(4, 7)
5196
(3, 7)
5197
(4, 6)
5198
(4, 7)
5199
(4, 7)
5200
(4, 7)
5201
(4, 7)
5202
(4, 7)
5203
(4, 7)
5204
(4, 7)
5205
(4, 7)
5206
(3, 7)
5207
(4, 7)
5208
(5, 6)
5209
(4, 7)
5210
(4, 7)
5211
(3, 7)
5212
(3, 7)
5213
(3, 7)
5214
(6, 6)
5215
(4, 7)
5216
(3, 7)
5217
(3, 7)
5218
(3, 7)
5219
(5, 6)
5220
(4, 7)
5221
(4, 7)
5222
(3, 7)
5223
(4, 7)
5224
(4, 7)
5225
(4, 7)
5226
(4, 7)
5227
(6, 6)
5228
(4, 7)
5229
(3, 7)
5230
(5, 6)
5231
(6, 6)
5232
(6, 6)
5233
(4, 7)
5234
(3, 7)
5235
(3, 7)
5236
(3, 7)
5237
(4, 7)
5238
(4, 7)
5239
(4, 7)
5240
(4, 7)
5241
(4, 7)
5242
(3, 7)
5243
(6, 6)
5244
(4, 7)
5245
(3, 7)
5246
(3, 7)
5247
(4, 7)
5248
(3, 7)
5249
(3, 7)
5250
(4, 7)
5251
(3, 7)
5252
(4, 7)
5253
(3, 7)
5254
(3, 7)
5255
(3, 7)
5256
(3, 7)
5257
(3, 7)
5258
(4, 7)
5259
(3, 7)
5260
(4, 7)
5261
(3, 7)
5262
(3, 7)
5263
(3, 7)
5264
(3, 7)
5265
(3, 7)
5266
(4, 7)
5267
(3, 7)
5268
(4, 7)
5269
(3, 7)
5270
(4, 7)
5271
(3, 7)
5272
(3, 7)
5273
(3, 7)
5274
(3, 7)
5275
(3, 7)
5276
(3, 7)
5277
(3, 7)
5278
(3, 7)
5279
(3, 7)
5280
(3, 7)
5281
(4, 7)
5282
(4, 7)
5283
(4, 7)
5284
(3, 7)
5285
(4, 7)
5286
(4, 7)
5287
(3, 7)
5288
(3, 7)
5289
(3, 7)
5290
(3, 7)
5291
(4, 7)
5292
(4, 7)
5293
(4, 7)
5294
(3, 7)
5295
(3, 7)
5296
(4, 7)
5297
(4, 7)
5298
(4, 7)
5299
(4, 7)
5300
(4, 7)
5301
(4, 7)
5302
(4, 7)
5303
(4, 7)
5304
(4, 7)
5305
(4, 7)
5306
(4, 7)
5307
(4, 7)
5308
(4, 7)
5309
(4, 7)
5310
(4, 7)
5311
(4, 7)
5312
(4, 7)
5313
(4, 7)
5314
(4, 7)
5315
(4, 7)
5316
(4, 7)
5317
(4, 7)
5318
(4, 7)
5319
(4, 7)
5320
(5, 6)
5321
(4, 7)
5322
(4, 7)
5323
(4, 7)
5324
(4, 7)
5325
(4, 7)
5326
(4, 7)
5327
(4, 7)
5328
(5, 6)
5329
(5, 6)
5330
(5, 6)
5331
(3, 7)
5332
(4, 7)
5333
(4, 7)
5334
(4, 7)
5335
(6, 6)
5336
(4, 7)
5337
(4, 7)
5338
(4, 7)
5339
(5, 6)
5340
(2, 6)
5341
(5, 6)
5342
(5, 6)
5343
(5, 6)
5344
(5, 6)
5345
(6, 6)
5346
(3, 7)
5347
(2, 7)
5348
(2, 7)
5349
(6, 6)
5350
(6, 6)
5351
(6, 6)
5352
(6, 6)
5353
(2, 6)
5354
(2, 6)
5355
(2, 7)
5356
(6, 6)
5357
(2, 6)
5358
(2, 6)
5359
(6, 6)
5360
(2, 6)
5361
(6, 6)
5362
(2, 6)
5363
(2, 5)
5364
(2, 6)
5365
(2, 7)
5366
(2, 5)
5367
(2, 7)
5368
(2, 6)
5369
(2, 5)
5370
(2, 6)
5371
(2, 5)
5372
(2, 5)
5373
(2, 5)
5374
(2, 6)
5375
(2, 5)
5376
(2, 6)
5377
(2, 5)
5378
(6, 6)
5379
(2, 5)
5380
(2, 6)
5381
(2, 5)
5382
(2, 6)
5383
(2, 5)
5384
(2, 6)
5385
(2, 5)
5386
(2, 6)
5387
(2, 5)
5388
(2, 6)
5389
(2, 5)
5390
(2, 6)
5391
(2, 5)
5392
(2, 5)
5393
(2, 5)
5394
(2, 6)
5395
(2, 6)
5396
(2, 5)
5397
(2, 6)
5398
(6, 6)
5399
(2, 7)
5400
(2, 5)
5401
(2, 6)
5402
(2, 6)
5403
(2, 6)
5404
(2, 6)
5405
(2, 6)
5406
(2, 6)
5407
(2, 6)
5408
(2, 6)
5409
(2, 6)
5410
(6, 6)
5411
(6, 6)
5412
(2, 6)
5413
(2, 6)
5414
(2, 6)
5415
(2, 6)
5416
(2, 6)
5417
(2, 6)
5418
(2, 5)
5419
(2, 5)
5420
(2, 6)
5421
(2, 6)
5422
(2, 6)
5423
(2, 5)
5424
(2, 6)
5425
(2, 6)
5426
(2, 6)
5427
(2, 5)
5428
(2, 5)
5429
(2, 5)
5430
(2, 5)
5431
(2, 5)
5432
(2, 5)
5433
(2, 5)
5434
(2, 5)
5435
(2, 5)
5436
(2, 5)
5437
(2, 5)
5438
(2, 5)
5439
(2, 5)
5440
(2, 5)
5441
(2, 5)
5442
(2, 5)
5443
(2, 5)
5444
(2, 5)
5445
(2, 5)
5446
(2, 5)
5447
(2, 5)
5448
(2, 5)
5449
(2, 5)
5450
(2, 5)
5451
(2, 5)
5452
(2, 5)
5453
(2, 5)
5454
(2, 5)
5455
(2, 5)
5456
(2, 6)
5457
(2, 6)
5458
(2, 6)
5459
(2, 6)
5460
(2, 6)
5461
(2, 6)
5462
(2, 6)
5463
(5, 6)
5464
(2, 6)
5465
(2, 7)
5466
(2, 7)
5467
(5, 6)
5468
(2, 6)
5469
(2, 6)
5470
(2, 6)
5471
(2, 6)
5472
(2, 6)
5473
(2, 6)
5474
(2, 6)
5475
(2, 6)
5476
(6, 6)
5477
(1, 6)
5478
(5, 6)
5479
(2, 6)
5480
(2, 6)
5481
(2, 6)
5482
(2, 6)
5483
(6, 6)
5484
(5, 6)
5485
(5, 6)
5486
(2, 7)
5487
(2, 7)
5488
(2, 7)
5489
(2, 7)
5490
(6, 6)
5491
(6, 6)
5492
(2, 7)
5493
(5, 6)
5494
(6, 6)
5495
(1, 6)
5496
(6, 6)
5497
(6, 6)
5498
(1, 6)
5499
(6, 6)
5500
(2, 7)
defaultdict(<function <lambda> at 0x2acc13e202a8>, {(7, 3): 46, (4, 7): 211, (12, 1): 14, (9, 1): 80, (4, 8): 106, (5, 6): 73, (11, 2): 90, (5, 4): 30, (2, 1): 6, (6, 2): 102, (1, 6): 189, (9, 4): 104, (3, 7): 205, (5, 1): 87, (2, 5): 182, (10, 3): 91, (7, 2): 80, (12, 2): 70, (4, 9): 32, (3, 3): 47, (8, 1): 48, (8, 5): 101, (7, 6): 80, (4, 4): 47, (6, 3): 76, (1, 5): 100, (11, 1): 32, (3, 6): 200, (8, 6): 44, (3, 5): 201, (4, 1): 44, (1, 1): 4, (12, 3): 104, (6, 4): 15, (3, 2): 68, (2, 6): 193, (6, 6): 39, (8, 2): 102, (7, 1): 77, (4, 5): 141, (9, 3): 101, (5, 5): 88, (7, 7): 45, (7, 5): 104, (10, 1): 74, (4, 2): 77, (6, 5): 28, (5, 3): 51, (2, 7): 76, (8, 3): 106, (4, 6): 203, (9, 2): 107, (6, 1): 102, (3, 1): 51, (11, 3): 86, (3, 8): 104, (3, 9): 6, (4, 3): 101, (1, 7): 65, (9, 5): 101, (8, 4): 106, (5, 2): 55, (10, 2): 102})
5501
(1, 6)
5502
(2, 7)
5503
(2, 7)
5504
(1, 6)
5505
(1, 6)
5506
(1, 6)
5507
(1, 6)
5508
(1, 6)
5509
(1, 6)
5510
(1, 6)
5511
(1, 6)
5512
(1, 6)
5513
(6, 6)
5514
(1, 6)
5515
(1, 6)
5516
(1, 6)
5517
(6, 6)
5518
(1, 6)
5519
(6, 6)
5520
(1, 6)
5521
(6, 6)
5522
(2, 7)
5523
(2, 7)
5524
(2, 7)
5525
(6, 6)
5526
(1, 7)
5527
(1, 7)
5528
(6, 6)
5529
(1, 7)
5530
(6, 6)
5531
(2, 7)
5532
(1, 7)
5533
(1, 7)
5534
(1, 7)
5535
(1, 7)
5536
(2, 7)
5537
(1, 7)
5538
(1, 7)
5539
(1, 7)
5540
(2, 7)
5541
(5, 6)
5542
(1, 7)
5543
(5, 6)
5544
(5, 6)
5545
(5, 6)
5546
(5, 7)
5547
(5, 7)
5548
(5, 7)
5549
(6, 6)
5550
(5, 7)
5551
(5, 6)
5552
(6, 6)
5553
(5, 7)
5554
(5, 7)
5555
(5, 6)
5556
(1, 7)
5557
(5, 7)
5558
(5, 7)
5559
(6, 6)
5560
(6, 6)
5561
(6, 6)
5562
(6, 6)
5563
(6, 6)
5564
(6, 6)
5565
(5, 7)
5566
(1, 7)
5567
(1, 7)
5568
(1, 7)
5569
(6, 6)
5570
(6, 6)
5571
(6, 6)
5572
(6, 6)
5573
(6, 6)
5574
(5, 7)
5575
(6, 6)
5576
(5, 7)
5577
(6, 6)
5578
(5, 7)
5579
(6, 6)
5580
(5, 7)
5581
(6, 6)
5582
(6, 6)
5583
(6, 6)
5584
(5, 7)
5585
(6, 6)
5586
(6, 6)
5587
(5, 7)
5588
(5, 6)
5589
(5, 7)
5590
(5, 7)
5591
(5, 6)
5592
(6, 6)
5593
(5, 6)
5594
(5, 6)
5595
(5, 6)
5596
(6, 6)
5597
(5, 6)
5598
(6, 6)
5599
(5, 6)
5600
(6, 5)
5601
(6, 6)
5602
(6, 6)
5603
(6, 5)
5604
(5, 6)
5605
(6, 6)
5606
(6, 5)
5607
(6, 5)
5608
(4, 5)
5609
(6, 5)
5610
(6, 5)
5611
(6, 5)
5612
(4, 5)
5613
(6, 5)
5614
(6, 5)
5615
(6, 5)
5616
(4, 5)
5617
(6, 5)
5618
(6, 5)
5619
(7, 5)
5620
(4, 5)
5621
(6, 5)
5622
(7, 6)
5623
(7, 5)
5624
(4, 5)
5625
(7, 6)
5626
(6, 5)
5627
(7, 5)
5628
(5, 7)
5629
(5, 7)
5630
(6, 5)
5631
(7, 5)
5632
(5, 6)
5633
(7, 6)
5634
(5, 6)
5635
(7, 5)
5636
(5, 6)
5637
(5, 7)
5638
(5, 7)
5639
(5, 6)
5640
(5, 6)
5641
(5, 6)
5642
(5, 6)
5643
(5, 6)
5644
(5, 6)
5645
(6, 6)
5646
(5, 5)
5647
(5, 6)
5648
(5, 6)
5649
(6, 6)
5650
(5, 5)
5651
(5, 6)
5652
(5, 5)
5653
(6, 5)
5654
(5, 5)
5655
(5, 5)
5656
(5, 5)
5657
(6, 5)
5658
(5, 5)
5659
(5, 5)
5660
(5, 5)
5661
(6, 5)
5662
(4, 5)
5663
(5, 5)
5664
(5, 5)
5665
(7, 5)
5666
(4, 5)
5667
(5, 5)
5668
(4, 5)
5669
(7, 5)
5670
(5, 7)
5671
(5, 5)
5672
(7, 5)
5673
(4, 5)
5674
(5, 6)
5675
(5, 5)
5676
(7, 5)
5677
(5, 6)
5678
(5, 7)
5679
(7, 5)
5680
(5, 5)
5681
(5, 6)
5682
(5, 6)
5683
(5, 5)
5684
(5, 7)
5685
(5, 6)
5686
(5, 5)
5687
(5, 6)
5688
(5, 5)
5689
(5, 6)
5690
(5, 6)
5691
(5, 7)
5692
(5, 6)
5693
(5, 6)
5694
(5, 5)
5695
(5, 6)
5696
(5, 6)
5697
(5, 5)
5698
(5, 6)
5699
(5, 6)
5700
(5, 7)
5701
(4, 5)
5702
(5, 6)
5703
(5, 5)
5704
(5, 6)
5705
(4, 5)
5706
(5, 7)
5707
(5, 5)
5708
(4, 5)
5709
(5, 6)
5710
(5, 6)
5711
(4, 5)
5712
(5, 7)
5713
(5, 6)
5714
(5, 6)
5715
(4, 5)
5716
(5, 6)
5717
(5, 6)
5718
(5, 7)
5719
(4, 5)
5720
(5, 6)
5721
(5, 5)
5722
(5, 6)
5723
(4, 5)
5724
(5, 6)
5725
(4, 5)
5726
(5, 7)
5727
(5, 7)
5728
(5, 6)
5729
(4, 5)
5730
(4, 5)
5731
(5, 6)
5732
(4, 5)
5733
(4, 5)
5734
(5, 7)
5735
(5, 6)
5736
(4, 5)
5737
(4, 5)
5738
(5, 7)
5739
(5, 7)
5740
(4, 5)
5741
(4, 5)
5742
(5, 7)
5743
(5, 7)
5744
(4, 5)
5745
(5, 7)
5746
(5, 7)
5747
(4, 5)
5748
(5, 7)
5749
(5, 7)
5750
(5, 7)
5751
(5, 7)
5752
(5, 7)
5753
(5, 7)
5754
(5, 7)
5755
(5, 7)
5756
(5, 7)
5757
(5, 7)
5758
(5, 7)
5759
(5, 7)
5760
(5, 7)
5761
(5, 7)
5762
(5, 7)
5763
(5, 7)
5764
(5, 7)
5765
(5, 7)
5766
(5, 7)
5767
(5, 7)
5768
(5, 7)
5769
(5, 7)
5770
(5, 7)
5771
(5, 7)
5772
(5, 7)
5773
(5, 7)
5774
(5, 7)
5775
(5, 7)
5776
(5, 7)
5777
(5, 7)
5778
(5, 7)
5779
(5, 7)
5780
(5, 7)
5781
(5, 7)
5782
(5, 7)
5783
(5, 7)
5784
(5, 7)
5785
(5, 7)
5786
(5, 7)
5787
(5, 7)
5788
(5, 7)
5789
(5, 7)
5790
(5, 7)
5791
(5, 7)
5792
(5, 7)
5793
(5, 7)
5794
(5, 7)
5795
(5, 7)
5796
(5, 7)
5797
(5, 7)
5798
(5, 7)
5799
(5, 7)
5800
(5, 7)
5801
(5, 7)
5802
(5, 7)
5803
(5, 7)
5804
(5, 7)
5805
(5, 7)
5806
(5, 7)
5807
(5, 7)
5808
(5, 7)
5809
(5, 7)
5810
(5, 7)
5811
(5, 7)
5812
(5, 7)
5813
(7, 5)
5814
(7, 5)
5815
(7, 6)
5816
(6, 6)
5817
(6, 6)
5818
(6, 6)
5819
(6, 6)
5820
(6, 6)
5821
(6, 6)
5822
(6, 6)
5823
(6, 6)
5824
(6, 6)
5825
(6, 6)
5826
(6, 6)
5827
(6, 6)
5828
(6, 6)
5829
(6, 6)
5830
(6, 6)
5831
(1, 7)
5832
(1, 7)
5833
(1, 7)
5834
(4, 9)
5835
(3, 9)
5836
(6, 6)
5837
(1, 7)
5838
(3, 9)
5839
(1, 7)
5840
(3, 9)
5841
(3, 9)
5842
(3, 9)
5843
(4, 9)
5844
(4, 9)
5845
(3, 9)
5846
(4, 9)
5847
(3, 9)
5848
(3, 9)
5849
(3, 9)
5850
(4, 9)
5851
(3, 9)
5852
(3, 9)
5853
(3, 9)
5854
(3, 9)
5855
(3, 9)
5856
(3, 9)
5857
(4, 9)
5858
(3, 9)
5859
(4, 9)
5860
(4, 9)
5861
(3, 9)
5862
(3, 9)
5863
(3, 9)
5864
(3, 9)
5865
(4, 9)
5866
(3, 9)
5867
(3, 9)
5868
(3, 9)
5869
(4, 9)
5870
(3, 9)
5871
(3, 9)
5872
(4, 9)
5873
(4, 9)
5874
(3, 9)
5875
(3, 9)
5876
(4, 9)
5877
(3, 9)
5878
(3, 9)
5879
(3, 9)
5880
(3, 9)
5881
(3, 9)
5882
(3, 9)
5883
(3, 9)
5884
(4, 9)
5885
(4, 9)
5886
(4, 9)
5887
(3, 9)
5888
(4, 9)
5889
(3, 9)
5890
(3, 9)
5891
(4, 9)
5892
(3, 9)
5893
(3, 9)
5894
(3, 9)
5895
(3, 9)
5896
(4, 9)
5897
(3, 9)
5898
(3, 9)
5899
(3, 9)
5900
(4, 9)
5901
(3, 9)
5902
(3, 9)
5903
(3, 9)
5904
(4, 9)
5905
(3, 9)
5906
(3, 9)
5907
(4, 9)
5908
(3, 9)
5909
(3, 9)
5910
(3, 9)
5911
(3, 9)
5912
(3, 9)
5913
(3, 9)
5914
(3, 9)
5915
(4, 9)
5916
(3, 9)
5917
(3, 9)
5918
(3, 9)
5919
(3, 9)
5920
(3, 9)
5921
(4, 9)
5922
(3, 9)
5923
(3, 9)
5924
(3, 9)
5925
(4, 9)
5926
(3, 9)
5927
(4, 9)
5928
(3, 9)
5929
(4, 9)
5930
(3, 9)
5931
(3, 9)
5932
(3, 9)
5933
(3, 9)
5934
(3, 9)
5935
(3, 9)
5936
(3, 9)
5937
(3, 9)
5938
(3, 9)
5939
(3, 9)
5940
(3, 9)
5941
(3, 9)
5942
(3, 9)
5943
(3, 9)
5944
(3, 9)
5945
(3, 9)
5946
(3, 9)
5947
(3, 9)
5948
(4, 9)
5949
(3, 9)
5950
(3, 9)
5951
(3, 9)
5952
(3, 9)
5953
(3, 9)
5954
(3, 9)
5955
(3, 9)
5956
(3, 9)
5957
(3, 9)
5958
(3, 9)
5959
(4, 9)
5960
(4, 9)
5961
(3, 9)
5962
(4, 9)
5963
(4, 9)
5964
(4, 9)
5965
(4, 9)
5966
(4, 9)
5967
(4, 9)
5968
(4, 9)
5969
(4, 9)
5970
(4, 9)
5971
(4, 9)
5972
(4, 9)
5973
(4, 9)
5974
(4, 9)
5975
(4, 9)
5976
(4, 9)
5977
(4, 9)
5978
(4, 9)
5979
(4, 9)
5980
(4, 9)
5981
(4, 9)
5982
(4, 9)
5983
(4, 9)
5984
(4, 9)
5985
(4, 9)
5986
(4, 9)
5987
(4, 9)
5988
(4, 9)
5989
(4, 9)
5990
(4, 9)
5991
(4, 9)
5992
(4, 9)
5993
(4, 9)
5994
(4, 9)
5995
(4, 9)
5996
(4, 9)
5997
(4, 9)
5998
(4, 9)
5999
(4, 9)
6000
(4, 9)
defaultdict(<function <lambda> at 0x2acc13e202a8>, {(7, 3): 46, (4, 7): 211, (5, 7): 103, (12, 1): 14, (9, 1): 80, (4, 8): 106, (5, 6): 127, (11, 2): 90, (5, 4): 30, (2, 1): 6, (6, 2): 102, (1, 6): 204, (9, 4): 104, (3, 7): 205, (5, 1): 87, (2, 5): 182, (10, 3): 91, (7, 2): 80, (12, 2): 70, (4, 9): 101, (3, 3): 47, (8, 1): 48, (8, 5): 101, (7, 6): 84, (4, 4): 47, (6, 3): 76, (1, 5): 100, (11, 1): 32, (3, 6): 200, (8, 6): 44, (3, 5): 201, (4, 1): 44, (1, 1): 4, (12, 3): 104, (6, 4): 15, (3, 2): 68, (2, 6): 193, (6, 6): 91, (8, 2): 102, (7, 1): 77, (4, 5): 168, (9, 3): 101, (5, 5): 111, (7, 7): 45, (7, 5): 116, (10, 1): 74, (4, 2): 77, (6, 5): 46, (5, 3): 51, (2, 7): 84, (8, 3): 106, (4, 6): 203, (9, 2): 107, (6, 1): 102, (3, 1): 51, (11, 3): 86, (3, 8): 104, (3, 9): 101, (4, 3): 101, (1, 7): 85, (9, 5): 101, (8, 4): 106, (5, 2): 55, (10, 2): 102})
6001
(4, 9)
6002
(4, 9)
6003
(1, 7)
6004
(7, 6)
6005
(7, 6)
6006
(6, 6)
6007
(6, 6)
6008
(6, 6)
6009
(6, 6)
6010
(6, 6)
6011
(6, 6)
6012
(6, 6)
6013
(6, 6)
6014
(8, 6)
6015
(6, 6)
6016
(8, 6)
6017
(6, 6)
6018
(6, 6)
6019
(6, 6)
6020
(6, 6)
6021
(6, 6)
6022
(6, 6)
6023
(6, 6)
6024
(1, 7)
6025
(1, 7)
6026
(1, 7)
6027
(6, 6)
6028
(6, 6)
6029
(6, 6)
6030
(1, 7)
6031
(1, 7)
6032
(6, 6)
6033
(6, 6)
6034
(1, 7)
6035
(7, 6)
6036
(7, 6)
6037
(7, 6)
6038
(7, 6)
6039
(7, 6)
6040
(7, 6)
6041
(7, 6)
6042
(7, 6)
6043
(7, 6)
6044
(7, 6)
6045
(7, 6)
6046
(7, 6)
6047
(7, 6)
6048
(8, 6)
6049
(8, 6)
6050
(7, 6)
6051
(7, 6)
6052
(7, 6)
6053
(7, 6)
6054
(7, 6)
6055
(7, 6)
6056
(7, 6)
6057
(7, 6)
6058
(7, 6)
6059
(7, 6)
6060
(7, 6)
6061
(7, 6)
6062
(7, 6)
6063
(7, 6)
6064
(7, 6)
6065
(7, 6)
6066
(8, 6)
6067
(8, 6)
6068
(7, 6)
6069
(7, 6)
6070
(7, 6)
6071
(7, 6)
6072
(7, 6)
6073
(7, 6)
6074
(7, 6)
6075
(7, 6)
6076
(7, 6)
6077
(7, 6)
6078
(7, 6)
6079
(7, 6)
6080
(7, 6)
6081
(7, 6)
6082
(8, 6)
6083
(8, 6)
6084
(8, 6)
6085
(8, 6)
6086
(8, 6)
6087
(8, 6)
6088
(7, 7)
6089
(8, 6)
6090
(8, 6)
6091
(8, 6)
6092
(7, 7)
6093
(8, 6)
6094
(8, 6)
6095
(8, 6)
6096
(7, 7)
6097
(8, 5)
6098
(8, 5)
6099
(8, 6)
6100
(7, 7)
6101
(8, 5)
6102
(8, 5)
6103
(8, 5)
6104
(8, 5)
6105
(8, 5)
6106
(8, 5)
6107
(8, 5)
6108
(8, 5)
6109
(8, 5)
6110
(8, 5)
6111
(8, 5)
6112
(8, 5)
6113
(8, 5)
6114
(8, 5)
6115
(8, 5)
6116
(8, 5)
6117
(8, 4)
6118
(8, 4)
6119
(8, 4)
6120
(8, 4)
6121
(8, 4)
6122
(8, 4)
6123
(8, 4)
6124
(8, 4)
6125
(8, 4)
6126
(8, 4)
6127
(8, 4)
6128
(8, 4)
6129
(8, 4)
6130
(8, 4)
6131
(8, 4)
6132
(8, 4)
6133
(8, 4)
6134
(8, 4)
6135
(8, 4)
6136
(8, 4)
6137
(8, 3)
6138
(8, 4)
6139
(8, 3)
6140
(8, 4)
6141
(8, 3)
6142
(8, 3)
6143
(8, 3)
6144
(8, 3)
6145
(8, 3)
6146
(8, 3)
6147
(8, 3)
6148
(8, 3)
6149
(8, 3)
6150
(8, 3)
6151
(8, 3)
6152
(8, 3)
6153
(8, 3)
6154
(8, 3)
6155
(8, 2)
6156
(8, 3)
6157
(8, 2)
6158
(8, 3)
6159
(8, 2)
6160
(8, 3)
6161
(8, 2)
6162
(8, 3)
6163
(8, 2)
6164
(8, 2)
6165
(8, 2)
6166
(8, 2)
6167
(7, 2)
6168
(8, 2)
6169
(8, 2)
6170
(8, 2)
6171
(7, 2)
6172
(7, 2)
6173
(7, 2)
6174
(7, 2)
6175
(7, 2)
6176
(7, 2)
6177
(7, 2)
6178
(7, 2)
6179
(7, 2)
6180
(7, 2)
6181
(7, 2)
6182
(7, 2)
6183
(7, 2)
6184
(7, 2)
6185
(7, 2)
6186
(7, 2)
6187
(7, 2)
6188
(7, 2)
6189
(7, 2)
6190
(7, 2)
6191
(7, 2)
6192
(7, 2)
6193
(7, 3)
6194
(7, 3)
6195
(7, 3)
6196
(7, 3)
6197
(7, 3)
6198
(7, 3)
6199
(7, 3)
6200
(7, 3)
6201
(7, 3)
6202
(7, 3)
6203
(7, 3)
6204
(7, 3)
6205
(7, 3)
6206
(7, 3)
6207
(7, 3)
6208
(7, 3)
6209
(7, 3)
6210
(7, 3)
6211
(7, 3)
6212
(7, 3)
6213
(7, 3)
6214
(7, 3)
6215
(7, 3)
6216
(7, 3)
6217
(7, 3)
6218
(7, 3)
6219
(7, 3)
6220
(7, 3)
6221
(7, 3)
6222
(6, 3)
6223
(6, 3)
6224
(6, 3)
6225
(6, 3)
6226
(6, 3)
6227
(6, 3)
6228
(6, 3)
6229
(6, 3)
6230
(6, 3)
6231
(6, 3)
6232
(6, 3)
6233
(6, 3)
6234
(6, 3)
6235
(6, 3)
6236
(6, 3)
6237
(6, 3)
6238
(6, 3)
6239
(6, 3)
6240
(6, 3)
6241
(6, 3)
6242
(6, 3)
6243
(6, 3)
6244
(6, 3)
6245
(6, 3)
6246
(6, 3)
6247
(6, 3)
6248
(6, 3)
6249
(6, 3)
6250
(6, 3)
6251
(6, 3)
6252
(6, 3)
6253
(6, 3)
6254
(5, 3)
6255
(6, 3)
6256
(5, 3)
6257
(6, 3)
6258
(5, 3)
6259
(5, 3)
6260
(5, 3)
6261
(5, 3)
6262
(5, 3)
6263
(5, 3)
6264
(5, 3)
6265
(5, 3)
6266
(5, 3)
6267
(5, 3)
6268
(5, 3)
6269
(5, 2)
6270
(5, 3)
6271
(5, 2)
6272
(5, 3)
6273
(5, 2)
6274
(5, 3)
6275
(5, 2)
6276
(5, 3)
6277
(5, 3)
6278
(4, 1)
6279
(5, 3)
6280
(4, 1)
6281
(5, 2)
6282
(4, 1)
6283
(5, 2)
6284
(5, 3)
6285
(5, 3)
6286
(5, 2)
6287
(4, 1)
6288
(5, 3)
6289
(4, 2)
6290
(4, 1)
6291
(4, 1)
6292
(5, 3)
6293
(3, 2)
6294
(4, 1)
6295
(5, 3)
6296
(5, 3)
6297
(3, 2)
6298
(4, 1)
6299
(3, 2)
6300
(4, 1)
6301
(5, 3)
6302
(3, 2)
6303
(5, 3)
6304
(3, 1)
6305
(3, 3)
6306
(5, 3)
6307
(3, 2)
6308
(3, 3)
6309
(3, 2)
6310
(5, 3)
6311
(3, 3)
6312
(5, 3)
6313
(3, 2)
6314
(3, 3)
6315
(5, 3)
6316
(5, 3)
6317
(3, 2)
6318
(3, 3)
6319
(5, 3)
6320
(2, 3)
6321
(2, 3)
6322
(3, 3)
6323
(2, 3)
6324
(2, 3)
6325
(2, 3)
6326
(2, 3)
6327
(2, 3)
6328
(2, 3)
6329
(2, 3)
6330
(2, 3)
6331
(2, 3)
6332
(2, 3)
6333
(2, 3)
6334
(2, 3)
6335
(2, 3)
6336
(2, 3)
6337
(2, 3)
6338
(2, 3)
6339
(2, 3)
6340
(2, 3)
6341
(2, 3)
6342
(2, 3)
6343
(2, 3)
6344
(2, 3)
6345
(2, 3)
6346
(2, 3)
6347
(2, 3)
6348
(2, 3)
6349
(2, 3)
6350
(2, 3)
6351
(2, 3)
6352
(2, 3)
     $$$$$$$$$$$$$$$$$$$$
     $444444444444444444$
     $444444444444444444$
     $4$4444444444444444$
     $$$$444$$$$$4444$$$$
     $44444444$444444444$
     $444444444444444444$
     $444444444444444444$
     $$$$44$$$$$$$444$$$$
     $44$444444444444$44$
     $44$444444444444$44$
     $4444444444444444$4$
     $$$$$$$$$$$$$$$$$$$$

WIN!
defaultdict(<function <lambda> at 0x2acc13e202a8>, {(7, 3): 75, (4, 7): 211, (5, 7): 103, (12, 1): 14, (9, 1): 80, (4, 8): 106, (5, 6): 127, (11, 2): 90, (5, 4): 30, (2, 1): 6, (6, 2): 102, (1, 6): 204, (9, 4): 104, (3, 7): 205, (5, 1): 87, (2, 5): 182, (10, 3): 91, (7, 2): 103, (12, 2): 70, (4, 9): 103, (3, 3): 53, (8, 1): 48, (8, 5): 119, (7, 6): 129, (4, 4): 47, (6, 3): 110, (1, 5): 100, (11, 1): 32, (3, 6): 200, (8, 6): 63, (3, 5): 201, (4, 1): 53, (1, 1): 4, (12, 3): 104, (6, 4): 15, (3, 2): 76, (2, 6): 193, (6, 6): 112, (8, 2): 113, (7, 1): 77, (4, 5): 168, (9, 3): 101, (5, 5): 111, (7, 7): 49, (7, 5): 116, (2, 3): 32, (10, 1): 74, (4, 2): 78, (6, 5): 46, (5, 3): 84, (2, 7): 84, (8, 3): 126, (4, 6): 203, (9, 2): 107, (6, 1): 102, (3, 1): 52, (11, 3): 86, (3, 8): 104, (3, 9): 101, (4, 3): 101, (1, 7): 92, (9, 5): 101, (8, 4): 128, (5, 2): 62, (10, 2): 102})
<__main__.Node instance at 0x2acf36c31200>
299
6352
True
878.995882034
