STARTING!
step1
step2
step3
a
b
c
]0;IPython: eshnich/vgdl]0;IPython: eshnich/vgdladded self, <class 'ontology.Immovable'>
added self, <class 'ontology.Passive'>
added self, <class 'core.Resource'>
added parent, <class 'core.Resource'>
added self, <class 'ontology.ResourcePack'>
added self, <class 'ontology.Flicker'>
added self, <class 'ontology.Spreader'>
added self, <class 'ontology.SpriteProducer'>
added self, <class 'ontology.Portal'>
added self, <class 'ontology.SpawnPoint'>
added self, <class 'ontology.RandomNPC'>
added self, <class 'ontology.OrientedSprite'>
added self, <class 'ontology.Conveyor'>
added self, <class 'ontology.Missile'>
added self, <class 'ontology.OrientedFlicker'>
added self, <class 'ontology.Walker'>
added self, <class 'ontology.WalkJumper'>
added self, <class 'ontology.RandomInertial'>
added self, <class 'ontology.RandomMissile'>
added self, <class 'ontology.ErraticMissile'>
added self, <class 'ontology.Bomber'>
added self, <class 'ontology.Chaser'>
added self, <class 'ontology.Fleeing'>
added self, <class 'ontology.AStarChaser'>
added self, <class 'ontology.MovingAvatar'>
added self, <class 'ontology.HorizontalAvatar'>
added self, <class 'ontology.VerticalAvatar'>
added self, <class 'ontology.FlakAvatar'>
added self, <class 'ontology.OrientedAvatar'>
added parent, <class 'ontology.OrientedAvatar'>
added self, <class 'ontology.ShootAvatar'>
added parent, <class 'ontology.ShootAvatar'>
added self, <class 'ontology.AimedAvatar'>
added parent, <class 'ontology.AimedAvatar'>
added self, <class 'ontology.AimedFlakAvatar'>
<class 'ontology.OrientedAvatar'> already in tree.
added self, <class 'ontology.RotatingAvatar'>
added self, <class 'ontology.RotatingFlippingAvatar'>
added self, <class 'ontology.NoisyRotatingFlippingAvatar'>
<class 'ontology.ShootAvatar'> already in tree.
<class 'ontology.AimedAvatar'> already in tree.
<class 'ontology.AimedFlakAvatar'> already in tree.
added self, <class 'ontology.InertialAvatar'>
added self, <class 'ontology.MarioAvatar'>
step4
FINISHED IMPORTS
FINISHED SETTING VALUES
<module 'examples.continuousphysics.collect_resource' from 'examples/continuousphysics/collect_resource.pyc'>
max nodes 500
1
(1, 4)
2
(1, 4)
3
(1, 4)
4
(1, 4)
5
(1, 4)
6
(1, 4)
7
(1, 4)
8
(1, 4)
9
(1, 4)
10
(1, 4)
11
(1, 4)
12
(1, 4)
13
(1, 4)
14
(1, 4)
15
(1, 4)
16
(1, 4)
17
(1, 4)
18
(1, 4)
19
(1, 4)
20
(1, 4)
21
(2, 4)
22
(2, 4)
23
(2, 4)
24
(2, 4)
25
(2, 4)
26
(2, 4)
27
(2, 4)
28
(2, 4)
29
(2, 5)
30
(2, 5)
31
(2, 5)
32
(2, 5)
33
(2, 6)
34
(2, 6)
35
(2, 6)
36
(2, 6)
37
(2, 6)
38
(2, 6)
39
(2, 6)
40
(2, 6)
41
(2, 6)
42
(1, 6)
43
(2, 6)
44
(2, 6)
45
(2, 6)
46
(2, 6)
47
(2, 6)
48
(2, 6)
49
(2, 6)
50
(2, 6)
51
(2, 6)
52
(2, 6)
53
(2, 6)
54
(2, 6)
55
(2, 6)
56
(2, 6)
57
(1, 6)
58
(2, 6)
59
(2, 6)
60
(2, 6)
61
(1, 6)
62
(1, 6)
63
(1, 6)
64
(1, 6)
65
(1, 6)
66
(1, 6)
67
(1, 6)
68
(1, 6)
69
(1, 6)
70
(1, 6)
71
(1, 6)
72
(1, 6)
73
(1, 6)
74
(1, 6)
75
(1, 6)
76
(1, 6)
77
(1, 6)
78
(2, 6)
79
(1, 6)
80
(1, 7)
81
(1, 7)
82
(1, 7)
83
(1, 7)
84
(1, 7)
85
(2, 7)
86
(2, 7)
87
(2, 7)
88
(2, 7)
89
(2, 7)
90
(2, 7)
91
(2, 7)
92
(2, 7)
93
(1, 7)
94
(1, 7)
95
(1, 7)
96
(1, 7)
97
(1, 7)
98
(1, 7)
99
(1, 7)
100
(1, 7)
101
(1, 7)
102
(1, 7)
103
(1, 7)
104
(1, 7)
105
(1, 7)
106
(1, 7)
107
(1, 7)
108
(1, 6)
109
(1, 6)
110
(1, 6)
111
(2, 6)
112
(2, 6)
113
(2, 6)
114
(1, 7)
115
(1, 7)
116
(1, 7)
117
(1, 7)
118
(1, 7)
119
(1, 7)
120
(1, 7)
121
(1, 7)
122
(1, 7)
123
(1, 6)
124
(1, 7)
125
(1, 6)
126
(1, 7)
127
(1, 6)
128
(1, 7)
129
(1, 6)
130
(1, 6)
131
(1, 6)
132
(1, 6)
133
(1, 7)
134
(1, 7)
135
(1, 7)
136
(1, 7)
137
(1, 7)
138
(1, 7)
139
(1, 7)
140
(1, 7)
141
(1, 7)
142
(1, 7)
143
(1, 6)
144
(1, 6)
145
(1, 6)
146
(1, 6)
147
(1, 6)
148
(1, 6)
149
(1, 6)
150
(1, 6)
151
(1, 6)
152
(1, 6)
153
(1, 6)
154
(1, 6)
155
(1, 6)
156
(1, 6)
157
(1, 7)
158
(1, 7)
159
(1, 7)
160
(1, 7)
161
(1, 7)
162
(1, 7)
163
(1, 7)
164
(1, 6)
165
(1, 6)
166
(1, 6)
167
(1, 6)
168
(1, 6)
169
(1, 6)
170
(2, 6)
171
(1, 6)
172
(1, 6)
173
(1, 6)
174
(1, 7)
175
(1, 7)
176
(1, 7)
177
(1, 7)
178
(1, 7)
179
(1, 7)
180
(1, 7)
181
(1, 7)
182
(1, 7)
183
(1, 7)
184
(1, 6)
185
(1, 6)
186
(1, 6)
187
(1, 6)
188
(1, 6)
189
(1, 6)
190
(1, 6)
191
(1, 6)
192
(2, 6)
193
(2, 6)
194
(2, 6)
195
(1, 6)
196
(1, 6)
197
(1, 6)
198
(1, 6)
199
(1, 7)
200
(1, 7)
201
(1, 7)
202
(1, 7)
203
(1, 7)
204
(1, 7)
205
(1, 7)
206
(1, 7)
207
(1, 7)
208
(1, 6)
209
(1, 6)
210
(1, 6)
211
(1, 6)
212
(1, 6)
213
(1, 6)
214
(1, 6)
215
(1, 6)
216
(1, 6)
217
(1, 6)
218
(1, 6)
219
(1, 6)
220
(1, 6)
221
(1, 6)
222
(1, 6)
223
(1, 6)
224
(1, 7)
225
(2, 6)
226
(1, 7)
227
(1, 7)
228
(1, 7)
229
(1, 7)
230
(1, 7)
231
(1, 7)
232
(1, 7)
233
(1, 6)
234
(1, 6)
235
(1, 6)
236
(1, 6)
237
(1, 6)
238
(1, 6)
239
(1, 6)
240
(1, 6)
241
(1, 6)
242
(1, 6)
243
(1, 6)
244
(1, 6)
245
(1, 6)
246
(1, 6)
247
(1, 7)
248
(1, 7)
249
(1, 7)
250
(1, 7)
251
(1, 7)
252
(1, 7)
253
(1, 7)
254
(1, 6)
255
(1, 6)
256
(1, 6)
257
(1, 6)
258
(1, 6)
259
(1, 6)
260
(1, 6)
261
(1, 6)
262
(1, 6)
263
(1, 6)
264
(1, 6)
265
(1, 6)
266
(1, 6)
267
(1, 6)
268
(1, 6)
269
(1, 6)
270
(1, 6)
271
(1, 6)
272
(1, 6)
273
(1, 6)
274
(1, 6)
275
(1, 7)
276
(1, 7)
277
(1, 7)
278
(1, 7)
279
(1, 7)
280
(1, 7)
281
(1, 7)
282
(1, 7)
283
(1, 7)
284
(1, 6)
285
(1, 6)
286
(1, 6)
287
(1, 6)
288
(1, 6)
289
(1, 6)
290
(1, 6)
291
(1, 6)
292
(1, 6)
293
(1, 6)
294
(1, 6)
295
(1, 6)
296
(1, 6)
297
(1, 6)
298
(1, 6)
299
(1, 6)
300
(1, 6)
301
(1, 6)
302
(1, 6)
303
(1, 6)
304
(1, 6)
305
(1, 6)
306
(1, 6)
307
(1, 6)
308
(1, 6)
309
(1, 6)
310
(1, 6)
311
(1, 6)
312
(1, 6)
313
(1, 6)
314
(1, 6)
315
(1, 6)
316
(1, 6)
317
(1, 6)
318
(1, 6)
319
(1, 7)
320
(1, 7)
321
(1, 7)
322
(1, 7)
323
(1, 7)
324
(1, 7)
325
(1, 7)
326
(1, 7)
327
(1, 7)
328
(1, 7)
329
(1, 7)
330
(1, 7)
331
(1, 7)
332
(1, 7)
333
(2, 5)
334
(2, 6)
335
(2, 6)
336
(2, 6)
337
(2, 6)
338
(2, 5)
339
(2, 5)
340
(2, 5)
341
(2, 5)
342
(2, 5)
343
(2, 5)
344
(2, 5)
345
(2, 4)
346
(2, 4)
347
(2, 4)
348
(2, 4)
349
(2, 4)
350
(2, 4)
351
(2, 4)
352
(2, 4)
353
(2, 4)
354
(2, 4)
355
(2, 4)
356
(2, 4)
357
(2, 4)
358
(2, 4)
359
(2, 4)
360
(2, 4)
361
(1, 4)
362
(2, 4)
363
(2, 4)
364
(2, 4)
365
(2, 4)
366
(2, 4)
367
(2, 4)
368
(2, 4)
369
(2, 4)
370
(2, 4)
371
(2, 5)
372
(2, 5)
373
(2, 5)
374
(2, 5)
375
(2, 5)
376
(2, 5)
377
(2, 5)
378
(2, 5)
379
(2, 5)
380
(2, 5)
381
(2, 5)
382
(2, 6)
383
(2, 6)
384
(2, 6)
385
(2, 6)
386
(2, 6)
387
(2, 6)
388
(2, 6)
389
(2, 6)
390
(2, 6)
391
(2, 6)
392
(2, 6)
393
(2, 6)
394
(2, 6)
395
(2, 6)
396
(2, 6)
397
(2, 6)
398
(2, 6)
399
(2, 6)
400
(3, 6)
401
(3, 6)
402
(3, 6)
403
(3, 6)
404
(3, 6)
405
(3, 6)
406
(2, 6)
407
(3, 6)
408
(2, 6)
409
(2, 6)
410
(3, 6)
411
(2, 6)
412
(2, 6)
413
(3, 6)
414
(3, 6)
415
(3, 6)
416
(3, 6)
417
(3, 6)
418
(3, 6)
419
(2, 6)
420
(3, 6)
421
(2, 6)
422
(3, 6)
423
(3, 6)
424
(3, 6)
425
(2, 6)
426
(2, 6)
427
(2, 6)
428
(2, 6)
429
(3, 6)
430
(3, 6)
431
(2, 6)
432
(3, 6)
433
(2, 6)
434
(3, 6)
435
(2, 6)
436
(3, 6)
437
(2, 6)
438
(2, 6)
439
(2, 6)
440
(3, 6)
441
(3, 6)
442
(3, 6)
443
(2, 6)
444
(3, 6)
445
(3, 6)
446
(3, 6)
447
(2, 6)
448
(2, 6)
449
(2, 6)
450
(3, 6)
451
(3, 6)
452
(2, 6)
453
(2, 6)
454
(2, 5)
455
(3, 5)
456
(3, 5)
457
(3, 5)
458
(3, 5)
459
(2, 6)
460
(3, 6)
461
(3, 6)
462
(3, 6)
463
(3, 6)
464
(2, 6)
465
(3, 6)
466
(3, 6)
467
(2, 6)
468
(2, 6)
469
(3, 6)
470
(2, 6)
471
(2, 6)
472
(2, 6)
473
(2, 6)
474
(3, 6)
475
(3, 6)
476
(2, 6)
477
(3, 6)
478
(2, 6)
479
(3, 6)
480
(2, 6)
481
(2, 6)
482
(2, 6)
483
(3, 6)
484
(2, 5)
485
(2, 5)
486
(2, 5)
487
(3, 5)
488
(2, 5)
489
(3, 5)
490
(2, 5)
491
(2, 5)
492
(3, 5)
493
(2, 5)
494
(3, 5)
495
(3, 5)
496
(2, 6)
497
(2, 6)
498
(3, 6)
499
(2, 6)
500
(2, 6)
<__main__.Node instance at 0x2aaf56078c68>
499
500
False
6.33902096748
